[2022-04-04T14:43:54.605+0800][0.018s] Using G1
[2022-04-04T14:43:54.869+0800][0.282s] Version: 15.0.1+9-18 (release)
[2022-04-04T14:43:54.869+0800][0.282s] CPUs: 8 total, 8 available
[2022-04-04T14:43:54.869+0800][0.282s] Memory: 8110M
[2022-04-04T14:43:54.869+0800][0.282s] Large Page Support: Disabled
[2022-04-04T14:43:54.869+0800][0.282s] NUMA Support: Disabled
[2022-04-04T14:43:54.869+0800][0.282s] Compressed Oops: Enabled (32-bit)
[2022-04-04T14:43:54.869+0800][0.282s] Heap Region Size: 1M
[2022-04-04T14:43:54.869+0800][0.282s] Heap Min Capacity: 512M
[2022-04-04T14:43:54.869+0800][0.282s] Heap Initial Capacity: 512M
[2022-04-04T14:43:54.869+0800][0.282s] Heap Max Capacity: 512M
[2022-04-04T14:43:54.869+0800][0.282s] Pre-touch: Enabled
[2022-04-04T14:43:54.873+0800][0.286s] Parallel Workers: 8
[2022-04-04T14:43:54.873+0800][0.286s] Concurrent Workers: 2
[2022-04-04T14:43:54.873+0800][0.286s] Concurrent Refinement Workers: 8
[2022-04-04T14:43:54.873+0800][0.286s] Periodic GC: Disabled
[2022-04-04T14:43:54.874+0800][0.287s] CDS archive(s) mapped at: [0x0000000800000000-0x0000000800b50000-0x0000000800b50000), size 11862016, SharedBaseAddress: 0x0000000800000000, ArchiveRelocationMode: 0.
[2022-04-04T14:43:54.874+0800][0.287s] Compressed class space mapped at: 0x0000000800b50000-0x0000000840b50000, size: 1073741824
[2022-04-04T14:43:54.874+0800][0.287s] Narrow klass base: 0x0000000800000000, Narrow klass shift: 3, Narrow klass range: 0x100000000
[2022-04-04T14:43:56.269+0800][1.682s] GC(0) Pause Young (Normal) (G1 Evacuation Pause)
[2022-04-04T14:43:56.270+0800][1.683s] GC(0) Using 8 workers of 8 for evacuation
[2022-04-04T14:43:56.274+0800][1.688s] GC(0)   Pre Evacuate Collection Set: 0.1ms
[2022-04-04T14:43:56.275+0800][1.688s] GC(0)   Merge Heap Roots: 0.1ms
[2022-04-04T14:43:56.275+0800][1.688s] GC(0)   Evacuate Collection Set: 3.7ms
[2022-04-04T14:43:56.275+0800][1.688s] GC(0)   Post Evacuate Collection Set: 0.5ms
[2022-04-04T14:43:56.275+0800][1.688s] GC(0)   Other: 1.3ms
[2022-04-04T14:43:56.275+0800][1.688s] GC(0) Eden regions: 29->0(41)
[2022-04-04T14:43:56.275+0800][1.688s] GC(0) Survivor regions: 0->4(4)
[2022-04-04T14:43:56.275+0800][1.688s] GC(0) Old regions: 0->0
[2022-04-04T14:43:56.275+0800][1.688s] GC(0) Archive regions: 0->0
[2022-04-04T14:43:56.275+0800][1.688s] GC(0) Humongous regions: 0->0
[2022-04-04T14:43:56.275+0800][1.688s] GC(0) Metaspace: 7178K(8064K)->7178K(8064K) NonClass: 6340K(7168K)->6340K(7168K) Class: 837K(896K)->837K(896K)
[2022-04-04T14:43:56.275+0800][1.688s] GC(0) Pause Young (Normal) (G1 Evacuation Pause) 29M->3M(512M) 6.115ms
[2022-04-04T14:43:56.275+0800][1.688s] GC(0) User=0.00s Sys=0.00s Real=0.01s
[2022-04-04T14:43:57.418+0800][2.831s] GC(1) Pause Young (Normal) (G1 Evacuation Pause)
[2022-04-04T14:43:57.418+0800][2.831s] GC(1) Using 8 workers of 8 for evacuation
[2022-04-04T14:43:57.429+0800][2.843s] GC(1)   Pre Evacuate Collection Set: 0.1ms
[2022-04-04T14:43:57.429+0800][2.843s] GC(1)   Merge Heap Roots: 0.1ms
[2022-04-04T14:43:57.430+0800][2.843s] GC(1)   Evacuate Collection Set: 9.9ms
[2022-04-04T14:43:57.430+0800][2.843s] GC(1)   Post Evacuate Collection Set: 1.0ms
[2022-04-04T14:43:57.430+0800][2.843s] GC(1)   Other: 0.2ms
[2022-04-04T14:43:57.430+0800][2.843s] GC(1) Eden regions: 41->0(158)
[2022-04-04T14:43:57.430+0800][2.843s] GC(1) Survivor regions: 4->6(6)
[2022-04-04T14:43:57.430+0800][2.843s] GC(1) Old regions: 0->10
[2022-04-04T14:43:57.430+0800][2.843s] GC(1) Archive regions: 0->0
[2022-04-04T14:43:57.430+0800][2.843s] GC(1) Humongous regions: 4->4
[2022-04-04T14:43:57.430+0800][2.843s] GC(1) Metaspace: 16117K(16640K)->16117K(16640K) NonClass: 14262K(14592K)->14262K(14592K) Class: 1855K(2048K)->1855K(2048K)
[2022-04-04T14:43:57.430+0800][2.844s] GC(1) Pause Young (Normal) (G1 Evacuation Pause) 48M->19M(512M) 12.175ms
[2022-04-04T14:43:57.430+0800][2.844s] GC(1) User=0.00s Sys=0.00s Real=0.01s
[2022-04-04T14:43:58.192+0800][3.605s] GC(2) Pause Young (Concurrent Start) (Metadata GC Threshold)
[2022-04-04T14:43:58.192+0800][3.605s] GC(2) Using 8 workers of 8 for evacuation
[2022-04-04T14:43:58.197+0800][3.610s] GC(2)   Pre Evacuate Collection Set: 0.1ms
[2022-04-04T14:43:58.197+0800][3.610s] GC(2)   Merge Heap Roots: 0.1ms
[2022-04-04T14:43:58.197+0800][3.610s] GC(2)   Evacuate Collection Set: 3.6ms
[2022-04-04T14:43:58.197+0800][3.610s] GC(2)   Post Evacuate Collection Set: 0.6ms
[2022-04-04T14:43:58.197+0800][3.610s] GC(2)   Other: 0.3ms
[2022-04-04T14:43:58.197+0800][3.610s] GC(2) Eden regions: 39->0(264)
[2022-04-04T14:43:58.197+0800][3.610s] GC(2) Survivor regions: 6->10(21)
[2022-04-04T14:43:58.197+0800][3.610s] GC(2) Old regions: 10->10
[2022-04-04T14:43:58.197+0800][3.610s] GC(2) Archive regions: 0->0
[2022-04-04T14:43:58.197+0800][3.610s] GC(2) Humongous regions: 4->4
[2022-04-04T14:43:58.197+0800][3.610s] GC(2) Metaspace: 20767K(21296K)->20767K(21296K) NonClass: 18450K(18864K)->18450K(18864K) Class: 2317K(2432K)->2317K(2432K)
[2022-04-04T14:43:58.197+0800][3.610s] GC(2) Pause Young (Concurrent Start) (Metadata GC Threshold) 58M->23M(512M) 4.929ms
[2022-04-04T14:43:58.197+0800][3.610s] GC(2) User=0.00s Sys=0.00s Real=0.01s
[2022-04-04T14:43:58.197+0800][3.610s] GC(3) Concurrent Cycle
[2022-04-04T14:43:58.197+0800][3.610s] GC(3) Concurrent Clear Claimed Marks
[2022-04-04T14:43:58.197+0800][3.610s] GC(3) Concurrent Clear Claimed Marks 0.039ms
[2022-04-04T14:43:58.197+0800][3.610s] GC(3) Concurrent Scan Root Regions
[2022-04-04T14:43:58.200+0800][3.613s] GC(3) Concurrent Scan Root Regions 2.774ms
[2022-04-04T14:43:58.200+0800][3.613s] GC(3) Concurrent Mark (3.613s)
[2022-04-04T14:43:58.200+0800][3.613s] GC(3) Concurrent Mark From Roots
[2022-04-04T14:43:58.200+0800][3.613s] GC(3) Using 2 workers of 2 for marking
[2022-04-04T14:43:58.216+0800][3.629s] GC(3) Concurrent Mark From Roots 15.821ms
[2022-04-04T14:43:58.216+0800][3.629s] GC(3) Concurrent Preclean
[2022-04-04T14:43:58.216+0800][3.630s] GC(3) Concurrent Preclean 0.420ms
[2022-04-04T14:43:58.216+0800][3.630s] GC(3) Concurrent Mark (3.613s, 3.630s) 16.418ms
[2022-04-04T14:43:58.217+0800][3.630s] GC(3) Pause Remark
[2022-04-04T14:43:58.218+0800][3.631s] GC(3) Pause Remark 25M->25M(512M) 1.535ms
[2022-04-04T14:43:58.218+0800][3.631s] GC(3) User=0.00s Sys=0.00s Real=0.00s
[2022-04-04T14:43:58.218+0800][3.632s] GC(3) Concurrent Rebuild Remembered Sets
[2022-04-04T14:43:58.229+0800][3.642s] GC(3) Concurrent Rebuild Remembered Sets 10.258ms
[2022-04-04T14:43:58.229+0800][3.642s] GC(3) Pause Cleanup
[2022-04-04T14:43:58.229+0800][3.642s] GC(3) Pause Cleanup 26M->26M(512M) 0.190ms
[2022-04-04T14:43:58.229+0800][3.643s] GC(3) User=0.00s Sys=0.00s Real=0.00s
[2022-04-04T14:43:58.229+0800][3.643s] GC(3) Concurrent Cleanup for Next Mark
[2022-04-04T14:43:58.230+0800][3.643s] GC(3) Concurrent Cleanup for Next Mark 0.703ms
[2022-04-04T14:43:58.230+0800][3.643s] GC(3) Concurrent Cycle 33.149ms
[2022-04-04T14:44:04.826+0800][10.239s] GC(4) Pause Young (Concurrent Start) (Metadata GC Threshold)
[2022-04-04T14:44:04.826+0800][10.239s] GC(4) Using 8 workers of 8 for evacuation
[2022-04-04T14:44:04.836+0800][10.249s] GC(4)   Pre Evacuate Collection Set: 0.1ms
[2022-04-04T14:44:04.836+0800][10.249s] GC(4)   Merge Heap Roots: 0.1ms
[2022-04-04T14:44:04.836+0800][10.249s] GC(4)   Evacuate Collection Set: 9.1ms
[2022-04-04T14:44:04.836+0800][10.249s] GC(4)   Post Evacuate Collection Set: 0.9ms
[2022-04-04T14:44:04.836+0800][10.249s] GC(4)   Other: 0.3ms
[2022-04-04T14:44:04.836+0800][10.249s] GC(4) Eden regions: 78->0(292)
[2022-04-04T14:44:04.836+0800][10.249s] GC(4) Survivor regions: 10->15(37)
[2022-04-04T14:44:04.836+0800][10.249s] GC(4) Old regions: 10->10
[2022-04-04T14:44:04.836+0800][10.249s] GC(4) Archive regions: 0->0
[2022-04-04T14:44:04.837+0800][10.249s] GC(4) Humongous regions: 4->4
[2022-04-04T14:44:04.837+0800][10.249s] GC(4) Metaspace: 35561K(36048K)->35561K(36048K) NonClass: 31487K(31744K)->31487K(31744K) Class: 4073K(4304K)->4073K(4304K)
[2022-04-04T14:44:04.837+0800][10.249s] GC(4) Pause Young (Concurrent Start) (Metadata GC Threshold) 101M->28M(512M) 10.913ms
[2022-04-04T14:44:04.837+0800][10.250s] GC(4) User=0.00s Sys=0.00s Real=0.01s
[2022-04-04T14:44:04.837+0800][10.250s] GC(5) Concurrent Cycle
[2022-04-04T14:44:04.837+0800][10.250s] GC(5) Concurrent Clear Claimed Marks
[2022-04-04T14:44:04.837+0800][10.250s] GC(5) Concurrent Clear Claimed Marks 0.042ms
[2022-04-04T14:44:04.837+0800][10.250s] GC(5) Concurrent Scan Root Regions
[2022-04-04T14:44:04.844+0800][10.257s] GC(5) Concurrent Scan Root Regions 7.270ms
[2022-04-04T14:44:04.844+0800][10.257s] GC(5) Concurrent Mark (10.257s)
[2022-04-04T14:44:04.844+0800][10.257s] GC(5) Concurrent Mark From Roots
[2022-04-04T14:44:04.844+0800][10.257s] GC(5) Using 2 workers of 2 for marking
[2022-04-04T14:44:04.858+0800][10.271s] GC(5) Concurrent Mark From Roots 13.725ms
[2022-04-04T14:44:04.858+0800][10.271s] GC(5) Concurrent Preclean
[2022-04-04T14:44:04.858+0800][10.271s] GC(5) Concurrent Preclean 0.297ms
[2022-04-04T14:44:04.858+0800][10.271s] GC(5) Concurrent Mark (10.257s, 10.271s) 14.170ms
[2022-04-04T14:44:04.859+0800][10.271s] GC(5) Pause Remark
[2022-04-04T14:44:04.860+0800][10.273s] GC(5) Pause Remark 30M->30M(512M) 1.862ms
[2022-04-04T14:44:04.861+0800][10.273s] GC(5) User=0.00s Sys=0.00s Real=0.00s
[2022-04-04T14:44:04.861+0800][10.274s] GC(5) Concurrent Rebuild Remembered Sets
[2022-04-04T14:44:04.869+0800][10.281s] GC(5) Concurrent Rebuild Remembered Sets 7.937ms
[2022-04-04T14:44:04.869+0800][10.282s] GC(5) Pause Cleanup
[2022-04-04T14:44:04.869+0800][10.282s] GC(5) Pause Cleanup 30M->30M(512M) 0.208ms
[2022-04-04T14:44:04.869+0800][10.282s] GC(5) User=0.00s Sys=0.00s Real=0.00s
[2022-04-04T14:44:04.869+0800][10.282s] GC(5) Concurrent Cleanup for Next Mark
[2022-04-04T14:44:04.870+0800][10.283s] GC(5) Concurrent Cleanup for Next Mark 0.605ms
[2022-04-04T14:44:04.870+0800][10.283s] GC(5) Concurrent Cycle 33.332ms
[2022-04-04T14:44:12.137+0800][17.550s] GC(6) Pause Young (Normal) (G1 Evacuation Pause)
[2022-04-04T14:44:12.137+0800][17.550s] GC(6) Using 8 workers of 8 for evacuation
[2022-04-04T14:44:12.152+0800][17.565s] GC(6)   Pre Evacuate Collection Set: 0.1ms
[2022-04-04T14:44:12.152+0800][17.565s] GC(6)   Merge Heap Roots: 0.1ms
[2022-04-04T14:44:12.152+0800][17.565s] GC(6)   Evacuate Collection Set: 13.0ms
[2022-04-04T14:44:12.152+0800][17.565s] GC(6)   Post Evacuate Collection Set: 1.1ms
[2022-04-04T14:44:12.152+0800][17.565s] GC(6)   Other: 0.3ms
[2022-04-04T14:44:12.152+0800][17.565s] GC(6) Eden regions: 292->0(280)
[2022-04-04T14:44:12.152+0800][17.565s] GC(6) Survivor regions: 15->27(39)
[2022-04-04T14:44:12.152+0800][17.565s] GC(6) Old regions: 10->10
[2022-04-04T14:44:12.152+0800][17.565s] GC(6) Archive regions: 0->0
[2022-04-04T14:44:12.152+0800][17.565s] GC(6) Humongous regions: 8->7
[2022-04-04T14:44:12.152+0800][17.565s] GC(6) Metaspace: 50093K(50896K)->50093K(50896K) NonClass: 44280K(44800K)->44280K(44800K) Class: 5813K(6096K)->5813K(6096K)
[2022-04-04T14:44:12.152+0800][17.565s] GC(6) Pause Young (Normal) (G1 Evacuation Pause) 324M->43M(512M) 14.992ms
[2022-04-04T14:44:12.152+0800][17.565s] GC(6) User=0.02s Sys=0.02s Real=0.01s
[2022-04-04T14:44:12.443+0800][17.856s] GC(7) Pause Young (Normal) (G1 Evacuation Pause)
[2022-04-04T14:44:12.443+0800][17.856s] GC(7) Using 8 workers of 8 for evacuation
[2022-04-04T14:44:12.459+0800][17.872s] GC(7)   Pre Evacuate Collection Set: 0.1ms
[2022-04-04T14:44:12.459+0800][17.872s] GC(7)   Merge Heap Roots: 0.1ms
[2022-04-04T14:44:12.459+0800][17.872s] GC(7)   Evacuate Collection Set: 14.3ms
[2022-04-04T14:44:12.459+0800][17.872s] GC(7)   Post Evacuate Collection Set: 1.0ms
[2022-04-04T14:44:12.459+0800][17.872s] GC(7)   Other: 0.2ms
[2022-04-04T14:44:12.459+0800][17.872s] GC(7) Eden regions: 280->0(285)
[2022-04-04T14:44:12.459+0800][17.872s] GC(7) Survivor regions: 27->22(39)
[2022-04-04T14:44:12.459+0800][17.872s] GC(7) Old regions: 10->16
[2022-04-04T14:44:12.459+0800][17.872s] GC(7) Archive regions: 0->0
[2022-04-04T14:44:12.459+0800][17.872s] GC(7) Humongous regions: 7->7
[2022-04-04T14:44:12.459+0800][17.872s] GC(7) Metaspace: 50102K(50896K)->50102K(50896K) NonClass: 44288K(44800K)->44288K(44800K) Class: 5813K(6096K)->5813K(6096K)
[2022-04-04T14:44:12.459+0800][17.872s] GC(7) Pause Young (Normal) (G1 Evacuation Pause) 323M->44M(512M) 16.090ms
[2022-04-04T14:44:12.459+0800][17.872s] GC(7) User=0.12s Sys=0.00s Real=0.02s
[2022-04-04T14:44:12.751+0800][18.164s] GC(8) Pause Young (Normal) (G1 Evacuation Pause)
[2022-04-04T14:44:12.751+0800][18.164s] GC(8) Using 8 workers of 8 for evacuation
[2022-04-04T14:44:12.762+0800][18.175s] GC(8)   Pre Evacuate Collection Set: 0.1ms
[2022-04-04T14:44:12.762+0800][18.175s] GC(8)   Merge Heap Roots: 0.1ms
[2022-04-04T14:44:12.762+0800][18.175s] GC(8)   Evacuate Collection Set: 9.0ms
[2022-04-04T14:44:12.762+0800][18.175s] GC(8)   Post Evacuate Collection Set: 1.0ms
[2022-04-04T14:44:12.762+0800][18.175s] GC(8)   Other: 0.3ms
[2022-04-04T14:44:12.762+0800][18.175s] GC(8) Eden regions: 285->0(287)
[2022-04-04T14:44:12.762+0800][18.175s] GC(8) Survivor regions: 22->20(39)
[2022-04-04T14:44:12.762+0800][18.175s] GC(8) Old regions: 16->20
[2022-04-04T14:44:12.762+0800][18.175s] GC(8) Archive regions: 0->0
[2022-04-04T14:44:12.762+0800][18.175s] GC(8) Humongous regions: 7->7
[2022-04-04T14:44:12.762+0800][18.175s] GC(8) Metaspace: 50107K(50896K)->50107K(50896K) NonClass: 44293K(44800K)->44293K(44800K) Class: 5813K(6096K)->5813K(6096K)
[2022-04-04T14:44:12.762+0800][18.175s] GC(8) Pause Young (Normal) (G1 Evacuation Pause) 329M->45M(512M) 11.029ms
[2022-04-04T14:44:12.762+0800][18.175s] GC(8) User=0.11s Sys=0.00s Real=0.01s
[2022-04-04T14:44:13.022+0800][18.435s] GC(9) Pause Young (Normal) (G1 Evacuation Pause)
[2022-04-04T14:44:13.022+0800][18.435s] GC(9) Using 8 workers of 8 for evacuation
[2022-04-04T14:44:13.031+0800][18.444s] GC(9)   Pre Evacuate Collection Set: 0.1ms
[2022-04-04T14:44:13.032+0800][18.444s] GC(9)   Merge Heap Roots: 0.1ms
[2022-04-04T14:44:13.032+0800][18.445s] GC(9)   Evacuate Collection Set: 8.0ms
[2022-04-04T14:44:13.032+0800][18.445s] GC(9)   Post Evacuate Collection Set: 1.0ms
[2022-04-04T14:44:13.032+0800][18.445s] GC(9)   Other: 0.2ms
[2022-04-04T14:44:13.032+0800][18.445s] GC(9) Eden regions: 287->0(286)
[2022-04-04T14:44:13.032+0800][18.445s] GC(9) Survivor regions: 20->21(39)
[2022-04-04T14:44:13.032+0800][18.445s] GC(9) Old regions: 20->20
[2022-04-04T14:44:13.032+0800][18.445s] GC(9) Archive regions: 0->0
[2022-04-04T14:44:13.032+0800][18.445s] GC(9) Humongous regions: 7->7
[2022-04-04T14:44:13.032+0800][18.445s] GC(9) Metaspace: 50127K(50896K)->50127K(50896K) NonClass: 44313K(44800K)->44313K(44800K) Class: 5813K(6096K)->5813K(6096K)
[2022-04-04T14:44:13.032+0800][18.445s] GC(9) Pause Young (Normal) (G1 Evacuation Pause) 332M->46M(512M) 9.806ms
[2022-04-04T14:44:13.032+0800][18.445s] GC(9) User=0.12s Sys=0.00s Real=0.01s
[2022-04-04T14:44:13.251+0800][18.664s] GC(10) Pause Young (Normal) (G1 Evacuation Pause)
[2022-04-04T14:44:13.251+0800][18.664s] GC(10) Using 8 workers of 8 for evacuation
[2022-04-04T14:44:13.259+0800][18.672s] GC(10)   Pre Evacuate Collection Set: 0.1ms
[2022-04-04T14:44:13.259+0800][18.672s] GC(10)   Merge Heap Roots: 0.1ms
[2022-04-04T14:44:13.259+0800][18.672s] GC(10)   Evacuate Collection Set: 7.1ms
[2022-04-04T14:44:13.259+0800][18.672s] GC(10)   Post Evacuate Collection Set: 0.8ms
[2022-04-04T14:44:13.259+0800][18.672s] GC(10)   Other: 0.2ms
[2022-04-04T14:44:13.259+0800][18.672s] GC(10) Eden regions: 286->0(285)
[2022-04-04T14:44:13.260+0800][18.672s] GC(10) Survivor regions: 21->22(39)
[2022-04-04T14:44:13.260+0800][18.672s] GC(10) Old regions: 20->20
[2022-04-04T14:44:13.260+0800][18.672s] GC(10) Archive regions: 0->0
[2022-04-04T14:44:13.260+0800][18.672s] GC(10) Humongous regions: 8->8
[2022-04-04T14:44:13.260+0800][18.673s] GC(10) Metaspace: 50130K(50896K)->50130K(50896K) NonClass: 44316K(44800K)->44316K(44800K) Class: 5813K(6096K)->5813K(6096K)
[2022-04-04T14:44:13.260+0800][18.673s] GC(10) Pause Young (Normal) (G1 Evacuation Pause) 333M->49M(512M) 8.596ms
[2022-04-04T14:44:13.260+0800][18.673s] GC(10) User=0.00s Sys=0.00s Real=0.01s
[2022-04-04T14:44:13.445+0800][18.858s] GC(11) Pause Young (Normal) (G1 Evacuation Pause)
[2022-04-04T14:44:13.445+0800][18.858s] GC(11) Using 8 workers of 8 for evacuation
[2022-04-04T14:44:13.455+0800][18.867s] GC(11)   Pre Evacuate Collection Set: 0.1ms
[2022-04-04T14:44:13.455+0800][18.868s] GC(11)   Merge Heap Roots: 0.1ms
[2022-04-04T14:44:13.455+0800][18.868s] GC(11)   Evacuate Collection Set: 8.3ms
[2022-04-04T14:44:13.455+0800][18.868s] GC(11)   Post Evacuate Collection Set: 0.7ms
[2022-04-04T14:44:13.455+0800][18.868s] GC(11)   Other: 0.2ms
[2022-04-04T14:44:13.455+0800][18.868s] GC(11) Eden regions: 285->0(289)
[2022-04-04T14:44:13.455+0800][18.868s] GC(11) Survivor regions: 22->18(39)
[2022-04-04T14:44:13.455+0800][18.868s] GC(11) Old regions: 20->25
[2022-04-04T14:44:13.455+0800][18.868s] GC(11) Archive regions: 0->0
[2022-04-04T14:44:13.455+0800][18.868s] GC(11) Humongous regions: 8->8
[2022-04-04T14:44:13.455+0800][18.868s] GC(11) Metaspace: 50139K(50896K)->50139K(50896K) NonClass: 44326K(44800K)->44326K(44800K) Class: 5813K(6096K)->5813K(6096K)
[2022-04-04T14:44:13.455+0800][18.868s] GC(11) Pause Young (Normal) (G1 Evacuation Pause) 334M->50M(512M) 9.772ms
[2022-04-04T14:44:13.455+0800][18.868s] GC(11) User=0.11s Sys=0.00s Real=0.01s
[2022-04-04T14:44:13.588+0800][19.001s] GC(12) Pause Young (Normal) (G1 Evacuation Pause)
[2022-04-04T14:44:13.588+0800][19.001s] GC(12) Using 8 workers of 8 for evacuation
[2022-04-04T14:44:13.594+0800][19.007s] GC(12)   Pre Evacuate Collection Set: 0.1ms
[2022-04-04T14:44:13.594+0800][19.007s] GC(12)   Merge Heap Roots: 0.1ms
[2022-04-04T14:44:13.594+0800][19.007s] GC(12)   Evacuate Collection Set: 4.5ms
[2022-04-04T14:44:13.594+0800][19.007s] GC(12)   Post Evacuate Collection Set: 0.8ms
[2022-04-04T14:44:13.594+0800][19.007s] GC(12)   Other: 0.2ms
[2022-04-04T14:44:13.594+0800][19.007s] GC(12) Eden regions: 289->0(288)
[2022-04-04T14:44:13.594+0800][19.007s] GC(12) Survivor regions: 18->19(39)
[2022-04-04T14:44:13.594+0800][19.007s] GC(12) Old regions: 25->25
[2022-04-04T14:44:13.594+0800][19.007s] GC(12) Archive regions: 0->0
[2022-04-04T14:44:13.594+0800][19.007s] GC(12) Humongous regions: 8->8
[2022-04-04T14:44:13.594+0800][19.007s] GC(12) Metaspace: 50139K(50896K)->50139K(50896K) NonClass: 44326K(44800K)->44326K(44800K) Class: 5813K(6096K)->5813K(6096K)
[2022-04-04T14:44:13.594+0800][19.007s] GC(12) Pause Young (Normal) (G1 Evacuation Pause) 339M->50M(512M) 6.020ms
[2022-04-04T14:44:13.594+0800][19.007s] GC(12) User=0.02s Sys=0.00s Real=0.01s
[2022-04-04T14:44:13.740+0800][19.153s] GC(13) Pause Young (Normal) (G1 Evacuation Pause)
[2022-04-04T14:44:13.740+0800][19.153s] GC(13) Using 8 workers of 8 for evacuation
[2022-04-04T14:44:13.747+0800][19.160s] GC(13)   Pre Evacuate Collection Set: 0.1ms
[2022-04-04T14:44:13.747+0800][19.160s] GC(13)   Merge Heap Roots: 0.1ms
[2022-04-04T14:44:13.747+0800][19.160s] GC(13)   Evacuate Collection Set: 5.9ms
[2022-04-04T14:44:13.748+0800][19.160s] GC(13)   Post Evacuate Collection Set: 0.8ms
[2022-04-04T14:44:13.748+0800][19.161s] GC(13)   Other: 0.2ms
[2022-04-04T14:44:13.748+0800][19.161s] GC(13) Eden regions: 288->0(287)
[2022-04-04T14:44:13.748+0800][19.161s] GC(13) Survivor regions: 19->20(39)
[2022-04-04T14:44:13.748+0800][19.161s] GC(13) Old regions: 25->25
[2022-04-04T14:44:13.748+0800][19.161s] GC(13) Archive regions: 0->0
[2022-04-04T14:44:13.748+0800][19.161s] GC(13) Humongous regions: 8->8
[2022-04-04T14:44:13.748+0800][19.161s] GC(13) Metaspace: 50143K(50896K)->50143K(50896K) NonClass: 44330K(44800K)->44330K(44800K) Class: 5813K(6096K)->5813K(6096K)
[2022-04-04T14:44:13.748+0800][19.161s] GC(13) Pause Young (Normal) (G1 Evacuation Pause) 338M->52M(512M) 7.634ms
[2022-04-04T14:44:13.748+0800][19.161s] GC(13) User=0.12s Sys=0.00s Real=0.01s
[2022-04-04T14:44:13.920+0800][19.333s] GC(14) Pause Young (Normal) (G1 Evacuation Pause)
[2022-04-04T14:44:13.920+0800][19.333s] GC(14) Using 8 workers of 8 for evacuation
[2022-04-04T14:44:13.926+0800][19.339s] GC(14)   Pre Evacuate Collection Set: 0.1ms
[2022-04-04T14:44:13.926+0800][19.339s] GC(14)   Merge Heap Roots: 0.1ms
[2022-04-04T14:44:13.926+0800][19.339s] GC(14)   Evacuate Collection Set: 4.7ms
[2022-04-04T14:44:13.926+0800][19.339s] GC(14)   Post Evacuate Collection Set: 0.9ms
[2022-04-04T14:44:13.927+0800][19.339s] GC(14)   Other: 0.2ms
[2022-04-04T14:44:13.927+0800][19.339s] GC(14) Eden regions: 287->0(286)
[2022-04-04T14:44:13.927+0800][19.339s] GC(14) Survivor regions: 20->21(39)
[2022-04-04T14:44:13.927+0800][19.340s] GC(14) Old regions: 25->25
[2022-04-04T14:44:13.927+0800][19.340s] GC(14) Archive regions: 0->0
[2022-04-04T14:44:13.927+0800][19.340s] GC(14) Humongous regions: 10->9
[2022-04-04T14:44:13.927+0800][19.340s] GC(14) Metaspace: 50147K(50896K)->50147K(50896K) NonClass: 44334K(44800K)->44334K(44800K) Class: 5813K(6096K)->5813K(6096K)
[2022-04-04T14:44:13.927+0800][19.340s] GC(14) Pause Young (Normal) (G1 Evacuation Pause) 341M->54M(512M) 6.295ms
[2022-04-04T14:44:13.927+0800][19.340s] GC(14) User=0.00s Sys=0.00s Real=0.01s
[2022-04-04T14:44:14.083+0800][19.496s] GC(15) Pause Young (Normal) (G1 Evacuation Pause)
[2022-04-04T14:44:14.083+0800][19.496s] GC(15) Using 8 workers of 8 for evacuation
[2022-04-04T14:44:14.089+0800][19.502s] GC(15)   Pre Evacuate Collection Set: 0.1ms
[2022-04-04T14:44:14.089+0800][19.502s] GC(15)   Merge Heap Roots: 0.1ms
[2022-04-04T14:44:14.089+0800][19.502s] GC(15)   Evacuate Collection Set: 4.6ms
[2022-04-04T14:44:14.089+0800][19.502s] GC(15)   Post Evacuate Collection Set: 0.8ms
[2022-04-04T14:44:14.089+0800][19.502s] GC(15)   Other: 0.2ms
[2022-04-04T14:44:14.089+0800][19.502s] GC(15) Eden regions: 286->0(286)
[2022-04-04T14:44:14.089+0800][19.502s] GC(15) Survivor regions: 21->21(39)
[2022-04-04T14:44:14.089+0800][19.502s] GC(15) Old regions: 25->25
[2022-04-04T14:44:14.089+0800][19.502s] GC(15) Archive regions: 0->0
[2022-04-04T14:44:14.089+0800][19.502s] GC(15) Humongous regions: 10->10
[2022-04-04T14:44:14.089+0800][19.502s] GC(15) Metaspace: 50149K(50896K)->50149K(50896K) NonClass: 44335K(44800K)->44335K(44800K) Class: 5813K(6096K)->5813K(6096K)
[2022-04-04T14:44:14.089+0800][19.502s] GC(15) Pause Young (Normal) (G1 Evacuation Pause) 341M->55M(512M) 6.113ms
[2022-04-04T14:44:14.089+0800][19.502s] GC(15) User=0.00s Sys=0.00s Real=0.01s
[2022-04-04T14:44:14.202+0800][19.615s] GC(16) Pause Young (Normal) (G1 Evacuation Pause)
[2022-04-04T14:44:14.202+0800][19.615s] GC(16) Using 8 workers of 8 for evacuation
[2022-04-04T14:44:14.207+0800][19.620s] GC(16)   Pre Evacuate Collection Set: 0.1ms
[2022-04-04T14:44:14.207+0800][19.620s] GC(16)   Merge Heap Roots: 0.1ms
[2022-04-04T14:44:14.207+0800][19.620s] GC(16)   Evacuate Collection Set: 4.2ms
[2022-04-04T14:44:14.207+0800][19.620s] GC(16)   Post Evacuate Collection Set: 0.9ms
[2022-04-04T14:44:14.207+0800][19.620s] GC(16)   Other: 0.2ms
[2022-04-04T14:44:14.207+0800][19.620s] GC(16) Eden regions: 286->0(284)
[2022-04-04T14:44:14.207+0800][19.620s] GC(16) Survivor regions: 21->23(39)
[2022-04-04T14:44:14.207+0800][19.620s] GC(16) Old regions: 25->25
[2022-04-04T14:44:14.208+0800][19.620s] GC(16) Archive regions: 0->0
[2022-04-04T14:44:14.208+0800][19.620s] GC(16) Humongous regions: 10->10
[2022-04-04T14:44:14.208+0800][19.620s] GC(16) Metaspace: 50150K(50896K)->50150K(50896K) NonClass: 44336K(44800K)->44336K(44800K) Class: 5813K(6096K)->5813K(6096K)
[2022-04-04T14:44:14.208+0800][19.621s] GC(16) Pause Young (Normal) (G1 Evacuation Pause) 341M->57M(512M) 5.782ms
[2022-04-04T14:44:14.208+0800][19.621s] GC(16) User=0.00s Sys=0.00s Real=0.01s
[2022-04-04T14:44:14.320+0800][19.733s] GC(17) Pause Young (Normal) (G1 Evacuation Pause)
[2022-04-04T14:44:14.320+0800][19.733s] GC(17) Using 8 workers of 8 for evacuation
[2022-04-04T14:44:14.325+0800][19.738s] GC(17)   Pre Evacuate Collection Set: 0.1ms
[2022-04-04T14:44:14.326+0800][19.738s] GC(17)   Merge Heap Roots: 0.1ms
[2022-04-04T14:44:14.326+0800][19.738s] GC(17)   Evacuate Collection Set: 4.6ms
[2022-04-04T14:44:14.326+0800][19.739s] GC(17)   Post Evacuate Collection Set: 0.9ms
[2022-04-04T14:44:14.326+0800][19.739s] GC(17)   Other: 0.2ms
[2022-04-04T14:44:14.326+0800][19.739s] GC(17) Eden regions: 284->0(292)
[2022-04-04T14:44:14.326+0800][19.739s] GC(17) Survivor regions: 23->15(39)
[2022-04-04T14:44:14.326+0800][19.739s] GC(17) Old regions: 25->35
[2022-04-04T14:44:14.326+0800][19.739s] GC(17) Archive regions: 0->0
[2022-04-04T14:44:14.326+0800][19.739s] GC(17) Humongous regions: 10->10
[2022-04-04T14:44:14.326+0800][19.739s] GC(17) Metaspace: 50150K(50896K)->50150K(50896K) NonClass: 44336K(44800K)->44336K(44800K) Class: 5813K(6096K)->5813K(6096K)
[2022-04-04T14:44:14.326+0800][19.739s] GC(17) Pause Young (Normal) (G1 Evacuation Pause) 341M->59M(512M) 6.282ms
[2022-04-04T14:44:14.326+0800][19.739s] GC(17) User=0.12s Sys=0.00s Real=0.01s
[2022-04-04T14:44:14.454+0800][19.867s] GC(18) Pause Young (Normal) (G1 Evacuation Pause)
[2022-04-04T14:44:14.454+0800][19.867s] GC(18) Using 8 workers of 8 for evacuation
[2022-04-04T14:44:14.457+0800][19.870s] GC(18)   Pre Evacuate Collection Set: 0.2ms
[2022-04-04T14:44:14.457+0800][19.870s] GC(18)   Merge Heap Roots: 0.1ms
[2022-04-04T14:44:14.457+0800][19.870s] GC(18)   Evacuate Collection Set: 1.7ms
[2022-04-04T14:44:14.457+0800][19.870s] GC(18)   Post Evacuate Collection Set: 0.8ms
[2022-04-04T14:44:14.457+0800][19.870s] GC(18)   Other: 0.2ms
[2022-04-04T14:44:14.457+0800][19.870s] GC(18) Eden regions: 292->0(293)
[2022-04-04T14:44:14.457+0800][19.870s] GC(18) Survivor regions: 15->14(39)
[2022-04-04T14:44:14.457+0800][19.870s] GC(18) Old regions: 35->35
[2022-04-04T14:44:14.457+0800][19.870s] GC(18) Archive regions: 0->0
[2022-04-04T14:44:14.457+0800][19.870s] GC(18) Humongous regions: 10->10
[2022-04-04T14:44:14.457+0800][19.870s] GC(18) Metaspace: 50150K(50896K)->50150K(50896K) NonClass: 44336K(44800K)->44336K(44800K) Class: 5813K(6096K)->5813K(6096K)
[2022-04-04T14:44:14.457+0800][19.870s] GC(18) Pause Young (Normal) (G1 Evacuation Pause) 351M->58M(512M) 3.214ms
[2022-04-04T14:44:14.457+0800][19.870s] GC(18) User=0.00s Sys=0.00s Real=0.00s
[2022-04-04T14:44:14.575+0800][19.988s] GC(19) Pause Young (Normal) (G1 Evacuation Pause)
[2022-04-04T14:44:14.575+0800][19.988s] GC(19) Using 8 workers of 8 for evacuation
[2022-04-04T14:44:14.578+0800][19.991s] GC(19)   Pre Evacuate Collection Set: 0.2ms
[2022-04-04T14:44:14.578+0800][19.991s] GC(19)   Merge Heap Roots: 0.2ms
[2022-04-04T14:44:14.578+0800][19.991s] GC(19)   Evacuate Collection Set: 1.8ms
[2022-04-04T14:44:14.578+0800][19.991s] GC(19)   Post Evacuate Collection Set: 0.6ms
[2022-04-04T14:44:14.578+0800][19.991s] GC(19)   Other: 0.2ms
[2022-04-04T14:44:14.578+0800][19.991s] GC(19) Eden regions: 293->0(293)
[2022-04-04T14:44:14.578+0800][19.991s] GC(19) Survivor regions: 14->14(39)
[2022-04-04T14:44:14.578+0800][19.991s] GC(19) Old regions: 35->35
[2022-04-04T14:44:14.578+0800][19.991s] GC(19) Archive regions: 0->0
[2022-04-04T14:44:14.578+0800][19.991s] GC(19) Humongous regions: 10->10
[2022-04-04T14:44:14.578+0800][19.991s] GC(19) Metaspace: 50150K(50896K)->50150K(50896K) NonClass: 44337K(44800K)->44337K(44800K) Class: 5813K(6096K)->5813K(6096K)
[2022-04-04T14:44:14.578+0800][19.991s] GC(19) Pause Young (Normal) (G1 Evacuation Pause) 351M->58M(512M) 3.254ms
[2022-04-04T14:44:14.578+0800][19.991s] GC(19) User=0.00s Sys=0.00s Real=0.00s
[2022-04-04T14:44:14.693+0800][20.106s] GC(20) Pause Young (Normal) (G1 Evacuation Pause)
[2022-04-04T14:44:14.693+0800][20.106s] GC(20) Using 8 workers of 8 for evacuation
[2022-04-04T14:44:14.697+0800][20.109s] GC(20)   Pre Evacuate Collection Set: 0.2ms
[2022-04-04T14:44:14.697+0800][20.109s] GC(20)   Merge Heap Roots: 0.2ms
[2022-04-04T14:44:14.697+0800][20.110s] GC(20)   Evacuate Collection Set: 2.1ms
[2022-04-04T14:44:14.697+0800][20.110s] GC(20)   Post Evacuate Collection Set: 0.8ms
[2022-04-04T14:44:14.697+0800][20.110s] GC(20)   Other: 0.2ms
[2022-04-04T14:44:14.697+0800][20.110s] GC(20) Eden regions: 293->0(292)
[2022-04-04T14:44:14.697+0800][20.110s] GC(20) Survivor regions: 14->15(39)
[2022-04-04T14:44:14.697+0800][20.110s] GC(20) Old regions: 35->35
[2022-04-04T14:44:14.697+0800][20.110s] GC(20) Archive regions: 0->0
[2022-04-04T14:44:14.697+0800][20.110s] GC(20) Humongous regions: 10->10
[2022-04-04T14:44:14.697+0800][20.110s] GC(20) Metaspace: 50150K(50896K)->50150K(50896K) NonClass: 44337K(44800K)->44337K(44800K) Class: 5813K(6096K)->5813K(6096K)
[2022-04-04T14:44:14.697+0800][20.110s] GC(20) Pause Young (Normal) (G1 Evacuation Pause) 351M->59M(512M) 3.623ms
[2022-04-04T14:44:14.697+0800][20.110s] GC(20) User=0.00s Sys=0.00s Real=0.00s
[2022-04-04T14:44:17.371+0800][22.784s] GC(21) Pause Young (Normal) (G1 Evacuation Pause)
[2022-04-04T14:44:17.371+0800][22.784s] GC(21) Using 8 workers of 8 for evacuation
[2022-04-04T14:44:17.374+0800][22.787s] GC(21)   Pre Evacuate Collection Set: 0.2ms
[2022-04-04T14:44:17.374+0800][22.787s] GC(21)   Merge Heap Roots: 0.2ms
[2022-04-04T14:44:17.374+0800][22.787s] GC(21)   Evacuate Collection Set: 2.3ms
[2022-04-04T14:44:17.374+0800][22.787s] GC(21)   Post Evacuate Collection Set: 0.6ms
[2022-04-04T14:44:17.374+0800][22.787s] GC(21)   Other: 0.2ms
[2022-04-04T14:44:17.374+0800][22.787s] GC(21) Eden regions: 292->0(291)
[2022-04-04T14:44:17.374+0800][22.787s] GC(21) Survivor regions: 15->16(39)
[2022-04-04T14:44:17.374+0800][22.787s] GC(21) Old regions: 35->35
[2022-04-04T14:44:17.374+0800][22.787s] GC(21) Archive regions: 0->0
[2022-04-04T14:44:17.374+0800][22.787s] GC(21) Humongous regions: 10->10
[2022-04-04T14:44:17.374+0800][22.787s] GC(21) Metaspace: 50547K(51408K)->50547K(51408K) NonClass: 44709K(45312K)->44709K(45312K) Class: 5838K(6096K)->5838K(6096K)
[2022-04-04T14:44:17.374+0800][22.787s] GC(21) Pause Young (Normal) (G1 Evacuation Pause) 351M->60M(512M) 3.649ms
[2022-04-04T14:44:17.374+0800][22.787s] GC(21) User=0.00s Sys=0.00s Real=0.00s
[2022-04-04T14:44:18.686+0800][24.099s] GC(22) Pause Young (Normal) (G1 Evacuation Pause)
[2022-04-04T14:44:18.686+0800][24.099s] GC(22) Using 8 workers of 8 for evacuation
[2022-04-04T14:44:18.690+0800][24.102s] GC(22)   Pre Evacuate Collection Set: 0.1ms
[2022-04-04T14:44:18.690+0800][24.103s] GC(22)   Merge Heap Roots: 0.1ms
[2022-04-04T14:44:18.690+0800][24.103s] GC(22)   Evacuate Collection Set: 2.3ms
[2022-04-04T14:44:18.690+0800][24.103s] GC(22)   Post Evacuate Collection Set: 0.8ms
[2022-04-04T14:44:18.690+0800][24.103s] GC(22)   Other: 0.2ms
[2022-04-04T14:44:18.690+0800][24.103s] GC(22) Eden regions: 291->0(291)
[2022-04-04T14:44:18.690+0800][24.103s] GC(22) Survivor regions: 16->16(39)
[2022-04-04T14:44:18.690+0800][24.103s] GC(22) Old regions: 35->36
[2022-04-04T14:44:18.690+0800][24.103s] GC(22) Archive regions: 0->0
[2022-04-04T14:44:18.690+0800][24.103s] GC(22) Humongous regions: 10->10
[2022-04-04T14:44:18.690+0800][24.103s] GC(22) Metaspace: 50549K(51408K)->50549K(51408K) NonClass: 44711K(45312K)->44711K(45312K) Class: 5838K(6096K)->5838K(6096K)
[2022-04-04T14:44:18.690+0800][24.103s] GC(22) Pause Young (Normal) (G1 Evacuation Pause) 351M->60M(512M) 3.750ms
[2022-04-04T14:44:18.690+0800][24.103s] GC(22) User=0.00s Sys=0.00s Real=0.00s
[2022-04-04T14:44:20.377+0800][25.790s] GC(23) Pause Young (Normal) (G1 Evacuation Pause)
[2022-04-04T14:44:20.377+0800][25.790s] GC(23) Using 8 workers of 8 for evacuation
[2022-04-04T14:44:20.381+0800][25.794s] GC(23)   Pre Evacuate Collection Set: 0.1ms
[2022-04-04T14:44:20.381+0800][25.794s] GC(23)   Merge Heap Roots: 0.1ms
[2022-04-04T14:44:20.381+0800][25.794s] GC(23)   Evacuate Collection Set: 2.2ms
[2022-04-04T14:44:20.381+0800][25.794s] GC(23)   Post Evacuate Collection Set: 0.8ms
[2022-04-04T14:44:20.381+0800][25.794s] GC(23)   Other: 0.3ms
[2022-04-04T14:44:20.381+0800][25.794s] GC(23) Eden regions: 291->0(292)
[2022-04-04T14:44:20.381+0800][25.794s] GC(23) Survivor regions: 16->15(39)
[2022-04-04T14:44:20.381+0800][25.794s] GC(23) Old regions: 36->36
[2022-04-04T14:44:20.381+0800][25.794s] GC(23) Archive regions: 0->0
[2022-04-04T14:44:20.381+0800][25.794s] GC(23) Humongous regions: 10->10
[2022-04-04T14:44:20.381+0800][25.794s] GC(23) Metaspace: 51167K(51920K)->51167K(51920K) NonClass: 45285K(45824K)->45285K(45824K) Class: 5881K(6096K)->5881K(6096K)
[2022-04-04T14:44:20.381+0800][25.794s] GC(23) Pause Young (Normal) (G1 Evacuation Pause) 351M->60M(512M) 4.021ms
[2022-04-04T14:44:20.381+0800][25.794s] GC(23) User=0.00s Sys=0.00s Real=0.00s
[2022-04-04T14:44:21.920+0800][27.333s] GC(24) Pause Young (Normal) (G1 Evacuation Pause)
[2022-04-04T14:44:21.920+0800][27.333s] GC(24) Using 8 workers of 8 for evacuation
[2022-04-04T14:44:21.924+0800][27.337s] GC(24)   Pre Evacuate Collection Set: 0.4ms
[2022-04-04T14:44:21.924+0800][27.337s] GC(24)   Merge Heap Roots: 0.1ms
[2022-04-04T14:44:21.924+0800][27.337s] GC(24)   Evacuate Collection Set: 2.4ms
[2022-04-04T14:44:21.924+0800][27.337s] GC(24)   Post Evacuate Collection Set: 0.7ms
[2022-04-04T14:44:21.925+0800][27.337s] GC(24)   Other: 0.2ms
[2022-04-04T14:44:21.925+0800][27.337s] GC(24) Eden regions: 292->0(292)
[2022-04-04T14:44:21.925+0800][27.337s] GC(24) Survivor regions: 15->15(39)
[2022-04-04T14:44:21.925+0800][27.338s] GC(24) Old regions: 36->37
[2022-04-04T14:44:21.925+0800][27.338s] GC(24) Archive regions: 0->0
[2022-04-04T14:44:21.925+0800][27.338s] GC(24) Humongous regions: 10->10
[2022-04-04T14:44:21.925+0800][27.338s] GC(24) Metaspace: 51206K(51920K)->51206K(51920K) NonClass: 45316K(45824K)->45316K(45824K) Class: 5890K(6096K)->5890K(6096K)
[2022-04-04T14:44:21.925+0800][27.338s] GC(24) Pause Young (Normal) (G1 Evacuation Pause) 352M->61M(512M) 4.249ms
[2022-04-04T14:44:21.925+0800][27.338s] GC(24) User=0.00s Sys=0.00s Real=0.00s
[2022-04-04T14:44:22.145+0800][27.558s] GC(25) Pause Young (Normal) (G1 Evacuation Pause)
[2022-04-04T14:44:22.145+0800][27.558s] GC(25) Using 8 workers of 8 for evacuation
[2022-04-04T14:44:22.148+0800][27.561s] GC(25)   Pre Evacuate Collection Set: 0.1ms
[2022-04-04T14:44:22.148+0800][27.561s] GC(25)   Merge Heap Roots: 0.1ms
[2022-04-04T14:44:22.148+0800][27.561s] GC(25)   Evacuate Collection Set: 2.3ms
[2022-04-04T14:44:22.148+0800][27.561s] GC(25)   Post Evacuate Collection Set: 0.6ms
[2022-04-04T14:44:22.149+0800][27.561s] GC(25)   Other: 0.3ms
[2022-04-04T14:44:22.149+0800][27.562s] GC(25) Eden regions: 292->0(292)
[2022-04-04T14:44:22.149+0800][27.562s] GC(25) Survivor regions: 15->15(39)
[2022-04-04T14:44:22.149+0800][27.562s] GC(25) Old regions: 37->38
[2022-04-04T14:44:22.149+0800][27.562s] GC(25) Archive regions: 0->0
[2022-04-04T14:44:22.149+0800][27.562s] GC(25) Humongous regions: 10->10
[2022-04-04T14:44:22.149+0800][27.562s] GC(25) Metaspace: 51209K(51920K)->51209K(51920K) NonClass: 45319K(45824K)->45319K(45824K) Class: 5890K(6096K)->5890K(6096K)
[2022-04-04T14:44:22.149+0800][27.562s] GC(25) Pause Young (Normal) (G1 Evacuation Pause) 353M->61M(512M) 3.944ms
[2022-04-04T14:44:22.149+0800][27.562s] GC(25) User=0.00s Sys=0.00s Real=0.00s
[2022-04-04T14:44:22.357+0800][27.770s] GC(26) Pause Young (Normal) (G1 Evacuation Pause)
[2022-04-04T14:44:22.357+0800][27.770s] GC(26) Using 8 workers of 8 for evacuation
[2022-04-04T14:44:22.361+0800][27.774s] GC(26)   Pre Evacuate Collection Set: 0.1ms
[2022-04-04T14:44:22.361+0800][27.774s] GC(26)   Merge Heap Roots: 0.2ms
[2022-04-04T14:44:22.361+0800][27.774s] GC(26)   Evacuate Collection Set: 2.5ms
[2022-04-04T14:44:22.361+0800][27.774s] GC(26)   Post Evacuate Collection Set: 0.7ms
[2022-04-04T14:44:22.361+0800][27.774s] GC(26)   Other: 0.3ms
[2022-04-04T14:44:22.361+0800][27.774s] GC(26) Eden regions: 292->0(290)
[2022-04-04T14:44:22.361+0800][27.774s] GC(26) Survivor regions: 15->17(39)
[2022-04-04T14:44:22.361+0800][27.774s] GC(26) Old regions: 38->39
[2022-04-04T14:44:22.361+0800][27.774s] GC(26) Archive regions: 0->0
[2022-04-04T14:44:22.361+0800][27.774s] GC(26) Humongous regions: 10->10
[2022-04-04T14:44:22.361+0800][27.774s] GC(26) Metaspace: 51209K(51920K)->51209K(51920K) NonClass: 45319K(45824K)->45319K(45824K) Class: 5890K(6096K)->5890K(6096K)
[2022-04-04T14:44:22.361+0800][27.774s] GC(26) Pause Young (Normal) (G1 Evacuation Pause) 353M->64M(512M) 4.259ms
[2022-04-04T14:44:22.362+0800][27.774s] GC(26) User=0.00s Sys=0.00s Real=0.00s
[2022-04-04T14:44:22.557+0800][27.970s] GC(27) Pause Young (Normal) (G1 Evacuation Pause)
[2022-04-04T14:44:22.557+0800][27.970s] GC(27) Using 8 workers of 8 for evacuation
[2022-04-04T14:44:22.560+0800][27.973s] GC(27)   Pre Evacuate Collection Set: 0.1ms
[2022-04-04T14:44:22.560+0800][27.973s] GC(27)   Merge Heap Roots: 0.1ms
[2022-04-04T14:44:22.560+0800][27.973s] GC(27)   Evacuate Collection Set: 2.4ms
[2022-04-04T14:44:22.561+0800][27.973s] GC(27)   Post Evacuate Collection Set: 0.9ms
[2022-04-04T14:44:22.561+0800][27.973s] GC(27)   Other: 0.2ms
[2022-04-04T14:44:22.561+0800][27.974s] GC(27) Eden regions: 290->0(290)
[2022-04-04T14:44:22.561+0800][27.974s] GC(27) Survivor regions: 17->17(39)
[2022-04-04T14:44:22.561+0800][27.974s] GC(27) Old regions: 39->39
[2022-04-04T14:44:22.561+0800][27.974s] GC(27) Archive regions: 0->0
[2022-04-04T14:44:22.561+0800][27.974s] GC(27) Humongous regions: 10->10
[2022-04-04T14:44:22.561+0800][27.974s] GC(27) Metaspace: 51210K(51920K)->51210K(51920K) NonClass: 45320K(45824K)->45320K(45824K) Class: 5890K(6096K)->5890K(6096K)
[2022-04-04T14:44:22.561+0800][27.974s] GC(27) Pause Young (Normal) (G1 Evacuation Pause) 354M->65M(512M) 4.123ms
[2022-04-04T14:44:22.561+0800][27.974s] GC(27) User=0.11s Sys=0.00s Real=0.00s
[2022-04-04T14:44:22.760+0800][28.173s] GC(28) Pause Young (Normal) (G1 Evacuation Pause)
[2022-04-04T14:44:22.760+0800][28.173s] GC(28) Using 8 workers of 8 for evacuation
[2022-04-04T14:44:22.763+0800][28.176s] GC(28)   Pre Evacuate Collection Set: 0.1ms
[2022-04-04T14:44:22.763+0800][28.176s] GC(28)   Merge Heap Roots: 0.1ms
[2022-04-04T14:44:22.763+0800][28.176s] GC(28)   Evacuate Collection Set: 2.3ms
[2022-04-04T14:44:22.763+0800][28.176s] GC(28)   Post Evacuate Collection Set: 0.8ms
[2022-04-04T14:44:22.763+0800][28.176s] GC(28)   Other: 0.3ms
[2022-04-04T14:44:22.763+0800][28.176s] GC(28) Eden regions: 290->0(291)
[2022-04-04T14:44:22.763+0800][28.176s] GC(28) Survivor regions: 17->16(39)
[2022-04-04T14:44:22.763+0800][28.176s] GC(28) Old regions: 39->40
[2022-04-04T14:44:22.763+0800][28.176s] GC(28) Archive regions: 0->0
[2022-04-04T14:44:22.763+0800][28.176s] GC(28) Humongous regions: 11->11
[2022-04-04T14:44:22.764+0800][28.176s] GC(28) Metaspace: 51211K(51920K)->51211K(51920K) NonClass: 45321K(45824K)->45321K(45824K) Class: 5890K(6096K)->5890K(6096K)
[2022-04-04T14:44:22.764+0800][28.176s] GC(28) Pause Young (Normal) (G1 Evacuation Pause) 356M->66M(512M) 3.987ms
[2022-04-04T14:44:22.764+0800][28.177s] GC(28) User=0.12s Sys=0.00s Real=0.00s
[2022-04-04T14:44:22.933+0800][28.346s] GC(29) Pause Young (Normal) (G1 Evacuation Pause)
[2022-04-04T14:44:22.933+0800][28.346s] GC(29) Using 8 workers of 8 for evacuation
[2022-04-04T14:44:22.936+0800][28.349s] GC(29)   Pre Evacuate Collection Set: 0.1ms
[2022-04-04T14:44:22.936+0800][28.349s] GC(29)   Merge Heap Roots: 0.1ms
[2022-04-04T14:44:22.936+0800][28.349s] GC(29)   Evacuate Collection Set: 2.3ms
[2022-04-04T14:44:22.936+0800][28.349s] GC(29)   Post Evacuate Collection Set: 0.6ms
[2022-04-04T14:44:22.936+0800][28.349s] GC(29)   Other: 0.3ms
[2022-04-04T14:44:22.936+0800][28.349s] GC(29) Eden regions: 291->0(291)
[2022-04-04T14:44:22.936+0800][28.349s] GC(29) Survivor regions: 16->16(39)
[2022-04-04T14:44:22.936+0800][28.349s] GC(29) Old regions: 40->41
[2022-04-04T14:44:22.936+0800][28.349s] GC(29) Archive regions: 0->0
[2022-04-04T14:44:22.936+0800][28.349s] GC(29) Humongous regions: 11->11
[2022-04-04T14:44:22.937+0800][28.349s] GC(29) Metaspace: 51213K(51920K)->51213K(51920K) NonClass: 45323K(45824K)->45323K(45824K) Class: 5890K(6096K)->5890K(6096K)
[2022-04-04T14:44:22.937+0800][28.349s] GC(29) Pause Young (Normal) (G1 Evacuation Pause) 357M->67M(512M) 3.691ms
[2022-04-04T14:44:22.937+0800][28.350s] GC(29) User=0.00s Sys=0.00s Real=0.00s
[2022-04-04T14:44:23.105+0800][28.518s] GC(30) Pause Young (Normal) (G1 Evacuation Pause)
[2022-04-04T14:44:23.105+0800][28.518s] GC(30) Using 8 workers of 8 for evacuation
[2022-04-04T14:44:23.109+0800][28.522s] GC(30)   Pre Evacuate Collection Set: 0.1ms
[2022-04-04T14:44:23.109+0800][28.522s] GC(30)   Merge Heap Roots: 0.1ms
[2022-04-04T14:44:23.109+0800][28.522s] GC(30)   Evacuate Collection Set: 2.5ms
[2022-04-04T14:44:23.109+0800][28.522s] GC(30)   Post Evacuate Collection Set: 0.7ms
[2022-04-04T14:44:23.109+0800][28.522s] GC(30)   Other: 0.2ms
[2022-04-04T14:44:23.109+0800][28.522s] GC(30) Eden regions: 291->0(290)
[2022-04-04T14:44:23.109+0800][28.522s] GC(30) Survivor regions: 16->17(39)
[2022-04-04T14:44:23.109+0800][28.522s] GC(30) Old regions: 41->42
[2022-04-04T14:44:23.109+0800][28.522s] GC(30) Archive regions: 0->0
[2022-04-04T14:44:23.109+0800][28.522s] GC(30) Humongous regions: 11->11
[2022-04-04T14:44:23.109+0800][28.522s] GC(30) Metaspace: 51213K(51920K)->51213K(51920K) NonClass: 45323K(45824K)->45323K(45824K) Class: 5890K(6096K)->5890K(6096K)
[2022-04-04T14:44:23.109+0800][28.522s] GC(30) Pause Young (Normal) (G1 Evacuation Pause) 358M->68M(512M) 4.004ms
[2022-04-04T14:44:23.109+0800][28.522s] GC(30) User=0.00s Sys=0.00s Real=0.00s
[2022-04-04T14:44:23.284+0800][28.697s] GC(31) Pause Young (Normal) (G1 Evacuation Pause)
[2022-04-04T14:44:23.285+0800][28.697s] GC(31) Using 8 workers of 8 for evacuation
[2022-04-04T14:44:23.288+0800][28.701s] GC(31)   Pre Evacuate Collection Set: 0.1ms
[2022-04-04T14:44:23.288+0800][28.701s] GC(31)   Merge Heap Roots: 0.1ms
[2022-04-04T14:44:23.288+0800][28.701s] GC(31)   Evacuate Collection Set: 2.5ms
[2022-04-04T14:44:23.288+0800][28.701s] GC(31)   Post Evacuate Collection Set: 0.7ms
[2022-04-04T14:44:23.288+0800][28.701s] GC(31)   Other: 0.3ms
[2022-04-04T14:44:23.288+0800][28.701s] GC(31) Eden regions: 290->0(289)
[2022-04-04T14:44:23.288+0800][28.701s] GC(31) Survivor regions: 17->18(39)
[2022-04-04T14:44:23.288+0800][28.701s] GC(31) Old regions: 42->42
[2022-04-04T14:44:23.288+0800][28.701s] GC(31) Archive regions: 0->0
[2022-04-04T14:44:23.289+0800][28.701s] GC(31) Humongous regions: 11->11
[2022-04-04T14:44:23.289+0800][28.701s] GC(31) Metaspace: 51213K(51920K)->51213K(51920K) NonClass: 45323K(45824K)->45323K(45824K) Class: 5890K(6096K)->5890K(6096K)
[2022-04-04T14:44:23.289+0800][28.702s] GC(31) Pause Young (Normal) (G1 Evacuation Pause) 358M->70M(512M) 4.180ms
[2022-04-04T14:44:23.289+0800][28.702s] GC(31) User=0.00s Sys=0.00s Real=0.01s
[2022-04-04T14:44:23.710+0800][29.123s] GC(32) Pause Young (Normal) (G1 Evacuation Pause)
[2022-04-04T14:44:23.710+0800][29.123s] GC(32) Using 8 workers of 8 for evacuation
[2022-04-04T14:44:23.713+0800][29.126s] GC(32)   Pre Evacuate Collection Set: 0.1ms
[2022-04-04T14:44:23.714+0800][29.126s] GC(32)   Merge Heap Roots: 0.1ms
[2022-04-04T14:44:23.714+0800][29.126s] GC(32)   Evacuate Collection Set: 2.4ms
[2022-04-04T14:44:23.714+0800][29.127s] GC(32)   Post Evacuate Collection Set: 0.7ms
[2022-04-04T14:44:23.714+0800][29.127s] GC(32)   Other: 0.3ms
[2022-04-04T14:44:23.714+0800][29.127s] GC(32) Eden regions: 289->0(288)
[2022-04-04T14:44:23.714+0800][29.127s] GC(32) Survivor regions: 18->19(39)
[2022-04-04T14:44:23.714+0800][29.127s] GC(32) Old regions: 42->43
[2022-04-04T14:44:23.714+0800][29.127s] GC(32) Archive regions: 0->0
[2022-04-04T14:44:23.714+0800][29.127s] GC(32) Humongous regions: 13->12
[2022-04-04T14:44:23.714+0800][29.127s] GC(32) Metaspace: 51213K(51920K)->51213K(51920K) NonClass: 45323K(45824K)->45323K(45824K) Class: 5890K(6096K)->5890K(6096K)
[2022-04-04T14:44:23.714+0800][29.127s] GC(32) Pause Young (Normal) (G1 Evacuation Pause) 361M->73M(512M) 4.087ms
[2022-04-04T14:44:23.714+0800][29.127s] GC(32) User=0.06s Sys=0.00s Real=0.00s
[2022-04-04T14:44:23.916+0800][29.329s] GC(33) Pause Young (Normal) (G1 Evacuation Pause)
[2022-04-04T14:44:23.916+0800][29.329s] GC(33) Using 8 workers of 8 for evacuation
[2022-04-04T14:44:23.919+0800][29.332s] GC(33)   Pre Evacuate Collection Set: 0.1ms
[2022-04-04T14:44:23.919+0800][29.332s] GC(33)   Merge Heap Roots: 0.1ms
[2022-04-04T14:44:23.919+0800][29.332s] GC(33)   Evacuate Collection Set: 2.5ms
[2022-04-04T14:44:23.919+0800][29.332s] GC(33)   Post Evacuate Collection Set: 0.6ms
[2022-04-04T14:44:23.919+0800][29.332s] GC(33)   Other: 0.2ms
[2022-04-04T14:44:23.920+0800][29.332s] GC(33) Eden regions: 288->0(289)
[2022-04-04T14:44:23.920+0800][29.332s] GC(33) Survivor regions: 19->18(39)
[2022-04-04T14:44:23.920+0800][29.332s] GC(33) Old regions: 43->44
[2022-04-04T14:44:23.920+0800][29.333s] GC(33) Archive regions: 0->0
[2022-04-04T14:44:23.920+0800][29.333s] GC(33) Humongous regions: 13->13
[2022-04-04T14:44:23.920+0800][29.333s] GC(33) Metaspace: 51213K(51920K)->51213K(51920K) NonClass: 45323K(45824K)->45323K(45824K) Class: 5890K(6096K)->5890K(6096K)
[2022-04-04T14:44:23.920+0800][29.333s] GC(33) Pause Young (Normal) (G1 Evacuation Pause) 362M->73M(512M) 3.893ms
[2022-04-04T14:44:23.920+0800][29.333s] GC(33) User=0.12s Sys=0.00s Real=0.00s
[2022-04-04T14:44:24.095+0800][29.508s] GC(34) Pause Young (Normal) (G1 Evacuation Pause)
[2022-04-04T14:44:24.095+0800][29.508s] GC(34) Using 8 workers of 8 for evacuation
[2022-04-04T14:44:24.099+0800][29.512s] GC(34)   Pre Evacuate Collection Set: 0.1ms
[2022-04-04T14:44:24.099+0800][29.512s] GC(34)   Merge Heap Roots: 0.1ms
[2022-04-04T14:44:24.099+0800][29.512s] GC(34)   Evacuate Collection Set: 2.6ms
[2022-04-04T14:44:24.099+0800][29.512s] GC(34)   Post Evacuate Collection Set: 0.6ms
[2022-04-04T14:44:24.099+0800][29.512s] GC(34)   Other: 0.3ms
[2022-04-04T14:44:24.099+0800][29.512s] GC(34) Eden regions: 289->0(289)
[2022-04-04T14:44:24.099+0800][29.512s] GC(34) Survivor regions: 18->18(39)
[2022-04-04T14:44:24.099+0800][29.512s] GC(34) Old regions: 44->44
[2022-04-04T14:44:24.099+0800][29.512s] GC(34) Archive regions: 0->0
[2022-04-04T14:44:24.099+0800][29.512s] GC(34) Humongous regions: 13->13
[2022-04-04T14:44:24.099+0800][29.512s] GC(34) Metaspace: 51213K(51920K)->51213K(51920K) NonClass: 45323K(45824K)->45323K(45824K) Class: 5890K(6096K)->5890K(6096K)
[2022-04-04T14:44:24.099+0800][29.512s] GC(34) Pause Young (Normal) (G1 Evacuation Pause) 362M->74M(512M) 4.024ms
[2022-04-04T14:44:24.099+0800][29.512s] GC(34) User=0.00s Sys=0.00s Real=0.00s
[2022-04-04T14:44:24.227+0800][29.640s] GC(35) Pause Young (Normal) (G1 Evacuation Pause)
[2022-04-04T14:44:24.227+0800][29.640s] GC(35) Using 8 workers of 8 for evacuation
[2022-04-04T14:44:24.231+0800][29.643s] GC(35)   Pre Evacuate Collection Set: 0.1ms
[2022-04-04T14:44:24.231+0800][29.644s] GC(35)   Merge Heap Roots: 0.1ms
[2022-04-04T14:44:24.231+0800][29.644s] GC(35)   Evacuate Collection Set: 2.4ms
[2022-04-04T14:44:24.231+0800][29.644s] GC(35)   Post Evacuate Collection Set: 0.7ms
[2022-04-04T14:44:24.231+0800][29.644s] GC(35)   Other: 0.2ms
[2022-04-04T14:44:24.231+0800][29.644s] GC(35) Eden regions: 289->0(294)
[2022-04-04T14:44:24.231+0800][29.644s] GC(35) Survivor regions: 18->13(39)
[2022-04-04T14:44:24.231+0800][29.644s] GC(35) Old regions: 44->50
[2022-04-04T14:44:24.231+0800][29.644s] GC(35) Archive regions: 0->0
[2022-04-04T14:44:24.231+0800][29.644s] GC(35) Humongous regions: 13->13
[2022-04-04T14:44:24.231+0800][29.644s] GC(35) Metaspace: 51213K(51920K)->51213K(51920K) NonClass: 45323K(45824K)->45323K(45824K) Class: 5890K(6096K)->5890K(6096K)
[2022-04-04T14:44:24.231+0800][29.644s] GC(35) Pause Young (Normal) (G1 Evacuation Pause) 363M->75M(512M) 3.719ms
[2022-04-04T14:44:24.231+0800][29.644s] GC(35) User=0.12s Sys=0.00s Real=0.00s
[2022-04-04T14:44:24.347+0800][29.759s] GC(36) Pause Young (Normal) (G1 Evacuation Pause)
[2022-04-04T14:44:24.347+0800][29.760s] GC(36) Using 8 workers of 8 for evacuation
[2022-04-04T14:44:24.350+0800][29.762s] GC(36)   Pre Evacuate Collection Set: 0.1ms
[2022-04-04T14:44:24.350+0800][29.762s] GC(36)   Merge Heap Roots: 0.1ms
[2022-04-04T14:44:24.350+0800][29.763s] GC(36)   Evacuate Collection Set: 1.9ms
[2022-04-04T14:44:24.350+0800][29.763s] GC(36)   Post Evacuate Collection Set: 0.7ms
[2022-04-04T14:44:24.350+0800][29.763s] GC(36)   Other: 0.2ms
[2022-04-04T14:44:24.350+0800][29.763s] GC(36) Eden regions: 294->0(293)
[2022-04-04T14:44:24.350+0800][29.763s] GC(36) Survivor regions: 13->14(39)
[2022-04-04T14:44:24.350+0800][29.763s] GC(36) Old regions: 50->50
[2022-04-04T14:44:24.350+0800][29.763s] GC(36) Archive regions: 0->0
[2022-04-04T14:44:24.350+0800][29.763s] GC(36) Humongous regions: 13->13
[2022-04-04T14:44:24.350+0800][29.763s] GC(36) Metaspace: 51213K(51920K)->51213K(51920K) NonClass: 45323K(45824K)->45323K(45824K) Class: 5890K(6096K)->5890K(6096K)
[2022-04-04T14:44:24.350+0800][29.763s] GC(36) Pause Young (Normal) (G1 Evacuation Pause) 369M->76M(512M) 3.334ms
[2022-04-04T14:44:24.350+0800][29.763s] GC(36) User=0.00s Sys=0.00s Real=0.00s
[2022-04-04T14:44:24.488+0800][29.901s] GC(37) Pause Young (Normal) (G1 Evacuation Pause)
[2022-04-04T14:44:24.488+0800][29.901s] GC(37) Using 8 workers of 8 for evacuation
[2022-04-04T14:44:24.491+0800][29.904s] GC(37)   Pre Evacuate Collection Set: 0.1ms
[2022-04-04T14:44:24.491+0800][29.904s] GC(37)   Merge Heap Roots: 0.1ms
[2022-04-04T14:44:24.491+0800][29.904s] GC(37)   Evacuate Collection Set: 2.2ms
[2022-04-04T14:44:24.491+0800][29.904s] GC(37)   Post Evacuate Collection Set: 0.7ms
[2022-04-04T14:44:24.491+0800][29.904s] GC(37)   Other: 0.2ms
[2022-04-04T14:44:24.491+0800][29.904s] GC(37) Eden regions: 293->0(292)
[2022-04-04T14:44:24.491+0800][29.904s] GC(37) Survivor regions: 14->15(39)
[2022-04-04T14:44:24.491+0800][29.904s] GC(37) Old regions: 50->50
[2022-04-04T14:44:24.491+0800][29.904s] GC(37) Archive regions: 0->0
[2022-04-04T14:44:24.491+0800][29.904s] GC(37) Humongous regions: 13->13
[2022-04-04T14:44:24.491+0800][29.904s] GC(37) Metaspace: 51213K(51920K)->51213K(51920K) NonClass: 45323K(45824K)->45323K(45824K) Class: 5890K(6096K)->5890K(6096K)
[2022-04-04T14:44:24.491+0800][29.904s] GC(37) Pause Young (Normal) (G1 Evacuation Pause) 369M->77M(512M) 3.699ms
[2022-04-04T14:44:24.491+0800][29.904s] GC(37) User=0.00s Sys=0.00s Real=0.00s
[2022-04-04T14:44:24.854+0800][30.267s] GC(38) Pause Young (Normal) (G1 Evacuation Pause)
[2022-04-04T14:44:24.854+0800][30.267s] GC(38) Using 8 workers of 8 for evacuation
[2022-04-04T14:44:24.857+0800][30.270s] GC(38)   Pre Evacuate Collection Set: 0.1ms
[2022-04-04T14:44:24.857+0800][30.270s] GC(38)   Merge Heap Roots: 0.1ms
[2022-04-04T14:44:24.857+0800][30.270s] GC(38)   Evacuate Collection Set: 2.0ms
[2022-04-04T14:44:24.857+0800][30.270s] GC(38)   Post Evacuate Collection Set: 0.6ms
[2022-04-04T14:44:24.857+0800][30.270s] GC(38)   Other: 0.2ms
[2022-04-04T14:44:24.857+0800][30.270s] GC(38) Eden regions: 292->0(291)
[2022-04-04T14:44:24.857+0800][30.270s] GC(38) Survivor regions: 15->16(39)
[2022-04-04T14:44:24.858+0800][30.270s] GC(38) Old regions: 50->50
[2022-04-04T14:44:24.858+0800][30.270s] GC(38) Archive regions: 0->0
[2022-04-04T14:44:24.858+0800][30.271s] GC(38) Humongous regions: 13->13
[2022-04-04T14:44:24.858+0800][30.271s] GC(38) Metaspace: 51234K(51920K)->51234K(51920K) NonClass: 45343K(45824K)->45343K(45824K) Class: 5890K(6096K)->5890K(6096K)
[2022-04-04T14:44:24.858+0800][30.271s] GC(38) Pause Young (Normal) (G1 Evacuation Pause) 369M->78M(512M) 3.506ms
[2022-04-04T14:44:24.858+0800][30.271s] GC(38) User=0.05s Sys=0.02s Real=0.00s
[2022-04-04T14:44:27.117+0800][32.530s] GC(39) Pause Young (Normal) (G1 Evacuation Pause)
[2022-04-04T14:44:27.117+0800][32.530s] GC(39) Using 8 workers of 8 for evacuation
[2022-04-04T14:44:27.120+0800][32.533s] GC(39)   Pre Evacuate Collection Set: 0.1ms
[2022-04-04T14:44:27.121+0800][32.533s] GC(39)   Merge Heap Roots: 0.1ms
[2022-04-04T14:44:27.121+0800][32.533s] GC(39)   Evacuate Collection Set: 1.9ms
[2022-04-04T14:44:27.121+0800][32.533s] GC(39)   Post Evacuate Collection Set: 0.7ms
[2022-04-04T14:44:27.121+0800][32.534s] GC(39)   Other: 0.2ms
[2022-04-04T14:44:27.121+0800][32.534s] GC(39) Eden regions: 291->0(293)
[2022-04-04T14:44:27.121+0800][32.534s] GC(39) Survivor regions: 16->14(39)
[2022-04-04T14:44:27.121+0800][32.534s] GC(39) Old regions: 50->51
[2022-04-04T14:44:27.121+0800][32.534s] GC(39) Archive regions: 0->0
[2022-04-04T14:44:27.121+0800][32.534s] GC(39) Humongous regions: 13->13
[2022-04-04T14:44:27.121+0800][32.534s] GC(39) Metaspace: 51273K(51920K)->51273K(51920K) NonClass: 45383K(45824K)->45383K(45824K) Class: 5890K(6096K)->5890K(6096K)
[2022-04-04T14:44:27.121+0800][32.534s] GC(39) Pause Young (Normal) (G1 Evacuation Pause) 369M->77M(512M) 3.321ms
[2022-04-04T14:44:27.121+0800][32.534s] GC(39) User=0.08s Sys=0.00s Real=0.00s
[2022-04-04T14:44:28.680+0800][34.093s] GC(40) Pause Young (Normal) (G1 Evacuation Pause)
[2022-04-04T14:44:28.680+0800][34.093s] GC(40) Using 8 workers of 8 for evacuation
[2022-04-04T14:44:28.684+0800][34.097s] GC(40)   Pre Evacuate Collection Set: 0.2ms
[2022-04-04T14:44:28.684+0800][34.097s] GC(40)   Merge Heap Roots: 0.2ms
[2022-04-04T14:44:28.684+0800][34.097s] GC(40)   Evacuate Collection Set: 2.6ms
[2022-04-04T14:44:28.684+0800][34.097s] GC(40)   Post Evacuate Collection Set: 0.8ms
[2022-04-04T14:44:28.684+0800][34.097s] GC(40)   Other: 0.2ms
[2022-04-04T14:44:28.684+0800][34.097s] GC(40) Eden regions: 293->0(293)
[2022-04-04T14:44:28.684+0800][34.097s] GC(40) Survivor regions: 14->14(39)
[2022-04-04T14:44:28.684+0800][34.097s] GC(40) Old regions: 51->52
[2022-04-04T14:44:28.684+0800][34.097s] GC(40) Archive regions: 0->0
[2022-04-04T14:44:28.684+0800][34.097s] GC(40) Humongous regions: 13->13
[2022-04-04T14:44:28.684+0800][34.097s] GC(40) Metaspace: 51287K(51920K)->51287K(51920K) NonClass: 45396K(45824K)->45396K(45824K) Class: 5890K(6096K)->5890K(6096K)
[2022-04-04T14:44:28.684+0800][34.097s] GC(40) Pause Young (Normal) (G1 Evacuation Pause) 370M->77M(512M) 4.400ms
[2022-04-04T14:44:28.684+0800][34.097s] GC(40) User=0.09s Sys=0.02s Real=0.00s
[2022-04-04T14:44:30.059+0800][35.472s] GC(41) Pause Young (Normal) (G1 Evacuation Pause)
[2022-04-04T14:44:30.059+0800][35.472s] GC(41) Using 8 workers of 8 for evacuation
[2022-04-04T14:44:30.062+0800][35.475s] GC(41)   Pre Evacuate Collection Set: 0.1ms
[2022-04-04T14:44:30.062+0800][35.475s] GC(41)   Merge Heap Roots: 0.1ms
[2022-04-04T14:44:30.062+0800][35.475s] GC(41)   Evacuate Collection Set: 1.8ms
[2022-04-04T14:44:30.062+0800][35.475s] GC(41)   Post Evacuate Collection Set: 0.7ms
[2022-04-04T14:44:30.062+0800][35.475s] GC(41)   Other: 0.3ms
[2022-04-04T14:44:30.063+0800][35.475s] GC(41) Eden regions: 293->0(294)
[2022-04-04T14:44:30.063+0800][35.476s] GC(41) Survivor regions: 14->13(39)
[2022-04-04T14:44:30.063+0800][35.476s] GC(41) Old regions: 52->52
[2022-04-04T14:44:30.063+0800][35.476s] GC(41) Archive regions: 0->0
[2022-04-04T14:44:30.063+0800][35.476s] GC(41) Humongous regions: 13->13
[2022-04-04T14:44:30.063+0800][35.476s] GC(41) Metaspace: 51289K(51920K)->51289K(51920K) NonClass: 45399K(45824K)->45399K(45824K) Class: 5890K(6096K)->5890K(6096K)
[2022-04-04T14:44:30.063+0800][35.476s] GC(41) Pause Young (Normal) (G1 Evacuation Pause) 370M->77M(512M) 3.750ms
[2022-04-04T14:44:30.063+0800][35.476s] GC(41) User=0.00s Sys=0.00s Real=0.00s
[2022-04-04T14:44:30.393+0800][35.806s] GC(42) Pause Young (Normal) (G1 Evacuation Pause)
[2022-04-04T14:44:30.393+0800][35.806s] GC(42) Using 8 workers of 8 for evacuation
[2022-04-04T14:44:30.397+0800][35.810s] GC(42)   Pre Evacuate Collection Set: 0.1ms
[2022-04-04T14:44:30.397+0800][35.810s] GC(42)   Merge Heap Roots: 0.1ms
[2022-04-04T14:44:30.397+0800][35.810s] GC(42)   Evacuate Collection Set: 1.9ms
[2022-04-04T14:44:30.397+0800][35.810s] GC(42)   Post Evacuate Collection Set: 0.7ms
[2022-04-04T14:44:30.397+0800][35.810s] GC(42)   Other: 0.4ms
[2022-04-04T14:44:30.397+0800][35.810s] GC(42) Eden regions: 294->0(293)
[2022-04-04T14:44:30.397+0800][35.810s] GC(42) Survivor regions: 13->14(39)
[2022-04-04T14:44:30.397+0800][35.810s] GC(42) Old regions: 52->53
[2022-04-04T14:44:30.397+0800][35.810s] GC(42) Archive regions: 0->0
[2022-04-04T14:44:30.397+0800][35.810s] GC(42) Humongous regions: 13->13
[2022-04-04T14:44:30.397+0800][35.810s] GC(42) Metaspace: 51291K(51920K)->51291K(51920K) NonClass: 45400K(45824K)->45400K(45824K) Class: 5890K(6096K)->5890K(6096K)
[2022-04-04T14:44:30.397+0800][35.810s] GC(42) Pause Young (Normal) (G1 Evacuation Pause) 371M->79M(512M) 3.882ms
[2022-04-04T14:44:30.397+0800][35.810s] GC(42) User=0.00s Sys=0.00s Real=0.00s
[2022-04-04T14:44:30.638+0800][36.051s] GC(43) Pause Young (Normal) (G1 Evacuation Pause)
[2022-04-04T14:44:30.638+0800][36.051s] GC(43) Using 8 workers of 8 for evacuation
[2022-04-04T14:44:30.641+0800][36.053s] GC(43)   Pre Evacuate Collection Set: 0.1ms
[2022-04-04T14:44:30.641+0800][36.054s] GC(43)   Merge Heap Roots: 0.1ms
[2022-04-04T14:44:30.641+0800][36.054s] GC(43)   Evacuate Collection Set: 1.9ms
[2022-04-04T14:44:30.641+0800][36.054s] GC(43)   Post Evacuate Collection Set: 0.6ms
[2022-04-04T14:44:30.641+0800][36.054s] GC(43)   Other: 0.2ms
[2022-04-04T14:44:30.641+0800][36.054s] GC(43) Eden regions: 293->0(293)
[2022-04-04T14:44:30.641+0800][36.054s] GC(43) Survivor regions: 14->14(39)
[2022-04-04T14:44:30.641+0800][36.054s] GC(43) Old regions: 53->53
[2022-04-04T14:44:30.641+0800][36.054s] GC(43) Archive regions: 0->0
[2022-04-04T14:44:30.641+0800][36.054s] GC(43) Humongous regions: 13->13
[2022-04-04T14:44:30.641+0800][36.054s] GC(43) Metaspace: 51291K(51920K)->51291K(51920K) NonClass: 45400K(45824K)->45400K(45824K) Class: 5890K(6096K)->5890K(6096K)
[2022-04-04T14:44:30.641+0800][36.054s] GC(43) Pause Young (Normal) (G1 Evacuation Pause) 372M->79M(512M) 3.610ms
[2022-04-04T14:44:30.641+0800][36.054s] GC(43) User=0.00s Sys=0.00s Real=0.00s
[2022-04-04T14:44:30.809+0800][36.222s] GC(44) Pause Young (Normal) (G1 Evacuation Pause)
[2022-04-04T14:44:30.809+0800][36.222s] GC(44) Using 8 workers of 8 for evacuation
[2022-04-04T14:44:30.812+0800][36.225s] GC(44)   Pre Evacuate Collection Set: 0.1ms
[2022-04-04T14:44:30.812+0800][36.225s] GC(44)   Merge Heap Roots: 0.1ms
[2022-04-04T14:44:30.812+0800][36.225s] GC(44)   Evacuate Collection Set: 2.4ms
[2022-04-04T14:44:30.812+0800][36.225s] GC(44)   Post Evacuate Collection Set: 0.7ms
[2022-04-04T14:44:30.812+0800][36.225s] GC(44)   Other: 0.2ms
[2022-04-04T14:44:30.812+0800][36.225s] GC(44) Eden regions: 293->0(292)
[2022-04-04T14:44:30.812+0800][36.225s] GC(44) Survivor regions: 14->15(39)
[2022-04-04T14:44:30.812+0800][36.225s] GC(44) Old regions: 53->54
[2022-04-04T14:44:30.812+0800][36.225s] GC(44) Archive regions: 0->0
[2022-04-04T14:44:30.812+0800][36.225s] GC(44) Humongous regions: 13->13
[2022-04-04T14:44:30.812+0800][36.225s] GC(44) Metaspace: 51291K(51920K)->51291K(51920K) NonClass: 45400K(45824K)->45400K(45824K) Class: 5890K(6096K)->5890K(6096K)
[2022-04-04T14:44:30.812+0800][36.225s] GC(44) Pause Young (Normal) (G1 Evacuation Pause) 372M->81M(512M) 3.816ms
[2022-04-04T14:44:30.813+0800][36.225s] GC(44) User=0.00s Sys=0.00s Real=0.00s
[2022-04-04T14:44:30.940+0800][36.353s] GC(45) Pause Young (Normal) (G1 Evacuation Pause)
[2022-04-04T14:44:30.940+0800][36.353s] GC(45) Using 8 workers of 8 for evacuation
[2022-04-04T14:44:30.944+0800][36.357s] GC(45)   Pre Evacuate Collection Set: 0.2ms
[2022-04-04T14:44:30.944+0800][36.357s] GC(45)   Merge Heap Roots: 0.2ms
[2022-04-04T14:44:30.944+0800][36.357s] GC(45)   Evacuate Collection Set: 2.3ms
[2022-04-04T14:44:30.944+0800][36.357s] GC(45)   Post Evacuate Collection Set: 0.8ms
[2022-04-04T14:44:30.944+0800][36.357s] GC(45)   Other: 0.1ms
[2022-04-04T14:44:30.944+0800][36.357s] GC(45) Eden regions: 292->0(292)
[2022-04-04T14:44:30.944+0800][36.357s] GC(45) Survivor regions: 15->15(39)
[2022-04-04T14:44:30.944+0800][36.357s] GC(45) Old regions: 54->55
[2022-04-04T14:44:30.944+0800][36.357s] GC(45) Archive regions: 0->0
[2022-04-04T14:44:30.944+0800][36.357s] GC(45) Humongous regions: 14->14
[2022-04-04T14:44:30.944+0800][36.357s] GC(45) Metaspace: 51291K(51920K)->51291K(51920K) NonClass: 45400K(45824K)->45400K(45824K) Class: 5890K(6096K)->5890K(6096K)
[2022-04-04T14:44:30.944+0800][36.357s] GC(45) Pause Young (Normal) (G1 Evacuation Pause) 374M->83M(512M) 3.758ms
[2022-04-04T14:44:30.944+0800][36.357s] GC(45) User=0.00s Sys=0.00s Real=0.00s
[2022-04-04T14:44:31.076+0800][36.489s] GC(46) Pause Young (Normal) (G1 Evacuation Pause)
[2022-04-04T14:44:31.076+0800][36.489s] GC(46) Using 8 workers of 8 for evacuation
[2022-04-04T14:44:31.079+0800][36.492s] GC(46)   Pre Evacuate Collection Set: 0.1ms
[2022-04-04T14:44:31.079+0800][36.492s] GC(46)   Merge Heap Roots: 0.1ms
[2022-04-04T14:44:31.079+0800][36.492s] GC(46)   Evacuate Collection Set: 2.2ms
[2022-04-04T14:44:31.079+0800][36.492s] GC(46)   Post Evacuate Collection Set: 0.7ms
[2022-04-04T14:44:31.079+0800][36.492s] GC(46)   Other: 0.4ms
[2022-04-04T14:44:31.079+0800][36.492s] GC(46) Eden regions: 292->0(290)
[2022-04-04T14:44:31.079+0800][36.492s] GC(46) Survivor regions: 15->17(39)
[2022-04-04T14:44:31.079+0800][36.492s] GC(46) Old regions: 55->55
[2022-04-04T14:44:31.079+0800][36.492s] GC(46) Archive regions: 0->0
[2022-04-04T14:44:31.079+0800][36.492s] GC(46) Humongous regions: 14->14
[2022-04-04T14:44:31.079+0800][36.492s] GC(46) Metaspace: 51291K(51920K)->51291K(51920K) NonClass: 45400K(45824K)->45400K(45824K) Class: 5890K(6096K)->5890K(6096K)
[2022-04-04T14:44:31.080+0800][36.492s] GC(46) Pause Young (Normal) (G1 Evacuation Pause) 375M->85M(512M) 3.829ms
[2022-04-04T14:44:31.080+0800][36.492s] GC(46) User=0.00s Sys=0.00s Real=0.00s
[2022-04-04T14:44:31.210+0800][36.623s] GC(47) Pause Young (Normal) (G1 Evacuation Pause)
[2022-04-04T14:44:31.210+0800][36.623s] GC(47) Using 8 workers of 8 for evacuation
[2022-04-04T14:44:31.213+0800][36.626s] GC(47)   Pre Evacuate Collection Set: 0.1ms
[2022-04-04T14:44:31.213+0800][36.626s] GC(47)   Merge Heap Roots: 0.1ms
[2022-04-04T14:44:31.213+0800][36.626s] GC(47)   Evacuate Collection Set: 2.4ms
[2022-04-04T14:44:31.213+0800][36.626s] GC(47)   Post Evacuate Collection Set: 0.7ms
[2022-04-04T14:44:31.213+0800][36.626s] GC(47)   Other: 0.2ms
[2022-04-04T14:44:31.213+0800][36.626s] GC(47) Eden regions: 290->0(290)
[2022-04-04T14:44:31.213+0800][36.626s] GC(47) Survivor regions: 17->17(39)
[2022-04-04T14:44:31.213+0800][36.626s] GC(47) Old regions: 55->56
[2022-04-04T14:44:31.213+0800][36.626s] GC(47) Archive regions: 0->0
[2022-04-04T14:44:31.213+0800][36.626s] GC(47) Humongous regions: 14->14
[2022-04-04T14:44:31.213+0800][36.626s] GC(47) Metaspace: 51291K(51920K)->51291K(51920K) NonClass: 45400K(45824K)->45400K(45824K) Class: 5890K(6096K)->5890K(6096K)
[2022-04-04T14:44:31.213+0800][36.626s] GC(47) Pause Young (Normal) (G1 Evacuation Pause) 375M->86M(512M) 3.819ms
[2022-04-04T14:44:31.213+0800][36.626s] GC(47) User=0.00s Sys=0.00s Real=0.00s
[2022-04-04T14:44:31.339+0800][36.752s] GC(48) Pause Young (Normal) (G1 Evacuation Pause)
[2022-04-04T14:44:31.339+0800][36.752s] GC(48) Using 8 workers of 8 for evacuation
[2022-04-04T14:44:31.342+0800][36.755s] GC(48)   Pre Evacuate Collection Set: 0.1ms
[2022-04-04T14:44:31.342+0800][36.755s] GC(48)   Merge Heap Roots: 0.1ms
[2022-04-04T14:44:31.342+0800][36.755s] GC(48)   Evacuate Collection Set: 2.2ms
[2022-04-04T14:44:31.342+0800][36.755s] GC(48)   Post Evacuate Collection Set: 0.8ms
[2022-04-04T14:44:31.342+0800][36.755s] GC(48)   Other: 0.2ms
[2022-04-04T14:44:31.342+0800][36.755s] GC(48) Eden regions: 290->0(290)
[2022-04-04T14:44:31.342+0800][36.755s] GC(48) Survivor regions: 17->17(39)
[2022-04-04T14:44:31.342+0800][36.755s] GC(48) Old regions: 56->57
[2022-04-04T14:44:31.342+0800][36.755s] GC(48) Archive regions: 0->0
[2022-04-04T14:44:31.342+0800][36.755s] GC(48) Humongous regions: 14->14
[2022-04-04T14:44:31.342+0800][36.755s] GC(48) Metaspace: 51291K(51920K)->51291K(51920K) NonClass: 45400K(45824K)->45400K(45824K) Class: 5890K(6096K)->5890K(6096K)
[2022-04-04T14:44:31.342+0800][36.755s] GC(48) Pause Young (Normal) (G1 Evacuation Pause) 376M->86M(512M) 3.724ms
[2022-04-04T14:44:31.342+0800][36.755s] GC(48) User=0.00s Sys=0.00s Real=0.00s
[2022-04-04T14:44:31.468+0800][36.880s] GC(49) Pause Young (Normal) (G1 Evacuation Pause)
[2022-04-04T14:44:31.468+0800][36.880s] GC(49) Using 8 workers of 8 for evacuation
[2022-04-04T14:44:31.471+0800][36.884s] GC(49)   Pre Evacuate Collection Set: 0.2ms
[2022-04-04T14:44:31.471+0800][36.884s] GC(49)   Merge Heap Roots: 0.1ms
[2022-04-04T14:44:31.471+0800][36.884s] GC(49)   Evacuate Collection Set: 2.5ms
[2022-04-04T14:44:31.471+0800][36.884s] GC(49)   Post Evacuate Collection Set: 0.8ms
[2022-04-04T14:44:31.471+0800][36.884s] GC(49)   Other: 0.3ms
[2022-04-04T14:44:31.471+0800][36.884s] GC(49) Eden regions: 290->0(289)
[2022-04-04T14:44:31.471+0800][36.884s] GC(49) Survivor regions: 17->18(39)
[2022-04-04T14:44:31.471+0800][36.884s] GC(49) Old regions: 57->57
[2022-04-04T14:44:31.472+0800][36.884s] GC(49) Archive regions: 0->0
[2022-04-04T14:44:31.472+0800][36.884s] GC(49) Humongous regions: 14->14
[2022-04-04T14:44:31.472+0800][36.885s] GC(49) Metaspace: 51291K(51920K)->51291K(51920K) NonClass: 45400K(45824K)->45400K(45824K) Class: 5890K(6096K)->5890K(6096K)
[2022-04-04T14:44:31.472+0800][36.885s] GC(49) Pause Young (Normal) (G1 Evacuation Pause) 376M->88M(512M) 4.091ms
[2022-04-04T14:44:31.472+0800][36.885s] GC(49) User=0.00s Sys=0.00s Real=0.00s
[2022-04-04T14:44:31.605+0800][37.018s] GC(50) Pause Young (Normal) (G1 Evacuation Pause)
[2022-04-04T14:44:31.605+0800][37.018s] GC(50) Using 8 workers of 8 for evacuation
[2022-04-04T14:44:31.608+0800][37.021s] GC(50)   Pre Evacuate Collection Set: 0.1ms
[2022-04-04T14:44:31.608+0800][37.021s] GC(50)   Merge Heap Roots: 0.1ms
[2022-04-04T14:44:31.608+0800][37.021s] GC(50)   Evacuate Collection Set: 2.3ms
[2022-04-04T14:44:31.608+0800][37.021s] GC(50)   Post Evacuate Collection Set: 0.8ms
[2022-04-04T14:44:31.608+0800][37.021s] GC(50)   Other: 0.2ms
[2022-04-04T14:44:31.608+0800][37.021s] GC(50) Eden regions: 289->0(289)
[2022-04-04T14:44:31.608+0800][37.021s] GC(50) Survivor regions: 18->18(39)
[2022-04-04T14:44:31.608+0800][37.021s] GC(50) Old regions: 57->58
[2022-04-04T14:44:31.608+0800][37.021s] GC(50) Archive regions: 0->0
[2022-04-04T14:44:31.608+0800][37.021s] GC(50) Humongous regions: 17->16
[2022-04-04T14:44:31.608+0800][37.021s] GC(50) Metaspace: 51291K(51920K)->51291K(51920K) NonClass: 45400K(45824K)->45400K(45824K) Class: 5890K(6096K)->5890K(6096K)
[2022-04-04T14:44:31.608+0800][37.021s] GC(50) Pause Young (Normal) (G1 Evacuation Pause) 380M->90M(512M) 3.877ms
[2022-04-04T14:44:31.609+0800][37.021s] GC(50) User=0.00s Sys=0.00s Real=0.00s
[2022-04-04T14:44:31.737+0800][37.150s] GC(51) Pause Young (Normal) (G1 Evacuation Pause)
[2022-04-04T14:44:31.737+0800][37.150s] GC(51) Using 8 workers of 8 for evacuation
[2022-04-04T14:44:31.740+0800][37.153s] GC(51)   Pre Evacuate Collection Set: 0.1ms
[2022-04-04T14:44:31.741+0800][37.153s] GC(51)   Merge Heap Roots: 0.1ms
[2022-04-04T14:44:31.741+0800][37.153s] GC(51)   Evacuate Collection Set: 2.4ms
[2022-04-04T14:44:31.741+0800][37.154s] GC(51)   Post Evacuate Collection Set: 0.6ms
[2022-04-04T14:44:31.741+0800][37.154s] GC(51)   Other: 0.3ms
[2022-04-04T14:44:31.741+0800][37.154s] GC(51) Eden regions: 289->0(289)
[2022-04-04T14:44:31.741+0800][37.154s] GC(51) Survivor regions: 18->18(39)
[2022-04-04T14:44:31.741+0800][37.154s] GC(51) Old regions: 58->58
[2022-04-04T14:44:31.741+0800][37.154s] GC(51) Archive regions: 0->0
[2022-04-04T14:44:31.741+0800][37.154s] GC(51) Humongous regions: 16->16
[2022-04-04T14:44:31.741+0800][37.154s] GC(51) Metaspace: 51291K(51920K)->51291K(51920K) NonClass: 45400K(45824K)->45400K(45824K) Class: 5890K(6096K)->5890K(6096K)
[2022-04-04T14:44:31.741+0800][37.154s] GC(51) Pause Young (Normal) (G1 Evacuation Pause) 379M->91M(512M) 3.893ms
[2022-04-04T14:44:31.741+0800][37.154s] GC(51) User=0.00s Sys=0.00s Real=0.00s
[2022-04-04T14:44:31.861+0800][37.274s] GC(52) Pause Young (Normal) (G1 Evacuation Pause)
[2022-04-04T14:44:31.861+0800][37.274s] GC(52) Using 8 workers of 8 for evacuation
[2022-04-04T14:44:31.865+0800][37.278s] GC(52)   Pre Evacuate Collection Set: 0.2ms
[2022-04-04T14:44:31.865+0800][37.278s] GC(52)   Merge Heap Roots: 0.1ms
[2022-04-04T14:44:31.865+0800][37.278s] GC(52)   Evacuate Collection Set: 2.5ms
[2022-04-04T14:44:31.865+0800][37.278s] GC(52)   Post Evacuate Collection Set: 0.7ms
[2022-04-04T14:44:31.865+0800][37.278s] GC(52)   Other: 0.2ms
[2022-04-04T14:44:31.865+0800][37.278s] GC(52) Eden regions: 289->0(288)
[2022-04-04T14:44:31.865+0800][37.278s] GC(52) Survivor regions: 18->19(39)
[2022-04-04T14:44:31.865+0800][37.278s] GC(52) Old regions: 58->59
[2022-04-04T14:44:31.865+0800][37.278s] GC(52) Archive regions: 0->0
[2022-04-04T14:44:31.865+0800][37.278s] GC(52) Humongous regions: 16->16
[2022-04-04T14:44:31.865+0800][37.278s] GC(52) Metaspace: 51291K(51920K)->51291K(51920K) NonClass: 45400K(45824K)->45400K(45824K) Class: 5890K(6096K)->5890K(6096K)
[2022-04-04T14:44:31.865+0800][37.278s] GC(52) Pause Young (Normal) (G1 Evacuation Pause) 380M->92M(512M) 4.005ms
[2022-04-04T14:44:31.865+0800][37.278s] GC(52) User=0.00s Sys=0.00s Real=0.00s
[2022-04-04T14:44:31.993+0800][37.406s] GC(53) Pause Young (Normal) (G1 Evacuation Pause)
[2022-04-04T14:44:31.994+0800][37.406s] GC(53) Using 8 workers of 8 for evacuation
[2022-04-04T14:44:31.997+0800][37.410s] GC(53)   Pre Evacuate Collection Set: 0.1ms
[2022-04-04T14:44:31.997+0800][37.410s] GC(53)   Merge Heap Roots: 0.1ms
[2022-04-04T14:44:31.997+0800][37.410s] GC(53)   Evacuate Collection Set: 2.3ms
[2022-04-04T14:44:31.997+0800][37.410s] GC(53)   Post Evacuate Collection Set: 0.8ms
[2022-04-04T14:44:31.997+0800][37.410s] GC(53)   Other: 0.2ms
[2022-04-04T14:44:31.997+0800][37.410s] GC(53) Eden regions: 288->0(293)
[2022-04-04T14:44:31.997+0800][37.410s] GC(53) Survivor regions: 19->14(39)
[2022-04-04T14:44:31.997+0800][37.410s] GC(53) Old regions: 59->65
[2022-04-04T14:44:31.997+0800][37.410s] GC(53) Archive regions: 0->0
[2022-04-04T14:44:31.997+0800][37.410s] GC(53) Humongous regions: 16->16
[2022-04-04T14:44:31.997+0800][37.410s] GC(53) Metaspace: 51291K(51920K)->51291K(51920K) NonClass: 45400K(45824K)->45400K(45824K) Class: 5890K(6096K)->5890K(6096K)
[2022-04-04T14:44:31.997+0800][37.410s] GC(53) Pause Young (Normal) (G1 Evacuation Pause) 380M->93M(512M) 3.808ms
[2022-04-04T14:44:31.997+0800][37.410s] GC(53) User=0.12s Sys=0.00s Real=0.00s
[2022-04-04T14:44:32.107+0800][37.520s] GC(54) Pause Young (Normal) (G1 Evacuation Pause)
[2022-04-04T14:44:32.107+0800][37.520s] GC(54) Using 8 workers of 8 for evacuation
[2022-04-04T14:44:32.110+0800][37.523s] GC(54)   Pre Evacuate Collection Set: 0.1ms
[2022-04-04T14:44:32.110+0800][37.523s] GC(54)   Merge Heap Roots: 0.2ms
[2022-04-04T14:44:32.110+0800][37.523s] GC(54)   Evacuate Collection Set: 2.1ms
[2022-04-04T14:44:32.110+0800][37.523s] GC(54)   Post Evacuate Collection Set: 0.7ms
[2022-04-04T14:44:32.110+0800][37.523s] GC(54)   Other: 0.2ms
[2022-04-04T14:44:32.110+0800][37.523s] GC(54) Eden regions: 293->0(293)
[2022-04-04T14:44:32.110+0800][37.523s] GC(54) Survivor regions: 14->14(39)
[2022-04-04T14:44:32.110+0800][37.523s] GC(54) Old regions: 65->65
[2022-04-04T14:44:32.110+0800][37.523s] GC(54) Archive regions: 0->0
[2022-04-04T14:44:32.110+0800][37.523s] GC(54) Humongous regions: 16->16
[2022-04-04T14:44:32.110+0800][37.523s] GC(54) Metaspace: 51291K(51920K)->51291K(51920K) NonClass: 45400K(45824K)->45400K(45824K) Class: 5890K(6096K)->5890K(6096K)
[2022-04-04T14:44:32.111+0800][37.523s] GC(54) Pause Young (Normal) (G1 Evacuation Pause) 386M->94M(512M) 3.535ms
[2022-04-04T14:44:32.111+0800][37.524s] GC(54) User=0.00s Sys=0.00s Real=0.00s
[2022-04-04T14:44:32.238+0800][37.651s] GC(55) Pause Young (Normal) (G1 Evacuation Pause)
[2022-04-04T14:44:32.238+0800][37.651s] GC(55) Using 8 workers of 8 for evacuation
[2022-04-04T14:44:32.241+0800][37.654s] GC(55)   Pre Evacuate Collection Set: 0.1ms
[2022-04-04T14:44:32.241+0800][37.654s] GC(55)   Merge Heap Roots: 0.1ms
[2022-04-04T14:44:32.241+0800][37.654s] GC(55)   Evacuate Collection Set: 2.1ms
[2022-04-04T14:44:32.241+0800][37.654s] GC(55)   Post Evacuate Collection Set: 0.8ms
[2022-04-04T14:44:32.241+0800][37.654s] GC(55)   Other: 0.2ms
[2022-04-04T14:44:32.241+0800][37.654s] GC(55) Eden regions: 293->0(291)
[2022-04-04T14:44:32.241+0800][37.654s] GC(55) Survivor regions: 14->16(39)
[2022-04-04T14:44:32.241+0800][37.654s] GC(55) Old regions: 65->65
[2022-04-04T14:44:32.241+0800][37.654s] GC(55) Archive regions: 0->0
[2022-04-04T14:44:32.241+0800][37.654s] GC(55) Humongous regions: 16->16
[2022-04-04T14:44:32.241+0800][37.654s] GC(55) Metaspace: 51291K(51920K)->51291K(51920K) NonClass: 45400K(45824K)->45400K(45824K) Class: 5890K(6096K)->5890K(6096K)
[2022-04-04T14:44:32.241+0800][37.654s] GC(55) Pause Young (Normal) (G1 Evacuation Pause) 387M->96M(512M) 3.631ms
[2022-04-04T14:44:32.241+0800][37.654s] GC(55) User=0.00s Sys=0.00s Real=0.00s
[2022-04-04T14:44:32.803+0800][38.216s] GC(56) Pause Young (Normal) (G1 Evacuation Pause)
[2022-04-04T14:44:32.803+0800][38.216s] GC(56) Using 8 workers of 8 for evacuation
[2022-04-04T14:44:32.807+0800][38.219s] GC(56)   Pre Evacuate Collection Set: 0.1ms
[2022-04-04T14:44:32.807+0800][38.220s] GC(56)   Merge Heap Roots: 0.1ms
[2022-04-04T14:44:32.807+0800][38.220s] GC(56)   Evacuate Collection Set: 2.4ms
[2022-04-04T14:44:32.807+0800][38.220s] GC(56)   Post Evacuate Collection Set: 0.7ms
[2022-04-04T14:44:32.807+0800][38.220s] GC(56)   Other: 0.2ms
[2022-04-04T14:44:32.807+0800][38.220s] GC(56) Eden regions: 291->0(291)
[2022-04-04T14:44:32.807+0800][38.220s] GC(56) Survivor regions: 16->16(39)
[2022-04-04T14:44:32.807+0800][38.220s] GC(56) Old regions: 65->65
[2022-04-04T14:44:32.807+0800][38.220s] GC(56) Archive regions: 0->0
[2022-04-04T14:44:32.807+0800][38.220s] GC(56) Humongous regions: 16->16
[2022-04-04T14:44:32.807+0800][38.220s] GC(56) Metaspace: 51381K(51920K)->51381K(51920K) NonClass: 45485K(45824K)->45485K(45824K) Class: 5896K(6096K)->5896K(6096K)
[2022-04-04T14:44:32.807+0800][38.220s] GC(56) Pause Young (Normal) (G1 Evacuation Pause) 387M->96M(512M) 3.816ms
[2022-04-04T14:44:32.807+0800][38.220s] GC(56) User=0.00s Sys=0.00s Real=0.00s
[2022-04-04T14:44:34.386+0800][39.799s] GC(57) Pause Young (Normal) (G1 Evacuation Pause)
[2022-04-04T14:44:34.386+0800][39.799s] GC(57) Using 8 workers of 8 for evacuation
[2022-04-04T14:44:34.390+0800][39.803s] GC(57)   Pre Evacuate Collection Set: 0.2ms
[2022-04-04T14:44:34.390+0800][39.803s] GC(57)   Merge Heap Roots: 0.2ms
[2022-04-04T14:44:34.390+0800][39.803s] GC(57)   Evacuate Collection Set: 2.6ms
[2022-04-04T14:44:34.390+0800][39.803s] GC(57)   Post Evacuate Collection Set: 0.7ms
[2022-04-04T14:44:34.390+0800][39.803s] GC(57)   Other: 0.2ms
[2022-04-04T14:44:34.390+0800][39.803s] GC(57) Eden regions: 291->0(293)
[2022-04-04T14:44:34.390+0800][39.803s] GC(57) Survivor regions: 16->14(39)
[2022-04-04T14:44:34.390+0800][39.803s] GC(57) Old regions: 65->66
[2022-04-04T14:44:34.390+0800][39.803s] GC(57) Archive regions: 0->0
[2022-04-04T14:44:34.390+0800][39.803s] GC(57) Humongous regions: 16->16
[2022-04-04T14:44:34.390+0800][39.803s] GC(57) Metaspace: 51381K(51920K)->51381K(51920K) NonClass: 45485K(45824K)->45485K(45824K) Class: 5896K(6096K)->5896K(6096K)
[2022-04-04T14:44:34.390+0800][39.803s] GC(57) Pause Young (Normal) (G1 Evacuation Pause) 387M->95M(512M) 4.246ms
[2022-04-04T14:44:34.390+0800][39.803s] GC(57) User=0.00s Sys=0.00s Real=0.00s
[2022-04-04T14:44:35.917+0800][41.330s] GC(58) Pause Young (Normal) (G1 Evacuation Pause)
[2022-04-04T14:44:35.917+0800][41.330s] GC(58) Using 8 workers of 8 for evacuation
[2022-04-04T14:44:35.920+0800][41.333s] GC(58)   Pre Evacuate Collection Set: 0.1ms
[2022-04-04T14:44:35.920+0800][41.333s] GC(58)   Merge Heap Roots: 0.1ms
[2022-04-04T14:44:35.920+0800][41.333s] GC(58)   Evacuate Collection Set: 1.9ms
[2022-04-04T14:44:35.920+0800][41.333s] GC(58)   Post Evacuate Collection Set: 0.7ms
[2022-04-04T14:44:35.920+0800][41.333s] GC(58)   Other: 0.2ms
[2022-04-04T14:44:35.920+0800][41.333s] GC(58) Eden regions: 293->0(293)
[2022-04-04T14:44:35.920+0800][41.333s] GC(58) Survivor regions: 14->14(39)
[2022-04-04T14:44:35.920+0800][41.333s] GC(58) Old regions: 66->67
[2022-04-04T14:44:35.920+0800][41.333s] GC(58) Archive regions: 0->0
[2022-04-04T14:44:35.920+0800][41.333s] GC(58) Humongous regions: 16->16
[2022-04-04T14:44:35.921+0800][41.333s] GC(58) Metaspace: 51383K(51920K)->51383K(51920K) NonClass: 45486K(45824K)->45486K(45824K) Class: 5896K(6096K)->5896K(6096K)
[2022-04-04T14:44:35.921+0800][41.333s] GC(58) Pause Young (Normal) (G1 Evacuation Pause) 388M->95M(512M) 3.312ms
[2022-04-04T14:44:35.921+0800][41.334s] GC(58) User=0.00s Sys=0.00s Real=0.00s
[2022-04-04T14:44:36.895+0800][42.308s] GC(59) Pause Young (Normal) (G1 Evacuation Pause)
[2022-04-04T14:44:36.895+0800][42.308s] GC(59) Using 8 workers of 8 for evacuation
[2022-04-04T14:44:36.898+0800][42.311s] GC(59)   Pre Evacuate Collection Set: 0.1ms
[2022-04-04T14:44:36.898+0800][42.311s] GC(59)   Merge Heap Roots: 0.1ms
[2022-04-04T14:44:36.898+0800][42.311s] GC(59)   Evacuate Collection Set: 2.0ms
[2022-04-04T14:44:36.898+0800][42.311s] GC(59)   Post Evacuate Collection Set: 0.6ms
[2022-04-04T14:44:36.898+0800][42.311s] GC(59)   Other: 0.2ms
[2022-04-04T14:44:36.898+0800][42.311s] GC(59) Eden regions: 293->0(293)
[2022-04-04T14:44:36.898+0800][42.311s] GC(59) Survivor regions: 14->14(39)
[2022-04-04T14:44:36.898+0800][42.311s] GC(59) Old regions: 67->67
[2022-04-04T14:44:36.898+0800][42.311s] GC(59) Archive regions: 0->0
[2022-04-04T14:44:36.898+0800][42.311s] GC(59) Humongous regions: 16->16
[2022-04-04T14:44:36.898+0800][42.311s] GC(59) Metaspace: 51405K(51920K)->51405K(51920K) NonClass: 45508K(45824K)->45508K(45824K) Class: 5896K(6096K)->5896K(6096K)
[2022-04-04T14:44:36.898+0800][42.311s] GC(59) Pause Young (Normal) (G1 Evacuation Pause) 388M->95M(512M) 3.400ms
[2022-04-04T14:44:36.898+0800][42.311s] GC(59) User=0.00s Sys=0.00s Real=0.00s
[2022-04-04T14:44:37.077+0800][42.490s] GC(60) Pause Young (Normal) (G1 Evacuation Pause)
[2022-04-04T14:44:37.077+0800][42.490s] GC(60) Using 8 workers of 8 for evacuation
[2022-04-04T14:44:37.080+0800][42.493s] GC(60)   Pre Evacuate Collection Set: 0.1ms
[2022-04-04T14:44:37.081+0800][42.494s] GC(60)   Merge Heap Roots: 0.1ms
[2022-04-04T14:44:37.081+0800][42.494s] GC(60)   Evacuate Collection Set: 2.2ms
[2022-04-04T14:44:37.081+0800][42.494s] GC(60)   Post Evacuate Collection Set: 1.1ms
[2022-04-04T14:44:37.081+0800][42.494s] GC(60)   Other: 0.3ms
[2022-04-04T14:44:37.081+0800][42.494s] GC(60) Eden regions: 293->0(293)
[2022-04-04T14:44:37.081+0800][42.494s] GC(60) Survivor regions: 14->14(39)
[2022-04-04T14:44:37.081+0800][42.494s] GC(60) Old regions: 67->68
[2022-04-04T14:44:37.081+0800][42.494s] GC(60) Archive regions: 0->0
[2022-04-04T14:44:37.081+0800][42.494s] GC(60) Humongous regions: 16->16
[2022-04-04T14:44:37.081+0800][42.494s] GC(60) Metaspace: 51405K(51920K)->51405K(51920K) NonClass: 45508K(45824K)->45508K(45824K) Class: 5896K(6096K)->5896K(6096K)
[2022-04-04T14:44:37.081+0800][42.494s] GC(60) Pause Young (Normal) (G1 Evacuation Pause) 388M->96M(512M) 4.470ms
[2022-04-04T14:44:37.081+0800][42.494s] GC(60) User=0.00s Sys=0.00s Real=0.00s
[2022-04-04T14:44:37.392+0800][42.805s] GC(61) Pause Young (Normal) (G1 Evacuation Pause)
[2022-04-04T14:44:37.392+0800][42.805s] GC(61) Using 8 workers of 8 for evacuation
[2022-04-04T14:44:37.395+0800][42.808s] GC(61)   Pre Evacuate Collection Set: 0.1ms
[2022-04-04T14:44:37.395+0800][42.808s] GC(61)   Merge Heap Roots: 0.1ms
[2022-04-04T14:44:37.395+0800][42.808s] GC(61)   Evacuate Collection Set: 2.0ms
[2022-04-04T14:44:37.395+0800][42.808s] GC(61)   Post Evacuate Collection Set: 0.9ms
[2022-04-04T14:44:37.395+0800][42.808s] GC(61)   Other: 0.3ms
[2022-04-04T14:44:37.395+0800][42.808s] GC(61) Eden regions: 293->0(293)
[2022-04-04T14:44:37.395+0800][42.808s] GC(61) Survivor regions: 14->14(39)
[2022-04-04T14:44:37.395+0800][42.808s] GC(61) Old regions: 68->68
[2022-04-04T14:44:37.396+0800][42.808s] GC(61) Archive regions: 0->0
[2022-04-04T14:44:37.396+0800][42.809s] GC(61) Humongous regions: 16->16
[2022-04-04T14:44:37.396+0800][42.809s] GC(61) Metaspace: 51405K(51920K)->51405K(51920K) NonClass: 45508K(45824K)->45508K(45824K) Class: 5896K(6096K)->5896K(6096K)
[2022-04-04T14:44:37.396+0800][42.809s] GC(61) Pause Young (Normal) (G1 Evacuation Pause) 389M->97M(512M) 4.095ms
[2022-04-04T14:44:37.396+0800][42.809s] GC(61) User=0.00s Sys=0.00s Real=0.00s
[2022-04-04T14:44:37.660+0800][43.073s] GC(62) Pause Young (Normal) (G1 Evacuation Pause)
[2022-04-04T14:44:37.660+0800][43.073s] GC(62) Using 8 workers of 8 for evacuation
[2022-04-04T14:44:37.663+0800][43.076s] GC(62)   Pre Evacuate Collection Set: 0.1ms
[2022-04-04T14:44:37.663+0800][43.076s] GC(62)   Merge Heap Roots: 0.1ms
[2022-04-04T14:44:37.663+0800][43.076s] GC(62)   Evacuate Collection Set: 2.1ms
[2022-04-04T14:44:37.663+0800][43.076s] GC(62)   Post Evacuate Collection Set: 0.5ms
[2022-04-04T14:44:37.663+0800][43.076s] GC(62)   Other: 0.2ms
[2022-04-04T14:44:37.663+0800][43.076s] GC(62) Eden regions: 293->0(291)
[2022-04-04T14:44:37.663+0800][43.076s] GC(62) Survivor regions: 14->16(39)
[2022-04-04T14:44:37.663+0800][43.076s] GC(62) Old regions: 68->69
[2022-04-04T14:44:37.663+0800][43.076s] GC(62) Archive regions: 0->0
[2022-04-04T14:44:37.663+0800][43.076s] GC(62) Humongous regions: 16->16
[2022-04-04T14:44:37.663+0800][43.076s] GC(62) Metaspace: 51406K(51920K)->51406K(51920K) NonClass: 45510K(45824K)->45510K(45824K) Class: 5896K(6096K)->5896K(6096K)
[2022-04-04T14:44:37.663+0800][43.076s] GC(62) Pause Young (Normal) (G1 Evacuation Pause) 390M->99M(512M) 3.281ms
[2022-04-04T14:44:37.663+0800][43.076s] GC(62) User=0.00s Sys=0.00s Real=0.00s
[2022-04-04T14:44:37.804+0800][43.217s] GC(63) Pause Young (Normal) (G1 Evacuation Pause)
[2022-04-04T14:44:37.804+0800][43.217s] GC(63) Using 8 workers of 8 for evacuation
[2022-04-04T14:44:37.807+0800][43.220s] GC(63)   Pre Evacuate Collection Set: 0.1ms
[2022-04-04T14:44:37.807+0800][43.220s] GC(63)   Merge Heap Roots: 0.1ms
[2022-04-04T14:44:37.807+0800][43.220s] GC(63)   Evacuate Collection Set: 2.1ms
[2022-04-04T14:44:37.807+0800][43.220s] GC(63)   Post Evacuate Collection Set: 0.6ms
[2022-04-04T14:44:37.807+0800][43.220s] GC(63)   Other: 0.2ms
[2022-04-04T14:44:37.807+0800][43.220s] GC(63) Eden regions: 291->0(292)
[2022-04-04T14:44:37.807+0800][43.220s] GC(63) Survivor regions: 16->15(39)
[2022-04-04T14:44:37.807+0800][43.220s] GC(63) Old regions: 69->70
[2022-04-04T14:44:37.807+0800][43.220s] GC(63) Archive regions: 0->0
[2022-04-04T14:44:37.807+0800][43.220s] GC(63) Humongous regions: 17->17
[2022-04-04T14:44:37.807+0800][43.220s] GC(63) Metaspace: 51406K(51920K)->51406K(51920K) NonClass: 45510K(45824K)->45510K(45824K) Class: 5896K(6096K)->5896K(6096K)
[2022-04-04T14:44:37.807+0800][43.220s] GC(63) Pause Young (Normal) (G1 Evacuation Pause) 391M->100M(512M) 3.331ms
[2022-04-04T14:44:37.807+0800][43.220s] GC(63) User=0.00s Sys=0.00s Real=0.00s
[2022-04-04T14:44:37.935+0800][43.348s] GC(64) Pause Young (Normal) (G1 Evacuation Pause)
[2022-04-04T14:44:37.935+0800][43.348s] GC(64) Using 8 workers of 8 for evacuation
[2022-04-04T14:44:37.938+0800][43.351s] GC(64)   Pre Evacuate Collection Set: 0.1ms
[2022-04-04T14:44:37.938+0800][43.351s] GC(64)   Merge Heap Roots: 0.1ms
[2022-04-04T14:44:37.938+0800][43.351s] GC(64)   Evacuate Collection Set: 2.2ms
[2022-04-04T14:44:37.939+0800][43.351s] GC(64)   Post Evacuate Collection Set: 0.6ms
[2022-04-04T14:44:37.939+0800][43.351s] GC(64)   Other: 0.2ms
[2022-04-04T14:44:37.939+0800][43.351s] GC(64) Eden regions: 292->0(290)
[2022-04-04T14:44:37.939+0800][43.352s] GC(64) Survivor regions: 15->17(39)
[2022-04-04T14:44:37.939+0800][43.352s] GC(64) Old regions: 70->70
[2022-04-04T14:44:37.939+0800][43.352s] GC(64) Archive regions: 0->0
[2022-04-04T14:44:37.939+0800][43.352s] GC(64) Humongous regions: 17->17
[2022-04-04T14:44:37.939+0800][43.352s] GC(64) Metaspace: 51406K(51920K)->51406K(51920K) NonClass: 45510K(45824K)->45510K(45824K) Class: 5896K(6096K)->5896K(6096K)
[2022-04-04T14:44:37.939+0800][43.352s] GC(64) Pause Young (Normal) (G1 Evacuation Pause) 392M->102M(512M) 3.455ms
[2022-04-04T14:44:37.939+0800][43.352s] GC(64) User=0.00s Sys=0.00s Real=0.00s
[2022-04-04T14:44:38.051+0800][43.463s] GC(65) Pause Young (Normal) (G1 Evacuation Pause)
[2022-04-04T14:44:38.051+0800][43.463s] GC(65) Using 8 workers of 8 for evacuation
[2022-04-04T14:44:38.054+0800][43.467s] GC(65)   Pre Evacuate Collection Set: 0.1ms
[2022-04-04T14:44:38.054+0800][43.467s] GC(65)   Merge Heap Roots: 0.1ms
[2022-04-04T14:44:38.054+0800][43.467s] GC(65)   Evacuate Collection Set: 2.3ms
[2022-04-04T14:44:38.054+0800][43.467s] GC(65)   Post Evacuate Collection Set: 0.6ms
[2022-04-04T14:44:38.054+0800][43.467s] GC(65)   Other: 0.2ms
[2022-04-04T14:44:38.054+0800][43.467s] GC(65) Eden regions: 290->0(290)
[2022-04-04T14:44:38.054+0800][43.467s] GC(65) Survivor regions: 17->17(39)
[2022-04-04T14:44:38.054+0800][43.467s] GC(65) Old regions: 70->71
[2022-04-04T14:44:38.054+0800][43.467s] GC(65) Archive regions: 0->0
[2022-04-04T14:44:38.054+0800][43.467s] GC(65) Humongous regions: 17->17
[2022-04-04T14:44:38.054+0800][43.467s] GC(65) Metaspace: 51406K(51920K)->51406K(51920K) NonClass: 45510K(45824K)->45510K(45824K) Class: 5896K(6096K)->5896K(6096K)
[2022-04-04T14:44:38.054+0800][43.467s] GC(65) Pause Young (Normal) (G1 Evacuation Pause) 392M->103M(512M) 3.485ms
[2022-04-04T14:44:38.054+0800][43.467s] GC(65) User=0.00s Sys=0.00s Real=0.00s
[2022-04-04T14:44:38.171+0800][43.584s] GC(66) Pause Young (Normal) (G1 Evacuation Pause)
[2022-04-04T14:44:38.171+0800][43.584s] GC(66) Using 8 workers of 8 for evacuation
[2022-04-04T14:44:38.174+0800][43.587s] GC(66)   Pre Evacuate Collection Set: 0.2ms
[2022-04-04T14:44:38.174+0800][43.587s] GC(66)   Merge Heap Roots: 0.1ms
[2022-04-04T14:44:38.174+0800][43.587s] GC(66)   Evacuate Collection Set: 2.3ms
[2022-04-04T14:44:38.174+0800][43.587s] GC(66)   Post Evacuate Collection Set: 0.8ms
[2022-04-04T14:44:38.174+0800][43.587s] GC(66)   Other: 0.2ms
[2022-04-04T14:44:38.175+0800][43.587s] GC(66) Eden regions: 290->0(290)
[2022-04-04T14:44:38.175+0800][43.587s] GC(66) Survivor regions: 17->17(39)
[2022-04-04T14:44:38.175+0800][43.587s] GC(66) Old regions: 71->71
[2022-04-04T14:44:38.175+0800][43.587s] GC(66) Archive regions: 0->0
[2022-04-04T14:44:38.175+0800][43.587s] GC(66) Humongous regions: 17->17
[2022-04-04T14:44:38.175+0800][43.588s] GC(66) Metaspace: 51406K(51920K)->51406K(51920K) NonClass: 45510K(45824K)->45510K(45824K) Class: 5896K(6096K)->5896K(6096K)
[2022-04-04T14:44:38.175+0800][43.588s] GC(66) Pause Young (Normal) (G1 Evacuation Pause) 393M->104M(512M) 3.817ms
[2022-04-04T14:44:38.175+0800][43.588s] GC(66) User=0.00s Sys=0.00s Real=0.00s
[2022-04-04T14:44:38.285+0800][43.698s] GC(67) Pause Young (Normal) (G1 Evacuation Pause)
[2022-04-04T14:44:38.285+0800][43.698s] GC(67) Using 8 workers of 8 for evacuation
[2022-04-04T14:44:38.288+0800][43.701s] GC(67)   Pre Evacuate Collection Set: 0.2ms
[2022-04-04T14:44:38.288+0800][43.701s] GC(67)   Merge Heap Roots: 0.2ms
[2022-04-04T14:44:38.288+0800][43.701s] GC(67)   Evacuate Collection Set: 2.5ms
[2022-04-04T14:44:38.289+0800][43.701s] GC(67)   Post Evacuate Collection Set: 0.7ms
[2022-04-04T14:44:38.289+0800][43.701s] GC(67)   Other: 0.2ms
[2022-04-04T14:44:38.289+0800][43.701s] GC(67) Eden regions: 290->0(289)
[2022-04-04T14:44:38.289+0800][43.702s] GC(67) Survivor regions: 17->18(39)
[2022-04-04T14:44:38.289+0800][43.702s] GC(67) Old regions: 71->72
[2022-04-04T14:44:38.289+0800][43.702s] GC(67) Archive regions: 0->0
[2022-04-04T14:44:38.289+0800][43.702s] GC(67) Humongous regions: 17->17
[2022-04-04T14:44:38.289+0800][43.702s] GC(67) Metaspace: 51407K(51920K)->51407K(51920K) NonClass: 45511K(45824K)->45511K(45824K) Class: 5896K(6096K)->5896K(6096K)
[2022-04-04T14:44:38.289+0800][43.702s] GC(67) Pause Young (Normal) (G1 Evacuation Pause) 394M->105M(512M) 3.941ms
[2022-04-04T14:44:38.289+0800][43.702s] GC(67) User=0.00s Sys=0.00s Real=0.00s
[2022-04-04T14:44:38.407+0800][43.820s] GC(68) Pause Young (Normal) (G1 Evacuation Pause)
[2022-04-04T14:44:38.407+0800][43.820s] GC(68) Using 8 workers of 8 for evacuation
[2022-04-04T14:44:38.411+0800][43.823s] GC(68)   Pre Evacuate Collection Set: 0.2ms
[2022-04-04T14:44:38.411+0800][43.824s] GC(68)   Merge Heap Roots: 0.1ms
[2022-04-04T14:44:38.411+0800][43.824s] GC(68)   Evacuate Collection Set: 2.5ms
[2022-04-04T14:44:38.411+0800][43.824s] GC(68)   Post Evacuate Collection Set: 0.7ms
[2022-04-04T14:44:38.411+0800][43.824s] GC(68)   Other: 0.2ms
[2022-04-04T14:44:38.411+0800][43.824s] GC(68) Eden regions: 289->0(290)
[2022-04-04T14:44:38.411+0800][43.824s] GC(68) Survivor regions: 18->17(39)
[2022-04-04T14:44:38.411+0800][43.824s] GC(68) Old regions: 72->73
[2022-04-04T14:44:38.411+0800][43.824s] GC(68) Archive regions: 0->0
[2022-04-04T14:44:38.411+0800][43.824s] GC(68) Humongous regions: 20->19
[2022-04-04T14:44:38.411+0800][43.824s] GC(68) Metaspace: 51407K(51920K)->51407K(51920K) NonClass: 45511K(45824K)->45511K(45824K) Class: 5896K(6096K)->5896K(6096K)
[2022-04-04T14:44:38.411+0800][43.824s] GC(68) Pause Young (Normal) (G1 Evacuation Pause) 397M->107M(512M) 3.922ms
[2022-04-04T14:44:38.411+0800][43.824s] GC(68) User=0.00s Sys=0.00s Real=0.00s
[2022-04-04T14:44:38.523+0800][43.937s] GC(69) Pause Young (Normal) (G1 Evacuation Pause)
[2022-04-04T14:44:38.523+0800][43.937s] GC(69) Using 8 workers of 8 for evacuation
[2022-04-04T14:44:38.528+0800][43.940s] GC(69)   Pre Evacuate Collection Set: 0.1ms
[2022-04-04T14:44:38.528+0800][43.940s] GC(69)   Merge Heap Roots: 0.1ms
[2022-04-04T14:44:38.528+0800][43.940s] GC(69)   Evacuate Collection Set: 2.4ms
[2022-04-04T14:44:38.528+0800][43.940s] GC(69)   Post Evacuate Collection Set: 0.8ms
[2022-04-04T14:44:38.528+0800][43.941s] GC(69)   Other: 0.2ms
[2022-04-04T14:44:38.528+0800][43.941s] GC(69) Eden regions: 290->0(289)
[2022-04-04T14:44:38.528+0800][43.941s] GC(69) Survivor regions: 17->18(39)
[2022-04-04T14:44:38.528+0800][43.941s] GC(69) Old regions: 73->73
[2022-04-04T14:44:38.528+0800][43.941s] GC(69) Archive regions: 0->0
[2022-04-04T14:44:38.528+0800][43.941s] GC(69) Humongous regions: 19->19
[2022-04-04T14:44:38.528+0800][43.941s] GC(69) Metaspace: 51407K(51920K)->51407K(51920K) NonClass: 45511K(45824K)->45511K(45824K) Class: 5896K(6096K)->5896K(6096K)
[2022-04-04T14:44:38.528+0800][43.941s] GC(69) Pause Young (Normal) (G1 Evacuation Pause) 397M->109M(512M) 3.991ms
[2022-04-04T14:44:38.528+0800][43.941s] GC(69) User=0.11s Sys=0.00s Real=0.01s
[2022-04-04T14:44:38.647+0800][44.060s] GC(70) Pause Young (Normal) (G1 Evacuation Pause)
[2022-04-04T14:44:38.647+0800][44.060s] GC(70) Using 8 workers of 8 for evacuation
[2022-04-04T14:44:38.651+0800][44.064s] GC(70)   Pre Evacuate Collection Set: 0.2ms
[2022-04-04T14:44:38.651+0800][44.064s] GC(70)   Merge Heap Roots: 0.2ms
[2022-04-04T14:44:38.651+0800][44.064s] GC(70)   Evacuate Collection Set: 2.4ms
[2022-04-04T14:44:38.651+0800][44.064s] GC(70)   Post Evacuate Collection Set: 0.8ms
[2022-04-04T14:44:38.651+0800][44.064s] GC(70)   Other: 0.2ms
[2022-04-04T14:44:38.651+0800][44.064s] GC(70) Eden regions: 289->0(291)
[2022-04-04T14:44:38.651+0800][44.064s] GC(70) Survivor regions: 18->16(39)
[2022-04-04T14:44:38.651+0800][44.064s] GC(70) Old regions: 73->75
[2022-04-04T14:44:38.651+0800][44.064s] GC(70) Archive regions: 0->0
[2022-04-04T14:44:38.651+0800][44.064s] GC(70) Humongous regions: 19->19
[2022-04-04T14:44:38.651+0800][44.064s] GC(70) Metaspace: 51407K(51920K)->51407K(51920K) NonClass: 45511K(45824K)->45511K(45824K) Class: 5896K(6096K)->5896K(6096K)
[2022-04-04T14:44:38.651+0800][44.064s] GC(70) Pause Young (Normal) (G1 Evacuation Pause) 398M->109M(512M) 3.993ms
[2022-04-04T14:44:38.651+0800][44.064s] GC(70) User=0.00s Sys=0.00s Real=0.00s
[2022-04-04T14:44:38.758+0800][44.171s] GC(71) Pause Young (Normal) (G1 Evacuation Pause)
[2022-04-04T14:44:38.758+0800][44.171s] GC(71) Using 8 workers of 8 for evacuation
[2022-04-04T14:44:38.762+0800][44.175s] GC(71)   Pre Evacuate Collection Set: 0.1ms
[2022-04-04T14:44:38.762+0800][44.175s] GC(71)   Merge Heap Roots: 0.1ms
[2022-04-04T14:44:38.762+0800][44.175s] GC(71)   Evacuate Collection Set: 2.4ms
[2022-04-04T14:44:38.762+0800][44.175s] GC(71)   Post Evacuate Collection Set: 0.7ms
[2022-04-04T14:44:38.762+0800][44.175s] GC(71)   Other: 0.2ms
[2022-04-04T14:44:38.762+0800][44.175s] GC(71) Eden regions: 291->0(294)
[2022-04-04T14:44:38.762+0800][44.175s] GC(71) Survivor regions: 16->13(39)
[2022-04-04T14:44:38.762+0800][44.175s] GC(71) Old regions: 75->79
[2022-04-04T14:44:38.762+0800][44.175s] GC(71) Archive regions: 0->0
[2022-04-04T14:44:38.762+0800][44.175s] GC(71) Humongous regions: 19->19
[2022-04-04T14:44:38.762+0800][44.175s] GC(71) Metaspace: 51407K(51920K)->51407K(51920K) NonClass: 45511K(45824K)->45511K(45824K) Class: 5896K(6096K)->5896K(6096K)
[2022-04-04T14:44:38.762+0800][44.175s] GC(71) Pause Young (Normal) (G1 Evacuation Pause) 400M->110M(512M) 3.840ms
[2022-04-04T14:44:38.762+0800][44.175s] GC(71) User=0.11s Sys=0.00s Real=0.00s
[2022-04-04T14:44:38.870+0800][44.284s] GC(72) Pause Young (Normal) (G1 Evacuation Pause)
[2022-04-04T14:44:38.870+0800][44.284s] GC(72) Using 8 workers of 8 for evacuation
[2022-04-04T14:44:38.874+0800][44.287s] GC(72)   Pre Evacuate Collection Set: 0.2ms
[2022-04-04T14:44:38.874+0800][44.287s] GC(72)   Merge Heap Roots: 0.1ms
[2022-04-04T14:44:38.874+0800][44.287s] GC(72)   Evacuate Collection Set: 1.9ms
[2022-04-04T14:44:38.874+0800][44.287s] GC(72)   Post Evacuate Collection Set: 0.8ms
[2022-04-04T14:44:38.874+0800][44.287s] GC(72)   Other: 0.2ms
[2022-04-04T14:44:38.874+0800][44.287s] GC(72) Eden regions: 294->0(292)
[2022-04-04T14:44:38.874+0800][44.287s] GC(72) Survivor regions: 13->15(39)
[2022-04-04T14:44:38.874+0800][44.287s] GC(72) Old regions: 79->79
[2022-04-04T14:44:38.874+0800][44.287s] GC(72) Archive regions: 0->0
[2022-04-04T14:44:38.874+0800][44.287s] GC(72) Humongous regions: 19->19
[2022-04-04T14:44:38.874+0800][44.287s] GC(72) Metaspace: 51407K(51920K)->51407K(51920K) NonClass: 45511K(45824K)->45511K(45824K) Class: 5896K(6096K)->5896K(6096K)
[2022-04-04T14:44:38.874+0800][44.287s] GC(72) Pause Young (Normal) (G1 Evacuation Pause) 404M->112M(512M) 3.463ms
[2022-04-04T14:44:38.874+0800][44.287s] GC(72) User=0.00s Sys=0.00s Real=0.00s
[2022-04-04T14:44:38.988+0800][44.402s] GC(73) Pause Young (Normal) (G1 Evacuation Pause)
[2022-04-04T14:44:38.988+0800][44.402s] GC(73) Using 8 workers of 8 for evacuation
[2022-04-04T14:44:38.992+0800][44.405s] GC(73)   Pre Evacuate Collection Set: 0.2ms
[2022-04-04T14:44:38.992+0800][44.405s] GC(73)   Merge Heap Roots: 0.2ms
[2022-04-04T14:44:38.992+0800][44.405s] GC(73)   Evacuate Collection Set: 2.2ms
[2022-04-04T14:44:38.992+0800][44.405s] GC(73)   Post Evacuate Collection Set: 0.8ms
[2022-04-04T14:44:38.992+0800][44.405s] GC(73)   Other: 0.2ms
[2022-04-04T14:44:38.992+0800][44.405s] GC(73) Eden regions: 292->0(292)
[2022-04-04T14:44:38.992+0800][44.405s] GC(73) Survivor regions: 15->15(39)
[2022-04-04T14:44:38.992+0800][44.405s] GC(73) Old regions: 79->79
[2022-04-04T14:44:38.992+0800][44.405s] GC(73) Archive regions: 0->0
[2022-04-04T14:44:38.992+0800][44.405s] GC(73) Humongous regions: 19->19
[2022-04-04T14:44:38.992+0800][44.405s] GC(73) Metaspace: 51407K(51920K)->51407K(51920K) NonClass: 45511K(45824K)->45511K(45824K) Class: 5896K(6096K)->5896K(6096K)
[2022-04-04T14:44:38.992+0800][44.405s] GC(73) Pause Young (Normal) (G1 Evacuation Pause) 404M->112M(512M) 3.873ms
[2022-04-04T14:44:38.992+0800][44.405s] GC(73) User=0.00s Sys=0.00s Real=0.00s
[2022-04-04T14:44:40.243+0800][45.657s] GC(74) Pause Young (Normal) (G1 Evacuation Pause)
[2022-04-04T14:44:40.244+0800][45.657s] GC(74) Using 8 workers of 8 for evacuation
[2022-04-04T14:44:40.246+0800][45.660s] GC(74)   Pre Evacuate Collection Set: 0.1ms
[2022-04-04T14:44:40.246+0800][45.660s] GC(74)   Merge Heap Roots: 0.1ms
[2022-04-04T14:44:40.246+0800][45.660s] GC(74)   Evacuate Collection Set: 1.9ms
[2022-04-04T14:44:40.246+0800][45.660s] GC(74)   Post Evacuate Collection Set: 0.5ms
[2022-04-04T14:44:40.247+0800][45.660s] GC(74)   Other: 0.3ms
[2022-04-04T14:44:40.247+0800][45.660s] GC(74) Eden regions: 292->0(292)
[2022-04-04T14:44:40.247+0800][45.660s] GC(74) Survivor regions: 15->15(39)
[2022-04-04T14:44:40.247+0800][45.660s] GC(74) Old regions: 79->80
[2022-04-04T14:44:40.247+0800][45.660s] GC(74) Archive regions: 0->0
[2022-04-04T14:44:40.247+0800][45.660s] GC(74) Humongous regions: 19->19
[2022-04-04T14:44:40.247+0800][45.660s] GC(74) Metaspace: 51418K(52176K)->51418K(52176K) NonClass: 45521K(46080K)->45521K(46080K) Class: 5896K(6096K)->5896K(6096K)
[2022-04-04T14:44:40.247+0800][45.660s] GC(74) Pause Young (Normal) (G1 Evacuation Pause) 404M->112M(512M) 3.296ms
[2022-04-04T14:44:40.247+0800][45.660s] GC(74) User=0.11s Sys=0.00s Real=0.00s
[2022-04-04T14:44:41.795+0800][47.208s] GC(75) Pause Young (Normal) (G1 Evacuation Pause)
[2022-04-04T14:44:41.795+0800][47.208s] GC(75) Using 8 workers of 8 for evacuation
[2022-04-04T14:44:41.798+0800][47.211s] GC(75)   Pre Evacuate Collection Set: 0.1ms
[2022-04-04T14:44:41.798+0800][47.211s] GC(75)   Merge Heap Roots: 0.1ms
[2022-04-04T14:44:41.798+0800][47.211s] GC(75)   Evacuate Collection Set: 2.0ms
[2022-04-04T14:44:41.798+0800][47.211s] GC(75)   Post Evacuate Collection Set: 0.7ms
[2022-04-04T14:44:41.798+0800][47.211s] GC(75)   Other: 0.2ms
[2022-04-04T14:44:41.798+0800][47.211s] GC(75) Eden regions: 292->0(293)
[2022-04-04T14:44:41.798+0800][47.211s] GC(75) Survivor regions: 15->14(39)
[2022-04-04T14:44:41.798+0800][47.211s] GC(75) Old regions: 80->80
[2022-04-04T14:44:41.798+0800][47.211s] GC(75) Archive regions: 0->0
[2022-04-04T14:44:41.798+0800][47.211s] GC(75) Humongous regions: 19->19
[2022-04-04T14:44:41.798+0800][47.211s] GC(75) Metaspace: 51493K(52176K)->51493K(52176K) NonClass: 45588K(46080K)->45588K(46080K) Class: 5904K(6096K)->5904K(6096K)
[2022-04-04T14:44:41.798+0800][47.211s] GC(75) Pause Young (Normal) (G1 Evacuation Pause) 404M->112M(512M) 3.295ms
[2022-04-04T14:44:41.798+0800][47.211s] GC(75) User=0.00s Sys=0.00s Real=0.00s
[2022-04-04T14:44:42.957+0800][48.370s] GC(76) Pause Young (Normal) (G1 Evacuation Pause)
[2022-04-04T14:44:42.957+0800][48.370s] GC(76) Using 8 workers of 8 for evacuation
[2022-04-04T14:44:42.960+0800][48.373s] GC(76)   Pre Evacuate Collection Set: 0.1ms
[2022-04-04T14:44:42.960+0800][48.374s] GC(76)   Merge Heap Roots: 0.1ms
[2022-04-04T14:44:42.960+0800][48.374s] GC(76)   Evacuate Collection Set: 2.0ms
[2022-04-04T14:44:42.960+0800][48.374s] GC(76)   Post Evacuate Collection Set: 0.7ms
[2022-04-04T14:44:42.960+0800][48.374s] GC(76)   Other: 0.2ms
[2022-04-04T14:44:42.960+0800][48.374s] GC(76) Eden regions: 293->0(293)
[2022-04-04T14:44:42.960+0800][48.374s] GC(76) Survivor regions: 14->14(39)
[2022-04-04T14:44:42.960+0800][48.374s] GC(76) Old regions: 80->81
[2022-04-04T14:44:42.960+0800][48.374s] GC(76) Archive regions: 0->0
[2022-04-04T14:44:42.960+0800][48.374s] GC(76) Humongous regions: 19->19
[2022-04-04T14:44:42.960+0800][48.374s] GC(76) Metaspace: 51495K(52176K)->51495K(52176K) NonClass: 45590K(46080K)->45590K(46080K) Class: 5904K(6096K)->5904K(6096K)
[2022-04-04T14:44:42.960+0800][48.374s] GC(76) Pause Young (Normal) (G1 Evacuation Pause) 405M->113M(512M) 3.408ms
[2022-04-04T14:44:42.960+0800][48.374s] GC(76) User=0.00s Sys=0.00s Real=0.00s
[2022-04-04T14:44:43.448+0800][48.861s] GC(77) Pause Young (Normal) (G1 Evacuation Pause)
[2022-04-04T14:44:43.448+0800][48.861s] GC(77) Using 8 workers of 8 for evacuation
[2022-04-04T14:44:43.452+0800][48.865s] GC(77)   Pre Evacuate Collection Set: 0.1ms
[2022-04-04T14:44:43.452+0800][48.865s] GC(77)   Merge Heap Roots: 0.1ms
[2022-04-04T14:44:43.452+0800][48.865s] GC(77)   Evacuate Collection Set: 2.6ms
[2022-04-04T14:44:43.452+0800][48.865s] GC(77)   Post Evacuate Collection Set: 0.9ms
[2022-04-04T14:44:43.452+0800][48.865s] GC(77)   Other: 0.2ms
[2022-04-04T14:44:43.452+0800][48.865s] GC(77) Eden regions: 293->0(293)
[2022-04-04T14:44:43.452+0800][48.865s] GC(77) Survivor regions: 14->14(39)
[2022-04-04T14:44:43.452+0800][48.865s] GC(77) Old regions: 81->82
[2022-04-04T14:44:43.452+0800][48.865s] GC(77) Archive regions: 0->0
[2022-04-04T14:44:43.452+0800][48.865s] GC(77) Humongous regions: 19->19
[2022-04-04T14:44:43.452+0800][48.865s] GC(77) Metaspace: 51502K(52176K)->51502K(52176K) NonClass: 45597K(46080K)->45597K(46080K) Class: 5904K(6096K)->5904K(6096K)
[2022-04-04T14:44:43.452+0800][48.865s] GC(77) Pause Young (Normal) (G1 Evacuation Pause) 406M->113M(512M) 4.245ms
[2022-04-04T14:44:43.452+0800][48.865s] GC(77) User=0.00s Sys=0.00s Real=0.00s
[2022-04-04T14:44:43.568+0800][48.980s] GC(78) Pause Young (Normal) (G1 Evacuation Pause)
[2022-04-04T14:44:43.568+0800][48.980s] GC(78) Using 8 workers of 8 for evacuation
[2022-04-04T14:44:43.570+0800][48.984s] GC(78)   Pre Evacuate Collection Set: 0.2ms
[2022-04-04T14:44:43.570+0800][48.984s] GC(78)   Merge Heap Roots: 0.2ms
[2022-04-04T14:44:43.570+0800][48.984s] GC(78)   Evacuate Collection Set: 2.0ms
[2022-04-04T14:44:43.571+0800][48.984s] GC(78)   Post Evacuate Collection Set: 0.8ms
[2022-04-04T14:44:43.571+0800][48.984s] GC(78)   Other: 0.2ms
[2022-04-04T14:44:43.571+0800][48.984s] GC(78) Eden regions: 293->0(293)
[2022-04-04T14:44:43.571+0800][48.984s] GC(78) Survivor regions: 14->14(39)
[2022-04-04T14:44:43.571+0800][48.984s] GC(78) Old regions: 82->82
[2022-04-04T14:44:43.571+0800][48.984s] GC(78) Archive regions: 0->0
[2022-04-04T14:44:43.571+0800][48.984s] GC(78) Humongous regions: 19->19
[2022-04-04T14:44:43.571+0800][48.984s] GC(78) Metaspace: 51502K(52176K)->51502K(52176K) NonClass: 45597K(46080K)->45597K(46080K) Class: 5904K(6096K)->5904K(6096K)
[2022-04-04T14:44:43.571+0800][48.984s] GC(78) Pause Young (Normal) (G1 Evacuation Pause) 406M->114M(512M) 3.562ms
[2022-04-04T14:44:43.571+0800][48.984s] GC(78) User=0.00s Sys=0.00s Real=0.00s
[2022-04-04T14:44:43.689+0800][49.102s] GC(79) Pause Young (Normal) (G1 Evacuation Pause)
[2022-04-04T14:44:43.689+0800][49.103s] GC(79) Using 8 workers of 8 for evacuation
[2022-04-04T14:44:43.692+0800][49.106s] GC(79)   Pre Evacuate Collection Set: 0.1ms
[2022-04-04T14:44:43.692+0800][49.106s] GC(79)   Merge Heap Roots: 0.1ms
[2022-04-04T14:44:43.692+0800][49.106s] GC(79)   Evacuate Collection Set: 2.1ms
[2022-04-04T14:44:43.692+0800][49.106s] GC(79)   Post Evacuate Collection Set: 0.7ms
[2022-04-04T14:44:43.692+0800][49.106s] GC(79)   Other: 0.2ms
[2022-04-04T14:44:43.692+0800][49.106s] GC(79) Eden regions: 293->0(292)
[2022-04-04T14:44:43.692+0800][49.106s] GC(79) Survivor regions: 14->15(39)
[2022-04-04T14:44:43.692+0800][49.106s] GC(79) Old regions: 82->83
[2022-04-04T14:44:43.692+0800][49.106s] GC(79) Archive regions: 0->0
[2022-04-04T14:44:43.692+0800][49.106s] GC(79) Humongous regions: 19->19
[2022-04-04T14:44:43.693+0800][49.106s] GC(79) Metaspace: 51502K(52176K)->51502K(52176K) NonClass: 45597K(46080K)->45597K(46080K) Class: 5904K(6096K)->5904K(6096K)
[2022-04-04T14:44:43.693+0800][49.106s] GC(79) Pause Young (Normal) (G1 Evacuation Pause) 407M->115M(512M) 3.426ms
[2022-04-04T14:44:43.693+0800][49.106s] GC(79) User=0.00s Sys=0.00s Real=0.00s
[2022-04-04T14:44:43.833+0800][49.247s] GC(80) Pause Young (Normal) (G1 Evacuation Pause)
[2022-04-04T14:44:43.833+0800][49.247s] GC(80) Using 8 workers of 8 for evacuation
[2022-04-04T14:44:43.837+0800][49.250s] GC(80)   Pre Evacuate Collection Set: 0.1ms
[2022-04-04T14:44:43.837+0800][49.250s] GC(80)   Merge Heap Roots: 0.1ms
[2022-04-04T14:44:43.837+0800][49.250s] GC(80)   Evacuate Collection Set: 2.2ms
[2022-04-04T14:44:43.837+0800][49.250s] GC(80)   Post Evacuate Collection Set: 0.7ms
[2022-04-04T14:44:43.837+0800][49.250s] GC(80)   Other: 0.2ms
[2022-04-04T14:44:43.837+0800][49.250s] GC(80) Eden regions: 292->0(291)
[2022-04-04T14:44:43.837+0800][49.250s] GC(80) Survivor regions: 15->16(39)
[2022-04-04T14:44:43.837+0800][49.250s] GC(80) Old regions: 83->83
[2022-04-04T14:44:43.837+0800][49.250s] GC(80) Archive regions: 0->0
[2022-04-04T14:44:43.837+0800][49.250s] GC(80) Humongous regions: 19->19
[2022-04-04T14:44:43.837+0800][49.250s] GC(80) Metaspace: 51502K(52176K)->51502K(52176K) NonClass: 45597K(46080K)->45597K(46080K) Class: 5904K(6096K)->5904K(6096K)
[2022-04-04T14:44:43.837+0800][49.250s] GC(80) Pause Young (Normal) (G1 Evacuation Pause) 407M->117M(512M) 3.683ms
[2022-04-04T14:44:43.837+0800][49.250s] GC(80) User=0.00s Sys=0.00s Real=0.00s
[2022-04-04T14:44:43.980+0800][49.394s] GC(81) Pause Young (Normal) (G1 Evacuation Pause)
[2022-04-04T14:44:43.980+0800][49.394s] GC(81) Using 8 workers of 8 for evacuation
[2022-04-04T14:44:43.984+0800][49.397s] GC(81)   Pre Evacuate Collection Set: 0.1ms
[2022-04-04T14:44:43.984+0800][49.397s] GC(81)   Merge Heap Roots: 0.1ms
[2022-04-04T14:44:43.984+0800][49.397s] GC(81)   Evacuate Collection Set: 2.5ms
[2022-04-04T14:44:43.984+0800][49.397s] GC(81)   Post Evacuate Collection Set: 0.8ms
[2022-04-04T14:44:43.984+0800][49.398s] GC(81)   Other: 0.3ms
[2022-04-04T14:44:43.984+0800][49.398s] GC(81) Eden regions: 291->0(291)
[2022-04-04T14:44:43.984+0800][49.398s] GC(81) Survivor regions: 16->16(39)
[2022-04-04T14:44:43.984+0800][49.398s] GC(81) Old regions: 83->84
[2022-04-04T14:44:43.984+0800][49.398s] GC(81) Archive regions: 0->0
[2022-04-04T14:44:43.984+0800][49.398s] GC(81) Humongous regions: 20->20
[2022-04-04T14:44:43.984+0800][49.398s] GC(81) Metaspace: 51502K(52176K)->51502K(52176K) NonClass: 45597K(46080K)->45597K(46080K) Class: 5904K(6096K)->5904K(6096K)
[2022-04-04T14:44:43.984+0800][49.398s] GC(81) Pause Young (Normal) (G1 Evacuation Pause) 409M->119M(512M) 4.128ms
[2022-04-04T14:44:43.984+0800][49.398s] GC(81) User=0.00s Sys=0.00s Real=0.00s
[2022-04-04T14:44:44.242+0800][49.656s] GC(82) Pause Young (Normal) (G1 Evacuation Pause)
[2022-04-04T14:44:44.243+0800][49.656s] GC(82) Using 8 workers of 8 for evacuation
[2022-04-04T14:44:44.246+0800][49.659s] GC(82)   Pre Evacuate Collection Set: 0.1ms
[2022-04-04T14:44:44.246+0800][49.659s] GC(82)   Merge Heap Roots: 0.1ms
[2022-04-04T14:44:44.246+0800][49.659s] GC(82)   Evacuate Collection Set: 2.2ms
[2022-04-04T14:44:44.246+0800][49.659s] GC(82)   Post Evacuate Collection Set: 0.6ms
[2022-04-04T14:44:44.246+0800][49.659s] GC(82)   Other: 0.2ms
[2022-04-04T14:44:44.246+0800][49.659s] GC(82) Eden regions: 291->0(291)
[2022-04-04T14:44:44.246+0800][49.659s] GC(82) Survivor regions: 16->16(39)
[2022-04-04T14:44:44.246+0800][49.659s] GC(82) Old regions: 84->85
[2022-04-04T14:44:44.246+0800][49.659s] GC(82) Archive regions: 0->0
[2022-04-04T14:44:44.246+0800][49.659s] GC(82) Humongous regions: 20->20
[2022-04-04T14:44:44.246+0800][49.659s] GC(82) Metaspace: 51502K(52176K)->51502K(52176K) NonClass: 45597K(46080K)->45597K(46080K) Class: 5904K(6096K)->5904K(6096K)
[2022-04-04T14:44:44.246+0800][49.659s] GC(82) Pause Young (Normal) (G1 Evacuation Pause) 410M->119M(512M) 3.656ms
[2022-04-04T14:44:44.246+0800][49.659s] GC(82) User=0.11s Sys=0.00s Real=0.00s
[2022-04-04T14:44:44.421+0800][49.834s] GC(83) Pause Young (Normal) (G1 Evacuation Pause)
[2022-04-04T14:44:44.421+0800][49.834s] GC(83) Using 8 workers of 8 for evacuation
[2022-04-04T14:44:44.424+0800][49.838s] GC(83)   Pre Evacuate Collection Set: 0.1ms
[2022-04-04T14:44:44.424+0800][49.838s] GC(83)   Merge Heap Roots: 0.1ms
[2022-04-04T14:44:44.424+0800][49.838s] GC(83)   Evacuate Collection Set: 2.3ms
[2022-04-04T14:44:44.424+0800][49.838s] GC(83)   Post Evacuate Collection Set: 0.6ms
[2022-04-04T14:44:44.424+0800][49.838s] GC(83)   Other: 0.2ms
[2022-04-04T14:44:44.424+0800][49.838s] GC(83) Eden regions: 291->0(290)
[2022-04-04T14:44:44.424+0800][49.838s] GC(83) Survivor regions: 16->17(39)
[2022-04-04T14:44:44.424+0800][49.838s] GC(83) Old regions: 85->85
[2022-04-04T14:44:44.424+0800][49.838s] GC(83) Archive regions: 0->0
[2022-04-04T14:44:44.424+0800][49.838s] GC(83) Humongous regions: 20->20
[2022-04-04T14:44:44.424+0800][49.838s] GC(83) Metaspace: 51544K(52176K)->51544K(52176K) NonClass: 45638K(46080K)->45638K(46080K) Class: 5906K(6096K)->5906K(6096K)
[2022-04-04T14:44:44.425+0800][49.838s] GC(83) Pause Young (Normal) (G1 Evacuation Pause) 410M->120M(512M) 3.696ms
[2022-04-04T14:44:44.425+0800][49.838s] GC(83) User=0.00s Sys=0.00s Real=0.00s
[2022-04-04T14:44:44.562+0800][49.975s] GC(84) Pause Young (Normal) (G1 Evacuation Pause)
[2022-04-04T14:44:44.562+0800][49.975s] GC(84) Using 8 workers of 8 for evacuation
[2022-04-04T14:44:44.565+0800][49.978s] GC(84)   Pre Evacuate Collection Set: 0.1ms
[2022-04-04T14:44:44.565+0800][49.978s] GC(84)   Merge Heap Roots: 0.1ms
[2022-04-04T14:44:44.565+0800][49.978s] GC(84)   Evacuate Collection Set: 2.5ms
[2022-04-04T14:44:44.565+0800][49.978s] GC(84)   Post Evacuate Collection Set: 0.8ms
[2022-04-04T14:44:44.565+0800][49.978s] GC(84)   Other: 0.2ms
[2022-04-04T14:44:44.565+0800][49.979s] GC(84) Eden regions: 290->0(290)
[2022-04-04T14:44:44.565+0800][49.979s] GC(84) Survivor regions: 17->17(39)
[2022-04-04T14:44:44.565+0800][49.979s] GC(84) Old regions: 85->86
[2022-04-04T14:44:44.566+0800][49.979s] GC(84) Archive regions: 0->0
[2022-04-04T14:44:44.566+0800][49.979s] GC(84) Humongous regions: 20->20
[2022-04-04T14:44:44.566+0800][49.979s] GC(84) Metaspace: 51817K(52560K)->51817K(52560K) NonClass: 45886K(46336K)->45886K(46336K) Class: 5931K(6224K)->5931K(6224K)
[2022-04-04T14:44:44.566+0800][49.979s] GC(84) Pause Young (Normal) (G1 Evacuation Pause) 410M->122M(512M) 3.944ms
[2022-04-04T14:44:44.566+0800][49.979s] GC(84) User=0.00s Sys=0.00s Real=0.00s
[2022-04-04T14:44:44.697+0800][50.111s] GC(85) Pause Young (Normal) (G1 Evacuation Pause)
[2022-04-04T14:44:44.698+0800][50.111s] GC(85) Using 8 workers of 8 for evacuation
[2022-04-04T14:44:44.701+0800][50.114s] GC(85)   Pre Evacuate Collection Set: 0.1ms
[2022-04-04T14:44:44.701+0800][50.114s] GC(85)   Merge Heap Roots: 0.2ms
[2022-04-04T14:44:44.701+0800][50.114s] GC(85)   Evacuate Collection Set: 2.5ms
[2022-04-04T14:44:44.701+0800][50.114s] GC(85)   Post Evacuate Collection Set: 0.8ms
[2022-04-04T14:44:44.701+0800][50.115s] GC(85)   Other: 0.2ms
[2022-04-04T14:44:44.701+0800][50.115s] GC(85) Eden regions: 290->0(288)
[2022-04-04T14:44:44.702+0800][50.115s] GC(85) Survivor regions: 17->19(39)
[2022-04-04T14:44:44.702+0800][50.115s] GC(85) Old regions: 86->86
[2022-04-04T14:44:44.702+0800][50.115s] GC(85) Archive regions: 0->0
[2022-04-04T14:44:44.702+0800][50.115s] GC(85) Humongous regions: 22->21
[2022-04-04T14:44:44.702+0800][50.115s] GC(85) Metaspace: 51817K(52560K)->51817K(52560K) NonClass: 45886K(46336K)->45886K(46336K) Class: 5931K(6224K)->5931K(6224K)
[2022-04-04T14:44:44.702+0800][50.115s] GC(85) Pause Young (Normal) (G1 Evacuation Pause) 414M->125M(512M) 4.150ms
[2022-04-04T14:44:44.702+0800][50.115s] GC(85) User=0.02s Sys=0.00s Real=0.00s
[2022-04-04T14:44:44.832+0800][50.245s] GC(86) Pause Young (Normal) (G1 Evacuation Pause)
[2022-04-04T14:44:44.832+0800][50.245s] GC(86) Using 8 workers of 8 for evacuation
[2022-04-04T14:44:44.835+0800][50.248s] GC(86)   Pre Evacuate Collection Set: 0.1ms
[2022-04-04T14:44:44.835+0800][50.248s] GC(86)   Merge Heap Roots: 0.1ms
[2022-04-04T14:44:44.835+0800][50.248s] GC(86)   Evacuate Collection Set: 2.3ms
[2022-04-04T14:44:44.835+0800][50.249s] GC(86)   Post Evacuate Collection Set: 0.8ms
[2022-04-04T14:44:44.836+0800][50.249s] GC(86)   Other: 0.2ms
[2022-04-04T14:44:44.836+0800][50.249s] GC(86) Eden regions: 288->0(289)
[2022-04-04T14:44:44.836+0800][50.249s] GC(86) Survivor regions: 19->18(39)
[2022-04-04T14:44:44.836+0800][50.249s] GC(86) Old regions: 86->87
[2022-04-04T14:44:44.836+0800][50.249s] GC(86) Archive regions: 0->0
[2022-04-04T14:44:44.836+0800][50.249s] GC(86) Humongous regions: 22->22
[2022-04-04T14:44:44.836+0800][50.249s] GC(86) Metaspace: 51817K(52560K)->51817K(52560K) NonClass: 45886K(46336K)->45886K(46336K) Class: 5931K(6224K)->5931K(6224K)
[2022-04-04T14:44:44.836+0800][50.249s] GC(86) Pause Young (Normal) (G1 Evacuation Pause) 414M->125M(512M) 3.731ms
[2022-04-04T14:44:44.836+0800][50.249s] GC(86) User=0.00s Sys=0.00s Real=0.00s
[2022-04-04T14:44:44.946+0800][50.359s] GC(87) Pause Young (Normal) (G1 Evacuation Pause)
[2022-04-04T14:44:44.946+0800][50.359s] GC(87) Using 8 workers of 8 for evacuation
[2022-04-04T14:44:44.949+0800][50.363s] GC(87)   Pre Evacuate Collection Set: 0.2ms
[2022-04-04T14:44:44.949+0800][50.363s] GC(87)   Merge Heap Roots: 0.1ms
[2022-04-04T14:44:44.949+0800][50.363s] GC(87)   Evacuate Collection Set: 2.6ms
[2022-04-04T14:44:44.949+0800][50.363s] GC(87)   Post Evacuate Collection Set: 0.7ms
[2022-04-04T14:44:44.949+0800][50.363s] GC(87)   Other: 0.2ms
[2022-04-04T14:44:44.949+0800][50.363s] GC(87) Eden regions: 289->0(289)
[2022-04-04T14:44:44.949+0800][50.363s] GC(87) Survivor regions: 18->18(39)
[2022-04-04T14:44:44.950+0800][50.363s] GC(87) Old regions: 87->88
[2022-04-04T14:44:44.950+0800][50.363s] GC(87) Archive regions: 0->0
[2022-04-04T14:44:44.950+0800][50.363s] GC(87) Humongous regions: 22->22
[2022-04-04T14:44:44.950+0800][50.363s] GC(87) Metaspace: 51817K(52560K)->51817K(52560K) NonClass: 45886K(46336K)->45886K(46336K) Class: 5931K(6224K)->5931K(6224K)
[2022-04-04T14:44:44.950+0800][50.363s] GC(87) Pause Young (Normal) (G1 Evacuation Pause) 414M->126M(512M) 4.011ms
[2022-04-04T14:44:44.950+0800][50.363s] GC(87) User=0.11s Sys=0.00s Real=0.00s
[2022-04-04T14:44:45.055+0800][50.468s] GC(88) Pause Young (Normal) (G1 Evacuation Pause)
[2022-04-04T14:44:45.055+0800][50.468s] GC(88) Using 8 workers of 8 for evacuation
[2022-04-04T14:44:45.058+0800][50.471s] GC(88)   Pre Evacuate Collection Set: 0.2ms
[2022-04-04T14:44:45.058+0800][50.471s] GC(88)   Merge Heap Roots: 0.1ms
[2022-04-04T14:44:45.058+0800][50.471s] GC(88)   Evacuate Collection Set: 2.6ms
[2022-04-04T14:44:45.058+0800][50.471s] GC(88)   Post Evacuate Collection Set: 0.7ms
[2022-04-04T14:44:45.058+0800][50.471s] GC(88)   Other: 0.2ms
[2022-04-04T14:44:45.058+0800][50.471s] GC(88) Eden regions: 289->0(289)
[2022-04-04T14:44:45.058+0800][50.471s] GC(88) Survivor regions: 18->18(39)
[2022-04-04T14:44:45.058+0800][50.472s] GC(88) Old regions: 88->90
[2022-04-04T14:44:45.058+0800][50.472s] GC(88) Archive regions: 0->0
[2022-04-04T14:44:45.058+0800][50.472s] GC(88) Humongous regions: 22->22
[2022-04-04T14:44:45.058+0800][50.472s] GC(88) Metaspace: 51818K(52560K)->51818K(52560K) NonClass: 45886K(46336K)->45886K(46336K) Class: 5931K(6224K)->5931K(6224K)
[2022-04-04T14:44:45.058+0800][50.472s] GC(88) Pause Young (Normal) (G1 Evacuation Pause) 415M->129M(512M) 4.067ms
[2022-04-04T14:44:45.058+0800][50.472s] GC(88) User=0.00s Sys=0.02s Real=0.00s
[2022-04-04T14:44:45.167+0800][50.581s] GC(89) Pause Young (Normal) (G1 Evacuation Pause)
[2022-04-04T14:44:45.167+0800][50.581s] GC(89) Using 8 workers of 8 for evacuation
[2022-04-04T14:44:45.173+0800][50.585s] GC(89)   Pre Evacuate Collection Set: 0.2ms
[2022-04-04T14:44:45.173+0800][50.585s] GC(89)   Merge Heap Roots: 0.2ms
[2022-04-04T14:44:45.173+0800][50.585s] GC(89)   Evacuate Collection Set: 3.1ms
[2022-04-04T14:44:45.173+0800][50.585s] GC(89)   Post Evacuate Collection Set: 0.8ms
[2022-04-04T14:44:45.173+0800][50.585s] GC(89)   Other: 0.4ms
[2022-04-04T14:44:45.173+0800][50.585s] GC(89) Eden regions: 289->0(292)
[2022-04-04T14:44:45.173+0800][50.585s] GC(89) Survivor regions: 18->15(39)
[2022-04-04T14:44:45.173+0800][50.585s] GC(89) Old regions: 90->94
[2022-04-04T14:44:45.173+0800][50.585s] GC(89) Archive regions: 0->0
[2022-04-04T14:44:45.173+0800][50.585s] GC(89) Humongous regions: 22->22
[2022-04-04T14:44:45.173+0800][50.585s] GC(89) Metaspace: 51818K(52560K)->51818K(52560K) NonClass: 45886K(46336K)->45886K(46336K) Class: 5931K(6224K)->5931K(6224K)
[2022-04-04T14:44:45.173+0800][50.586s] GC(89) Pause Young (Normal) (G1 Evacuation Pause) 418M->129M(512M) 4.858ms
[2022-04-04T14:44:45.173+0800][50.586s] GC(89) User=0.00s Sys=0.00s Real=0.01s
[2022-04-04T14:44:45.295+0800][50.709s] GC(90) Pause Young (Normal) (G1 Evacuation Pause)
[2022-04-04T14:44:45.295+0800][50.709s] GC(90) Using 8 workers of 8 for evacuation
[2022-04-04T14:44:45.299+0800][50.712s] GC(90)   Pre Evacuate Collection Set: 0.2ms
[2022-04-04T14:44:45.299+0800][50.712s] GC(90)   Merge Heap Roots: 0.2ms
[2022-04-04T14:44:45.299+0800][50.712s] GC(90)   Evacuate Collection Set: 2.2ms
[2022-04-04T14:44:45.299+0800][50.712s] GC(90)   Post Evacuate Collection Set: 0.7ms
[2022-04-04T14:44:45.299+0800][50.712s] GC(90)   Other: 0.2ms
[2022-04-04T14:44:45.299+0800][50.712s] GC(90) Eden regions: 292->0(290)
[2022-04-04T14:44:45.299+0800][50.712s] GC(90) Survivor regions: 15->17(39)
[2022-04-04T14:44:45.299+0800][50.712s] GC(90) Old regions: 94->94
[2022-04-04T14:44:45.299+0800][50.712s] GC(90) Archive regions: 0->0
[2022-04-04T14:44:45.299+0800][50.712s] GC(90) Humongous regions: 22->22
[2022-04-04T14:44:45.299+0800][50.712s] GC(90) Metaspace: 51818K(52560K)->51818K(52560K) NonClass: 45886K(46336K)->45886K(46336K) Class: 5931K(6224K)->5931K(6224K)
[2022-04-04T14:44:45.299+0800][50.712s] GC(90) Pause Young (Normal) (G1 Evacuation Pause) 421M->131M(512M) 3.685ms
[2022-04-04T14:44:45.299+0800][50.712s] GC(90) User=0.00s Sys=0.00s Real=0.00s
[2022-04-04T14:44:46.998+0800][52.411s] GC(91) Pause Young (Normal) (G1 Evacuation Pause)
[2022-04-04T14:44:46.998+0800][52.411s] GC(91) Using 8 workers of 8 for evacuation
[2022-04-04T14:44:47.001+0800][52.414s] GC(91)   Pre Evacuate Collection Set: 0.1ms
[2022-04-04T14:44:47.001+0800][52.415s] GC(91)   Merge Heap Roots: 0.1ms
[2022-04-04T14:44:47.001+0800][52.415s] GC(91)   Evacuate Collection Set: 2.0ms
[2022-04-04T14:44:47.001+0800][52.415s] GC(91)   Post Evacuate Collection Set: 0.9ms
[2022-04-04T14:44:47.001+0800][52.415s] GC(91)   Other: 0.3ms
[2022-04-04T14:44:47.001+0800][52.415s] GC(91) Eden regions: 290->0(291)
[2022-04-04T14:44:47.002+0800][52.415s] GC(91) Survivor regions: 17->16(39)
[2022-04-04T14:44:47.002+0800][52.415s] GC(91) Old regions: 94->94
[2022-04-04T14:44:47.002+0800][52.415s] GC(91) Archive regions: 0->0
[2022-04-04T14:44:47.002+0800][52.415s] GC(91) Humongous regions: 22->22
[2022-04-04T14:44:47.002+0800][52.415s] GC(91) Metaspace: 51821K(52560K)->51821K(52560K) NonClass: 45890K(46336K)->45890K(46336K) Class: 5931K(6224K)->5931K(6224K)
[2022-04-04T14:44:47.002+0800][52.415s] GC(91) Pause Young (Normal) (G1 Evacuation Pause) 421M->130M(512M) 3.968ms
[2022-04-04T14:44:47.002+0800][52.415s] GC(91) User=0.00s Sys=0.00s Real=0.00s
[2022-04-04T14:44:48.426+0800][53.838s] GC(92) Pause Young (Normal) (G1 Evacuation Pause)
[2022-04-04T14:44:48.426+0800][53.839s] GC(92) Using 8 workers of 8 for evacuation
[2022-04-04T14:44:48.429+0800][53.842s] GC(92)   Pre Evacuate Collection Set: 0.2ms
[2022-04-04T14:44:48.429+0800][53.842s] GC(92)   Merge Heap Roots: 0.2ms
[2022-04-04T14:44:48.429+0800][53.842s] GC(92)   Evacuate Collection Set: 2.1ms
[2022-04-04T14:44:48.429+0800][53.842s] GC(92)   Post Evacuate Collection Set: 0.8ms
[2022-04-04T14:44:48.429+0800][53.842s] GC(92)   Other: 0.2ms
[2022-04-04T14:44:48.429+0800][53.842s] GC(92) Eden regions: 291->0(292)
[2022-04-04T14:44:48.429+0800][53.842s] GC(92) Survivor regions: 16->15(39)
[2022-04-04T14:44:48.429+0800][53.842s] GC(92) Old regions: 94->94
[2022-04-04T14:44:48.429+0800][53.842s] GC(92) Archive regions: 0->0
[2022-04-04T14:44:48.429+0800][53.842s] GC(92) Humongous regions: 22->22
[2022-04-04T14:44:48.429+0800][53.842s] GC(92) Metaspace: 51821K(52560K)->51821K(52560K) NonClass: 45890K(46336K)->45890K(46336K) Class: 5931K(6224K)->5931K(6224K)
[2022-04-04T14:44:48.429+0800][53.842s] GC(92) Pause Young (Normal) (G1 Evacuation Pause) 421M->130M(512M) 3.646ms
[2022-04-04T14:44:48.429+0800][53.842s] GC(92) User=0.00s Sys=0.00s Real=0.00s
[2022-04-04T14:44:49.087+0800][54.500s] GC(93) Pause Young (Normal) (G1 Evacuation Pause)
[2022-04-04T14:44:49.087+0800][54.500s] GC(93) Using 8 workers of 8 for evacuation
[2022-04-04T14:44:49.090+0800][54.504s] GC(93)   Pre Evacuate Collection Set: 0.2ms
[2022-04-04T14:44:49.090+0800][54.504s] GC(93)   Merge Heap Roots: 0.1ms
[2022-04-04T14:44:49.090+0800][54.504s] GC(93)   Evacuate Collection Set: 1.9ms
[2022-04-04T14:44:49.090+0800][54.504s] GC(93)   Post Evacuate Collection Set: 0.9ms
[2022-04-04T14:44:49.090+0800][54.504s] GC(93)   Other: 0.3ms
[2022-04-04T14:44:49.090+0800][54.504s] GC(93) Eden regions: 292->0(293)
[2022-04-04T14:44:49.090+0800][54.504s] GC(93) Survivor regions: 15->14(39)
[2022-04-04T14:44:49.090+0800][54.504s] GC(93) Old regions: 94->95
[2022-04-04T14:44:49.090+0800][54.504s] GC(93) Archive regions: 0->0
[2022-04-04T14:44:49.090+0800][54.504s] GC(93) Humongous regions: 22->22
[2022-04-04T14:44:49.090+0800][54.504s] GC(93) Metaspace: 51824K(52560K)->51824K(52560K) NonClass: 45893K(46336K)->45893K(46336K) Class: 5931K(6224K)->5931K(6224K)
[2022-04-04T14:44:49.091+0800][54.504s] GC(93) Pause Young (Normal) (G1 Evacuation Pause) 422M->130M(512M) 3.463ms
[2022-04-04T14:44:49.091+0800][54.504s] GC(93) User=0.12s Sys=0.00s Real=0.00s
[2022-04-04T14:44:49.206+0800][54.619s] GC(94) Pause Young (Normal) (G1 Evacuation Pause)
[2022-04-04T14:44:49.206+0800][54.619s] GC(94) Using 8 workers of 8 for evacuation
[2022-04-04T14:44:49.209+0800][54.623s] GC(94)   Pre Evacuate Collection Set: 0.2ms
[2022-04-04T14:44:49.209+0800][54.623s] GC(94)   Merge Heap Roots: 0.1ms
[2022-04-04T14:44:49.209+0800][54.623s] GC(94)   Evacuate Collection Set: 2.1ms
[2022-04-04T14:44:49.209+0800][54.623s] GC(94)   Post Evacuate Collection Set: 0.7ms
[2022-04-04T14:44:49.209+0800][54.623s] GC(94)   Other: 0.2ms
[2022-04-04T14:44:49.209+0800][54.623s] GC(94) Eden regions: 293->0(292)
[2022-04-04T14:44:49.209+0800][54.623s] GC(94) Survivor regions: 14->15(39)
[2022-04-04T14:44:49.209+0800][54.623s] GC(94) Old regions: 95->96
[2022-04-04T14:44:49.209+0800][54.623s] GC(94) Archive regions: 0->0
[2022-04-04T14:44:49.209+0800][54.623s] GC(94) Humongous regions: 22->22
[2022-04-04T14:44:49.210+0800][54.623s] GC(94) Metaspace: 51824K(52560K)->51824K(52560K) NonClass: 45893K(46336K)->45893K(46336K) Class: 5931K(6224K)->5931K(6224K)
[2022-04-04T14:44:49.210+0800][54.623s] GC(94) Pause Young (Normal) (G1 Evacuation Pause) 423M->132M(512M) 3.541ms
[2022-04-04T14:44:49.210+0800][54.623s] GC(94) User=0.00s Sys=0.00s Real=0.00s
[2022-04-04T14:44:49.317+0800][54.730s] GC(95) Pause Young (Normal) (G1 Evacuation Pause)
[2022-04-04T14:44:49.317+0800][54.730s] GC(95) Using 8 workers of 8 for evacuation
[2022-04-04T14:44:49.320+0800][54.733s] GC(95)   Pre Evacuate Collection Set: 0.2ms
[2022-04-04T14:44:49.320+0800][54.733s] GC(95)   Merge Heap Roots: 0.2ms
[2022-04-04T14:44:49.320+0800][54.733s] GC(95)   Evacuate Collection Set: 2.3ms
[2022-04-04T14:44:49.321+0800][54.733s] GC(95)   Post Evacuate Collection Set: 0.5ms
[2022-04-04T14:44:49.321+0800][54.733s] GC(95)   Other: 0.2ms
[2022-04-04T14:44:49.321+0800][54.733s] GC(95) Eden regions: 292->0(292)
[2022-04-04T14:44:49.321+0800][54.733s] GC(95) Survivor regions: 15->15(39)
[2022-04-04T14:44:49.321+0800][54.733s] GC(95) Old regions: 96->96
[2022-04-04T14:44:49.321+0800][54.733s] GC(95) Archive regions: 0->0
[2022-04-04T14:44:49.321+0800][54.734s] GC(95) Humongous regions: 22->22
[2022-04-04T14:44:49.321+0800][54.734s] GC(95) Metaspace: 51824K(52560K)->51824K(52560K) NonClass: 45893K(46336K)->45893K(46336K) Class: 5931K(6224K)->5931K(6224K)
[2022-04-04T14:44:49.321+0800][54.734s] GC(95) Pause Young (Normal) (G1 Evacuation Pause) 424M->132M(512M) 3.626ms
[2022-04-04T14:44:49.321+0800][54.734s] GC(95) User=0.00s Sys=0.00s Real=0.00s
[2022-04-04T14:44:49.440+0800][54.853s] GC(96) Pause Young (Normal) (G1 Evacuation Pause)
[2022-04-04T14:44:49.440+0800][54.853s] GC(96) Using 8 workers of 8 for evacuation
[2022-04-04T14:44:49.444+0800][54.856s] GC(96)   Pre Evacuate Collection Set: 0.2ms
[2022-04-04T14:44:49.444+0800][54.857s] GC(96)   Merge Heap Roots: 0.2ms
[2022-04-04T14:44:49.444+0800][54.857s] GC(96)   Evacuate Collection Set: 2.2ms
[2022-04-04T14:44:49.444+0800][54.857s] GC(96)   Post Evacuate Collection Set: 0.8ms
[2022-04-04T14:44:49.444+0800][54.857s] GC(96)   Other: 0.2ms
[2022-04-04T14:44:49.444+0800][54.857s] GC(96) Eden regions: 292->0(291)
[2022-04-04T14:44:49.444+0800][54.857s] GC(96) Survivor regions: 15->16(39)
[2022-04-04T14:44:49.444+0800][54.857s] GC(96) Old regions: 96->97
[2022-04-04T14:44:49.444+0800][54.857s] GC(96) Archive regions: 0->0
[2022-04-04T14:44:49.444+0800][54.857s] GC(96) Humongous regions: 22->22
[2022-04-04T14:44:49.444+0800][54.857s] GC(96) Metaspace: 51829K(52560K)->51829K(52560K) NonClass: 45896K(46336K)->45896K(46336K) Class: 5932K(6224K)->5932K(6224K)
[2022-04-04T14:44:49.444+0800][54.857s] GC(96) Pause Young (Normal) (G1 Evacuation Pause) 424M->134M(512M) 3.770ms
[2022-04-04T14:44:49.444+0800][54.857s] GC(96) User=0.00s Sys=0.00s Real=0.00s
[2022-04-04T14:44:49.571+0800][54.984s] GC(97) Pause Young (Normal) (G1 Evacuation Pause)
[2022-04-04T14:44:49.571+0800][54.984s] GC(97) Using 8 workers of 8 for evacuation
[2022-04-04T14:44:49.574+0800][54.987s] GC(97)   Pre Evacuate Collection Set: 0.1ms
[2022-04-04T14:44:49.575+0800][54.987s] GC(97)   Merge Heap Roots: 0.1ms
[2022-04-04T14:44:49.575+0800][54.987s] GC(97)   Evacuate Collection Set: 2.5ms
[2022-04-04T14:44:49.575+0800][54.987s] GC(97)   Post Evacuate Collection Set: 0.7ms
[2022-04-04T14:44:49.575+0800][54.987s] GC(97)   Other: 0.4ms
[2022-04-04T14:44:49.575+0800][54.988s] GC(97) Eden regions: 291->0(290)
[2022-04-04T14:44:49.575+0800][54.988s] GC(97) Survivor regions: 16->17(39)
[2022-04-04T14:44:49.575+0800][54.988s] GC(97) Old regions: 97->98
[2022-04-04T14:44:49.575+0800][54.988s] GC(97) Archive regions: 0->0
[2022-04-04T14:44:49.575+0800][54.988s] GC(97) Humongous regions: 23->23
[2022-04-04T14:44:49.575+0800][54.988s] GC(97) Metaspace: 51829K(52560K)->51829K(52560K) NonClass: 45896K(46336K)->45896K(46336K) Class: 5932K(6224K)->5932K(6224K)
[2022-04-04T14:44:49.575+0800][54.988s] GC(97) Pause Young (Normal) (G1 Evacuation Pause) 426M->136M(512M) 4.010ms
[2022-04-04T14:44:49.575+0800][54.988s] GC(97) User=0.05s Sys=0.00s Real=0.00s
[2022-04-04T14:44:49.710+0800][55.123s] GC(98) Pause Young (Normal) (G1 Evacuation Pause)
[2022-04-04T14:44:49.711+0800][55.123s] GC(98) Using 8 workers of 8 for evacuation
[2022-04-04T14:44:49.714+0800][55.127s] GC(98)   Pre Evacuate Collection Set: 0.1ms
[2022-04-04T14:44:49.714+0800][55.127s] GC(98)   Merge Heap Roots: 0.1ms
[2022-04-04T14:44:49.714+0800][55.127s] GC(98)   Evacuate Collection Set: 2.2ms
[2022-04-04T14:44:49.714+0800][55.127s] GC(98)   Post Evacuate Collection Set: 0.6ms
[2022-04-04T14:44:49.714+0800][55.127s] GC(98)   Other: 0.2ms
[2022-04-04T14:44:49.714+0800][55.127s] GC(98) Eden regions: 290->0(289)
[2022-04-04T14:44:49.714+0800][55.127s] GC(98) Survivor regions: 17->18(39)
[2022-04-04T14:44:49.714+0800][55.127s] GC(98) Old regions: 98->98
[2022-04-04T14:44:49.714+0800][55.127s] GC(98) Archive regions: 0->0
[2022-04-04T14:44:49.714+0800][55.127s] GC(98) Humongous regions: 23->23
[2022-04-04T14:44:49.714+0800][55.127s] GC(98) Metaspace: 51829K(52560K)->51829K(52560K) NonClass: 45896K(46336K)->45896K(46336K) Class: 5932K(6224K)->5932K(6224K)
[2022-04-04T14:44:49.714+0800][55.127s] GC(98) Pause Young (Normal) (G1 Evacuation Pause) 426M->137M(512M) 3.598ms
[2022-04-04T14:44:49.714+0800][55.127s] GC(98) User=0.11s Sys=0.00s Real=0.00s
[2022-04-04T14:44:49.959+0800][55.372s] GC(99) Pause Young (Normal) (G1 Evacuation Pause)
[2022-04-04T14:44:49.959+0800][55.372s] GC(99) Using 8 workers of 8 for evacuation
[2022-04-04T14:44:49.962+0800][55.375s] GC(99)   Pre Evacuate Collection Set: 0.1ms
[2022-04-04T14:44:49.962+0800][55.375s] GC(99)   Merge Heap Roots: 0.1ms
[2022-04-04T14:44:49.962+0800][55.375s] GC(99)   Evacuate Collection Set: 2.4ms
[2022-04-04T14:44:49.963+0800][55.375s] GC(99)   Post Evacuate Collection Set: 0.7ms
[2022-04-04T14:44:49.963+0800][55.376s] GC(99)   Other: 0.3ms
[2022-04-04T14:44:49.963+0800][55.376s] GC(99) Eden regions: 289->0(289)
[2022-04-04T14:44:49.963+0800][55.376s] GC(99) Survivor regions: 18->18(39)
[2022-04-04T14:44:49.963+0800][55.376s] GC(99) Old regions: 98->99
[2022-04-04T14:44:49.963+0800][55.376s] GC(99) Archive regions: 0->0
[2022-04-04T14:44:49.963+0800][55.376s] GC(99) Humongous regions: 23->23
[2022-04-04T14:44:49.963+0800][55.376s] GC(99) Metaspace: 51829K(52560K)->51829K(52560K) NonClass: 45896K(46336K)->45896K(46336K) Class: 5932K(6224K)->5932K(6224K)
[2022-04-04T14:44:49.963+0800][55.376s] GC(99) Pause Young (Normal) (G1 Evacuation Pause) 426M->138M(512M) 4.395ms
[2022-04-04T14:44:49.963+0800][55.376s] GC(99) User=0.00s Sys=0.00s Real=0.00s
[2022-04-04T14:44:50.159+0800][55.572s] GC(100) Pause Young (Normal) (G1 Evacuation Pause)
[2022-04-04T14:44:50.159+0800][55.572s] GC(100) Using 8 workers of 8 for evacuation
[2022-04-04T14:44:50.162+0800][55.575s] GC(100)   Pre Evacuate Collection Set: 0.1ms
[2022-04-04T14:44:50.162+0800][55.575s] GC(100)   Merge Heap Roots: 0.1ms
[2022-04-04T14:44:50.162+0800][55.575s] GC(100)   Evacuate Collection Set: 2.3ms
[2022-04-04T14:44:50.162+0800][55.575s] GC(100)   Post Evacuate Collection Set: 0.5ms
[2022-04-04T14:44:50.162+0800][55.575s] GC(100)   Other: 0.3ms
[2022-04-04T14:44:50.162+0800][55.575s] GC(100) Eden regions: 289->0(289)
[2022-04-04T14:44:50.162+0800][55.575s] GC(100) Survivor regions: 18->18(39)
[2022-04-04T14:44:50.162+0800][55.575s] GC(100) Old regions: 99->99
[2022-04-04T14:44:50.162+0800][55.575s] GC(100) Archive regions: 0->0
[2022-04-04T14:44:50.162+0800][55.575s] GC(100) Humongous regions: 23->23
[2022-04-04T14:44:50.162+0800][55.575s] GC(100) Metaspace: 51829K(52560K)->51829K(52560K) NonClass: 45896K(46336K)->45896K(46336K) Class: 5932K(6224K)->5932K(6224K)
[2022-04-04T14:44:50.162+0800][55.575s] GC(100) Pause Young (Normal) (G1 Evacuation Pause) 427M->139M(512M) 3.585ms
[2022-04-04T14:44:50.163+0800][55.575s] GC(100) User=0.00s Sys=0.00s Real=0.00s
[2022-04-04T14:44:50.328+0800][55.741s] GC(101) Pause Young (Normal) (G1 Evacuation Pause)
[2022-04-04T14:44:50.328+0800][55.741s] GC(101) Using 8 workers of 8 for evacuation
[2022-04-04T14:44:50.332+0800][55.744s] GC(101)   Pre Evacuate Collection Set: 0.1ms
[2022-04-04T14:44:50.332+0800][55.745s] GC(101)   Merge Heap Roots: 0.1ms
[2022-04-04T14:44:50.332+0800][55.745s] GC(101)   Evacuate Collection Set: 2.3ms
[2022-04-04T14:44:50.332+0800][55.745s] GC(101)   Post Evacuate Collection Set: 0.6ms
[2022-04-04T14:44:50.332+0800][55.745s] GC(101)   Other: 0.2ms
[2022-04-04T14:44:50.332+0800][55.745s] GC(101) Eden regions: 289->0(288)
[2022-04-04T14:44:50.332+0800][55.745s] GC(101) Survivor regions: 18->19(39)
[2022-04-04T14:44:50.332+0800][55.745s] GC(101) Old regions: 99->100
[2022-04-04T14:44:50.332+0800][55.745s] GC(101) Archive regions: 0->0
[2022-04-04T14:44:50.332+0800][55.745s] GC(101) Humongous regions: 25->24
[2022-04-04T14:44:50.332+0800][55.745s] GC(101) Metaspace: 51829K(52560K)->51829K(52560K) NonClass: 45896K(46336K)->45896K(46336K) Class: 5932K(6224K)->5932K(6224K)
[2022-04-04T14:44:50.332+0800][55.745s] GC(101) Pause Young (Normal) (G1 Evacuation Pause) 430M->141M(512M) 3.638ms
[2022-04-04T14:44:50.332+0800][55.745s] GC(101) User=0.00s Sys=0.00s Real=0.00s
[2022-04-04T14:44:50.467+0800][55.880s] GC(102) Pause Young (Normal) (G1 Evacuation Pause)
[2022-04-04T14:44:50.467+0800][55.880s] GC(102) Using 8 workers of 8 for evacuation
[2022-04-04T14:44:50.471+0800][55.884s] GC(102)   Pre Evacuate Collection Set: 0.1ms
[2022-04-04T14:44:50.471+0800][55.884s] GC(102)   Merge Heap Roots: 0.1ms
[2022-04-04T14:44:50.471+0800][55.884s] GC(102)   Evacuate Collection Set: 2.5ms
[2022-04-04T14:44:50.471+0800][55.884s] GC(102)   Post Evacuate Collection Set: 0.8ms
[2022-04-04T14:44:50.471+0800][55.884s] GC(102)   Other: 0.2ms
[2022-04-04T14:44:50.471+0800][55.884s] GC(102) Eden regions: 288->0(288)
[2022-04-04T14:44:50.471+0800][55.884s] GC(102) Survivor regions: 19->19(39)
[2022-04-04T14:44:50.471+0800][55.884s] GC(102) Old regions: 100->101
[2022-04-04T14:44:50.471+0800][55.884s] GC(102) Archive regions: 0->0
[2022-04-04T14:44:50.471+0800][55.884s] GC(102) Humongous regions: 25->25
[2022-04-04T14:44:50.471+0800][55.884s] GC(102) Metaspace: 51829K(52560K)->51829K(52560K) NonClass: 45896K(46336K)->45896K(46336K) Class: 5932K(6224K)->5932K(6224K)
[2022-04-04T14:44:50.471+0800][55.884s] GC(102) Pause Young (Normal) (G1 Evacuation Pause) 430M->143M(512M) 3.983ms
[2022-04-04T14:44:50.471+0800][55.884s] GC(102) User=0.00s Sys=0.00s Real=0.00s
[2022-04-04T14:44:50.588+0800][56.001s] GC(103) Pause Young (Normal) (G1 Evacuation Pause)
[2022-04-04T14:44:50.589+0800][56.001s] GC(103) Using 8 workers of 8 for evacuation
[2022-04-04T14:44:50.593+0800][56.005s] GC(103)   Pre Evacuate Collection Set: 0.2ms
[2022-04-04T14:44:50.593+0800][56.006s] GC(103)   Merge Heap Roots: 0.1ms
[2022-04-04T14:44:50.593+0800][56.006s] GC(103)   Evacuate Collection Set: 2.9ms
[2022-04-04T14:44:50.593+0800][56.006s] GC(103)   Post Evacuate Collection Set: 0.7ms
[2022-04-04T14:44:50.593+0800][56.006s] GC(103)   Other: 0.3ms
[2022-04-04T14:44:50.593+0800][56.006s] GC(103) Eden regions: 288->0(288)
[2022-04-04T14:44:50.593+0800][56.006s] GC(103) Survivor regions: 19->19(39)
[2022-04-04T14:44:50.593+0800][56.006s] GC(103) Old regions: 101->101
[2022-04-04T14:44:50.593+0800][56.006s] GC(103) Archive regions: 0->0
[2022-04-04T14:44:50.593+0800][56.006s] GC(103) Humongous regions: 25->25
[2022-04-04T14:44:50.593+0800][56.006s] GC(103) Metaspace: 51829K(52560K)->51829K(52560K) NonClass: 45896K(46336K)->45896K(46336K) Class: 5932K(6224K)->5932K(6224K)
[2022-04-04T14:44:50.593+0800][56.006s] GC(103) Pause Young (Normal) (G1 Evacuation Pause) 431M->144M(512M) 4.654ms
[2022-04-04T14:44:50.593+0800][56.006s] GC(103) User=0.00s Sys=0.02s Real=0.00s
[2022-04-04T14:44:50.726+0800][56.139s] GC(104) Pause Young (Normal) (G1 Evacuation Pause)
[2022-04-04T14:44:50.726+0800][56.139s] GC(104) Using 8 workers of 8 for evacuation
[2022-04-04T14:44:50.730+0800][56.143s] GC(104)   Pre Evacuate Collection Set: 0.1ms
[2022-04-04T14:44:50.730+0800][56.143s] GC(104)   Merge Heap Roots: 0.2ms
[2022-04-04T14:44:50.730+0800][56.143s] GC(104)   Evacuate Collection Set: 2.9ms
[2022-04-04T14:44:50.730+0800][56.143s] GC(104)   Post Evacuate Collection Set: 0.8ms
[2022-04-04T14:44:50.730+0800][56.143s] GC(104)   Other: 0.2ms
[2022-04-04T14:44:50.730+0800][56.143s] GC(104) Eden regions: 288->0(289)
[2022-04-04T14:44:50.730+0800][56.143s] GC(104) Survivor regions: 19->18(39)
[2022-04-04T14:44:50.730+0800][56.143s] GC(104) Old regions: 101->103
[2022-04-04T14:44:50.730+0800][56.143s] GC(104) Archive regions: 0->0
[2022-04-04T14:44:50.730+0800][56.143s] GC(104) Humongous regions: 25->25
[2022-04-04T14:44:50.730+0800][56.143s] GC(104) Metaspace: 51829K(52560K)->51829K(52560K) NonClass: 45896K(46336K)->45896K(46336K) Class: 5932K(6224K)->5932K(6224K)
[2022-04-04T14:44:50.731+0800][56.143s] GC(104) Pause Young (Normal) (G1 Evacuation Pause) 432M->145M(512M) 4.625ms
[2022-04-04T14:44:50.731+0800][56.143s] GC(104) User=0.06s Sys=0.00s Real=0.00s
[2022-04-04T14:44:50.845+0800][56.257s] GC(105) Pause Young (Normal) (G1 Evacuation Pause)
[2022-04-04T14:44:50.845+0800][56.257s] GC(105) Using 8 workers of 8 for evacuation
[2022-04-04T14:44:50.848+0800][56.261s] GC(105)   Pre Evacuate Collection Set: 0.2ms
[2022-04-04T14:44:50.848+0800][56.261s] GC(105)   Merge Heap Roots: 0.1ms
[2022-04-04T14:44:50.848+0800][56.261s] GC(105)   Evacuate Collection Set: 2.5ms
[2022-04-04T14:44:50.848+0800][56.261s] GC(105)   Post Evacuate Collection Set: 0.7ms
[2022-04-04T14:44:50.848+0800][56.261s] GC(105)   Other: 0.2ms
[2022-04-04T14:44:50.848+0800][56.261s] GC(105) Eden regions: 289->0(293)
[2022-04-04T14:44:50.848+0800][56.261s] GC(105) Survivor regions: 18->14(39)
[2022-04-04T14:44:50.848+0800][56.261s] GC(105) Old regions: 103->108
[2022-04-04T14:44:50.848+0800][56.261s] GC(105) Archive regions: 0->0
[2022-04-04T14:44:50.848+0800][56.261s] GC(105) Humongous regions: 25->25
[2022-04-04T14:44:50.848+0800][56.261s] GC(105) Metaspace: 51829K(52560K)->51829K(52560K) NonClass: 45896K(46336K)->45896K(46336K) Class: 5932K(6224K)->5932K(6224K)
[2022-04-04T14:44:50.848+0800][56.261s] GC(105) Pause Young (Normal) (G1 Evacuation Pause) 434M->146M(512M) 3.934ms
[2022-04-04T14:44:50.848+0800][56.261s] GC(105) User=0.00s Sys=0.00s Real=0.00s
[2022-04-04T14:44:50.971+0800][56.384s] GC(106) Pause Young (Normal) (G1 Evacuation Pause)
[2022-04-04T14:44:50.971+0800][56.384s] GC(106) Using 8 workers of 8 for evacuation
[2022-04-04T14:44:50.975+0800][56.388s] GC(106)   Pre Evacuate Collection Set: 0.2ms
[2022-04-04T14:44:50.975+0800][56.388s] GC(106)   Merge Heap Roots: 0.1ms
[2022-04-04T14:44:50.975+0800][56.388s] GC(106)   Evacuate Collection Set: 2.1ms
[2022-04-04T14:44:50.975+0800][56.388s] GC(106)   Post Evacuate Collection Set: 0.7ms
[2022-04-04T14:44:50.975+0800][56.388s] GC(106)   Other: 0.2ms
[2022-04-04T14:44:50.975+0800][56.388s] GC(106) Eden regions: 293->0(292)
[2022-04-04T14:44:50.975+0800][56.388s] GC(106) Survivor regions: 14->15(39)
[2022-04-04T14:44:50.975+0800][56.388s] GC(106) Old regions: 108->109
[2022-04-04T14:44:50.975+0800][56.388s] GC(106) Archive regions: 0->0
[2022-04-04T14:44:50.975+0800][56.388s] GC(106) Humongous regions: 25->25
[2022-04-04T14:44:50.975+0800][56.388s] GC(106) Metaspace: 51829K(52560K)->51829K(52560K) NonClass: 45896K(46336K)->45896K(46336K) Class: 5932K(6224K)->5932K(6224K)
[2022-04-04T14:44:50.975+0800][56.388s] GC(106) Pause Young (Normal) (G1 Evacuation Pause) 439M->147M(512M) 3.617ms
[2022-04-04T14:44:50.975+0800][56.388s] GC(106) User=0.00s Sys=0.00s Real=0.00s
[2022-04-04T14:44:51.098+0800][56.511s] GC(107) Pause Young (Normal) (G1 Evacuation Pause)
[2022-04-04T14:44:51.098+0800][56.511s] GC(107) Using 8 workers of 8 for evacuation
[2022-04-04T14:44:51.102+0800][56.514s] GC(107)   Pre Evacuate Collection Set: 0.2ms
[2022-04-04T14:44:51.102+0800][56.514s] GC(107)   Merge Heap Roots: 0.1ms
[2022-04-04T14:44:51.102+0800][56.514s] GC(107)   Evacuate Collection Set: 2.1ms
[2022-04-04T14:44:51.102+0800][56.515s] GC(107)   Post Evacuate Collection Set: 0.8ms
[2022-04-04T14:44:51.102+0800][56.515s] GC(107)   Other: 0.2ms
[2022-04-04T14:44:51.102+0800][56.515s] GC(107) Eden regions: 292->0(291)
[2022-04-04T14:44:51.102+0800][56.515s] GC(107) Survivor regions: 15->16(39)
[2022-04-04T14:44:51.102+0800][56.515s] GC(107) Old regions: 109->109
[2022-04-04T14:44:51.102+0800][56.515s] GC(107) Archive regions: 0->0
[2022-04-04T14:44:51.102+0800][56.515s] GC(107) Humongous regions: 25->25
[2022-04-04T14:44:51.102+0800][56.515s] GC(107) Metaspace: 51829K(52560K)->51829K(52560K) NonClass: 45896K(46336K)->45896K(46336K) Class: 5932K(6224K)->5932K(6224K)
[2022-04-04T14:44:51.102+0800][56.515s] GC(107) Pause Young (Normal) (G1 Evacuation Pause) 439M->148M(512M) 3.625ms
[2022-04-04T14:44:51.102+0800][56.515s] GC(107) User=0.00s Sys=0.00s Real=0.00s
[2022-04-04T14:44:52.367+0800][57.780s] GC(108) Pause Young (Normal) (G1 Evacuation Pause)
[2022-04-04T14:44:52.367+0800][57.780s] GC(108) Using 8 workers of 8 for evacuation
[2022-04-04T14:44:52.370+0800][57.783s] GC(108)   Pre Evacuate Collection Set: 0.2ms
[2022-04-04T14:44:52.370+0800][57.783s] GC(108)   Merge Heap Roots: 0.2ms
[2022-04-04T14:44:52.370+0800][57.783s] GC(108)   Evacuate Collection Set: 2.1ms
[2022-04-04T14:44:52.370+0800][57.783s] GC(108)   Post Evacuate Collection Set: 0.8ms
[2022-04-04T14:44:52.370+0800][57.783s] GC(108)   Other: 0.2ms
[2022-04-04T14:44:52.370+0800][57.783s] GC(108) Eden regions: 291->0(292)
[2022-04-04T14:44:52.370+0800][57.783s] GC(108) Survivor regions: 16->15(39)
[2022-04-04T14:44:52.370+0800][57.783s] GC(108) Old regions: 109->109
[2022-04-04T14:44:52.370+0800][57.783s] GC(108) Archive regions: 0->0
[2022-04-04T14:44:52.370+0800][57.783s] GC(108) Humongous regions: 25->25
[2022-04-04T14:44:52.370+0800][57.783s] GC(108) Metaspace: 51832K(52560K)->51832K(52560K) NonClass: 45899K(46336K)->45899K(46336K) Class: 5932K(6224K)->5932K(6224K)
[2022-04-04T14:44:52.370+0800][57.783s] GC(108) Pause Young (Normal) (G1 Evacuation Pause) 439M->148M(512M) 3.732ms
[2022-04-04T14:44:52.370+0800][57.783s] GC(108) User=0.00s Sys=0.00s Real=0.00s
[2022-04-04T14:44:53.932+0800][59.345s] GC(109) Pause Young (Normal) (G1 Evacuation Pause)
[2022-04-04T14:44:53.932+0800][59.345s] GC(109) Using 8 workers of 8 for evacuation
[2022-04-04T14:44:53.935+0800][59.349s] GC(109)   Pre Evacuate Collection Set: 0.2ms
[2022-04-04T14:44:53.935+0800][59.349s] GC(109)   Merge Heap Roots: 0.2ms
[2022-04-04T14:44:53.935+0800][59.349s] GC(109)   Evacuate Collection Set: 2.1ms
[2022-04-04T14:44:53.935+0800][59.349s] GC(109)   Post Evacuate Collection Set: 0.8ms
[2022-04-04T14:44:53.935+0800][59.349s] GC(109)   Other: 0.2ms
[2022-04-04T14:44:53.935+0800][59.349s] GC(109) Eden regions: 292->0(293)
[2022-04-04T14:44:53.935+0800][59.349s] GC(109) Survivor regions: 15->14(39)
[2022-04-04T14:44:53.935+0800][59.349s] GC(109) Old regions: 109->109
[2022-04-04T14:44:53.936+0800][59.349s] GC(109) Archive regions: 0->0
[2022-04-04T14:44:53.936+0800][59.349s] GC(109) Humongous regions: 25->25
[2022-04-04T14:44:53.936+0800][59.349s] GC(109) Metaspace: 51832K(52560K)->51832K(52560K) NonClass: 45899K(46336K)->45899K(46336K) Class: 5932K(6224K)->5932K(6224K)
[2022-04-04T14:44:53.936+0800][59.349s] GC(109) Pause Young (Normal) (G1 Evacuation Pause) 440M->147M(512M) 3.818ms
[2022-04-04T14:44:53.936+0800][59.349s] GC(109) User=0.00s Sys=0.00s Real=0.00s
[2022-04-04T14:44:54.981+0800][60.394s] GC(110) Pause Young (Normal) (G1 Evacuation Pause)
[2022-04-04T14:44:54.981+0800][60.394s] GC(110) Using 8 workers of 8 for evacuation
[2022-04-04T14:44:54.984+0800][60.397s] GC(110)   Pre Evacuate Collection Set: 0.1ms
[2022-04-04T14:44:54.984+0800][60.397s] GC(110)   Merge Heap Roots: 0.1ms
[2022-04-04T14:44:54.984+0800][60.397s] GC(110)   Evacuate Collection Set: 1.9ms
[2022-04-04T14:44:54.984+0800][60.397s] GC(110)   Post Evacuate Collection Set: 0.7ms
[2022-04-04T14:44:54.984+0800][60.398s] GC(110)   Other: 0.2ms
[2022-04-04T14:44:54.984+0800][60.398s] GC(110) Eden regions: 293->0(293)
[2022-04-04T14:44:54.984+0800][60.398s] GC(110) Survivor regions: 14->14(39)
[2022-04-04T14:44:54.984+0800][60.398s] GC(110) Old regions: 109->110
[2022-04-04T14:44:54.984+0800][60.398s] GC(110) Archive regions: 0->0
[2022-04-04T14:44:54.984+0800][60.398s] GC(110) Humongous regions: 25->25
[2022-04-04T14:44:54.984+0800][60.398s] GC(110) Metaspace: 51840K(52560K)->51840K(52560K) NonClass: 45908K(46336K)->45908K(46336K) Class: 5932K(6224K)->5932K(6224K)
[2022-04-04T14:44:54.984+0800][60.398s] GC(110) Pause Young (Normal) (G1 Evacuation Pause) 440M->148M(512M) 3.355ms
[2022-04-04T14:44:54.984+0800][60.398s] GC(110) User=0.00s Sys=0.00s Real=0.00s
[2022-04-04T14:44:55.428+0800][60.841s] GC(111) Pause Young (Normal) (G1 Evacuation Pause)
[2022-04-04T14:44:55.428+0800][60.841s] GC(111) Using 8 workers of 8 for evacuation
[2022-04-04T14:44:55.431+0800][60.844s] GC(111)   Pre Evacuate Collection Set: 0.1ms
[2022-04-04T14:44:55.431+0800][60.844s] GC(111)   Merge Heap Roots: 0.1ms
[2022-04-04T14:44:55.431+0800][60.844s] GC(111)   Evacuate Collection Set: 2.0ms
[2022-04-04T14:44:55.431+0800][60.844s] GC(111)   Post Evacuate Collection Set: 0.8ms
[2022-04-04T14:44:55.431+0800][60.844s] GC(111)   Other: 0.2ms
[2022-04-04T14:44:55.431+0800][60.844s] GC(111) Eden regions: 293->0(293)
[2022-04-04T14:44:55.431+0800][60.844s] GC(111) Survivor regions: 14->14(39)
[2022-04-04T14:44:55.431+0800][60.844s] GC(111) Old regions: 110->111
[2022-04-04T14:44:55.431+0800][60.844s] GC(111) Archive regions: 0->0
[2022-04-04T14:44:55.431+0800][60.844s] GC(111) Humongous regions: 25->25
[2022-04-04T14:44:55.431+0800][60.844s] GC(111) Metaspace: 51850K(52560K)->51850K(52560K) NonClass: 45917K(46336K)->45917K(46336K) Class: 5932K(6224K)->5932K(6224K)
[2022-04-04T14:44:55.431+0800][60.844s] GC(111) Pause Young (Normal) (G1 Evacuation Pause) 441M->149M(512M) 3.477ms
[2022-04-04T14:44:55.431+0800][60.844s] GC(111) User=0.00s Sys=0.00s Real=0.00s
[2022-04-04T14:44:55.543+0800][60.956s] GC(112) Pause Young (Normal) (G1 Evacuation Pause)
[2022-04-04T14:44:55.543+0800][60.956s] GC(112) Using 8 workers of 8 for evacuation
[2022-04-04T14:44:55.546+0800][60.960s] GC(112)   Pre Evacuate Collection Set: 0.1ms
[2022-04-04T14:44:55.546+0800][60.960s] GC(112)   Merge Heap Roots: 0.1ms
[2022-04-04T14:44:55.546+0800][60.960s] GC(112)   Evacuate Collection Set: 2.1ms
[2022-04-04T14:44:55.546+0800][60.960s] GC(112)   Post Evacuate Collection Set: 0.7ms
[2022-04-04T14:44:55.546+0800][60.960s] GC(112)   Other: 0.2ms
[2022-04-04T14:44:55.546+0800][60.960s] GC(112) Eden regions: 293->0(292)
[2022-04-04T14:44:55.546+0800][60.960s] GC(112) Survivor regions: 14->15(39)
[2022-04-04T14:44:55.547+0800][60.960s] GC(112) Old regions: 111->111
[2022-04-04T14:44:55.547+0800][60.960s] GC(112) Archive regions: 0->0
[2022-04-04T14:44:55.547+0800][60.960s] GC(112) Humongous regions: 25->25
[2022-04-04T14:44:55.547+0800][60.960s] GC(112) Metaspace: 51850K(52560K)->51850K(52560K) NonClass: 45917K(46336K)->45917K(46336K) Class: 5932K(6224K)->5932K(6224K)
[2022-04-04T14:44:55.547+0800][60.960s] GC(112) Pause Young (Normal) (G1 Evacuation Pause) 442M->150M(512M) 3.946ms
[2022-04-04T14:44:55.547+0800][60.960s] GC(112) User=0.00s Sys=0.00s Real=0.00s
[2022-04-04T14:44:55.659+0800][61.072s] GC(113) Pause Young (Normal) (G1 Evacuation Pause)
[2022-04-04T14:44:55.659+0800][61.072s] GC(113) Using 8 workers of 8 for evacuation
[2022-04-04T14:44:55.662+0800][61.076s] GC(113)   Pre Evacuate Collection Set: 0.1ms
[2022-04-04T14:44:55.662+0800][61.076s] GC(113)   Merge Heap Roots: 0.1ms
[2022-04-04T14:44:55.662+0800][61.076s] GC(113)   Evacuate Collection Set: 2.4ms
[2022-04-04T14:44:55.662+0800][61.076s] GC(113)   Post Evacuate Collection Set: 0.6ms
[2022-04-04T14:44:55.662+0800][61.076s] GC(113)   Other: 0.2ms
[2022-04-04T14:44:55.662+0800][61.076s] GC(113) Eden regions: 292->0(292)
[2022-04-04T14:44:55.662+0800][61.076s] GC(113) Survivor regions: 15->15(39)
[2022-04-04T14:44:55.662+0800][61.076s] GC(113) Old regions: 111->112
[2022-04-04T14:44:55.662+0800][61.076s] GC(113) Archive regions: 0->0
[2022-04-04T14:44:55.662+0800][61.076s] GC(113) Humongous regions: 25->25
[2022-04-04T14:44:55.662+0800][61.076s] GC(113) Metaspace: 51850K(52560K)->51850K(52560K) NonClass: 45917K(46336K)->45917K(46336K) Class: 5932K(6224K)->5932K(6224K)
[2022-04-04T14:44:55.662+0800][61.076s] GC(113) Pause Young (Normal) (G1 Evacuation Pause) 442M->151M(512M) 3.773ms
[2022-04-04T14:44:55.662+0800][61.076s] GC(113) User=0.00s Sys=0.00s Real=0.00s
[2022-04-04T14:44:55.792+0800][61.205s] GC(114) Pause Young (Normal) (G1 Evacuation Pause)
[2022-04-04T14:44:55.792+0800][61.205s] GC(114) Using 8 workers of 8 for evacuation
[2022-04-04T14:44:55.795+0800][61.209s] GC(114)   Pre Evacuate Collection Set: 0.1ms
[2022-04-04T14:44:55.795+0800][61.209s] GC(114)   Merge Heap Roots: 0.1ms
[2022-04-04T14:44:55.795+0800][61.209s] GC(114)   Evacuate Collection Set: 2.2ms
[2022-04-04T14:44:55.795+0800][61.209s] GC(114)   Post Evacuate Collection Set: 0.7ms
[2022-04-04T14:44:55.795+0800][61.209s] GC(114)   Other: 0.2ms
[2022-04-04T14:44:55.795+0800][61.209s] GC(114) Eden regions: 292->0(290)
[2022-04-04T14:44:55.795+0800][61.209s] GC(114) Survivor regions: 15->16(39)
[2022-04-04T14:44:55.795+0800][61.209s] GC(114) Old regions: 112->113
[2022-04-04T14:44:55.795+0800][61.209s] GC(114) Archive regions: 0->0
[2022-04-04T14:44:55.796+0800][61.209s] GC(114) Humongous regions: 25->25
[2022-04-04T14:44:55.796+0800][61.209s] GC(114) Metaspace: 51850K(52560K)->51850K(52560K) NonClass: 45917K(46336K)->45917K(46336K) Class: 5932K(6224K)->5932K(6224K)
[2022-04-04T14:44:55.796+0800][61.209s] GC(114) Pause Young (Normal) (G1 Evacuation Pause) 443M->152M(512M) 3.782ms
[2022-04-04T14:44:55.796+0800][61.209s] GC(114) User=0.00s Sys=0.00s Real=0.00s
[2022-04-04T14:44:55.927+0800][61.341s] GC(115) Pause Young (Normal) (G1 Evacuation Pause)
[2022-04-04T14:44:55.927+0800][61.341s] GC(115) Using 8 workers of 8 for evacuation
[2022-04-04T14:44:55.930+0800][61.344s] GC(115)   Pre Evacuate Collection Set: 0.1ms
[2022-04-04T14:44:55.930+0800][61.344s] GC(115)   Merge Heap Roots: 0.1ms
[2022-04-04T14:44:55.931+0800][61.344s] GC(115)   Evacuate Collection Set: 2.2ms
[2022-04-04T14:44:55.931+0800][61.344s] GC(115)   Post Evacuate Collection Set: 0.7ms
[2022-04-04T14:44:55.931+0800][61.344s] GC(115)   Other: 0.2ms
[2022-04-04T14:44:55.931+0800][61.344s] GC(115) Eden regions: 290->0(289)
[2022-04-04T14:44:55.931+0800][61.344s] GC(115) Survivor regions: 16->16(39)
[2022-04-04T14:44:55.931+0800][61.344s] GC(115) Old regions: 113->113
[2022-04-04T14:44:55.931+0800][61.344s] GC(115) Archive regions: 0->0
[2022-04-04T14:44:55.931+0800][61.344s] GC(115) Humongous regions: 26->26
[2022-04-04T14:44:55.931+0800][61.344s] GC(115) Metaspace: 51850K(52560K)->51850K(52560K) NonClass: 45917K(46336K)->45917K(46336K) Class: 5932K(6224K)->5932K(6224K)
[2022-04-04T14:44:55.931+0800][61.344s] GC(115) Pause Young (Normal) (G1 Evacuation Pause) 443M->154M(512M) 3.641ms
[2022-04-04T14:44:55.931+0800][61.344s] GC(115) User=0.00s Sys=0.00s Real=0.00s
[2022-04-04T14:44:56.228+0800][61.641s] GC(116) Pause Young (Normal) (G1 Evacuation Pause)
[2022-04-04T14:44:56.228+0800][61.641s] GC(116) Using 8 workers of 8 for evacuation
[2022-04-04T14:44:56.231+0800][61.645s] GC(116)   Pre Evacuate Collection Set: 0.1ms
[2022-04-04T14:44:56.231+0800][61.645s] GC(116)   Merge Heap Roots: 0.1ms
[2022-04-04T14:44:56.231+0800][61.645s] GC(116)   Evacuate Collection Set: 2.4ms
[2022-04-04T14:44:56.231+0800][61.645s] GC(116)   Post Evacuate Collection Set: 0.8ms
[2022-04-04T14:44:56.232+0800][61.645s] GC(116)   Other: 0.3ms
[2022-04-04T14:44:56.232+0800][61.645s] GC(116) Eden regions: 289->0(288)
[2022-04-04T14:44:56.232+0800][61.645s] GC(116) Survivor regions: 16->16(39)
[2022-04-04T14:44:56.232+0800][61.645s] GC(116) Old regions: 113->114
[2022-04-04T14:44:56.232+0800][61.645s] GC(116) Archive regions: 0->0
[2022-04-04T14:44:56.232+0800][61.645s] GC(116) Humongous regions: 26->26
[2022-04-04T14:44:56.232+0800][61.645s] GC(116) Metaspace: 51850K(52560K)->51850K(52560K) NonClass: 45917K(46336K)->45917K(46336K) Class: 5932K(6224K)->5932K(6224K)
[2022-04-04T14:44:56.232+0800][61.646s] GC(116) Pause Young (Normal) (G1 Evacuation Pause) 443M->155M(512M) 4.405ms
[2022-04-04T14:44:56.232+0800][61.646s] GC(116) User=0.09s Sys=0.00s Real=0.00s
[2022-04-04T14:44:56.373+0800][61.787s] GC(117) Pause Young (Normal) (G1 Evacuation Pause)
[2022-04-04T14:44:56.373+0800][61.787s] GC(117) Using 8 workers of 8 for evacuation
[2022-04-04T14:44:56.377+0800][61.790s] GC(117)   Pre Evacuate Collection Set: 0.2ms
[2022-04-04T14:44:56.377+0800][61.790s] GC(117)   Merge Heap Roots: 0.2ms
[2022-04-04T14:44:56.377+0800][61.790s] GC(117)   Evacuate Collection Set: 2.3ms
[2022-04-04T14:44:56.377+0800][61.790s] GC(117)   Post Evacuate Collection Set: 0.7ms
[2022-04-04T14:44:56.377+0800][61.791s] GC(117)   Other: 0.2ms
[2022-04-04T14:44:56.377+0800][61.791s] GC(117) Eden regions: 288->0(287)
[2022-04-04T14:44:56.377+0800][61.791s] GC(117) Survivor regions: 16->16(38)
[2022-04-04T14:44:56.377+0800][61.791s] GC(117) Old regions: 114->115
[2022-04-04T14:44:56.377+0800][61.791s] GC(117) Archive regions: 0->0
[2022-04-04T14:44:56.377+0800][61.791s] GC(117) Humongous regions: 26->26
[2022-04-04T14:44:56.377+0800][61.791s] GC(117) Metaspace: 51850K(52560K)->51850K(52560K) NonClass: 45917K(46336K)->45917K(46336K) Class: 5932K(6224K)->5932K(6224K)
[2022-04-04T14:44:56.377+0800][61.791s] GC(117) Pause Young (Normal) (G1 Evacuation Pause) 443M->156M(512M) 3.796ms
[2022-04-04T14:44:56.377+0800][61.791s] GC(117) User=0.00s Sys=0.00s Real=0.00s
[2022-04-04T14:44:56.500+0800][61.913s] GC(118) Pause Young (Normal) (G1 Evacuation Pause)
[2022-04-04T14:44:56.500+0800][61.913s] GC(118) Using 8 workers of 8 for evacuation
[2022-04-04T14:44:56.503+0800][61.917s] GC(118)   Pre Evacuate Collection Set: 0.1ms
[2022-04-04T14:44:56.503+0800][61.917s] GC(118)   Merge Heap Roots: 0.1ms
[2022-04-04T14:44:56.503+0800][61.917s] GC(118)   Evacuate Collection Set: 2.3ms
[2022-04-04T14:44:56.503+0800][61.917s] GC(118)   Post Evacuate Collection Set: 0.7ms
[2022-04-04T14:44:56.503+0800][61.917s] GC(118)   Other: 0.2ms
[2022-04-04T14:44:56.503+0800][61.917s] GC(118) Eden regions: 287->0(285)
[2022-04-04T14:44:56.503+0800][61.917s] GC(118) Survivor regions: 16->17(38)
[2022-04-04T14:44:56.503+0800][61.917s] GC(118) Old regions: 115->115
[2022-04-04T14:44:56.503+0800][61.917s] GC(118) Archive regions: 0->0
[2022-04-04T14:44:56.503+0800][61.917s] GC(118) Humongous regions: 26->26
[2022-04-04T14:44:56.503+0800][61.917s] GC(118) Metaspace: 51850K(52560K)->51850K(52560K) NonClass: 45917K(46336K)->45917K(46336K) Class: 5932K(6224K)->5932K(6224K)
[2022-04-04T14:44:56.503+0800][61.917s] GC(118) Pause Young (Normal) (G1 Evacuation Pause) 443M->157M(512M) 3.686ms
[2022-04-04T14:44:56.503+0800][61.917s] GC(118) User=0.00s Sys=0.00s Real=0.00s
[2022-04-04T14:44:56.639+0800][62.053s] GC(119) Pause Young (Normal) (G1 Evacuation Pause)
[2022-04-04T14:44:56.639+0800][62.053s] GC(119) Using 8 workers of 8 for evacuation
[2022-04-04T14:44:56.642+0800][62.056s] GC(119)   Pre Evacuate Collection Set: 0.1ms
[2022-04-04T14:44:56.643+0800][62.056s] GC(119)   Merge Heap Roots: 0.1ms
[2022-04-04T14:44:56.643+0800][62.056s] GC(119)   Evacuate Collection Set: 2.2ms
[2022-04-04T14:44:56.643+0800][62.056s] GC(119)   Post Evacuate Collection Set: 0.8ms
[2022-04-04T14:44:56.643+0800][62.056s] GC(119)   Other: 0.2ms
[2022-04-04T14:44:56.643+0800][62.056s] GC(119) Eden regions: 285->0(281)
[2022-04-04T14:44:56.643+0800][62.056s] GC(119) Survivor regions: 17->18(38)
[2022-04-04T14:44:56.643+0800][62.056s] GC(119) Old regions: 115->116
[2022-04-04T14:44:56.643+0800][62.056s] GC(119) Archive regions: 0->0
[2022-04-04T14:44:56.643+0800][62.056s] GC(119) Humongous regions: 28->27
[2022-04-04T14:44:56.643+0800][62.056s] GC(119) Metaspace: 51850K(52560K)->51850K(52560K) NonClass: 45917K(46336K)->45917K(46336K) Class: 5932K(6224K)->5932K(6224K)
[2022-04-04T14:44:56.643+0800][62.056s] GC(119) Pause Young (Normal) (G1 Evacuation Pause) 444M->159M(512M) 3.760ms
[2022-04-04T14:44:56.643+0800][62.056s] GC(119) User=0.00s Sys=0.00s Real=0.00s
[2022-04-04T14:44:56.773+0800][62.187s] GC(120) Pause Young (Normal) (G1 Evacuation Pause)
[2022-04-04T14:44:56.773+0800][62.187s] GC(120) Using 8 workers of 8 for evacuation
[2022-04-04T14:44:56.778+0800][62.191s] GC(120)   Pre Evacuate Collection Set: 0.2ms
[2022-04-04T14:44:56.778+0800][62.191s] GC(120)   Merge Heap Roots: 0.2ms
[2022-04-04T14:44:56.778+0800][62.191s] GC(120)   Evacuate Collection Set: 3.2ms
[2022-04-04T14:44:56.778+0800][62.191s] GC(120)   Post Evacuate Collection Set: 0.9ms
[2022-04-04T14:44:56.778+0800][62.191s] GC(120)   Other: 0.2ms
[2022-04-04T14:44:56.778+0800][62.191s] GC(120) Eden regions: 281->0(280)
[2022-04-04T14:44:56.778+0800][62.191s] GC(120) Survivor regions: 18->18(38)
[2022-04-04T14:44:56.778+0800][62.191s] GC(120) Old regions: 116->116
[2022-04-04T14:44:56.778+0800][62.191s] GC(120) Archive regions: 0->0
[2022-04-04T14:44:56.778+0800][62.191s] GC(120) Humongous regions: 28->28
[2022-04-04T14:44:56.778+0800][62.191s] GC(120) Metaspace: 51850K(52560K)->51850K(52560K) NonClass: 45917K(46336K)->45917K(46336K) Class: 5932K(6224K)->5932K(6224K)
[2022-04-04T14:44:56.778+0800][62.191s] GC(120) Pause Young (Normal) (G1 Evacuation Pause) 441M->161M(512M) 4.898ms
[2022-04-04T14:44:56.778+0800][62.192s] GC(120) User=0.12s Sys=0.00s Real=0.01s
[2022-04-04T14:44:56.900+0800][62.314s] GC(121) Pause Young (Normal) (G1 Evacuation Pause)
[2022-04-04T14:44:56.901+0800][62.314s] GC(121) Using 8 workers of 8 for evacuation
[2022-04-04T14:44:56.904+0800][62.317s] GC(121)   Pre Evacuate Collection Set: 0.1ms
[2022-04-04T14:44:56.904+0800][62.317s] GC(121)   Merge Heap Roots: 0.1ms
[2022-04-04T14:44:56.904+0800][62.317s] GC(121)   Evacuate Collection Set: 2.3ms
[2022-04-04T14:44:56.904+0800][62.317s] GC(121)   Post Evacuate Collection Set: 0.7ms
[2022-04-04T14:44:56.904+0800][62.317s] GC(121)   Other: 0.2ms
[2022-04-04T14:44:56.904+0800][62.317s] GC(121) Eden regions: 280->0(281)
[2022-04-04T14:44:56.904+0800][62.317s] GC(121) Survivor regions: 18->17(38)
[2022-04-04T14:44:56.904+0800][62.317s] GC(121) Old regions: 116->117
[2022-04-04T14:44:56.904+0800][62.317s] GC(121) Archive regions: 0->0
[2022-04-04T14:44:56.904+0800][62.317s] GC(121) Humongous regions: 28->28
[2022-04-04T14:44:56.904+0800][62.317s] GC(121) Metaspace: 51850K(52560K)->51850K(52560K) NonClass: 45917K(46336K)->45917K(46336K) Class: 5932K(6224K)->5932K(6224K)
[2022-04-04T14:44:56.904+0800][62.318s] GC(121) Pause Young (Normal) (G1 Evacuation Pause) 441M->161M(512M) 3.756ms
[2022-04-04T14:44:56.904+0800][62.318s] GC(121) User=0.02s Sys=0.00s Real=0.00s
[2022-04-04T14:44:57.013+0800][62.427s] GC(122) Pause Young (Normal) (G1 Evacuation Pause)
[2022-04-04T14:44:57.013+0800][62.427s] GC(122) Using 8 workers of 8 for evacuation
[2022-04-04T14:44:57.017+0800][62.430s] GC(122)   Pre Evacuate Collection Set: 0.1ms
[2022-04-04T14:44:57.017+0800][62.430s] GC(122)   Merge Heap Roots: 0.1ms
[2022-04-04T14:44:57.017+0800][62.430s] GC(122)   Evacuate Collection Set: 2.4ms
[2022-04-04T14:44:57.017+0800][62.430s] GC(122)   Post Evacuate Collection Set: 0.7ms
[2022-04-04T14:44:57.017+0800][62.430s] GC(122)   Other: 0.2ms
[2022-04-04T14:44:57.017+0800][62.430s] GC(122) Eden regions: 281->0(279)
[2022-04-04T14:44:57.017+0800][62.430s] GC(122) Survivor regions: 17->14(38)
[2022-04-04T14:44:57.017+0800][62.430s] GC(122) Old regions: 117->123
[2022-04-04T14:44:57.017+0800][62.431s] GC(122) Archive regions: 0->0
[2022-04-04T14:44:57.017+0800][62.431s] GC(122) Humongous regions: 28->28
[2022-04-04T14:44:57.017+0800][62.431s] GC(122) Metaspace: 51850K(52560K)->51850K(52560K) NonClass: 45917K(46336K)->45917K(46336K) Class: 5932K(6224K)->5932K(6224K)
[2022-04-04T14:44:57.017+0800][62.431s] GC(122) Pause Young (Normal) (G1 Evacuation Pause) 442M->163M(512M) 3.905ms
[2022-04-04T14:44:57.017+0800][62.431s] GC(122) User=0.00s Sys=0.00s Real=0.00s
[2022-04-04T14:44:57.137+0800][62.550s] GC(123) Pause Young (Normal) (G1 Evacuation Pause)
[2022-04-04T14:44:57.137+0800][62.550s] GC(123) Using 8 workers of 8 for evacuation
[2022-04-04T14:44:57.140+0800][62.553s] GC(123)   Pre Evacuate Collection Set: 0.1ms
[2022-04-04T14:44:57.140+0800][62.553s] GC(123)   Merge Heap Roots: 0.2ms
[2022-04-04T14:44:57.140+0800][62.553s] GC(123)   Evacuate Collection Set: 1.9ms
[2022-04-04T14:44:57.140+0800][62.553s] GC(123)   Post Evacuate Collection Set: 0.6ms
[2022-04-04T14:44:57.140+0800][62.553s] GC(123)   Other: 0.2ms
[2022-04-04T14:44:57.140+0800][62.553s] GC(123) Eden regions: 279->0(281)
[2022-04-04T14:44:57.140+0800][62.553s] GC(123) Survivor regions: 14->14(37)
[2022-04-04T14:44:57.140+0800][62.553s] GC(123) Old regions: 123->123
[2022-04-04T14:44:57.140+0800][62.553s] GC(123) Archive regions: 0->0
[2022-04-04T14:44:57.140+0800][62.553s] GC(123) Humongous regions: 28->28
[2022-04-04T14:44:57.140+0800][62.553s] GC(123) Metaspace: 51850K(52560K)->51850K(52560K) NonClass: 45917K(46336K)->45917K(46336K) Class: 5932K(6224K)->5932K(6224K)
[2022-04-04T14:44:57.140+0800][62.553s] GC(123) Pause Young (Normal) (G1 Evacuation Pause) 442M->164M(512M) 3.253ms
[2022-04-04T14:44:57.140+0800][62.553s] GC(123) User=0.00s Sys=0.00s Real=0.00s
[2022-04-04T14:44:57.252+0800][62.665s] GC(124) Pause Young (Normal) (G1 Evacuation Pause)
[2022-04-04T14:44:57.252+0800][62.665s] GC(124) Using 8 workers of 8 for evacuation
[2022-04-04T14:44:57.255+0800][62.668s] GC(124)   Pre Evacuate Collection Set: 0.1ms
[2022-04-04T14:44:57.255+0800][62.668s] GC(124)   Merge Heap Roots: 0.1ms
[2022-04-04T14:44:57.255+0800][62.668s] GC(124)   Evacuate Collection Set: 2.1ms
[2022-04-04T14:44:57.255+0800][62.668s] GC(124)   Post Evacuate Collection Set: 0.8ms
[2022-04-04T14:44:57.255+0800][62.668s] GC(124)   Other: 0.2ms
[2022-04-04T14:44:57.255+0800][62.668s] GC(124) Eden regions: 281->0(279)
[2022-04-04T14:44:57.255+0800][62.668s] GC(124) Survivor regions: 14->15(37)
[2022-04-04T14:44:57.255+0800][62.668s] GC(124) Old regions: 123->123
[2022-04-04T14:44:57.255+0800][62.668s] GC(124) Archive regions: 0->0
[2022-04-04T14:44:57.255+0800][62.668s] GC(124) Humongous regions: 28->28
[2022-04-04T14:44:57.255+0800][62.669s] GC(124) Metaspace: 51850K(52560K)->51850K(52560K) NonClass: 45917K(46336K)->45917K(46336K) Class: 5932K(6224K)->5932K(6224K)
[2022-04-04T14:44:57.255+0800][62.669s] GC(124) Pause Young (Normal) (G1 Evacuation Pause) 445M->165M(512M) 3.565ms
[2022-04-04T14:44:57.255+0800][62.669s] GC(124) User=0.00s Sys=0.00s Real=0.00s
[2022-04-04T14:44:57.372+0800][62.786s] GC(125) Pause Young (Normal) (G1 Evacuation Pause)
[2022-04-04T14:44:57.372+0800][62.786s] GC(125) Using 8 workers of 8 for evacuation
[2022-04-04T14:44:57.376+0800][62.789s] GC(125)   Pre Evacuate Collection Set: 0.1ms
[2022-04-04T14:44:57.376+0800][62.789s] GC(125)   Merge Heap Roots: 0.1ms
[2022-04-04T14:44:57.376+0800][62.789s] GC(125)   Evacuate Collection Set: 2.2ms
[2022-04-04T14:44:57.376+0800][62.789s] GC(125)   Post Evacuate Collection Set: 0.7ms
[2022-04-04T14:44:57.376+0800][62.789s] GC(125)   Other: 0.2ms
[2022-04-04T14:44:57.376+0800][62.789s] GC(125) Eden regions: 279->0(279)
[2022-04-04T14:44:57.376+0800][62.789s] GC(125) Survivor regions: 15->15(37)
[2022-04-04T14:44:57.376+0800][62.789s] GC(125) Old regions: 123->123
[2022-04-04T14:44:57.376+0800][62.789s] GC(125) Archive regions: 0->0
[2022-04-04T14:44:57.376+0800][62.789s] GC(125) Humongous regions: 28->28
[2022-04-04T14:44:57.376+0800][62.789s] GC(125) Metaspace: 51850K(52560K)->51850K(52560K) NonClass: 45917K(46336K)->45917K(46336K) Class: 5932K(6224K)->5932K(6224K)
[2022-04-04T14:44:57.376+0800][62.789s] GC(125) Pause Young (Normal) (G1 Evacuation Pause) 444M->165M(512M) 3.667ms
[2022-04-04T14:44:57.376+0800][62.789s] GC(125) User=0.00s Sys=0.00s Real=0.00s
[2022-04-04T14:44:58.602+0800][64.015s] GC(126) Pause Young (Normal) (G1 Evacuation Pause)
[2022-04-04T14:44:58.602+0800][64.015s] GC(126) Using 8 workers of 8 for evacuation
[2022-04-04T14:44:58.605+0800][64.018s] GC(126)   Pre Evacuate Collection Set: 0.1ms
[2022-04-04T14:44:58.605+0800][64.018s] GC(126)   Merge Heap Roots: 0.1ms
[2022-04-04T14:44:58.605+0800][64.018s] GC(126)   Evacuate Collection Set: 1.9ms
[2022-04-04T14:44:58.605+0800][64.018s] GC(126)   Post Evacuate Collection Set: 0.8ms
[2022-04-04T14:44:58.605+0800][64.018s] GC(126)   Other: 0.2ms
[2022-04-04T14:44:58.605+0800][64.018s] GC(126) Eden regions: 279->0(278)
[2022-04-04T14:44:58.605+0800][64.018s] GC(126) Survivor regions: 15->15(37)
[2022-04-04T14:44:58.605+0800][64.018s] GC(126) Old regions: 123->124
[2022-04-04T14:44:58.605+0800][64.019s] GC(126) Archive regions: 0->0
[2022-04-04T14:44:58.605+0800][64.019s] GC(126) Humongous regions: 28->28
[2022-04-04T14:44:58.605+0800][64.019s] GC(126) Metaspace: 51852K(52560K)->51852K(52560K) NonClass: 45920K(46336K)->45920K(46336K) Class: 5932K(6224K)->5932K(6224K)
[2022-04-04T14:44:58.605+0800][64.019s] GC(126) Pause Young (Normal) (G1 Evacuation Pause) 444M->165M(512M) 3.323ms
[2022-04-04T14:44:58.605+0800][64.019s] GC(126) User=0.12s Sys=0.00s Real=0.00s
[2022-04-04T14:45:00.191+0800][65.604s] GC(127) Pause Young (Normal) (G1 Evacuation Pause)
[2022-04-04T14:45:00.191+0800][65.604s] GC(127) Using 8 workers of 8 for evacuation
[2022-04-04T14:45:00.194+0800][65.607s] GC(127)   Pre Evacuate Collection Set: 0.1ms
[2022-04-04T14:45:00.194+0800][65.608s] GC(127)   Merge Heap Roots: 0.2ms
[2022-04-04T14:45:00.194+0800][65.608s] GC(127)   Evacuate Collection Set: 2.3ms
[2022-04-04T14:45:00.194+0800][65.608s] GC(127)   Post Evacuate Collection Set: 0.8ms
[2022-04-04T14:45:00.194+0800][65.608s] GC(127)   Other: 0.2ms
[2022-04-04T14:45:00.194+0800][65.608s] GC(127) Eden regions: 278->0(280)
[2022-04-04T14:45:00.194+0800][65.608s] GC(127) Survivor regions: 15->14(37)
[2022-04-04T14:45:00.194+0800][65.608s] GC(127) Old regions: 124->124
[2022-04-04T14:45:00.194+0800][65.608s] GC(127) Archive regions: 0->0
[2022-04-04T14:45:00.194+0800][65.608s] GC(127) Humongous regions: 28->28
[2022-04-04T14:45:00.194+0800][65.608s] GC(127) Metaspace: 51852K(52560K)->51852K(52560K) NonClass: 45920K(46336K)->45920K(46336K) Class: 5932K(6224K)->5932K(6224K)
[2022-04-04T14:45:00.194+0800][65.608s] GC(127) Pause Young (Normal) (G1 Evacuation Pause) 443M->165M(512M) 3.861ms
[2022-04-04T14:45:00.194+0800][65.608s] GC(127) User=0.00s Sys=0.00s Real=0.00s
[2022-04-04T14:45:01.268+0800][66.681s] GC(128) Pause Young (Normal) (G1 Evacuation Pause)
[2022-04-04T14:45:01.268+0800][66.681s] GC(128) Using 8 workers of 8 for evacuation
[2022-04-04T14:45:01.272+0800][66.685s] GC(128)   Pre Evacuate Collection Set: 0.1ms
[2022-04-04T14:45:01.272+0800][66.685s] GC(128)   Merge Heap Roots: 0.1ms
[2022-04-04T14:45:01.272+0800][66.685s] GC(128)   Evacuate Collection Set: 2.7ms
[2022-04-04T14:45:01.272+0800][66.685s] GC(128)   Post Evacuate Collection Set: 0.7ms
[2022-04-04T14:45:01.272+0800][66.685s] GC(128)   Other: 0.3ms
[2022-04-04T14:45:01.272+0800][66.685s] GC(128) Eden regions: 280->0(279)
[2022-04-04T14:45:01.272+0800][66.685s] GC(128) Survivor regions: 14->14(37)
[2022-04-04T14:45:01.272+0800][66.685s] GC(128) Old regions: 124->125
[2022-04-04T14:45:01.272+0800][66.685s] GC(128) Archive regions: 0->0
[2022-04-04T14:45:01.272+0800][66.685s] GC(128) Humongous regions: 28->28
[2022-04-04T14:45:01.272+0800][66.685s] GC(128) Metaspace: 51852K(52560K)->51852K(52560K) NonClass: 45920K(46336K)->45920K(46336K) Class: 5932K(6224K)->5932K(6224K)
[2022-04-04T14:45:01.272+0800][66.686s] GC(128) Pause Young (Normal) (G1 Evacuation Pause) 445M->165M(512M) 4.184ms
[2022-04-04T14:45:01.272+0800][66.686s] GC(128) User=0.00s Sys=0.00s Real=0.00s
[2022-04-04T14:45:01.730+0800][67.143s] GC(129) Pause Young (Normal) (G1 Evacuation Pause)
[2022-04-04T14:45:01.730+0800][67.143s] GC(129) Using 8 workers of 8 for evacuation
[2022-04-04T14:45:01.733+0800][67.146s] GC(129)   Pre Evacuate Collection Set: 0.2ms
[2022-04-04T14:45:01.733+0800][67.147s] GC(129)   Merge Heap Roots: 0.1ms
[2022-04-04T14:45:01.733+0800][67.147s] GC(129)   Evacuate Collection Set: 1.9ms
[2022-04-04T14:45:01.733+0800][67.147s] GC(129)   Post Evacuate Collection Set: 0.8ms
[2022-04-04T14:45:01.733+0800][67.147s] GC(129)   Other: 0.2ms
[2022-04-04T14:45:01.733+0800][67.147s] GC(129) Eden regions: 279->0(280)
[2022-04-04T14:45:01.733+0800][67.147s] GC(129) Survivor regions: 14->13(37)
[2022-04-04T14:45:01.733+0800][67.147s] GC(129) Old regions: 125->126
[2022-04-04T14:45:01.733+0800][67.147s] GC(129) Archive regions: 0->0
[2022-04-04T14:45:01.734+0800][67.147s] GC(129) Humongous regions: 28->28
[2022-04-04T14:45:01.734+0800][67.147s] GC(129) Metaspace: 51854K(52560K)->51854K(52560K) NonClass: 45922K(46336K)->45922K(46336K) Class: 5932K(6224K)->5932K(6224K)
[2022-04-04T14:45:01.734+0800][67.147s] GC(129) Pause Young (Normal) (G1 Evacuation Pause) 444M->166M(512M) 3.569ms
[2022-04-04T14:45:01.734+0800][67.147s] GC(129) User=0.00s Sys=0.00s Real=0.00s
[2022-04-04T14:45:01.849+0800][67.263s] GC(130) Pause Young (Normal) (G1 Evacuation Pause)
[2022-04-04T14:45:01.849+0800][67.263s] GC(130) Using 8 workers of 8 for evacuation
[2022-04-04T14:45:01.853+0800][67.267s] GC(130)   Pre Evacuate Collection Set: 0.1ms
[2022-04-04T14:45:01.853+0800][67.267s] GC(130)   Merge Heap Roots: 0.2ms
[2022-04-04T14:45:01.853+0800][67.267s] GC(130)   Evacuate Collection Set: 2.7ms
[2022-04-04T14:45:01.853+0800][67.267s] GC(130)   Post Evacuate Collection Set: 0.8ms
[2022-04-04T14:45:01.853+0800][67.267s] GC(130)   Other: 0.2ms
[2022-04-04T14:45:01.854+0800][67.267s] GC(130) Eden regions: 280->0(278)
[2022-04-04T14:45:01.854+0800][67.267s] GC(130) Survivor regions: 13->14(37)
[2022-04-04T14:45:01.854+0800][67.267s] GC(130) Old regions: 126->126
[2022-04-04T14:45:01.854+0800][67.267s] GC(130) Archive regions: 0->0
[2022-04-04T14:45:01.854+0800][67.267s] GC(130) Humongous regions: 28->28
[2022-04-04T14:45:01.854+0800][67.267s] GC(130) Metaspace: 51854K(52560K)->51854K(52560K) NonClass: 45922K(46336K)->45922K(46336K) Class: 5932K(6224K)->5932K(6224K)
[2022-04-04T14:45:01.854+0800][67.267s] GC(130) Pause Young (Normal) (G1 Evacuation Pause) 446M->167M(512M) 4.436ms
[2022-04-04T14:45:01.854+0800][67.267s] GC(130) User=0.02s Sys=0.00s Real=0.01s
[2022-04-04T14:45:01.988+0800][67.401s] GC(131) Pause Young (Normal) (G1 Evacuation Pause)
[2022-04-04T14:45:01.988+0800][67.401s] GC(131) Using 8 workers of 8 for evacuation
[2022-04-04T14:45:01.991+0800][67.404s] GC(131)   Pre Evacuate Collection Set: 0.2ms
[2022-04-04T14:45:01.991+0800][67.404s] GC(131)   Merge Heap Roots: 0.1ms
[2022-04-04T14:45:01.991+0800][67.404s] GC(131)   Evacuate Collection Set: 2.0ms
[2022-04-04T14:45:01.991+0800][67.404s] GC(131)   Post Evacuate Collection Set: 0.8ms
[2022-04-04T14:45:01.991+0800][67.404s] GC(131)   Other: 0.2ms
[2022-04-04T14:45:01.991+0800][67.404s] GC(131) Eden regions: 278->0(275)
[2022-04-04T14:45:01.991+0800][67.404s] GC(131) Survivor regions: 14->15(37)
[2022-04-04T14:45:01.991+0800][67.404s] GC(131) Old regions: 126->127
[2022-04-04T14:45:01.991+0800][67.404s] GC(131) Archive regions: 0->0
[2022-04-04T14:45:01.991+0800][67.404s] GC(131) Humongous regions: 28->28
[2022-04-04T14:45:01.991+0800][67.404s] GC(131) Metaspace: 51854K(52560K)->51854K(52560K) NonClass: 45922K(46336K)->45922K(46336K) Class: 5932K(6224K)->5932K(6224K)
[2022-04-04T14:45:01.991+0800][67.404s] GC(131) Pause Young (Normal) (G1 Evacuation Pause) 445M->168M(512M) 3.432ms
[2022-04-04T14:45:01.991+0800][67.404s] GC(131) User=0.00s Sys=0.00s Real=0.00s
[2022-04-04T14:45:02.128+0800][67.542s] GC(132) Pause Young (Normal) (G1 Evacuation Pause)
[2022-04-04T14:45:02.128+0800][67.542s] GC(132) Using 8 workers of 8 for evacuation
[2022-04-04T14:45:02.131+0800][67.545s] GC(132)   Pre Evacuate Collection Set: 0.1ms
[2022-04-04T14:45:02.131+0800][67.545s] GC(132)   Merge Heap Roots: 0.1ms
[2022-04-04T14:45:02.131+0800][67.545s] GC(132)   Evacuate Collection Set: 2.0ms
[2022-04-04T14:45:02.131+0800][67.545s] GC(132)   Post Evacuate Collection Set: 0.8ms
[2022-04-04T14:45:02.132+0800][67.545s] GC(132)   Other: 0.2ms
[2022-04-04T14:45:02.132+0800][67.545s] GC(132) Eden regions: 275->0(274)
[2022-04-04T14:45:02.132+0800][67.545s] GC(132) Survivor regions: 15->15(37)
[2022-04-04T14:45:02.132+0800][67.545s] GC(132) Old regions: 127->128
[2022-04-04T14:45:02.132+0800][67.545s] GC(132) Archive regions: 0->0
[2022-04-04T14:45:02.132+0800][67.545s] GC(132) Humongous regions: 28->28
[2022-04-04T14:45:02.132+0800][67.545s] GC(132) Metaspace: 51854K(52560K)->51854K(52560K) NonClass: 45922K(46336K)->45922K(46336K) Class: 5932K(6224K)->5932K(6224K)
[2022-04-04T14:45:02.132+0800][67.545s] GC(132) Pause Young (Normal) (G1 Evacuation Pause) 443M->169M(512M) 3.721ms
[2022-04-04T14:45:02.132+0800][67.545s] GC(132) User=0.00s Sys=0.00s Real=0.00s
[2022-04-04T14:45:02.279+0800][67.693s] GC(133) Pause Young (Normal) (G1 Evacuation Pause)
[2022-04-04T14:45:02.279+0800][67.693s] GC(133) Using 8 workers of 8 for evacuation
[2022-04-04T14:45:02.282+0800][67.696s] GC(133)   Pre Evacuate Collection Set: 0.1ms
[2022-04-04T14:45:02.282+0800][67.696s] GC(133)   Merge Heap Roots: 0.1ms
[2022-04-04T14:45:02.283+0800][67.696s] GC(133)   Evacuate Collection Set: 2.1ms
[2022-04-04T14:45:02.283+0800][67.696s] GC(133)   Post Evacuate Collection Set: 0.5ms
[2022-04-04T14:45:02.283+0800][67.696s] GC(133)   Other: 0.2ms
[2022-04-04T14:45:02.283+0800][67.696s] GC(133) Eden regions: 274->0(273)
[2022-04-04T14:45:02.283+0800][67.696s] GC(133) Survivor regions: 15->15(37)
[2022-04-04T14:45:02.283+0800][67.696s] GC(133) Old regions: 128->128
[2022-04-04T14:45:02.283+0800][67.696s] GC(133) Archive regions: 0->0
[2022-04-04T14:45:02.283+0800][67.696s] GC(133) Humongous regions: 29->29
[2022-04-04T14:45:02.283+0800][67.696s] GC(133) Metaspace: 51854K(52560K)->51854K(52560K) NonClass: 45922K(46336K)->45922K(46336K) Class: 5932K(6224K)->5932K(6224K)
[2022-04-04T14:45:02.283+0800][67.696s] GC(133) Pause Young (Normal) (G1 Evacuation Pause) 444M->171M(512M) 3.325ms
[2022-04-04T14:45:02.283+0800][67.696s] GC(133) User=0.00s Sys=0.00s Real=0.00s
[2022-04-04T14:45:02.550+0800][67.963s] GC(134) Pause Young (Normal) (G1 Evacuation Pause)
[2022-04-04T14:45:02.550+0800][67.963s] GC(134) Using 8 workers of 8 for evacuation
[2022-04-04T14:45:02.553+0800][67.967s] GC(134)   Pre Evacuate Collection Set: 0.1ms
[2022-04-04T14:45:02.553+0800][67.967s] GC(134)   Merge Heap Roots: 0.1ms
[2022-04-04T14:45:02.553+0800][67.967s] GC(134)   Evacuate Collection Set: 2.3ms
[2022-04-04T14:45:02.554+0800][67.967s] GC(134)   Post Evacuate Collection Set: 0.8ms
[2022-04-04T14:45:02.554+0800][67.967s] GC(134)   Other: 0.2ms
[2022-04-04T14:45:02.554+0800][67.967s] GC(134) Eden regions: 273->0(270)
[2022-04-04T14:45:02.554+0800][67.967s] GC(134) Survivor regions: 15->16(36)
[2022-04-04T14:45:02.554+0800][67.967s] GC(134) Old regions: 128->129
[2022-04-04T14:45:02.554+0800][67.967s] GC(134) Archive regions: 0->0
[2022-04-04T14:45:02.554+0800][67.967s] GC(134) Humongous regions: 29->29
[2022-04-04T14:45:02.554+0800][67.967s] GC(134) Metaspace: 51854K(52560K)->51854K(52560K) NonClass: 45922K(46336K)->45922K(46336K) Class: 5932K(6224K)->5932K(6224K)
[2022-04-04T14:45:02.554+0800][67.967s] GC(134) Pause Young (Normal) (G1 Evacuation Pause) 444M->172M(512M) 4.112ms
[2022-04-04T14:45:02.554+0800][67.967s] GC(134) User=0.00s Sys=0.00s Real=0.00s
[2022-04-04T14:45:02.760+0800][68.173s] GC(135) Pause Young (Normal) (G1 Evacuation Pause)
[2022-04-04T14:45:02.760+0800][68.173s] GC(135) Using 8 workers of 8 for evacuation
[2022-04-04T14:45:02.763+0800][68.177s] GC(135)   Pre Evacuate Collection Set: 0.1ms
[2022-04-04T14:45:02.764+0800][68.177s] GC(135)   Merge Heap Roots: 0.1ms
[2022-04-04T14:45:02.764+0800][68.177s] GC(135)   Evacuate Collection Set: 2.3ms
[2022-04-04T14:45:02.764+0800][68.177s] GC(135)   Post Evacuate Collection Set: 0.7ms
[2022-04-04T14:45:02.764+0800][68.177s] GC(135)   Other: 0.3ms
[2022-04-04T14:45:02.764+0800][68.177s] GC(135) Eden regions: 270->0(270)
[2022-04-04T14:45:02.764+0800][68.177s] GC(135) Survivor regions: 16->16(36)
[2022-04-04T14:45:02.764+0800][68.177s] GC(135) Old regions: 129->129
[2022-04-04T14:45:02.764+0800][68.177s] GC(135) Archive regions: 0->0
[2022-04-04T14:45:02.764+0800][68.177s] GC(135) Humongous regions: 29->29
[2022-04-04T14:45:02.764+0800][68.177s] GC(135) Metaspace: 51854K(52560K)->51854K(52560K) NonClass: 45922K(46336K)->45922K(46336K) Class: 5932K(6224K)->5932K(6224K)
[2022-04-04T14:45:02.764+0800][68.177s] GC(135) Pause Young (Normal) (G1 Evacuation Pause) 442M->173M(512M) 4.059ms
[2022-04-04T14:45:02.764+0800][68.178s] GC(135) User=0.11s Sys=0.00s Real=0.00s
[2022-04-04T14:45:02.915+0800][68.328s] GC(136) Pause Young (Normal) (G1 Evacuation Pause)
[2022-04-04T14:45:02.915+0800][68.328s] GC(136) Using 8 workers of 8 for evacuation
[2022-04-04T14:45:02.918+0800][68.331s] GC(136)   Pre Evacuate Collection Set: 0.1ms
[2022-04-04T14:45:02.918+0800][68.331s] GC(136)   Merge Heap Roots: 0.1ms
[2022-04-04T14:45:02.918+0800][68.331s] GC(136)   Evacuate Collection Set: 2.2ms
[2022-04-04T14:45:02.918+0800][68.331s] GC(136)   Post Evacuate Collection Set: 0.7ms
[2022-04-04T14:45:02.918+0800][68.331s] GC(136)   Other: 0.2ms
[2022-04-04T14:45:02.918+0800][68.331s] GC(136) Eden regions: 270->0(269)
[2022-04-04T14:45:02.918+0800][68.331s] GC(136) Survivor regions: 16->16(36)
[2022-04-04T14:45:02.918+0800][68.331s] GC(136) Old regions: 129->130
[2022-04-04T14:45:02.918+0800][68.331s] GC(136) Archive regions: 0->0
[2022-04-04T14:45:02.918+0800][68.331s] GC(136) Humongous regions: 29->29
[2022-04-04T14:45:02.918+0800][68.331s] GC(136) Metaspace: 51854K(52560K)->51854K(52560K) NonClass: 45922K(46336K)->45922K(46336K) Class: 5932K(6224K)->5932K(6224K)
[2022-04-04T14:45:02.918+0800][68.331s] GC(136) Pause Young (Normal) (G1 Evacuation Pause) 443M->174M(512M) 3.678ms
[2022-04-04T14:45:02.918+0800][68.332s] GC(136) User=0.12s Sys=0.00s Real=0.00s
[2022-04-04T14:45:03.032+0800][68.445s] GC(137) Pause Young (Normal) (G1 Evacuation Pause)
[2022-04-04T14:45:03.032+0800][68.445s] GC(137) Using 8 workers of 8 for evacuation
[2022-04-04T14:45:03.035+0800][68.448s] GC(137)   Pre Evacuate Collection Set: 0.1ms
[2022-04-04T14:45:03.035+0800][68.448s] GC(137)   Merge Heap Roots: 0.1ms
[2022-04-04T14:45:03.035+0800][68.448s] GC(137)   Evacuate Collection Set: 2.2ms
[2022-04-04T14:45:03.035+0800][68.448s] GC(137)   Post Evacuate Collection Set: 0.7ms
[2022-04-04T14:45:03.035+0800][68.449s] GC(137)   Other: 0.3ms
[2022-04-04T14:45:03.035+0800][68.449s] GC(137) Eden regions: 269->0(267)
[2022-04-04T14:45:03.035+0800][68.449s] GC(137) Survivor regions: 16->17(36)
[2022-04-04T14:45:03.035+0800][68.449s] GC(137) Old regions: 130->130
[2022-04-04T14:45:03.035+0800][68.449s] GC(137) Archive regions: 0->0
[2022-04-04T14:45:03.035+0800][68.449s] GC(137) Humongous regions: 29->29
[2022-04-04T14:45:03.035+0800][68.449s] GC(137) Metaspace: 51854K(52560K)->51854K(52560K) NonClass: 45922K(46336K)->45922K(46336K) Class: 5932K(6224K)->5932K(6224K)
[2022-04-04T14:45:03.035+0800][68.449s] GC(137) Pause Young (Normal) (G1 Evacuation Pause) 443M->175M(512M) 3.756ms
[2022-04-04T14:45:03.036+0800][68.449s] GC(137) User=0.00s Sys=0.00s Real=0.00s
[2022-04-04T14:45:03.171+0800][68.584s] GC(138) Pause Young (Normal) (G1 Evacuation Pause)
[2022-04-04T14:45:03.171+0800][68.584s] GC(138) Using 8 workers of 8 for evacuation
[2022-04-04T14:45:03.175+0800][68.588s] GC(138)   Pre Evacuate Collection Set: 0.1ms
[2022-04-04T14:45:03.175+0800][68.588s] GC(138)   Merge Heap Roots: 0.1ms
[2022-04-04T14:45:03.175+0800][68.588s] GC(138)   Evacuate Collection Set: 2.3ms
[2022-04-04T14:45:03.175+0800][68.588s] GC(138)   Post Evacuate Collection Set: 0.9ms
[2022-04-04T14:45:03.175+0800][68.588s] GC(138)   Other: 0.2ms
[2022-04-04T14:45:03.175+0800][68.588s] GC(138) Eden regions: 267->0(264)
[2022-04-04T14:45:03.175+0800][68.588s] GC(138) Survivor regions: 17->17(36)
[2022-04-04T14:45:03.175+0800][68.588s] GC(138) Old regions: 130->131
[2022-04-04T14:45:03.175+0800][68.588s] GC(138) Archive regions: 0->0
[2022-04-04T14:45:03.175+0800][68.588s] GC(138) Humongous regions: 32->31
[2022-04-04T14:45:03.175+0800][68.588s] GC(138) Metaspace: 51854K(52560K)->51854K(52560K) NonClass: 45922K(46336K)->45922K(46336K) Class: 5932K(6224K)->5932K(6224K)
[2022-04-04T14:45:03.175+0800][68.588s] GC(138) Pause Young (Normal) (G1 Evacuation Pause) 445M->178M(512M) 4.035ms
[2022-04-04T14:45:03.175+0800][68.588s] GC(138) User=0.00s Sys=0.00s Real=0.00s
[2022-04-04T14:45:03.305+0800][68.718s] GC(139) Pause Young (Normal) (G1 Evacuation Pause)
[2022-04-04T14:45:03.305+0800][68.718s] GC(139) Using 8 workers of 8 for evacuation
[2022-04-04T14:45:03.308+0800][68.721s] GC(139)   Pre Evacuate Collection Set: 0.1ms
[2022-04-04T14:45:03.308+0800][68.721s] GC(139)   Merge Heap Roots: 0.1ms
[2022-04-04T14:45:03.308+0800][68.721s] GC(139)   Evacuate Collection Set: 2.2ms
[2022-04-04T14:45:03.308+0800][68.721s] GC(139)   Post Evacuate Collection Set: 0.7ms
[2022-04-04T14:45:03.308+0800][68.721s] GC(139)   Other: 0.2ms
[2022-04-04T14:45:03.308+0800][68.721s] GC(139) Eden regions: 264->0(261)
[2022-04-04T14:45:03.308+0800][68.721s] GC(139) Survivor regions: 17->18(36)
[2022-04-04T14:45:03.308+0800][68.721s] GC(139) Old regions: 131->132
[2022-04-04T14:45:03.308+0800][68.721s] GC(139) Archive regions: 0->0
[2022-04-04T14:45:03.308+0800][68.721s] GC(139) Humongous regions: 31->31
[2022-04-04T14:45:03.308+0800][68.721s] GC(139) Metaspace: 51854K(52560K)->51854K(52560K) NonClass: 45922K(46336K)->45922K(46336K) Class: 5932K(6224K)->5932K(6224K)
[2022-04-04T14:45:03.308+0800][68.721s] GC(139) Pause Young (Normal) (G1 Evacuation Pause) 442M->179M(512M) 3.622ms
[2022-04-04T14:45:03.308+0800][68.721s] GC(139) User=0.00s Sys=0.00s Real=0.00s
[2022-04-04T14:45:03.432+0800][68.845s] GC(140) Pause Young (Normal) (G1 Evacuation Pause)
[2022-04-04T14:45:03.432+0800][68.845s] GC(140) Using 8 workers of 8 for evacuation
[2022-04-04T14:45:03.436+0800][68.849s] GC(140)   Pre Evacuate Collection Set: 0.1ms
[2022-04-04T14:45:03.436+0800][68.849s] GC(140)   Merge Heap Roots: 0.1ms
[2022-04-04T14:45:03.436+0800][68.849s] GC(140)   Evacuate Collection Set: 2.7ms
[2022-04-04T14:45:03.436+0800][68.849s] GC(140)   Post Evacuate Collection Set: 0.6ms
[2022-04-04T14:45:03.436+0800][68.849s] GC(140)   Other: 0.2ms
[2022-04-04T14:45:03.436+0800][68.849s] GC(140) Eden regions: 261->0(263)
[2022-04-04T14:45:03.436+0800][68.849s] GC(140) Survivor regions: 18->16(35)
[2022-04-04T14:45:03.436+0800][68.849s] GC(140) Old regions: 132->134
[2022-04-04T14:45:03.436+0800][68.850s] GC(140) Archive regions: 0->0
[2022-04-04T14:45:03.436+0800][68.850s] GC(140) Humongous regions: 31->31
[2022-04-04T14:45:03.436+0800][68.850s] GC(140) Metaspace: 51854K(52560K)->51854K(52560K) NonClass: 45922K(46336K)->45922K(46336K) Class: 5932K(6224K)->5932K(6224K)
[2022-04-04T14:45:03.436+0800][68.850s] GC(140) Pause Young (Normal) (G1 Evacuation Pause) 440M->180M(512M) 4.216ms
[2022-04-04T14:45:03.436+0800][68.850s] GC(140) User=0.03s Sys=0.00s Real=0.00s
[2022-04-04T14:45:03.561+0800][68.975s] GC(141) Pause Young (Normal) (G1 Evacuation Pause)
[2022-04-04T14:45:03.561+0800][68.975s] GC(141) Using 8 workers of 8 for evacuation
[2022-04-04T14:45:03.565+0800][68.978s] GC(141)   Pre Evacuate Collection Set: 0.1ms
[2022-04-04T14:45:03.565+0800][68.978s] GC(141)   Merge Heap Roots: 0.1ms
[2022-04-04T14:45:03.565+0800][68.978s] GC(141)   Evacuate Collection Set: 2.2ms
[2022-04-04T14:45:03.565+0800][68.978s] GC(141)   Post Evacuate Collection Set: 0.8ms
[2022-04-04T14:45:03.565+0800][68.978s] GC(141)   Other: 0.2ms
[2022-04-04T14:45:03.565+0800][68.978s] GC(141) Eden regions: 263->0(266)
[2022-04-04T14:45:03.565+0800][68.978s] GC(141) Survivor regions: 16->13(35)
[2022-04-04T14:45:03.565+0800][68.978s] GC(141) Old regions: 134->137
[2022-04-04T14:45:03.565+0800][68.978s] GC(141) Archive regions: 0->0
[2022-04-04T14:45:03.565+0800][68.978s] GC(141) Humongous regions: 31->31
[2022-04-04T14:45:03.565+0800][68.978s] GC(141) Metaspace: 51854K(52560K)->51854K(52560K) NonClass: 45922K(46336K)->45922K(46336K) Class: 5932K(6224K)->5932K(6224K)
[2022-04-04T14:45:03.565+0800][68.978s] GC(141) Pause Young (Normal) (G1 Evacuation Pause) 443M->180M(512M) 3.678ms
[2022-04-04T14:45:03.565+0800][68.978s] GC(141) User=0.00s Sys=0.00s Real=0.00s
[2022-04-04T14:45:03.673+0800][69.086s] GC(142) Pause Young (Normal) (G1 Evacuation Pause)
[2022-04-04T14:45:03.673+0800][69.086s] GC(142) Using 8 workers of 8 for evacuation
[2022-04-04T14:45:03.676+0800][69.089s] GC(142)   Pre Evacuate Collection Set: 0.2ms
[2022-04-04T14:45:03.676+0800][69.089s] GC(142)   Merge Heap Roots: 0.1ms
[2022-04-04T14:45:03.676+0800][69.089s] GC(142)   Evacuate Collection Set: 1.9ms
[2022-04-04T14:45:03.676+0800][69.089s] GC(142)   Post Evacuate Collection Set: 0.8ms
[2022-04-04T14:45:03.676+0800][69.090s] GC(142)   Other: 0.2ms
[2022-04-04T14:45:03.676+0800][69.090s] GC(142) Eden regions: 266->0(263)
[2022-04-04T14:45:03.676+0800][69.090s] GC(142) Survivor regions: 13->14(35)
[2022-04-04T14:45:03.676+0800][69.090s] GC(142) Old regions: 137->137
[2022-04-04T14:45:03.676+0800][69.090s] GC(142) Archive regions: 0->0
[2022-04-04T14:45:03.676+0800][69.090s] GC(142) Humongous regions: 31->31
[2022-04-04T14:45:03.676+0800][69.090s] GC(142) Metaspace: 51854K(52560K)->51854K(52560K) NonClass: 45922K(46336K)->45922K(46336K) Class: 5932K(6224K)->5932K(6224K)
[2022-04-04T14:45:03.676+0800][69.090s] GC(142) Pause Young (Normal) (G1 Evacuation Pause) 446M->181M(512M) 3.368ms
[2022-04-04T14:45:03.676+0800][69.090s] GC(142) User=0.00s Sys=0.00s Real=0.00s
[2022-04-04T14:45:03.783+0800][69.197s] GC(143) Pause Young (Normal) (G1 Evacuation Pause)
[2022-04-04T14:45:03.783+0800][69.197s] GC(143) Using 8 workers of 8 for evacuation
[2022-04-04T14:45:03.787+0800][69.200s] GC(143)   Pre Evacuate Collection Set: 0.2ms
[2022-04-04T14:45:03.787+0800][69.200s] GC(143)   Merge Heap Roots: 0.1ms
[2022-04-04T14:45:03.787+0800][69.200s] GC(143)   Evacuate Collection Set: 2.2ms
[2022-04-04T14:45:03.787+0800][69.200s] GC(143)   Post Evacuate Collection Set: 0.7ms
[2022-04-04T14:45:03.787+0800][69.200s] GC(143)   Other: 0.2ms
[2022-04-04T14:45:03.787+0800][69.200s] GC(143) Eden regions: 263->0(260)
[2022-04-04T14:45:03.787+0800][69.200s] GC(143) Survivor regions: 14->16(35)
[2022-04-04T14:45:03.787+0800][69.200s] GC(143) Old regions: 137->137
[2022-04-04T14:45:03.787+0800][69.200s] GC(143) Archive regions: 0->0
[2022-04-04T14:45:03.787+0800][69.200s] GC(143) Humongous regions: 31->31
[2022-04-04T14:45:03.787+0800][69.200s] GC(143) Metaspace: 51854K(52560K)->51854K(52560K) NonClass: 45922K(46336K)->45922K(46336K) Class: 5932K(6224K)->5932K(6224K)
[2022-04-04T14:45:03.787+0800][69.200s] GC(143) Pause Young (Normal) (G1 Evacuation Pause) 444M->183M(512M) 3.847ms
[2022-04-04T14:45:03.787+0800][69.201s] GC(143) User=0.00s Sys=0.00s Real=0.00s
[2022-04-04T14:45:03.892+0800][69.305s] GC(144) Pause Young (Normal) (G1 Evacuation Pause)
[2022-04-04T14:45:03.892+0800][69.305s] GC(144) Using 8 workers of 8 for evacuation
[2022-04-04T14:45:03.895+0800][69.308s] GC(144)   Pre Evacuate Collection Set: 0.2ms
[2022-04-04T14:45:03.895+0800][69.308s] GC(144)   Merge Heap Roots: 0.2ms
[2022-04-04T14:45:03.895+0800][69.308s] GC(144)   Evacuate Collection Set: 2.2ms
[2022-04-04T14:45:03.895+0800][69.308s] GC(144)   Post Evacuate Collection Set: 0.8ms
[2022-04-04T14:45:03.895+0800][69.309s] GC(144)   Other: 0.2ms
[2022-04-04T14:45:03.895+0800][69.309s] GC(144) Eden regions: 260->0(259)
[2022-04-04T14:45:03.895+0800][69.309s] GC(144) Survivor regions: 16->16(35)
[2022-04-04T14:45:03.895+0800][69.309s] GC(144) Old regions: 137->138
[2022-04-04T14:45:03.895+0800][69.309s] GC(144) Archive regions: 0->0
[2022-04-04T14:45:03.895+0800][69.309s] GC(144) Humongous regions: 31->31
[2022-04-04T14:45:03.895+0800][69.309s] GC(144) Metaspace: 51854K(52560K)->51854K(52560K) NonClass: 45922K(46336K)->45922K(46336K) Class: 5932K(6224K)->5932K(6224K)
[2022-04-04T14:45:03.895+0800][69.309s] GC(144) Pause Young (Normal) (G1 Evacuation Pause) 443M->184M(512M) 3.810ms
[2022-04-04T14:45:03.895+0800][69.309s] GC(144) User=0.00s Sys=0.00s Real=0.00s
[2022-04-04T14:45:05.472+0800][70.886s] GC(145) Pause Young (Normal) (G1 Evacuation Pause)
[2022-04-04T14:45:05.472+0800][70.886s] GC(145) Using 8 workers of 8 for evacuation
[2022-04-04T14:45:05.475+0800][70.889s] GC(145)   Pre Evacuate Collection Set: 0.1ms
[2022-04-04T14:45:05.475+0800][70.889s] GC(145)   Merge Heap Roots: 0.1ms
[2022-04-04T14:45:05.475+0800][70.889s] GC(145)   Evacuate Collection Set: 1.9ms
[2022-04-04T14:45:05.475+0800][70.889s] GC(145)   Post Evacuate Collection Set: 0.6ms
[2022-04-04T14:45:05.475+0800][70.889s] GC(145)   Other: 0.2ms
[2022-04-04T14:45:05.475+0800][70.889s] GC(145) Eden regions: 259->0(260)
[2022-04-04T14:45:05.475+0800][70.889s] GC(145) Survivor regions: 16->15(35)
[2022-04-04T14:45:05.475+0800][70.889s] GC(145) Old regions: 138->139
[2022-04-04T14:45:05.475+0800][70.889s] GC(145) Archive regions: 0->0
[2022-04-04T14:45:05.475+0800][70.889s] GC(145) Humongous regions: 31->31
[2022-04-04T14:45:05.475+0800][70.889s] GC(145) Metaspace: 52253K(53072K)->52253K(53072K) NonClass: 46271K(46848K)->46271K(46848K) Class: 5981K(6224K)->5981K(6224K)
[2022-04-04T14:45:05.475+0800][70.889s] GC(145) Pause Young (Normal) (G1 Evacuation Pause) 443M->183M(512M) 3.312ms
[2022-04-04T14:45:05.475+0800][70.889s] GC(145) User=0.00s Sys=0.00s Real=0.00s
[2022-04-04T14:45:06.755+0800][72.168s] GC(146) Pause Young (Normal) (G1 Evacuation Pause)
[2022-04-04T14:45:06.755+0800][72.168s] GC(146) Using 8 workers of 8 for evacuation
[2022-04-04T14:45:06.759+0800][72.171s] GC(146)   Pre Evacuate Collection Set: 0.2ms
[2022-04-04T14:45:06.759+0800][72.171s] GC(146)   Merge Heap Roots: 0.1ms
[2022-04-04T14:45:06.759+0800][72.172s] GC(146)   Evacuate Collection Set: 2.2ms
[2022-04-04T14:45:06.759+0800][72.172s] GC(146)   Post Evacuate Collection Set: 0.6ms
[2022-04-04T14:45:06.759+0800][72.172s] GC(146)   Other: 0.2ms
[2022-04-04T14:45:06.759+0800][72.172s] GC(146) Eden regions: 260->0(260)
[2022-04-04T14:45:06.759+0800][72.172s] GC(146) Survivor regions: 15->15(35)
[2022-04-04T14:45:06.759+0800][72.172s] GC(146) Old regions: 139->139
[2022-04-04T14:45:06.759+0800][72.172s] GC(146) Archive regions: 0->0
[2022-04-04T14:45:06.759+0800][72.172s] GC(146) Humongous regions: 31->31
[2022-04-04T14:45:06.759+0800][72.172s] GC(146) Metaspace: 52253K(53072K)->52253K(53072K) NonClass: 46271K(46848K)->46271K(46848K) Class: 5981K(6224K)->5981K(6224K)
[2022-04-04T14:45:06.759+0800][72.172s] GC(146) Pause Young (Normal) (G1 Evacuation Pause) 443M->184M(512M) 3.623ms
[2022-04-04T14:45:06.759+0800][72.172s] GC(146) User=0.00s Sys=0.00s Real=0.00s
[2022-04-04T14:45:07.742+0800][73.155s] GC(147) Pause Young (Normal) (G1 Evacuation Pause)
[2022-04-04T14:45:07.742+0800][73.155s] GC(147) Using 8 workers of 8 for evacuation
[2022-04-04T14:45:07.745+0800][73.158s] GC(147)   Pre Evacuate Collection Set: 0.2ms
[2022-04-04T14:45:07.745+0800][73.158s] GC(147)   Merge Heap Roots: 0.2ms
[2022-04-04T14:45:07.745+0800][73.158s] GC(147)   Evacuate Collection Set: 2.1ms
[2022-04-04T14:45:07.745+0800][73.158s] GC(147)   Post Evacuate Collection Set: 0.8ms
[2022-04-04T14:45:07.745+0800][73.158s] GC(147)   Other: 0.2ms
[2022-04-04T14:45:07.745+0800][73.158s] GC(147) Eden regions: 260->0(259)
[2022-04-04T14:45:07.746+0800][73.158s] GC(147) Survivor regions: 15->15(35)
[2022-04-04T14:45:07.746+0800][73.158s] GC(147) Old regions: 139->140
[2022-04-04T14:45:07.746+0800][73.158s] GC(147) Archive regions: 0->0
[2022-04-04T14:45:07.746+0800][73.158s] GC(147) Humongous regions: 31->31
[2022-04-04T14:45:07.746+0800][73.158s] GC(147) Metaspace: 52254K(53072K)->52254K(53072K) NonClass: 46272K(46848K)->46272K(46848K) Class: 5981K(6224K)->5981K(6224K)
[2022-04-04T14:45:07.746+0800][73.158s] GC(147) Pause Young (Normal) (G1 Evacuation Pause) 444M->185M(512M) 3.663ms
[2022-04-04T14:45:07.746+0800][73.158s] GC(147) User=0.00s Sys=0.02s Real=0.00s
[2022-04-04T14:45:08.183+0800][73.596s] GC(148) Pause Young (Normal) (G1 Evacuation Pause)
[2022-04-04T14:45:08.183+0800][73.597s] GC(148) Using 8 workers of 8 for evacuation
[2022-04-04T14:45:08.187+0800][73.600s] GC(148)   Pre Evacuate Collection Set: 0.2ms
[2022-04-04T14:45:08.187+0800][73.600s] GC(148)   Merge Heap Roots: 0.2ms
[2022-04-04T14:45:08.187+0800][73.600s] GC(148)   Evacuate Collection Set: 2.1ms
[2022-04-04T14:45:08.187+0800][73.600s] GC(148)   Post Evacuate Collection Set: 0.8ms
[2022-04-04T14:45:08.187+0800][73.600s] GC(148)   Other: 0.2ms
[2022-04-04T14:45:08.187+0800][73.600s] GC(148) Eden regions: 259->0(260)
[2022-04-04T14:45:08.187+0800][73.600s] GC(148) Survivor regions: 15->14(35)
[2022-04-04T14:45:08.187+0800][73.600s] GC(148) Old regions: 140->141
[2022-04-04T14:45:08.187+0800][73.600s] GC(148) Archive regions: 0->0
[2022-04-04T14:45:08.187+0800][73.600s] GC(148) Humongous regions: 31->31
[2022-04-04T14:45:08.187+0800][73.600s] GC(148) Metaspace: 52257K(53072K)->52257K(53072K) NonClass: 46275K(46848K)->46275K(46848K) Class: 5981K(6224K)->5981K(6224K)
[2022-04-04T14:45:08.187+0800][73.600s] GC(148) Pause Young (Normal) (G1 Evacuation Pause) 444M->185M(512M) 3.745ms
[2022-04-04T14:45:08.187+0800][73.600s] GC(148) User=0.00s Sys=0.00s Real=0.00s
[2022-04-04T14:45:08.370+0800][73.783s] GC(149) Pause Young (Normal) (G1 Evacuation Pause)
[2022-04-04T14:45:08.370+0800][73.783s] GC(149) Using 8 workers of 8 for evacuation
[2022-04-04T14:45:08.373+0800][73.786s] GC(149)   Pre Evacuate Collection Set: 0.1ms
[2022-04-04T14:45:08.373+0800][73.786s] GC(149)   Merge Heap Roots: 0.1ms
[2022-04-04T14:45:08.373+0800][73.786s] GC(149)   Evacuate Collection Set: 2.1ms
[2022-04-04T14:45:08.373+0800][73.786s] GC(149)   Post Evacuate Collection Set: 0.7ms
[2022-04-04T14:45:08.373+0800][73.786s] GC(149)   Other: 0.2ms
[2022-04-04T14:45:08.373+0800][73.787s] GC(149) Eden regions: 260->0(258)
[2022-04-04T14:45:08.373+0800][73.787s] GC(149) Survivor regions: 14->15(35)
[2022-04-04T14:45:08.373+0800][73.787s] GC(149) Old regions: 141->141
[2022-04-04T14:45:08.373+0800][73.787s] GC(149) Archive regions: 0->0
[2022-04-04T14:45:08.373+0800][73.787s] GC(149) Humongous regions: 31->31
[2022-04-04T14:45:08.373+0800][73.787s] GC(149) Metaspace: 52257K(53072K)->52257K(53072K) NonClass: 46275K(46848K)->46275K(46848K) Class: 5981K(6224K)->5981K(6224K)
[2022-04-04T14:45:08.374+0800][73.787s] GC(149) Pause Young (Normal) (G1 Evacuation Pause) 445M->186M(512M) 3.563ms
[2022-04-04T14:45:08.374+0800][73.787s] GC(149) User=0.00s Sys=0.00s Real=0.00s
[2022-04-04T14:45:08.506+0800][73.919s] GC(150) Pause Young (Normal) (G1 Evacuation Pause)
[2022-04-04T14:45:08.506+0800][73.919s] GC(150) Using 8 workers of 8 for evacuation
[2022-04-04T14:45:08.509+0800][73.923s] GC(150)   Pre Evacuate Collection Set: 0.1ms
[2022-04-04T14:45:08.510+0800][73.923s] GC(150)   Merge Heap Roots: 0.1ms
[2022-04-04T14:45:08.510+0800][73.923s] GC(150)   Evacuate Collection Set: 2.2ms
[2022-04-04T14:45:08.510+0800][73.923s] GC(150)   Post Evacuate Collection Set: 0.8ms
[2022-04-04T14:45:08.510+0800][73.923s] GC(150)   Other: 0.2ms
[2022-04-04T14:45:08.510+0800][73.923s] GC(150) Eden regions: 258->0(257)
[2022-04-04T14:45:08.510+0800][73.923s] GC(150) Survivor regions: 15->15(35)
[2022-04-04T14:45:08.510+0800][73.923s] GC(150) Old regions: 141->142
[2022-04-04T14:45:08.510+0800][73.923s] GC(150) Archive regions: 0->0
[2022-04-04T14:45:08.510+0800][73.923s] GC(150) Humongous regions: 31->31
[2022-04-04T14:45:08.510+0800][73.923s] GC(150) Metaspace: 52257K(53072K)->52257K(53072K) NonClass: 46275K(46848K)->46275K(46848K) Class: 5981K(6224K)->5981K(6224K)
[2022-04-04T14:45:08.510+0800][73.923s] GC(150) Pause Young (Normal) (G1 Evacuation Pause) 444M->187M(512M) 3.867ms
[2022-04-04T14:45:08.510+0800][73.923s] GC(150) User=0.00s Sys=0.00s Real=0.00s
[2022-04-04T14:45:08.658+0800][74.071s] GC(151) Pause Young (Normal) (G1 Evacuation Pause)
[2022-04-04T14:45:08.658+0800][74.071s] GC(151) Using 8 workers of 8 for evacuation
[2022-04-04T14:45:08.661+0800][74.075s] GC(151)   Pre Evacuate Collection Set: 0.1ms
[2022-04-04T14:45:08.661+0800][74.075s] GC(151)   Merge Heap Roots: 0.1ms
[2022-04-04T14:45:08.662+0800][74.075s] GC(151)   Evacuate Collection Set: 2.3ms
[2022-04-04T14:45:08.662+0800][74.075s] GC(151)   Post Evacuate Collection Set: 0.8ms
[2022-04-04T14:45:08.662+0800][74.075s] GC(151)   Other: 0.3ms
[2022-04-04T14:45:08.662+0800][74.075s] GC(151) Eden regions: 257->0(254)
[2022-04-04T14:45:08.662+0800][74.075s] GC(151) Survivor regions: 15->16(34)
[2022-04-04T14:45:08.662+0800][74.075s] GC(151) Old regions: 142->143
[2022-04-04T14:45:08.662+0800][74.075s] GC(151) Archive regions: 0->0
[2022-04-04T14:45:08.662+0800][74.075s] GC(151) Humongous regions: 31->31
[2022-04-04T14:45:08.662+0800][74.075s] GC(151) Metaspace: 52257K(53072K)->52257K(53072K) NonClass: 46275K(46848K)->46275K(46848K) Class: 5981K(6224K)->5981K(6224K)
[2022-04-04T14:45:08.662+0800][74.075s] GC(151) Pause Young (Normal) (G1 Evacuation Pause) 444M->188M(512M) 4.284ms
[2022-04-04T14:45:08.662+0800][74.075s] GC(151) User=0.00s Sys=0.00s Real=0.00s
[2022-04-04T14:45:08.798+0800][74.212s] GC(152) Pause Young (Normal) (G1 Evacuation Pause)
[2022-04-04T14:45:08.798+0800][74.212s] GC(152) Using 8 workers of 8 for evacuation
[2022-04-04T14:45:08.802+0800][74.215s] GC(152)   Pre Evacuate Collection Set: 0.1ms
[2022-04-04T14:45:08.802+0800][74.215s] GC(152)   Merge Heap Roots: 0.1ms
[2022-04-04T14:45:08.802+0800][74.215s] GC(152)   Evacuate Collection Set: 2.2ms
[2022-04-04T14:45:08.802+0800][74.215s] GC(152)   Post Evacuate Collection Set: 0.8ms
[2022-04-04T14:45:08.802+0800][74.215s] GC(152)   Other: 0.2ms
[2022-04-04T14:45:08.802+0800][74.215s] GC(152) Eden regions: 254->0(256)
[2022-04-04T14:45:08.802+0800][74.215s] GC(152) Survivor regions: 16->15(34)
[2022-04-04T14:45:08.802+0800][74.215s] GC(152) Old regions: 143->143
[2022-04-04T14:45:08.802+0800][74.215s] GC(152) Archive regions: 0->0
[2022-04-04T14:45:08.802+0800][74.215s] GC(152) Humongous regions: 31->31
[2022-04-04T14:45:08.802+0800][74.215s] GC(152) Metaspace: 52257K(53072K)->52257K(53072K) NonClass: 46275K(46848K)->46275K(46848K) Class: 5981K(6224K)->5981K(6224K)
[2022-04-04T14:45:08.802+0800][74.215s] GC(152) Pause Young (Normal) (G1 Evacuation Pause) 442M->188M(512M) 3.810ms
[2022-04-04T14:45:08.802+0800][74.215s] GC(152) User=0.00s Sys=0.00s Real=0.00s
[2022-04-04T14:45:08.938+0800][74.351s] GC(153) Pause Young (Normal) (G1 Evacuation Pause)
[2022-04-04T14:45:08.938+0800][74.351s] GC(153) Using 8 workers of 8 for evacuation
[2022-04-04T14:45:08.941+0800][74.354s] GC(153)   Pre Evacuate Collection Set: 0.1ms
[2022-04-04T14:45:08.941+0800][74.355s] GC(153)   Merge Heap Roots: 0.2ms
[2022-04-04T14:45:08.941+0800][74.355s] GC(153)   Evacuate Collection Set: 2.3ms
[2022-04-04T14:45:08.941+0800][74.355s] GC(153)   Post Evacuate Collection Set: 0.7ms
[2022-04-04T14:45:08.941+0800][74.355s] GC(153)   Other: 0.2ms
[2022-04-04T14:45:08.941+0800][74.355s] GC(153) Eden regions: 256->0(252)
[2022-04-04T14:45:08.942+0800][74.355s] GC(153) Survivor regions: 15->16(34)
[2022-04-04T14:45:08.942+0800][74.355s] GC(153) Old regions: 143->144
[2022-04-04T14:45:08.942+0800][74.355s] GC(153) Archive regions: 0->0
[2022-04-04T14:45:08.942+0800][74.355s] GC(153) Humongous regions: 32->32
[2022-04-04T14:45:08.942+0800][74.355s] GC(153) Metaspace: 52257K(53072K)->52257K(53072K) NonClass: 46275K(46848K)->46275K(46848K) Class: 5981K(6224K)->5981K(6224K)
[2022-04-04T14:45:08.942+0800][74.355s] GC(153) Pause Young (Normal) (G1 Evacuation Pause) 445M->191M(512M) 3.872ms
[2022-04-04T14:45:08.942+0800][74.355s] GC(153) User=0.00s Sys=0.00s Real=0.00s
[2022-04-04T14:45:09.194+0800][74.607s] GC(154) Pause Young (Normal) (G1 Evacuation Pause)
[2022-04-04T14:45:09.194+0800][74.607s] GC(154) Using 8 workers of 8 for evacuation
[2022-04-04T14:45:09.197+0800][74.610s] GC(154)   Pre Evacuate Collection Set: 0.1ms
[2022-04-04T14:45:09.197+0800][74.611s] GC(154)   Merge Heap Roots: 0.1ms
[2022-04-04T14:45:09.197+0800][74.611s] GC(154)   Evacuate Collection Set: 2.4ms
[2022-04-04T14:45:09.197+0800][74.611s] GC(154)   Post Evacuate Collection Set: 0.7ms
[2022-04-04T14:45:09.198+0800][74.611s] GC(154)   Other: 0.3ms
[2022-04-04T14:45:09.198+0800][74.611s] GC(154) Eden regions: 252->0(251)
[2022-04-04T14:45:09.198+0800][74.611s] GC(154) Survivor regions: 16->16(34)
[2022-04-04T14:45:09.198+0800][74.611s] GC(154) Old regions: 144->145
[2022-04-04T14:45:09.198+0800][74.611s] GC(154) Archive regions: 0->0
[2022-04-04T14:45:09.198+0800][74.611s] GC(154) Humongous regions: 32->32
[2022-04-04T14:45:09.198+0800][74.611s] GC(154) Metaspace: 52257K(53072K)->52257K(53072K) NonClass: 46275K(46848K)->46275K(46848K) Class: 5981K(6224K)->5981K(6224K)
[2022-04-04T14:45:09.198+0800][74.611s] GC(154) Pause Young (Normal) (G1 Evacuation Pause) 443M->191M(512M) 4.244ms
[2022-04-04T14:45:09.198+0800][74.611s] GC(154) User=0.00s Sys=0.02s Real=0.00s
[2022-04-04T14:45:09.357+0800][74.771s] GC(155) Pause Young (Normal) (G1 Evacuation Pause)
[2022-04-04T14:45:09.357+0800][74.771s] GC(155) Using 8 workers of 8 for evacuation
[2022-04-04T14:45:09.361+0800][74.774s] GC(155)   Pre Evacuate Collection Set: 0.1ms
[2022-04-04T14:45:09.361+0800][74.774s] GC(155)   Merge Heap Roots: 0.1ms
[2022-04-04T14:45:09.361+0800][74.774s] GC(155)   Evacuate Collection Set: 2.4ms
[2022-04-04T14:45:09.361+0800][74.774s] GC(155)   Post Evacuate Collection Set: 0.8ms
[2022-04-04T14:45:09.361+0800][74.774s] GC(155)   Other: 0.2ms
[2022-04-04T14:45:09.361+0800][74.775s] GC(155) Eden regions: 251->0(249)
[2022-04-04T14:45:09.361+0800][74.775s] GC(155) Survivor regions: 16->17(34)
[2022-04-04T14:45:09.361+0800][74.775s] GC(155) Old regions: 145->145
[2022-04-04T14:45:09.361+0800][74.775s] GC(155) Archive regions: 0->0
[2022-04-04T14:45:09.362+0800][74.775s] GC(155) Humongous regions: 32->32
[2022-04-04T14:45:09.362+0800][74.775s] GC(155) Metaspace: 52257K(53072K)->52257K(53072K) NonClass: 46275K(46848K)->46275K(46848K) Class: 5981K(6224K)->5981K(6224K)
[2022-04-04T14:45:09.362+0800][74.775s] GC(155) Pause Young (Normal) (G1 Evacuation Pause) 442M->192M(512M) 4.285ms
[2022-04-04T14:45:09.362+0800][74.775s] GC(155) User=0.00s Sys=0.00s Real=0.00s
[2022-04-04T14:45:09.493+0800][74.906s] GC(156) Pause Young (Normal) (G1 Evacuation Pause)
[2022-04-04T14:45:09.493+0800][74.906s] GC(156) Using 8 workers of 8 for evacuation
[2022-04-04T14:45:09.496+0800][74.910s] GC(156)   Pre Evacuate Collection Set: 0.1ms
[2022-04-04T14:45:09.497+0800][74.910s] GC(156)   Merge Heap Roots: 0.1ms
[2022-04-04T14:45:09.497+0800][74.910s] GC(156)   Evacuate Collection Set: 2.5ms
[2022-04-04T14:45:09.497+0800][74.910s] GC(156)   Post Evacuate Collection Set: 0.8ms
[2022-04-04T14:45:09.497+0800][74.910s] GC(156)   Other: 0.2ms
[2022-04-04T14:45:09.497+0800][74.910s] GC(156) Eden regions: 249->0(252)
[2022-04-04T14:45:09.497+0800][74.910s] GC(156) Survivor regions: 17->15(34)
[2022-04-04T14:45:09.497+0800][74.910s] GC(156) Old regions: 145->146
[2022-04-04T14:45:09.497+0800][74.910s] GC(156) Archive regions: 0->0
[2022-04-04T14:45:09.497+0800][74.910s] GC(156) Humongous regions: 32->32
[2022-04-04T14:45:09.497+0800][74.910s] GC(156) Metaspace: 52257K(53072K)->52257K(53072K) NonClass: 46275K(46848K)->46275K(46848K) Class: 5981K(6224K)->5981K(6224K)
[2022-04-04T14:45:09.497+0800][74.910s] GC(156) Pause Young (Normal) (G1 Evacuation Pause) 441M->192M(512M) 4.129ms
[2022-04-04T14:45:09.497+0800][74.910s] GC(156) User=0.09s Sys=0.00s Real=0.00s
[2022-04-04T14:45:09.614+0800][75.027s] GC(157) Pause Young (Normal) (G1 Evacuation Pause)
[2022-04-04T14:45:09.614+0800][75.028s] GC(157) Using 8 workers of 8 for evacuation
[2022-04-04T14:45:09.618+0800][75.031s] GC(157)   Pre Evacuate Collection Set: 0.1ms
[2022-04-04T14:45:09.618+0800][75.031s] GC(157)   Merge Heap Roots: 0.1ms
[2022-04-04T14:45:09.618+0800][75.031s] GC(157)   Evacuate Collection Set: 2.3ms
[2022-04-04T14:45:09.618+0800][75.031s] GC(157)   Post Evacuate Collection Set: 0.6ms
[2022-04-04T14:45:09.618+0800][75.031s] GC(157)   Other: 0.2ms
[2022-04-04T14:45:09.618+0800][75.031s] GC(157) Eden regions: 252->0(249)
[2022-04-04T14:45:09.618+0800][75.031s] GC(157) Survivor regions: 15->16(34)
[2022-04-04T14:45:09.618+0800][75.031s] GC(157) Old regions: 146->147
[2022-04-04T14:45:09.618+0800][75.031s] GC(157) Archive regions: 0->0
[2022-04-04T14:45:09.618+0800][75.031s] GC(157) Humongous regions: 32->32
[2022-04-04T14:45:09.618+0800][75.031s] GC(157) Metaspace: 52257K(53072K)->52257K(53072K) NonClass: 46275K(46848K)->46275K(46848K) Class: 5981K(6224K)->5981K(6224K)
[2022-04-04T14:45:09.618+0800][75.031s] GC(157) Pause Young (Normal) (G1 Evacuation Pause) 444M->194M(512M) 3.624ms
[2022-04-04T14:45:09.618+0800][75.031s] GC(157) User=0.00s Sys=0.00s Real=0.00s
[2022-04-04T14:45:09.729+0800][75.142s] GC(158) Pause Young (Normal) (G1 Evacuation Pause)
[2022-04-04T14:45:09.729+0800][75.142s] GC(158) Using 8 workers of 8 for evacuation
[2022-04-04T14:45:09.732+0800][75.145s] GC(158)   Pre Evacuate Collection Set: 0.1ms
[2022-04-04T14:45:09.732+0800][75.145s] GC(158)   Merge Heap Roots: 0.1ms
[2022-04-04T14:45:09.733+0800][75.145s] GC(158)   Evacuate Collection Set: 2.3ms
[2022-04-04T14:45:09.733+0800][75.145s] GC(158)   Post Evacuate Collection Set: 0.8ms
[2022-04-04T14:45:09.733+0800][75.145s] GC(158)   Other: 0.2ms
[2022-04-04T14:45:09.733+0800][75.145s] GC(158) Eden regions: 249->0(247)
[2022-04-04T14:45:09.733+0800][75.146s] GC(158) Survivor regions: 16->16(34)
[2022-04-04T14:45:09.733+0800][75.146s] GC(158) Old regions: 147->147
[2022-04-04T14:45:09.733+0800][75.146s] GC(158) Archive regions: 0->0
[2022-04-04T14:45:09.733+0800][75.146s] GC(158) Humongous regions: 35->34
[2022-04-04T14:45:09.733+0800][75.146s] GC(158) Metaspace: 52257K(53072K)->52257K(53072K) NonClass: 46275K(46848K)->46275K(46848K) Class: 5981K(6224K)->5981K(6224K)
[2022-04-04T14:45:09.733+0800][75.146s] GC(158) Pause Young (Normal) (G1 Evacuation Pause) 446M->196M(512M) 3.807ms
[2022-04-04T14:45:09.733+0800][75.146s] GC(158) User=0.12s Sys=0.00s Real=0.00s
[2022-04-04T14:45:09.835+0800][75.248s] GC(159) Pause Young (Normal) (G1 Evacuation Pause)
[2022-04-04T14:45:09.835+0800][75.248s] GC(159) Using 8 workers of 8 for evacuation
[2022-04-04T14:45:09.838+0800][75.251s] GC(159)   Pre Evacuate Collection Set: 0.1ms
[2022-04-04T14:45:09.838+0800][75.251s] GC(159)   Merge Heap Roots: 0.1ms
[2022-04-04T14:45:09.838+0800][75.251s] GC(159)   Evacuate Collection Set: 2.3ms
[2022-04-04T14:45:09.838+0800][75.251s] GC(159)   Post Evacuate Collection Set: 0.5ms
[2022-04-04T14:45:09.838+0800][75.251s] GC(159)   Other: 0.3ms
[2022-04-04T14:45:09.838+0800][75.251s] GC(159) Eden regions: 247->0(247)
[2022-04-04T14:45:09.838+0800][75.251s] GC(159) Survivor regions: 16->12(33)
[2022-04-04T14:45:09.838+0800][75.251s] GC(159) Old regions: 147->153
[2022-04-04T14:45:09.838+0800][75.251s] GC(159) Archive regions: 0->0
[2022-04-04T14:45:09.838+0800][75.251s] GC(159) Humongous regions: 34->34
[2022-04-04T14:45:09.838+0800][75.251s] GC(159) Metaspace: 52257K(53072K)->52257K(53072K) NonClass: 46275K(46848K)->46275K(46848K) Class: 5981K(6224K)->5981K(6224K)
[2022-04-04T14:45:09.838+0800][75.251s] GC(159) Pause Young (Normal) (G1 Evacuation Pause) 443M->197M(512M) 3.561ms
[2022-04-04T14:45:09.838+0800][75.251s] GC(159) User=0.00s Sys=0.00s Real=0.00s
[2022-04-04T14:45:09.942+0800][75.354s] GC(160) Pause Young (Normal) (G1 Evacuation Pause)
[2022-04-04T14:45:09.942+0800][75.354s] GC(160) Using 8 workers of 8 for evacuation
[2022-04-04T14:45:09.944+0800][75.357s] GC(160)   Pre Evacuate Collection Set: 0.1ms
[2022-04-04T14:45:09.945+0800][75.357s] GC(160)   Merge Heap Roots: 0.1ms
[2022-04-04T14:45:09.945+0800][75.357s] GC(160)   Evacuate Collection Set: 1.8ms
[2022-04-04T14:45:09.945+0800][75.357s] GC(160)   Post Evacuate Collection Set: 0.7ms
[2022-04-04T14:45:09.945+0800][75.358s] GC(160)   Other: 0.2ms
[2022-04-04T14:45:09.945+0800][75.358s] GC(160) Eden regions: 247->0(249)
[2022-04-04T14:45:09.945+0800][75.358s] GC(160) Survivor regions: 12->12(33)
[2022-04-04T14:45:09.945+0800][75.358s] GC(160) Old regions: 153->153
[2022-04-04T14:45:09.945+0800][75.358s] GC(160) Archive regions: 0->0
[2022-04-04T14:45:09.945+0800][75.358s] GC(160) Humongous regions: 34->34
[2022-04-04T14:45:09.945+0800][75.358s] GC(160) Metaspace: 52257K(53072K)->52257K(53072K) NonClass: 46275K(46848K)->46275K(46848K) Class: 5981K(6224K)->5981K(6224K)
[2022-04-04T14:45:09.945+0800][75.358s] GC(160) Pause Young (Normal) (G1 Evacuation Pause) 444M->197M(512M) 3.255ms
[2022-04-04T14:45:09.945+0800][75.358s] GC(160) User=0.00s Sys=0.00s Real=0.00s
[2022-04-04T14:45:10.046+0800][75.459s] GC(161) Pause Young (Normal) (G1 Evacuation Pause)
[2022-04-04T14:45:10.046+0800][75.459s] GC(161) Using 8 workers of 8 for evacuation
[2022-04-04T14:45:10.050+0800][75.463s] GC(161)   Pre Evacuate Collection Set: 0.1ms
[2022-04-04T14:45:10.050+0800][75.463s] GC(161)   Merge Heap Roots: 0.1ms
[2022-04-04T14:45:10.050+0800][75.463s] GC(161)   Evacuate Collection Set: 2.6ms
[2022-04-04T14:45:10.050+0800][75.463s] GC(161)   Post Evacuate Collection Set: 0.7ms
[2022-04-04T14:45:10.050+0800][75.463s] GC(161)   Other: 0.2ms
[2022-04-04T14:45:10.050+0800][75.463s] GC(161) Eden regions: 249->0(246)
[2022-04-04T14:45:10.050+0800][75.463s] GC(161) Survivor regions: 12->13(33)
[2022-04-04T14:45:10.050+0800][75.463s] GC(161) Old regions: 153->153
[2022-04-04T14:45:10.050+0800][75.463s] GC(161) Archive regions: 0->0
[2022-04-04T14:45:10.050+0800][75.463s] GC(161) Humongous regions: 34->34
[2022-04-04T14:45:10.050+0800][75.463s] GC(161) Metaspace: 52257K(53072K)->52257K(53072K) NonClass: 46275K(46848K)->46275K(46848K) Class: 5981K(6224K)->5981K(6224K)
[2022-04-04T14:45:10.050+0800][75.463s] GC(161) Pause Young (Normal) (G1 Evacuation Pause) 446M->198M(512M) 3.931ms
[2022-04-04T14:45:10.050+0800][75.463s] GC(161) User=0.00s Sys=0.00s Real=0.00s
[2022-04-04T14:45:10.163+0800][75.577s] GC(162) Pause Young (Normal) (G1 Evacuation Pause)
[2022-04-04T14:45:10.164+0800][75.577s] GC(162) Using 8 workers of 8 for evacuation
[2022-04-04T14:45:10.167+0800][75.580s] GC(162)   Pre Evacuate Collection Set: 0.1ms
[2022-04-04T14:45:10.167+0800][75.580s] GC(162)   Merge Heap Roots: 0.1ms
[2022-04-04T14:45:10.167+0800][75.580s] GC(162)   Evacuate Collection Set: 1.9ms
[2022-04-04T14:45:10.167+0800][75.580s] GC(162)   Post Evacuate Collection Set: 0.8ms
[2022-04-04T14:45:10.167+0800][75.580s] GC(162)   Other: 0.2ms
[2022-04-04T14:45:10.167+0800][75.580s] GC(162) Eden regions: 246->0(245)
[2022-04-04T14:45:10.167+0800][75.580s] GC(162) Survivor regions: 13->14(33)
[2022-04-04T14:45:10.167+0800][75.580s] GC(162) Old regions: 153->153
[2022-04-04T14:45:10.167+0800][75.580s] GC(162) Archive regions: 0->0
[2022-04-04T14:45:10.167+0800][75.580s] GC(162) Humongous regions: 34->34
[2022-04-04T14:45:10.167+0800][75.580s] GC(162) Metaspace: 52257K(53072K)->52257K(53072K) NonClass: 46275K(46848K)->46275K(46848K) Class: 5981K(6224K)->5981K(6224K)
[2022-04-04T14:45:10.167+0800][75.580s] GC(162) Pause Young (Normal) (G1 Evacuation Pause) 444M->199M(512M) 3.412ms
[2022-04-04T14:45:10.167+0800][75.580s] GC(162) User=0.00s Sys=0.02s Real=0.00s
[2022-04-04T14:45:10.263+0800][75.676s] GC(163) Pause Young (Normal) (G1 Evacuation Pause)
[2022-04-04T14:45:10.263+0800][75.677s] GC(163) Using 8 workers of 8 for evacuation
[2022-04-04T14:45:10.266+0800][75.680s] GC(163)   Pre Evacuate Collection Set: 0.2ms
[2022-04-04T14:45:10.267+0800][75.680s] GC(163)   Merge Heap Roots: 0.1ms
[2022-04-04T14:45:10.267+0800][75.680s] GC(163)   Evacuate Collection Set: 2.0ms
[2022-04-04T14:45:10.267+0800][75.680s] GC(163)   Post Evacuate Collection Set: 0.8ms
[2022-04-04T14:45:10.267+0800][75.680s] GC(163)   Other: 0.2ms
[2022-04-04T14:45:10.267+0800][75.680s] GC(163) Eden regions: 245->0(244)
[2022-04-04T14:45:10.267+0800][75.680s] GC(163) Survivor regions: 14->14(33)
[2022-04-04T14:45:10.267+0800][75.680s] GC(163) Old regions: 153->154
[2022-04-04T14:45:10.267+0800][75.680s] GC(163) Archive regions: 0->0
[2022-04-04T14:45:10.267+0800][75.680s] GC(163) Humongous regions: 34->34
[2022-04-04T14:45:10.267+0800][75.680s] GC(163) Metaspace: 52257K(53072K)->52257K(53072K) NonClass: 46275K(46848K)->46275K(46848K) Class: 5981K(6224K)->5981K(6224K)
[2022-04-04T14:45:10.267+0800][75.680s] GC(163) Pause Young (Normal) (G1 Evacuation Pause) 444M->200M(512M) 3.617ms
[2022-04-04T14:45:10.267+0800][75.680s] GC(163) User=0.00s Sys=0.00s Real=0.00s
[2022-04-04T14:45:10.366+0800][75.779s] GC(164) Pause Young (Normal) (G1 Evacuation Pause)
[2022-04-04T14:45:10.366+0800][75.779s] GC(164) Using 8 workers of 8 for evacuation
[2022-04-04T14:45:10.369+0800][75.782s] GC(164)   Pre Evacuate Collection Set: 0.2ms
[2022-04-04T14:45:10.369+0800][75.783s] GC(164)   Merge Heap Roots: 0.1ms
[2022-04-04T14:45:10.369+0800][75.783s] GC(164)   Evacuate Collection Set: 2.0ms
[2022-04-04T14:45:10.369+0800][75.783s] GC(164)   Post Evacuate Collection Set: 0.7ms
[2022-04-04T14:45:10.369+0800][75.783s] GC(164)   Other: 0.2ms
[2022-04-04T14:45:10.369+0800][75.783s] GC(164) Eden regions: 244->0(244)
[2022-04-04T14:45:10.370+0800][75.783s] GC(164) Survivor regions: 14->14(33)
[2022-04-04T14:45:10.370+0800][75.783s] GC(164) Old regions: 154->154
[2022-04-04T14:45:10.370+0800][75.783s] GC(164) Archive regions: 0->0
[2022-04-04T14:45:10.370+0800][75.783s] GC(164) Humongous regions: 34->34
[2022-04-04T14:45:10.370+0800][75.783s] GC(164) Metaspace: 52257K(53072K)->52257K(53072K) NonClass: 46275K(46848K)->46275K(46848K) Class: 5981K(6224K)->5981K(6224K)
[2022-04-04T14:45:10.370+0800][75.783s] GC(164) Pause Young (Normal) (G1 Evacuation Pause) 444M->201M(512M) 3.505ms
[2022-04-04T14:45:10.370+0800][75.783s] GC(164) User=0.00s Sys=0.02s Real=0.00s
[2022-04-04T14:45:10.913+0800][76.326s] GC(165) Pause Young (Normal) (G1 Evacuation Pause)
[2022-04-04T14:45:10.913+0800][76.326s] GC(165) Using 8 workers of 8 for evacuation
[2022-04-04T14:45:10.917+0800][76.330s] GC(165)   Pre Evacuate Collection Set: 0.2ms
[2022-04-04T14:45:10.917+0800][76.330s] GC(165)   Merge Heap Roots: 0.1ms
[2022-04-04T14:45:10.917+0800][76.330s] GC(165)   Evacuate Collection Set: 2.7ms
[2022-04-04T14:45:10.917+0800][76.330s] GC(165)   Post Evacuate Collection Set: 0.6ms
[2022-04-04T14:45:10.917+0800][76.330s] GC(165)   Other: 0.3ms
[2022-04-04T14:45:10.917+0800][76.330s] GC(165) Eden regions: 244->0(241)
[2022-04-04T14:45:10.917+0800][76.330s] GC(165) Survivor regions: 14->15(33)
[2022-04-04T14:45:10.917+0800][76.330s] GC(165) Old regions: 154->155
[2022-04-04T14:45:10.917+0800][76.330s] GC(165) Archive regions: 0->0
[2022-04-04T14:45:10.917+0800][76.330s] GC(165) Humongous regions: 34->34
[2022-04-04T14:45:10.917+0800][76.330s] GC(165) Metaspace: 52259K(53072K)->52259K(53072K) NonClass: 46277K(46848K)->46277K(46848K) Class: 5981K(6224K)->5981K(6224K)
[2022-04-04T14:45:10.917+0800][76.330s] GC(165) Pause Young (Normal) (G1 Evacuation Pause) 445M->202M(512M) 4.274ms
[2022-04-04T14:45:10.917+0800][76.330s] GC(165) User=0.02s Sys=0.00s Real=0.00s
[2022-04-04T14:45:12.328+0800][77.741s] GC(166) Pause Young (Normal) (G1 Evacuation Pause)
[2022-04-04T14:45:12.328+0800][77.741s] GC(166) Using 8 workers of 8 for evacuation
[2022-04-04T14:45:12.331+0800][77.745s] GC(166)   Pre Evacuate Collection Set: 0.2ms
[2022-04-04T14:45:12.331+0800][77.745s] GC(166)   Merge Heap Roots: 0.1ms
[2022-04-04T14:45:12.331+0800][77.745s] GC(166)   Evacuate Collection Set: 2.5ms
[2022-04-04T14:45:12.331+0800][77.745s] GC(166)   Post Evacuate Collection Set: 0.6ms
[2022-04-04T14:45:12.332+0800][77.745s] GC(166)   Other: 0.2ms
[2022-04-04T14:45:12.332+0800][77.745s] GC(166) Eden regions: 241->0(243)
[2022-04-04T14:45:12.332+0800][77.745s] GC(166) Survivor regions: 15->14(32)
[2022-04-04T14:45:12.332+0800][77.745s] GC(166) Old regions: 155->155
[2022-04-04T14:45:12.332+0800][77.745s] GC(166) Archive regions: 0->0
[2022-04-04T14:45:12.332+0800][77.745s] GC(166) Humongous regions: 34->34
[2022-04-04T14:45:12.332+0800][77.745s] GC(166) Metaspace: 52261K(53072K)->52261K(53072K) NonClass: 46279K(46848K)->46279K(46848K) Class: 5981K(6224K)->5981K(6224K)
[2022-04-04T14:45:12.332+0800][77.745s] GC(166) Pause Young (Normal) (G1 Evacuation Pause) 443M->202M(512M) 3.990ms
[2022-04-04T14:45:12.332+0800][77.745s] GC(166) User=0.00s Sys=0.00s Real=0.00s
[2022-04-04T14:45:13.508+0800][78.921s] GC(167) Pause Young (Normal) (G1 Evacuation Pause)
[2022-04-04T14:45:13.508+0800][78.921s] GC(167) Using 8 workers of 8 for evacuation
[2022-04-04T14:45:13.511+0800][78.924s] GC(167)   Pre Evacuate Collection Set: 0.2ms
[2022-04-04T14:45:13.511+0800][78.924s] GC(167)   Merge Heap Roots: 0.1ms
[2022-04-04T14:45:13.511+0800][78.924s] GC(167)   Evacuate Collection Set: 1.8ms
[2022-04-04T14:45:13.511+0800][78.924s] GC(167)   Post Evacuate Collection Set: 0.7ms
[2022-04-04T14:45:13.511+0800][78.924s] GC(167)   Other: 0.2ms
[2022-04-04T14:45:13.511+0800][78.924s] GC(167) Eden regions: 243->0(242)
[2022-04-04T14:45:13.511+0800][78.924s] GC(167) Survivor regions: 14->14(33)
[2022-04-04T14:45:13.511+0800][78.924s] GC(167) Old regions: 155->156
[2022-04-04T14:45:13.511+0800][78.924s] GC(167) Archive regions: 0->0
[2022-04-04T14:45:13.511+0800][78.925s] GC(167) Humongous regions: 34->34
[2022-04-04T14:45:13.511+0800][78.925s] GC(167) Metaspace: 52261K(53072K)->52261K(53072K) NonClass: 46279K(46848K)->46279K(46848K) Class: 5981K(6224K)->5981K(6224K)
[2022-04-04T14:45:13.511+0800][78.925s] GC(167) Pause Young (Normal) (G1 Evacuation Pause) 445M->202M(512M) 3.262ms
[2022-04-04T14:45:13.511+0800][78.925s] GC(167) User=0.11s Sys=0.00s Real=0.00s
[2022-04-04T14:45:14.151+0800][79.565s] GC(168) Pause Young (Normal) (G1 Evacuation Pause)
[2022-04-04T14:45:14.151+0800][79.565s] GC(168) Using 8 workers of 8 for evacuation
[2022-04-04T14:45:14.154+0800][79.568s] GC(168)   Pre Evacuate Collection Set: 0.2ms
[2022-04-04T14:45:14.154+0800][79.568s] GC(168)   Merge Heap Roots: 0.2ms
[2022-04-04T14:45:14.155+0800][79.568s] GC(168)   Evacuate Collection Set: 1.9ms
[2022-04-04T14:45:14.155+0800][79.568s] GC(168)   Post Evacuate Collection Set: 0.8ms
[2022-04-04T14:45:14.155+0800][79.568s] GC(168)   Other: 0.2ms
[2022-04-04T14:45:14.155+0800][79.568s] GC(168) Eden regions: 242->0(243)
[2022-04-04T14:45:14.155+0800][79.568s] GC(168) Survivor regions: 14->13(32)
[2022-04-04T14:45:14.155+0800][79.568s] GC(168) Old regions: 156->157
[2022-04-04T14:45:14.155+0800][79.568s] GC(168) Archive regions: 0->0
[2022-04-04T14:45:14.155+0800][79.568s] GC(168) Humongous regions: 34->34
[2022-04-04T14:45:14.155+0800][79.568s] GC(168) Metaspace: 52264K(53072K)->52264K(53072K) NonClass: 46282K(46848K)->46282K(46848K) Class: 5981K(6224K)->5981K(6224K)
[2022-04-04T14:45:14.155+0800][79.568s] GC(168) Pause Young (Normal) (G1 Evacuation Pause) 444M->202M(512M) 3.486ms
[2022-04-04T14:45:14.155+0800][79.568s] GC(168) User=0.00s Sys=0.00s Real=0.00s
[2022-04-04T14:45:14.511+0800][79.924s] GC(169) Pause Young (Normal) (G1 Evacuation Pause)
[2022-04-04T14:45:14.511+0800][79.925s] GC(169) Using 8 workers of 8 for evacuation
[2022-04-04T14:45:14.514+0800][79.928s] GC(169)   Pre Evacuate Collection Set: 0.2ms
[2022-04-04T14:45:14.514+0800][79.928s] GC(169)   Merge Heap Roots: 0.1ms
[2022-04-04T14:45:14.514+0800][79.928s] GC(169)   Evacuate Collection Set: 2.0ms
[2022-04-04T14:45:14.514+0800][79.928s] GC(169)   Post Evacuate Collection Set: 0.7ms
[2022-04-04T14:45:14.514+0800][79.928s] GC(169)   Other: 0.2ms
[2022-04-04T14:45:14.514+0800][79.928s] GC(169) Eden regions: 243->0(243)
[2022-04-04T14:45:14.515+0800][79.928s] GC(169) Survivor regions: 13->13(32)
[2022-04-04T14:45:14.515+0800][79.928s] GC(169) Old regions: 157->157
[2022-04-04T14:45:14.515+0800][79.928s] GC(169) Archive regions: 0->0
[2022-04-04T14:45:14.515+0800][79.928s] GC(169) Humongous regions: 34->34
[2022-04-04T14:45:14.515+0800][79.928s] GC(169) Metaspace: 52267K(53072K)->52267K(53072K) NonClass: 46285K(46848K)->46285K(46848K) Class: 5981K(6224K)->5981K(6224K)
[2022-04-04T14:45:14.515+0800][79.928s] GC(169) Pause Young (Normal) (G1 Evacuation Pause) 445M->203M(512M) 3.503ms
[2022-04-04T14:45:14.515+0800][79.928s] GC(169) User=0.00s Sys=0.00s Real=0.00s
[2022-04-04T14:45:14.615+0800][80.028s] GC(170) Pause Young (Normal) (G1 Evacuation Pause)
[2022-04-04T14:45:14.615+0800][80.028s] GC(170) Using 8 workers of 8 for evacuation
[2022-04-04T14:45:14.618+0800][80.031s] GC(170)   Pre Evacuate Collection Set: 0.1ms
[2022-04-04T14:45:14.618+0800][80.031s] GC(170)   Merge Heap Roots: 0.1ms
[2022-04-04T14:45:14.618+0800][80.031s] GC(170)   Evacuate Collection Set: 2.0ms
[2022-04-04T14:45:14.618+0800][80.031s] GC(170)   Post Evacuate Collection Set: 0.8ms
[2022-04-04T14:45:14.618+0800][80.031s] GC(170)   Other: 0.2ms
[2022-04-04T14:45:14.618+0800][80.031s] GC(170) Eden regions: 243->0(240)
[2022-04-04T14:45:14.618+0800][80.031s] GC(170) Survivor regions: 13->14(32)
[2022-04-04T14:45:14.618+0800][80.031s] GC(170) Old regions: 157->158
[2022-04-04T14:45:14.618+0800][80.031s] GC(170) Archive regions: 0->0
[2022-04-04T14:45:14.618+0800][80.031s] GC(170) Humongous regions: 34->34
[2022-04-04T14:45:14.618+0800][80.031s] GC(170) Metaspace: 52267K(53072K)->52267K(53072K) NonClass: 46285K(46848K)->46285K(46848K) Class: 5981K(6224K)->5981K(6224K)
[2022-04-04T14:45:14.618+0800][80.031s] GC(170) Pause Young (Normal) (G1 Evacuation Pause) 446M->204M(512M) 3.556ms
[2022-04-04T14:45:14.618+0800][80.031s] GC(170) User=0.00s Sys=0.00s Real=0.00s
[2022-04-04T14:45:14.722+0800][80.135s] GC(171) Pause Young (Normal) (G1 Evacuation Pause)
[2022-04-04T14:45:14.722+0800][80.135s] GC(171) Using 8 workers of 8 for evacuation
[2022-04-04T14:45:14.725+0800][80.138s] GC(171)   Pre Evacuate Collection Set: 0.2ms
[2022-04-04T14:45:14.725+0800][80.138s] GC(171)   Merge Heap Roots: 0.2ms
[2022-04-04T14:45:14.725+0800][80.138s] GC(171)   Evacuate Collection Set: 2.1ms
[2022-04-04T14:45:14.725+0800][80.138s] GC(171)   Post Evacuate Collection Set: 0.6ms
[2022-04-04T14:45:14.725+0800][80.138s] GC(171)   Other: 0.2ms
[2022-04-04T14:45:14.725+0800][80.138s] GC(171) Eden regions: 240->0(238)
[2022-04-04T14:45:14.725+0800][80.139s] GC(171) Survivor regions: 14->15(32)
[2022-04-04T14:45:14.725+0800][80.139s] GC(171) Old regions: 158->158
[2022-04-04T14:45:14.725+0800][80.139s] GC(171) Archive regions: 0->0
[2022-04-04T14:45:14.725+0800][80.139s] GC(171) Humongous regions: 34->34
[2022-04-04T14:45:14.726+0800][80.139s] GC(171) Metaspace: 52267K(53072K)->52267K(53072K) NonClass: 46285K(46848K)->46285K(46848K) Class: 5981K(6224K)->5981K(6224K)
[2022-04-04T14:45:14.726+0800][80.139s] GC(171) Pause Young (Normal) (G1 Evacuation Pause) 444M->206M(512M) 3.537ms
[2022-04-04T14:45:14.726+0800][80.139s] GC(171) User=0.00s Sys=0.00s Real=0.00s
[2022-04-04T14:45:14.829+0800][80.242s] GC(172) Pause Young (Normal) (G1 Evacuation Pause)
[2022-04-04T14:45:14.829+0800][80.242s] GC(172) Using 8 workers of 8 for evacuation
[2022-04-04T14:45:14.832+0800][80.245s] GC(172)   Pre Evacuate Collection Set: 0.2ms
[2022-04-04T14:45:14.832+0800][80.245s] GC(172)   Merge Heap Roots: 0.2ms
[2022-04-04T14:45:14.832+0800][80.245s] GC(172)   Evacuate Collection Set: 2.1ms
[2022-04-04T14:45:14.832+0800][80.245s] GC(172)   Post Evacuate Collection Set: 0.7ms
[2022-04-04T14:45:14.832+0800][80.245s] GC(172)   Other: 0.2ms
[2022-04-04T14:45:14.832+0800][80.245s] GC(172) Eden regions: 238->0(239)
[2022-04-04T14:45:14.832+0800][80.245s] GC(172) Survivor regions: 15->14(32)
[2022-04-04T14:45:14.832+0800][80.245s] GC(172) Old regions: 158->159
[2022-04-04T14:45:14.832+0800][80.245s] GC(172) Archive regions: 0->0
[2022-04-04T14:45:14.832+0800][80.245s] GC(172) Humongous regions: 34->34
[2022-04-04T14:45:14.832+0800][80.246s] GC(172) Metaspace: 52267K(53072K)->52267K(53072K) NonClass: 46285K(46848K)->46285K(46848K) Class: 5981K(6224K)->5981K(6224K)
[2022-04-04T14:45:14.832+0800][80.246s] GC(172) Pause Young (Normal) (G1 Evacuation Pause) 444M->206M(512M) 3.614ms
[2022-04-04T14:45:14.832+0800][80.246s] GC(172) User=0.00s Sys=0.00s Real=0.00s
[2022-04-04T14:45:14.947+0800][80.360s] GC(173) Pause Young (Normal) (G1 Evacuation Pause)
[2022-04-04T14:45:14.947+0800][80.360s] GC(173) Using 8 workers of 8 for evacuation
[2022-04-04T14:45:14.950+0800][80.364s] GC(173)   Pre Evacuate Collection Set: 0.1ms
[2022-04-04T14:45:14.950+0800][80.364s] GC(173)   Merge Heap Roots: 0.1ms
[2022-04-04T14:45:14.950+0800][80.364s] GC(173)   Evacuate Collection Set: 2.2ms
[2022-04-04T14:45:14.950+0800][80.364s] GC(173)   Post Evacuate Collection Set: 0.6ms
[2022-04-04T14:45:14.950+0800][80.364s] GC(173)   Other: 0.2ms
[2022-04-04T14:45:14.951+0800][80.364s] GC(173) Eden regions: 239->0(237)
[2022-04-04T14:45:14.951+0800][80.364s] GC(173) Survivor regions: 14->14(32)
[2022-04-04T14:45:14.951+0800][80.364s] GC(173) Old regions: 159->160
[2022-04-04T14:45:14.951+0800][80.364s] GC(173) Archive regions: 0->0
[2022-04-04T14:45:14.951+0800][80.364s] GC(173) Humongous regions: 35->35
[2022-04-04T14:45:14.951+0800][80.364s] GC(173) Metaspace: 52267K(53072K)->52267K(53072K) NonClass: 46285K(46848K)->46285K(46848K) Class: 5981K(6224K)->5981K(6224K)
[2022-04-04T14:45:14.951+0800][80.364s] GC(173) Pause Young (Normal) (G1 Evacuation Pause) 446M->208M(512M) 3.761ms
[2022-04-04T14:45:14.951+0800][80.364s] GC(173) User=0.12s Sys=0.00s Real=0.00s
[2022-04-04T14:45:15.066+0800][80.479s] GC(174) Pause Young (Normal) (G1 Evacuation Pause)
[2022-04-04T14:45:15.066+0800][80.479s] GC(174) Using 8 workers of 8 for evacuation
[2022-04-04T14:45:15.069+0800][80.482s] GC(174)   Pre Evacuate Collection Set: 0.1ms
[2022-04-04T14:45:15.069+0800][80.483s] GC(174)   Merge Heap Roots: 0.1ms
[2022-04-04T14:45:15.069+0800][80.483s] GC(174)   Evacuate Collection Set: 2.3ms
[2022-04-04T14:45:15.069+0800][80.483s] GC(174)   Post Evacuate Collection Set: 0.7ms
[2022-04-04T14:45:15.069+0800][80.483s] GC(174)   Other: 0.3ms
[2022-04-04T14:45:15.069+0800][80.483s] GC(174) Eden regions: 237->0(235)
[2022-04-04T14:45:15.069+0800][80.483s] GC(174) Survivor regions: 14->15(32)
[2022-04-04T14:45:15.069+0800][80.483s] GC(174) Old regions: 160->160
[2022-04-04T14:45:15.070+0800][80.483s] GC(174) Archive regions: 0->0
[2022-04-04T14:45:15.070+0800][80.483s] GC(174) Humongous regions: 35->35
[2022-04-04T14:45:15.070+0800][80.483s] GC(174) Metaspace: 52267K(53072K)->52267K(53072K) NonClass: 46285K(46848K)->46285K(46848K) Class: 5981K(6224K)->5981K(6224K)
[2022-04-04T14:45:15.070+0800][80.483s] GC(174) Pause Young (Normal) (G1 Evacuation Pause) 445M->208M(512M) 4.072ms
[2022-04-04T14:45:15.070+0800][80.483s] GC(174) User=0.00s Sys=0.00s Real=0.00s
[2022-04-04T14:45:15.291+0800][80.704s] GC(175) Pause Young (Normal) (G1 Evacuation Pause)
[2022-04-04T14:45:15.291+0800][80.705s] GC(175) Using 8 workers of 8 for evacuation
[2022-04-04T14:45:15.295+0800][80.708s] GC(175)   Pre Evacuate Collection Set: 0.1ms
[2022-04-04T14:45:15.295+0800][80.708s] GC(175)   Merge Heap Roots: 0.1ms
[2022-04-04T14:45:15.295+0800][80.708s] GC(175)   Evacuate Collection Set: 2.2ms
[2022-04-04T14:45:15.295+0800][80.708s] GC(175)   Post Evacuate Collection Set: 0.8ms
[2022-04-04T14:45:15.295+0800][80.708s] GC(175)   Other: 0.3ms
[2022-04-04T14:45:15.295+0800][80.708s] GC(175) Eden regions: 235->0(234)
[2022-04-04T14:45:15.295+0800][80.708s] GC(175) Survivor regions: 15->15(32)
[2022-04-04T14:45:15.295+0800][80.708s] GC(175) Old regions: 160->161
[2022-04-04T14:45:15.295+0800][80.708s] GC(175) Archive regions: 0->0
[2022-04-04T14:45:15.295+0800][80.709s] GC(175) Humongous regions: 35->35
[2022-04-04T14:45:15.295+0800][80.709s] GC(175) Metaspace: 52267K(53072K)->52267K(53072K) NonClass: 46285K(46848K)->46285K(46848K) Class: 5981K(6224K)->5981K(6224K)
[2022-04-04T14:45:15.295+0800][80.709s] GC(175) Pause Young (Normal) (G1 Evacuation Pause) 443M->210M(512M) 4.227ms
[2022-04-04T14:45:15.295+0800][80.709s] GC(175) User=0.02s Sys=0.03s Real=0.00s
[2022-04-04T14:45:15.505+0800][80.918s] GC(176) Pause Young (Normal) (G1 Evacuation Pause)
[2022-04-04T14:45:15.505+0800][80.918s] GC(176) Using 8 workers of 8 for evacuation
[2022-04-04T14:45:15.508+0800][80.921s] GC(176)   Pre Evacuate Collection Set: 0.1ms
[2022-04-04T14:45:15.508+0800][80.921s] GC(176)   Merge Heap Roots: 0.1ms
[2022-04-04T14:45:15.508+0800][80.921s] GC(176)   Evacuate Collection Set: 2.2ms
[2022-04-04T14:45:15.508+0800][80.921s] GC(176)   Post Evacuate Collection Set: 0.6ms
[2022-04-04T14:45:15.508+0800][80.921s] GC(176)   Other: 0.3ms
[2022-04-04T14:45:15.508+0800][80.921s] GC(176) Eden regions: 234->0(232)
[2022-04-04T14:45:15.508+0800][80.921s] GC(176) Survivor regions: 15->16(32)
[2022-04-04T14:45:15.508+0800][80.921s] GC(176) Old regions: 161->161
[2022-04-04T14:45:15.508+0800][80.921s] GC(176) Archive regions: 0->0
[2022-04-04T14:45:15.508+0800][80.921s] GC(176) Humongous regions: 35->35
[2022-04-04T14:45:15.508+0800][80.921s] GC(176) Metaspace: 52267K(53072K)->52267K(53072K) NonClass: 46285K(46848K)->46285K(46848K) Class: 5981K(6224K)->5981K(6224K)
[2022-04-04T14:45:15.508+0800][80.922s] GC(176) Pause Young (Normal) (G1 Evacuation Pause) 444M->211M(512M) 3.648ms
[2022-04-04T14:45:15.508+0800][80.922s] GC(176) User=0.00s Sys=0.00s Real=0.00s
[2022-04-04T14:45:15.650+0800][81.064s] GC(177) Pause Young (Normal) (G1 Evacuation Pause)
[2022-04-04T14:45:15.650+0800][81.064s] GC(177) Using 8 workers of 8 for evacuation
[2022-04-04T14:45:15.654+0800][81.067s] GC(177)   Pre Evacuate Collection Set: 0.1ms
[2022-04-04T14:45:15.654+0800][81.067s] GC(177)   Merge Heap Roots: 0.1ms
[2022-04-04T14:45:15.654+0800][81.067s] GC(177)   Evacuate Collection Set: 2.2ms
[2022-04-04T14:45:15.654+0800][81.067s] GC(177)   Post Evacuate Collection Set: 0.7ms
[2022-04-04T14:45:15.654+0800][81.067s] GC(177)   Other: 0.2ms
[2022-04-04T14:45:15.654+0800][81.067s] GC(177) Eden regions: 232->0(231)
[2022-04-04T14:45:15.654+0800][81.067s] GC(177) Survivor regions: 16->16(31)
[2022-04-04T14:45:15.654+0800][81.067s] GC(177) Old regions: 161->162
[2022-04-04T14:45:15.654+0800][81.067s] GC(177) Archive regions: 0->0
[2022-04-04T14:45:15.654+0800][81.067s] GC(177) Humongous regions: 35->35
[2022-04-04T14:45:15.654+0800][81.067s] GC(177) Metaspace: 52267K(53072K)->52267K(53072K) NonClass: 46285K(46848K)->46285K(46848K) Class: 5981K(6224K)->5981K(6224K)
[2022-04-04T14:45:15.654+0800][81.067s] GC(177) Pause Young (Normal) (G1 Evacuation Pause) 443M->211M(512M) 3.532ms
[2022-04-04T14:45:15.654+0800][81.067s] GC(177) User=0.02s Sys=0.00s Real=0.00s
[2022-04-04T14:45:15.750+0800][81.163s] GC(178) Pause Young (Normal) (G1 Evacuation Pause)
[2022-04-04T14:45:15.750+0800][81.163s] GC(178) Using 8 workers of 8 for evacuation
[2022-04-04T14:45:15.753+0800][81.166s] GC(178)   Pre Evacuate Collection Set: 0.1ms
[2022-04-04T14:45:15.753+0800][81.166s] GC(178)   Merge Heap Roots: 0.1ms
[2022-04-04T14:45:15.753+0800][81.167s] GC(178)   Evacuate Collection Set: 2.3ms
[2022-04-04T14:45:15.753+0800][81.167s] GC(178)   Post Evacuate Collection Set: 0.7ms
[2022-04-04T14:45:15.753+0800][81.167s] GC(178)   Other: 0.2ms
[2022-04-04T14:45:15.753+0800][81.167s] GC(178) Eden regions: 231->0(231)
[2022-04-04T14:45:15.753+0800][81.167s] GC(178) Survivor regions: 16->16(31)
[2022-04-04T14:45:15.753+0800][81.167s] GC(178) Old regions: 162->162
[2022-04-04T14:45:15.753+0800][81.167s] GC(178) Archive regions: 0->0
[2022-04-04T14:45:15.753+0800][81.167s] GC(178) Humongous regions: 35->35
[2022-04-04T14:45:15.753+0800][81.167s] GC(178) Metaspace: 52267K(53072K)->52267K(53072K) NonClass: 46285K(46848K)->46285K(46848K) Class: 5981K(6224K)->5981K(6224K)
[2022-04-04T14:45:15.753+0800][81.167s] GC(178) Pause Young (Normal) (G1 Evacuation Pause) 442M->212M(512M) 3.673ms
[2022-04-04T14:45:15.753+0800][81.167s] GC(178) User=0.00s Sys=0.00s Real=0.00s
[2022-04-04T14:45:15.865+0800][81.279s] GC(179) Pause Young (Normal) (G1 Evacuation Pause)
[2022-04-04T14:45:15.865+0800][81.279s] GC(179) Using 8 workers of 8 for evacuation
[2022-04-04T14:45:15.869+0800][81.282s] GC(179)   Pre Evacuate Collection Set: 0.1ms
[2022-04-04T14:45:15.869+0800][81.282s] GC(179)   Merge Heap Roots: 0.1ms
[2022-04-04T14:45:15.869+0800][81.282s] GC(179)   Evacuate Collection Set: 2.3ms
[2022-04-04T14:45:15.869+0800][81.282s] GC(179)   Post Evacuate Collection Set: 0.8ms
[2022-04-04T14:45:15.869+0800][81.282s] GC(179)   Other: 0.2ms
[2022-04-04T14:45:15.869+0800][81.282s] GC(179) Eden regions: 231->0(229)
[2022-04-04T14:45:15.869+0800][81.282s] GC(179) Survivor regions: 16->15(31)
[2022-04-04T14:45:15.869+0800][81.282s] GC(179) Old regions: 162->165
[2022-04-04T14:45:15.869+0800][81.282s] GC(179) Archive regions: 0->0
[2022-04-04T14:45:15.869+0800][81.282s] GC(179) Humongous regions: 37->36
[2022-04-04T14:45:15.869+0800][81.282s] GC(179) Metaspace: 52267K(53072K)->52267K(53072K) NonClass: 46285K(46848K)->46285K(46848K) Class: 5981K(6224K)->5981K(6224K)
[2022-04-04T14:45:15.869+0800][81.282s] GC(179) Pause Young (Normal) (G1 Evacuation Pause) 445M->214M(512M) 3.755ms
[2022-04-04T14:45:15.869+0800][81.282s] GC(179) User=0.00s Sys=0.00s Real=0.00s
[2022-04-04T14:45:15.971+0800][81.384s] GC(180) Pause Young (Normal) (G1 Evacuation Pause)
[2022-04-04T14:45:15.971+0800][81.384s] GC(180) Using 8 workers of 8 for evacuation
[2022-04-04T14:45:15.974+0800][81.387s] GC(180)   Pre Evacuate Collection Set: 0.1ms
[2022-04-04T14:45:15.974+0800][81.387s] GC(180)   Merge Heap Roots: 0.1ms
[2022-04-04T14:45:15.974+0800][81.387s] GC(180)   Evacuate Collection Set: 2.0ms
[2022-04-04T14:45:15.974+0800][81.387s] GC(180)   Post Evacuate Collection Set: 0.8ms
[2022-04-04T14:45:15.974+0800][81.387s] GC(180)   Other: 0.2ms
[2022-04-04T14:45:15.974+0800][81.387s] GC(180) Eden regions: 229->0(231)
[2022-04-04T14:45:15.974+0800][81.387s] GC(180) Survivor regions: 15->12(31)
[2022-04-04T14:45:15.974+0800][81.387s] GC(180) Old regions: 165->168
[2022-04-04T14:45:15.974+0800][81.387s] GC(180) Archive regions: 0->0
[2022-04-04T14:45:15.974+0800][81.387s] GC(180) Humongous regions: 37->37
[2022-04-04T14:45:15.974+0800][81.387s] GC(180) Metaspace: 52267K(53072K)->52267K(53072K) NonClass: 46285K(46848K)->46285K(46848K) Class: 5981K(6224K)->5981K(6224K)
[2022-04-04T14:45:15.974+0800][81.387s] GC(180) Pause Young (Normal) (G1 Evacuation Pause) 444M->216M(512M) 3.430ms
[2022-04-04T14:45:15.974+0800][81.387s] GC(180) User=0.00s Sys=0.00s Real=0.00s
[2022-04-04T14:45:16.068+0800][81.482s] GC(181) Pause Young (Normal) (G1 Evacuation Pause)
[2022-04-04T14:45:16.069+0800][81.482s] GC(181) Using 8 workers of 8 for evacuation
[2022-04-04T14:45:16.071+0800][81.485s] GC(181)   Pre Evacuate Collection Set: 0.1ms
[2022-04-04T14:45:16.071+0800][81.485s] GC(181)   Merge Heap Roots: 0.1ms
[2022-04-04T14:45:16.071+0800][81.485s] GC(181)   Evacuate Collection Set: 1.6ms
[2022-04-04T14:45:16.071+0800][81.485s] GC(181)   Post Evacuate Collection Set: 0.7ms
[2022-04-04T14:45:16.071+0800][81.485s] GC(181)   Other: 0.2ms
[2022-04-04T14:45:16.071+0800][81.485s] GC(181) Eden regions: 231->0(231)
[2022-04-04T14:45:16.071+0800][81.485s] GC(181) Survivor regions: 12->12(31)
[2022-04-04T14:45:16.071+0800][81.485s] GC(181) Old regions: 168->168
[2022-04-04T14:45:16.071+0800][81.485s] GC(181) Archive regions: 0->0
[2022-04-04T14:45:16.071+0800][81.485s] GC(181) Humongous regions: 37->37
[2022-04-04T14:45:16.072+0800][81.485s] GC(181) Metaspace: 52267K(53072K)->52267K(53072K) NonClass: 46285K(46848K)->46285K(46848K) Class: 5981K(6224K)->5981K(6224K)
[2022-04-04T14:45:16.072+0800][81.485s] GC(181) Pause Young (Normal) (G1 Evacuation Pause) 447M->216M(512M) 3.115ms
[2022-04-04T14:45:16.072+0800][81.485s] GC(181) User=0.00s Sys=0.00s Real=0.00s
[2022-04-04T14:45:16.170+0800][81.583s] GC(182) Pause Young (Normal) (G1 Evacuation Pause)
[2022-04-04T14:45:16.170+0800][81.583s] GC(182) Using 8 workers of 8 for evacuation
[2022-04-04T14:45:16.173+0800][81.586s] GC(182)   Pre Evacuate Collection Set: 0.1ms
[2022-04-04T14:45:16.173+0800][81.586s] GC(182)   Merge Heap Roots: 0.1ms
[2022-04-04T14:45:16.173+0800][81.586s] GC(182)   Evacuate Collection Set: 1.8ms
[2022-04-04T14:45:16.173+0800][81.586s] GC(182)   Post Evacuate Collection Set: 0.8ms
[2022-04-04T14:45:16.173+0800][81.586s] GC(182)   Other: 0.2ms
[2022-04-04T14:45:16.173+0800][81.586s] GC(182) Eden regions: 231->0(229)
[2022-04-04T14:45:16.173+0800][81.586s] GC(182) Survivor regions: 12->13(31)
[2022-04-04T14:45:16.173+0800][81.586s] GC(182) Old regions: 168->168
[2022-04-04T14:45:16.173+0800][81.586s] GC(182) Archive regions: 0->0
[2022-04-04T14:45:16.173+0800][81.586s] GC(182) Humongous regions: 37->37
[2022-04-04T14:45:16.173+0800][81.586s] GC(182) Metaspace: 52267K(53072K)->52267K(53072K) NonClass: 46285K(46848K)->46285K(46848K) Class: 5981K(6224K)->5981K(6224K)
[2022-04-04T14:45:16.173+0800][81.586s] GC(182) Pause Young (Normal) (G1 Evacuation Pause) 447M->217M(512M) 3.425ms
[2022-04-04T14:45:16.173+0800][81.586s] GC(182) User=0.00s Sys=0.00s Real=0.00s
[2022-04-04T14:45:16.274+0800][81.688s] GC(183) Pause Young (Normal) (G1 Evacuation Pause)
[2022-04-04T14:45:16.274+0800][81.688s] GC(183) Using 8 workers of 8 for evacuation
[2022-04-04T14:45:16.277+0800][81.691s] GC(183)   Pre Evacuate Collection Set: 0.1ms
[2022-04-04T14:45:16.277+0800][81.691s] GC(183)   Merge Heap Roots: 0.1ms
[2022-04-04T14:45:16.277+0800][81.691s] GC(183)   Evacuate Collection Set: 1.9ms
[2022-04-04T14:45:16.277+0800][81.691s] GC(183)   Post Evacuate Collection Set: 0.7ms
[2022-04-04T14:45:16.277+0800][81.691s] GC(183)   Other: 0.2ms
[2022-04-04T14:45:16.278+0800][81.691s] GC(183) Eden regions: 229->0(229)
[2022-04-04T14:45:16.278+0800][81.691s] GC(183) Survivor regions: 13->13(31)
[2022-04-04T14:45:16.278+0800][81.691s] GC(183) Old regions: 168->168
[2022-04-04T14:45:16.278+0800][81.691s] GC(183) Archive regions: 0->0
[2022-04-04T14:45:16.278+0800][81.691s] GC(183) Humongous regions: 37->37
[2022-04-04T14:45:16.278+0800][81.691s] GC(183) Metaspace: 52267K(53072K)->52267K(53072K) NonClass: 46285K(46848K)->46285K(46848K) Class: 5981K(6224K)->5981K(6224K)
[2022-04-04T14:45:16.278+0800][81.691s] GC(183) Pause Young (Normal) (G1 Evacuation Pause) 446M->217M(512M) 3.283ms
[2022-04-04T14:45:16.278+0800][81.691s] GC(183) User=0.12s Sys=0.00s Real=0.00s
[2022-04-04T14:45:16.375+0800][81.788s] GC(184) Pause Young (Normal) (G1 Evacuation Pause)
[2022-04-04T14:45:16.375+0800][81.788s] GC(184) Using 8 workers of 8 for evacuation
[2022-04-04T14:45:16.378+0800][81.791s] GC(184)   Pre Evacuate Collection Set: 0.1ms
[2022-04-04T14:45:16.378+0800][81.791s] GC(184)   Merge Heap Roots: 0.1ms
[2022-04-04T14:45:16.378+0800][81.791s] GC(184)   Evacuate Collection Set: 1.9ms
[2022-04-04T14:45:16.378+0800][81.791s] GC(184)   Post Evacuate Collection Set: 0.6ms
[2022-04-04T14:45:16.378+0800][81.791s] GC(184)   Other: 0.2ms
[2022-04-04T14:45:16.378+0800][81.792s] GC(184) Eden regions: 229->0(226)
[2022-04-04T14:45:16.378+0800][81.792s] GC(184) Survivor regions: 13->14(31)
[2022-04-04T14:45:16.378+0800][81.792s] GC(184) Old regions: 168->169
[2022-04-04T14:45:16.378+0800][81.792s] GC(184) Archive regions: 0->0
[2022-04-04T14:45:16.378+0800][81.792s] GC(184) Humongous regions: 37->37
[2022-04-04T14:45:16.378+0800][81.792s] GC(184) Metaspace: 52267K(53072K)->52267K(53072K) NonClass: 46285K(46848K)->46285K(46848K) Class: 5981K(6224K)->5981K(6224K)
[2022-04-04T14:45:16.378+0800][81.792s] GC(184) Pause Young (Normal) (G1 Evacuation Pause) 446M->218M(512M) 3.294ms
[2022-04-04T14:45:16.378+0800][81.792s] GC(184) User=0.00s Sys=0.00s Real=0.00s
[2022-04-04T14:45:16.477+0800][81.890s] GC(185) Pause Young (Normal) (G1 Evacuation Pause)
[2022-04-04T14:45:16.477+0800][81.891s] GC(185) Using 8 workers of 8 for evacuation
[2022-04-04T14:45:16.480+0800][81.894s] GC(185)   Pre Evacuate Collection Set: 0.1ms
[2022-04-04T14:45:16.480+0800][81.894s] GC(185)   Merge Heap Roots: 0.1ms
[2022-04-04T14:45:16.480+0800][81.894s] GC(185)   Evacuate Collection Set: 2.0ms
[2022-04-04T14:45:16.480+0800][81.894s] GC(185)   Post Evacuate Collection Set: 0.8ms
[2022-04-04T14:45:16.481+0800][81.894s] GC(185)   Other: 0.2ms
[2022-04-04T14:45:16.481+0800][81.894s] GC(185) Eden regions: 226->0(225)
[2022-04-04T14:45:16.481+0800][81.894s] GC(185) Survivor regions: 14->14(30)
[2022-04-04T14:45:16.481+0800][81.894s] GC(185) Old regions: 169->170
[2022-04-04T14:45:16.481+0800][81.894s] GC(185) Archive regions: 0->0
[2022-04-04T14:45:16.481+0800][81.894s] GC(185) Humongous regions: 37->37
[2022-04-04T14:45:16.481+0800][81.894s] GC(185) Metaspace: 52267K(53072K)->52267K(53072K) NonClass: 46285K(46848K)->46285K(46848K) Class: 5981K(6224K)->5981K(6224K)
[2022-04-04T14:45:16.481+0800][81.894s] GC(185) Pause Young (Normal) (G1 Evacuation Pause) 444M->219M(512M) 3.694ms
[2022-04-04T14:45:16.481+0800][81.894s] GC(185) User=0.11s Sys=0.00s Real=0.00s
[2022-04-04T14:45:16.712+0800][82.126s] GC(186) Pause Young (Normal) (G1 Evacuation Pause)
[2022-04-04T14:45:16.712+0800][82.126s] GC(186) Using 8 workers of 8 for evacuation
[2022-04-04T14:45:16.716+0800][82.129s] GC(186)   Pre Evacuate Collection Set: 0.1ms
[2022-04-04T14:45:16.716+0800][82.129s] GC(186)   Merge Heap Roots: 0.1ms
[2022-04-04T14:45:16.716+0800][82.129s] GC(186)   Evacuate Collection Set: 2.3ms
[2022-04-04T14:45:16.716+0800][82.129s] GC(186)   Post Evacuate Collection Set: 0.8ms
[2022-04-04T14:45:16.716+0800][82.129s] GC(186)   Other: 0.2ms
[2022-04-04T14:45:16.716+0800][82.129s] GC(186) Eden regions: 225->0(223)
[2022-04-04T14:45:16.716+0800][82.129s] GC(186) Survivor regions: 14->15(30)
[2022-04-04T14:45:16.716+0800][82.129s] GC(186) Old regions: 170->170
[2022-04-04T14:45:16.716+0800][82.130s] GC(186) Archive regions: 0->0
[2022-04-04T14:45:16.716+0800][82.130s] GC(186) Humongous regions: 37->37
[2022-04-04T14:45:16.716+0800][82.130s] GC(186) Metaspace: 52271K(53072K)->52271K(53072K) NonClass: 46289K(46848K)->46289K(46848K) Class: 5981K(6224K)->5981K(6224K)
[2022-04-04T14:45:16.716+0800][82.130s] GC(186) Pause Young (Normal) (G1 Evacuation Pause) 444M->221M(512M) 3.800ms
[2022-04-04T14:45:16.716+0800][82.130s] GC(186) User=0.11s Sys=0.00s Real=0.00s
[2022-04-04T14:45:17.835+0800][83.249s] GC(187) Pause Young (Normal) (G1 Evacuation Pause)
[2022-04-04T14:45:17.835+0800][83.249s] GC(187) Using 8 workers of 8 for evacuation
[2022-04-04T14:45:17.839+0800][83.252s] GC(187)   Pre Evacuate Collection Set: 0.1ms
[2022-04-04T14:45:17.839+0800][83.252s] GC(187)   Merge Heap Roots: 0.1ms
[2022-04-04T14:45:17.839+0800][83.252s] GC(187)   Evacuate Collection Set: 2.3ms
[2022-04-04T14:45:17.839+0800][83.252s] GC(187)   Post Evacuate Collection Set: 0.7ms
[2022-04-04T14:45:17.839+0800][83.252s] GC(187)   Other: 0.3ms
[2022-04-04T14:45:17.839+0800][83.252s] GC(187) Eden regions: 223->0(224)
[2022-04-04T14:45:17.839+0800][83.252s] GC(187) Survivor regions: 15->14(30)
[2022-04-04T14:45:17.839+0800][83.252s] GC(187) Old regions: 170->171
[2022-04-04T14:45:17.839+0800][83.252s] GC(187) Archive regions: 0->0
[2022-04-04T14:45:17.839+0800][83.252s] GC(187) Humongous regions: 37->37
[2022-04-04T14:45:17.839+0800][83.252s] GC(187) Metaspace: 52271K(53072K)->52271K(53072K) NonClass: 46289K(46848K)->46289K(46848K) Class: 5981K(6224K)->5981K(6224K)
[2022-04-04T14:45:17.839+0800][83.253s] GC(187) Pause Young (Normal) (G1 Evacuation Pause) 444M->220M(512M) 3.883ms
[2022-04-04T14:45:17.839+0800][83.253s] GC(187) User=0.00s Sys=0.02s Real=0.00s
[2022-04-04T14:45:19.174+0800][84.588s] GC(188) Pause Young (Normal) (G1 Evacuation Pause)
[2022-04-04T14:45:19.174+0800][84.588s] GC(188) Using 8 workers of 8 for evacuation
[2022-04-04T14:45:19.177+0800][84.591s] GC(188)   Pre Evacuate Collection Set: 0.1ms
[2022-04-04T14:45:19.177+0800][84.591s] GC(188)   Merge Heap Roots: 0.1ms
[2022-04-04T14:45:19.177+0800][84.591s] GC(188)   Evacuate Collection Set: 1.9ms
[2022-04-04T14:45:19.177+0800][84.591s] GC(188)   Post Evacuate Collection Set: 0.7ms
[2022-04-04T14:45:19.177+0800][84.591s] GC(188)   Other: 0.2ms
[2022-04-04T14:45:19.177+0800][84.591s] GC(188) Eden regions: 224->0(225)
[2022-04-04T14:45:19.178+0800][84.591s] GC(188) Survivor regions: 14->13(30)
[2022-04-04T14:45:19.178+0800][84.591s] GC(188) Old regions: 171->172
[2022-04-04T14:45:19.178+0800][84.591s] GC(188) Archive regions: 0->0
[2022-04-04T14:45:19.178+0800][84.591s] GC(188) Humongous regions: 37->37
[2022-04-04T14:45:19.178+0800][84.591s] GC(188) Metaspace: 52271K(53072K)->52271K(53072K) NonClass: 46289K(46848K)->46289K(46848K) Class: 5981K(6224K)->5981K(6224K)
[2022-04-04T14:45:19.178+0800][84.591s] GC(188) Pause Young (Normal) (G1 Evacuation Pause) 444M->220M(512M) 3.447ms
[2022-04-04T14:45:19.178+0800][84.591s] GC(188) User=0.00s Sys=0.00s Real=0.00s
[2022-04-04T14:45:20.062+0800][85.475s] GC(189) Pause Young (Normal) (G1 Evacuation Pause)
[2022-04-04T14:45:20.062+0800][85.475s] GC(189) Using 8 workers of 8 for evacuation
[2022-04-04T14:45:20.065+0800][85.478s] GC(189)   Pre Evacuate Collection Set: 0.2ms
[2022-04-04T14:45:20.065+0800][85.478s] GC(189)   Merge Heap Roots: 0.2ms
[2022-04-04T14:45:20.065+0800][85.478s] GC(189)   Evacuate Collection Set: 2.0ms
[2022-04-04T14:45:20.065+0800][85.478s] GC(189)   Post Evacuate Collection Set: 0.8ms
[2022-04-04T14:45:20.065+0800][85.478s] GC(189)   Other: 0.2ms
[2022-04-04T14:45:20.065+0800][85.478s] GC(189) Eden regions: 225->0(225)
[2022-04-04T14:45:20.065+0800][85.478s] GC(189) Survivor regions: 13->13(30)
[2022-04-04T14:45:20.065+0800][85.478s] GC(189) Old regions: 172->172
[2022-04-04T14:45:20.065+0800][85.478s] GC(189) Archive regions: 0->0
[2022-04-04T14:45:20.065+0800][85.478s] GC(189) Humongous regions: 37->37
[2022-04-04T14:45:20.065+0800][85.478s] GC(189) Metaspace: 52271K(53072K)->52271K(53072K) NonClass: 46289K(46848K)->46289K(46848K) Class: 5981K(6224K)->5981K(6224K)
[2022-04-04T14:45:20.065+0800][85.478s] GC(189) Pause Young (Normal) (G1 Evacuation Pause) 445M->221M(512M) 3.580ms
[2022-04-04T14:45:20.065+0800][85.479s] GC(189) User=0.00s Sys=0.00s Real=0.00s
[2022-04-04T14:45:20.531+0800][85.945s] GC(190) Pause Young (Normal) (G1 Evacuation Pause)
[2022-04-04T14:45:20.532+0800][85.945s] GC(190) Using 8 workers of 8 for evacuation
[2022-04-04T14:45:20.535+0800][85.948s] GC(190)   Pre Evacuate Collection Set: 0.2ms
[2022-04-04T14:45:20.535+0800][85.948s] GC(190)   Merge Heap Roots: 0.1ms
[2022-04-04T14:45:20.535+0800][85.948s] GC(190)   Evacuate Collection Set: 2.0ms
[2022-04-04T14:45:20.535+0800][85.948s] GC(190)   Post Evacuate Collection Set: 0.7ms
[2022-04-04T14:45:20.535+0800][85.948s] GC(190)   Other: 0.2ms
[2022-04-04T14:45:20.535+0800][85.948s] GC(190) Eden regions: 225->0(226)
[2022-04-04T14:45:20.535+0800][85.948s] GC(190) Survivor regions: 13->12(30)
[2022-04-04T14:45:20.535+0800][85.948s] GC(190) Old regions: 172->173
[2022-04-04T14:45:20.535+0800][85.948s] GC(190) Archive regions: 0->0
[2022-04-04T14:45:20.535+0800][85.948s] GC(190) Humongous regions: 37->37
[2022-04-04T14:45:20.535+0800][85.948s] GC(190) Metaspace: 52278K(53072K)->52278K(53072K) NonClass: 46296K(46848K)->46296K(46848K) Class: 5981K(6224K)->5981K(6224K)
[2022-04-04T14:45:20.535+0800][85.948s] GC(190) Pause Young (Normal) (G1 Evacuation Pause) 446M->221M(512M) 3.517ms
[2022-04-04T14:45:20.535+0800][85.948s] GC(190) User=0.00s Sys=0.00s Real=0.00s
[2022-04-04T14:45:20.624+0800][86.038s] GC(191) Pause Young (Normal) (G1 Evacuation Pause)
[2022-04-04T14:45:20.624+0800][86.038s] GC(191) Using 8 workers of 8 for evacuation
[2022-04-04T14:45:20.627+0800][86.041s] GC(191)   Pre Evacuate Collection Set: 0.2ms
[2022-04-04T14:45:20.627+0800][86.041s] GC(191)   Merge Heap Roots: 0.2ms
[2022-04-04T14:45:20.628+0800][86.041s] GC(191)   Evacuate Collection Set: 1.8ms
[2022-04-04T14:45:20.628+0800][86.041s] GC(191)   Post Evacuate Collection Set: 0.8ms
[2022-04-04T14:45:20.628+0800][86.041s] GC(191)   Other: 0.2ms
[2022-04-04T14:45:20.628+0800][86.041s] GC(191) Eden regions: 226->0(223)
[2022-04-04T14:45:20.628+0800][86.041s] GC(191) Survivor regions: 12->13(30)
[2022-04-04T14:45:20.628+0800][86.041s] GC(191) Old regions: 173->174
[2022-04-04T14:45:20.628+0800][86.041s] GC(191) Archive regions: 0->0
[2022-04-04T14:45:20.628+0800][86.041s] GC(191) Humongous regions: 37->37
[2022-04-04T14:45:20.628+0800][86.041s] GC(191) Metaspace: 52278K(53072K)->52278K(53072K) NonClass: 46296K(46848K)->46296K(46848K) Class: 5981K(6224K)->5981K(6224K)
[2022-04-04T14:45:20.628+0800][86.041s] GC(191) Pause Young (Normal) (G1 Evacuation Pause) 447M->222M(512M) 3.653ms
[2022-04-04T14:45:20.628+0800][86.041s] GC(191) User=0.00s Sys=0.00s Real=0.00s
[2022-04-04T14:45:20.722+0800][86.135s] GC(192) Pause Young (Normal) (G1 Evacuation Pause)
[2022-04-04T14:45:20.722+0800][86.135s] GC(192) Using 8 workers of 8 for evacuation
[2022-04-04T14:45:20.725+0800][86.138s] GC(192)   Pre Evacuate Collection Set: 0.1ms
[2022-04-04T14:45:20.725+0800][86.138s] GC(192)   Merge Heap Roots: 0.1ms
[2022-04-04T14:45:20.725+0800][86.138s] GC(192)   Evacuate Collection Set: 1.7ms
[2022-04-04T14:45:20.725+0800][86.138s] GC(192)   Post Evacuate Collection Set: 0.7ms
[2022-04-04T14:45:20.725+0800][86.138s] GC(192)   Other: 0.2ms
[2022-04-04T14:45:20.725+0800][86.138s] GC(192) Eden regions: 223->0(223)
[2022-04-04T14:45:20.725+0800][86.138s] GC(192) Survivor regions: 13->13(30)
[2022-04-04T14:45:20.725+0800][86.138s] GC(192) Old regions: 174->174
[2022-04-04T14:45:20.725+0800][86.138s] GC(192) Archive regions: 0->0
[2022-04-04T14:45:20.725+0800][86.138s] GC(192) Humongous regions: 37->37
[2022-04-04T14:45:20.725+0800][86.138s] GC(192) Metaspace: 52278K(53072K)->52278K(53072K) NonClass: 46296K(46848K)->46296K(46848K) Class: 5981K(6224K)->5981K(6224K)
[2022-04-04T14:45:20.725+0800][86.138s] GC(192) Pause Young (Normal) (G1 Evacuation Pause) 445M->223M(512M) 3.137ms
[2022-04-04T14:45:20.725+0800][86.138s] GC(192) User=0.00s Sys=0.00s Real=0.00s
[2022-04-04T14:45:20.818+0800][86.231s] GC(193) Pause Young (Normal) (G1 Evacuation Pause)
[2022-04-04T14:45:20.818+0800][86.231s] GC(193) Using 8 workers of 8 for evacuation
[2022-04-04T14:45:20.821+0800][86.234s] GC(193)   Pre Evacuate Collection Set: 0.1ms
[2022-04-04T14:45:20.821+0800][86.234s] GC(193)   Merge Heap Roots: 0.1ms
[2022-04-04T14:45:20.821+0800][86.234s] GC(193)   Evacuate Collection Set: 1.7ms
[2022-04-04T14:45:20.821+0800][86.234s] GC(193)   Post Evacuate Collection Set: 0.7ms
[2022-04-04T14:45:20.821+0800][86.234s] GC(193)   Other: 0.2ms
[2022-04-04T14:45:20.821+0800][86.234s] GC(193) Eden regions: 223->0(220)
[2022-04-04T14:45:20.821+0800][86.234s] GC(193) Survivor regions: 13->14(30)
[2022-04-04T14:45:20.821+0800][86.234s] GC(193) Old regions: 174->175
[2022-04-04T14:45:20.821+0800][86.234s] GC(193) Archive regions: 0->0
[2022-04-04T14:45:20.821+0800][86.234s] GC(193) Humongous regions: 37->37
[2022-04-04T14:45:20.821+0800][86.234s] GC(193) Metaspace: 52278K(53072K)->52278K(53072K) NonClass: 46296K(46848K)->46296K(46848K) Class: 5981K(6224K)->5981K(6224K)
[2022-04-04T14:45:20.821+0800][86.234s] GC(193) Pause Young (Normal) (G1 Evacuation Pause) 446M->224M(512M) 3.112ms
[2022-04-04T14:45:20.821+0800][86.234s] GC(193) User=0.00s Sys=0.00s Real=0.00s
[2022-04-04T14:45:20.915+0800][86.328s] GC(194) Pause Young (Normal) (G1 Evacuation Pause)
[2022-04-04T14:45:20.915+0800][86.328s] GC(194) Using 8 workers of 8 for evacuation
[2022-04-04T14:45:20.918+0800][86.331s] GC(194)   Pre Evacuate Collection Set: 0.1ms
[2022-04-04T14:45:20.918+0800][86.331s] GC(194)   Merge Heap Roots: 0.1ms
[2022-04-04T14:45:20.918+0800][86.331s] GC(194)   Evacuate Collection Set: 1.9ms
[2022-04-04T14:45:20.918+0800][86.331s] GC(194)   Post Evacuate Collection Set: 0.7ms
[2022-04-04T14:45:20.918+0800][86.331s] GC(194)   Other: 0.2ms
[2022-04-04T14:45:20.918+0800][86.331s] GC(194) Eden regions: 220->0(220)
[2022-04-04T14:45:20.918+0800][86.331s] GC(194) Survivor regions: 14->14(30)
[2022-04-04T14:45:20.918+0800][86.331s] GC(194) Old regions: 175->175
[2022-04-04T14:45:20.918+0800][86.331s] GC(194) Archive regions: 0->0
[2022-04-04T14:45:20.918+0800][86.331s] GC(194) Humongous regions: 37->37
[2022-04-04T14:45:20.918+0800][86.331s] GC(194) Metaspace: 52278K(53072K)->52278K(53072K) NonClass: 46296K(46848K)->46296K(46848K) Class: 5981K(6224K)->5981K(6224K)
[2022-04-04T14:45:20.918+0800][86.331s] GC(194) Pause Young (Normal) (G1 Evacuation Pause) 444M->225M(512M) 3.300ms
[2022-04-04T14:45:20.918+0800][86.331s] GC(194) User=0.11s Sys=0.00s Real=0.00s
[2022-04-04T14:45:21.018+0800][86.431s] GC(195) Pause Young (Normal) (G1 Evacuation Pause)
[2022-04-04T14:45:21.018+0800][86.431s] GC(195) Using 8 workers of 8 for evacuation
[2022-04-04T14:45:21.021+0800][86.434s] GC(195)   Pre Evacuate Collection Set: 0.1ms
[2022-04-04T14:45:21.021+0800][86.435s] GC(195)   Merge Heap Roots: 0.1ms
[2022-04-04T14:45:21.021+0800][86.435s] GC(195)   Evacuate Collection Set: 2.0ms
[2022-04-04T14:45:21.021+0800][86.435s] GC(195)   Post Evacuate Collection Set: 0.8ms
[2022-04-04T14:45:21.022+0800][86.435s] GC(195)   Other: 0.2ms
[2022-04-04T14:45:21.022+0800][86.435s] GC(195) Eden regions: 220->0(219)
[2022-04-04T14:45:21.022+0800][86.435s] GC(195) Survivor regions: 14->14(30)
[2022-04-04T14:45:21.022+0800][86.435s] GC(195) Old regions: 175->176
[2022-04-04T14:45:21.022+0800][86.435s] GC(195) Archive regions: 0->0
[2022-04-04T14:45:21.022+0800][86.435s] GC(195) Humongous regions: 37->37
[2022-04-04T14:45:21.022+0800][86.435s] GC(195) Metaspace: 52278K(53072K)->52278K(53072K) NonClass: 46296K(46848K)->46296K(46848K) Class: 5981K(6224K)->5981K(6224K)
[2022-04-04T14:45:21.022+0800][86.435s] GC(195) Pause Young (Normal) (G1 Evacuation Pause) 445M->225M(512M) 3.623ms
[2022-04-04T14:45:21.022+0800][86.435s] GC(195) User=0.00s Sys=0.00s Real=0.00s
[2022-04-04T14:45:21.126+0800][86.539s] GC(196) Pause Young (Normal) (G1 Evacuation Pause)
[2022-04-04T14:45:21.126+0800][86.539s] GC(196) Using 8 workers of 8 for evacuation
[2022-04-04T14:45:21.128+0800][86.542s] GC(196)   Pre Evacuate Collection Set: 0.1ms
[2022-04-04T14:45:21.128+0800][86.542s] GC(196)   Merge Heap Roots: 0.1ms
[2022-04-04T14:45:21.129+0800][86.542s] GC(196)   Evacuate Collection Set: 1.9ms
[2022-04-04T14:45:21.129+0800][86.542s] GC(196)   Post Evacuate Collection Set: 0.6ms
[2022-04-04T14:45:21.129+0800][86.542s] GC(196)   Other: 0.2ms
[2022-04-04T14:45:21.129+0800][86.542s] GC(196) Eden regions: 219->0(216)
[2022-04-04T14:45:21.129+0800][86.542s] GC(196) Survivor regions: 14->15(30)
[2022-04-04T14:45:21.129+0800][86.542s] GC(196) Old regions: 176->176
[2022-04-04T14:45:21.129+0800][86.542s] GC(196) Archive regions: 0->0
[2022-04-04T14:45:21.129+0800][86.542s] GC(196) Humongous regions: 38->38
[2022-04-04T14:45:21.129+0800][86.542s] GC(196) Metaspace: 52278K(53072K)->52278K(53072K) NonClass: 46296K(46848K)->46296K(46848K) Class: 5981K(6224K)->5981K(6224K)
[2022-04-04T14:45:21.129+0800][86.542s] GC(196) Pause Young (Normal) (G1 Evacuation Pause) 445M->227M(512M) 3.197ms
[2022-04-04T14:45:21.129+0800][86.542s] GC(196) User=0.00s Sys=0.00s Real=0.00s
[2022-04-04T14:45:21.224+0800][86.637s] GC(197) Pause Young (Normal) (G1 Evacuation Pause)
[2022-04-04T14:45:21.224+0800][86.638s] GC(197) Using 8 workers of 8 for evacuation
[2022-04-04T14:45:21.228+0800][86.641s] GC(197)   Pre Evacuate Collection Set: 0.1ms
[2022-04-04T14:45:21.228+0800][86.641s] GC(197)   Merge Heap Roots: 0.1ms
[2022-04-04T14:45:21.228+0800][86.641s] GC(197)   Evacuate Collection Set: 2.0ms
[2022-04-04T14:45:21.228+0800][86.641s] GC(197)   Post Evacuate Collection Set: 0.7ms
[2022-04-04T14:45:21.228+0800][86.641s] GC(197)   Other: 0.3ms
[2022-04-04T14:45:21.228+0800][86.641s] GC(197) Eden regions: 216->0(215)
[2022-04-04T14:45:21.228+0800][86.641s] GC(197) Survivor regions: 15->15(29)
[2022-04-04T14:45:21.228+0800][86.641s] GC(197) Old regions: 176->177
[2022-04-04T14:45:21.228+0800][86.641s] GC(197) Archive regions: 0->0
[2022-04-04T14:45:21.228+0800][86.641s] GC(197) Humongous regions: 38->38
[2022-04-04T14:45:21.228+0800][86.641s] GC(197) Metaspace: 52278K(53072K)->52278K(53072K) NonClass: 46296K(46848K)->46296K(46848K) Class: 5981K(6224K)->5981K(6224K)
[2022-04-04T14:45:21.228+0800][86.641s] GC(197) Pause Young (Normal) (G1 Evacuation Pause) 443M->228M(512M) 3.897ms
[2022-04-04T14:45:21.228+0800][86.641s] GC(197) User=0.00s Sys=0.00s Real=0.00s
[2022-04-04T14:45:21.431+0800][86.844s] GC(198) Pause Young (Normal) (G1 Evacuation Pause)
[2022-04-04T14:45:21.431+0800][86.844s] GC(198) Using 8 workers of 8 for evacuation
[2022-04-04T14:45:21.434+0800][86.848s] GC(198)   Pre Evacuate Collection Set: 0.1ms
[2022-04-04T14:45:21.434+0800][86.848s] GC(198)   Merge Heap Roots: 0.1ms
[2022-04-04T14:45:21.435+0800][86.848s] GC(198)   Evacuate Collection Set: 2.0ms
[2022-04-04T14:45:21.435+0800][86.848s] GC(198)   Post Evacuate Collection Set: 0.7ms
[2022-04-04T14:45:21.435+0800][86.848s] GC(198)   Other: 0.2ms
[2022-04-04T14:45:21.435+0800][86.848s] GC(198) Eden regions: 215->0(213)
[2022-04-04T14:45:21.435+0800][86.848s] GC(198) Survivor regions: 15->16(29)
[2022-04-04T14:45:21.435+0800][86.848s] GC(198) Old regions: 177->177
[2022-04-04T14:45:21.435+0800][86.848s] GC(198) Archive regions: 0->0
[2022-04-04T14:45:21.435+0800][86.848s] GC(198) Humongous regions: 38->38
[2022-04-04T14:45:21.435+0800][86.848s] GC(198) Metaspace: 52278K(53072K)->52278K(53072K) NonClass: 46296K(46848K)->46296K(46848K) Class: 5981K(6224K)->5981K(6224K)
[2022-04-04T14:45:21.435+0800][86.848s] GC(198) Pause Young (Normal) (G1 Evacuation Pause) 443M->230M(512M) 3.750ms
[2022-04-04T14:45:21.435+0800][86.848s] GC(198) User=0.11s Sys=0.00s Real=0.00s
[2022-04-04T14:45:21.560+0800][86.973s] GC(199) Pause Young (Normal) (G1 Evacuation Pause)
[2022-04-04T14:45:21.560+0800][86.973s] GC(199) Using 8 workers of 8 for evacuation
[2022-04-04T14:45:21.563+0800][86.976s] GC(199)   Pre Evacuate Collection Set: 0.1ms
[2022-04-04T14:45:21.563+0800][86.976s] GC(199)   Merge Heap Roots: 0.1ms
[2022-04-04T14:45:21.563+0800][86.976s] GC(199)   Evacuate Collection Set: 2.2ms
[2022-04-04T14:45:21.563+0800][86.976s] GC(199)   Post Evacuate Collection Set: 0.6ms
[2022-04-04T14:45:21.563+0800][86.976s] GC(199)   Other: 0.2ms
[2022-04-04T14:45:21.563+0800][86.976s] GC(199) Eden regions: 213->0(212)
[2022-04-04T14:45:21.563+0800][86.976s] GC(199) Survivor regions: 16->16(29)
[2022-04-04T14:45:21.563+0800][86.976s] GC(199) Old regions: 177->178
[2022-04-04T14:45:21.563+0800][86.976s] GC(199) Archive regions: 0->0
[2022-04-04T14:45:21.563+0800][86.976s] GC(199) Humongous regions: 38->38
[2022-04-04T14:45:21.563+0800][86.976s] GC(199) Metaspace: 52278K(53072K)->52278K(53072K) NonClass: 46296K(46848K)->46296K(46848K) Class: 5981K(6224K)->5981K(6224K)
[2022-04-04T14:45:21.563+0800][86.976s] GC(199) Pause Young (Normal) (G1 Evacuation Pause) 443M->230M(512M) 3.664ms
[2022-04-04T14:45:21.563+0800][86.976s] GC(199) User=0.00s Sys=0.00s Real=0.00s
[2022-04-04T14:45:21.675+0800][87.088s] GC(200) Pause Young (Normal) (G1 Evacuation Pause)
[2022-04-04T14:45:21.675+0800][87.088s] GC(200) Using 8 workers of 8 for evacuation
[2022-04-04T14:45:21.678+0800][87.091s] GC(200)   Pre Evacuate Collection Set: 0.1ms
[2022-04-04T14:45:21.678+0800][87.091s] GC(200)   Merge Heap Roots: 0.1ms
[2022-04-04T14:45:21.678+0800][87.091s] GC(200)   Evacuate Collection Set: 2.0ms
[2022-04-04T14:45:21.678+0800][87.091s] GC(200)   Post Evacuate Collection Set: 0.8ms
[2022-04-04T14:45:21.678+0800][87.091s] GC(200)   Other: 0.2ms
[2022-04-04T14:45:21.678+0800][87.091s] GC(200) Eden regions: 212->0(214)
[2022-04-04T14:45:21.678+0800][87.091s] GC(200) Survivor regions: 16->15(29)
[2022-04-04T14:45:21.678+0800][87.091s] GC(200) Old regions: 178->178
[2022-04-04T14:45:21.678+0800][87.091s] GC(200) Archive regions: 0->0
[2022-04-04T14:45:21.678+0800][87.091s] GC(200) Humongous regions: 38->38
[2022-04-04T14:45:21.678+0800][87.091s] GC(200) Metaspace: 52278K(53072K)->52278K(53072K) NonClass: 46296K(46848K)->46296K(46848K) Class: 5981K(6224K)->5981K(6224K)
[2022-04-04T14:45:21.678+0800][87.091s] GC(200) Pause Young (Normal) (G1 Evacuation Pause) 442M->230M(512M) 3.549ms
[2022-04-04T14:45:21.678+0800][87.091s] GC(200) User=0.00s Sys=0.00s Real=0.00s
[2022-04-04T14:45:21.778+0800][87.191s] GC(201) Pause Young (Normal) (G1 Evacuation Pause)
[2022-04-04T14:45:21.778+0800][87.191s] GC(201) Using 8 workers of 8 for evacuation
[2022-04-04T14:45:21.782+0800][87.195s] GC(201)   Pre Evacuate Collection Set: 0.2ms
[2022-04-04T14:45:21.782+0800][87.195s] GC(201)   Merge Heap Roots: 0.1ms
[2022-04-04T14:45:21.782+0800][87.195s] GC(201)   Evacuate Collection Set: 2.1ms
[2022-04-04T14:45:21.782+0800][87.195s] GC(201)   Post Evacuate Collection Set: 0.8ms
[2022-04-04T14:45:21.782+0800][87.195s] GC(201)   Other: 0.2ms
[2022-04-04T14:45:21.782+0800][87.195s] GC(201) Eden regions: 214->0(215)
[2022-04-04T14:45:21.782+0800][87.195s] GC(201) Survivor regions: 15->11(29)
[2022-04-04T14:45:21.782+0800][87.195s] GC(201) Old regions: 178->184
[2022-04-04T14:45:21.782+0800][87.195s] GC(201) Archive regions: 0->0
[2022-04-04T14:45:21.782+0800][87.195s] GC(201) Humongous regions: 40->39
[2022-04-04T14:45:21.782+0800][87.195s] GC(201) Metaspace: 52278K(53072K)->52278K(53072K) NonClass: 46296K(46848K)->46296K(46848K) Class: 5981K(6224K)->5981K(6224K)
[2022-04-04T14:45:21.782+0800][87.195s] GC(201) Pause Young (Normal) (G1 Evacuation Pause) 446M->232M(512M) 3.634ms
[2022-04-04T14:45:21.782+0800][87.195s] GC(201) User=0.00s Sys=0.00s Real=0.00s
[2022-04-04T14:45:21.878+0800][87.291s] GC(202) Pause Young (Normal) (G1 Evacuation Pause)
[2022-04-04T14:45:21.878+0800][87.291s] GC(202) Using 8 workers of 8 for evacuation
[2022-04-04T14:45:21.880+0800][87.293s] GC(202)   Pre Evacuate Collection Set: 0.1ms
[2022-04-04T14:45:21.880+0800][87.293s] GC(202)   Merge Heap Roots: 0.1ms
[2022-04-04T14:45:21.880+0800][87.293s] GC(202)   Evacuate Collection Set: 1.5ms
[2022-04-04T14:45:21.880+0800][87.293s] GC(202)   Post Evacuate Collection Set: 0.7ms
[2022-04-04T14:45:21.880+0800][87.294s] GC(202)   Other: 0.2ms
[2022-04-04T14:45:21.880+0800][87.294s] GC(202) Eden regions: 215->0(213)
[2022-04-04T14:45:21.880+0800][87.294s] GC(202) Survivor regions: 11->11(29)
[2022-04-04T14:45:21.880+0800][87.294s] GC(202) Old regions: 184->184
[2022-04-04T14:45:21.880+0800][87.294s] GC(202) Archive regions: 0->0
[2022-04-04T14:45:21.881+0800][87.294s] GC(202) Humongous regions: 40->40
[2022-04-04T14:45:21.881+0800][87.294s] GC(202) Metaspace: 52278K(53072K)->52278K(53072K) NonClass: 46296K(46848K)->46296K(46848K) Class: 5981K(6224K)->5981K(6224K)
[2022-04-04T14:45:21.881+0800][87.294s] GC(202) Pause Young (Normal) (G1 Evacuation Pause) 448M->233M(512M) 2.909ms
[2022-04-04T14:45:21.881+0800][87.294s] GC(202) User=0.00s Sys=0.00s Real=0.00s
[2022-04-04T14:45:21.979+0800][87.392s] GC(203) Pause Young (Normal) (G1 Evacuation Pause)
[2022-04-04T14:45:21.979+0800][87.392s] GC(203) Using 8 workers of 8 for evacuation
[2022-04-04T14:45:21.982+0800][87.395s] GC(203)   Pre Evacuate Collection Set: 0.2ms
[2022-04-04T14:45:21.982+0800][87.395s] GC(203)   Merge Heap Roots: 0.1ms
[2022-04-04T14:45:21.982+0800][87.395s] GC(203)   Evacuate Collection Set: 1.5ms
[2022-04-04T14:45:21.982+0800][87.395s] GC(203)   Post Evacuate Collection Set: 0.7ms
[2022-04-04T14:45:21.982+0800][87.395s] GC(203)   Other: 0.2ms
[2022-04-04T14:45:21.982+0800][87.395s] GC(203) Eden regions: 213->0(211)
[2022-04-04T14:45:21.982+0800][87.395s] GC(203) Survivor regions: 11->12(28)
[2022-04-04T14:45:21.982+0800][87.395s] GC(203) Old regions: 184->184
[2022-04-04T14:45:21.982+0800][87.395s] GC(203) Archive regions: 0->0
[2022-04-04T14:45:21.982+0800][87.395s] GC(203) Humongous regions: 40->40
[2022-04-04T14:45:21.982+0800][87.395s] GC(203) Metaspace: 52278K(53072K)->52278K(53072K) NonClass: 46296K(46848K)->46296K(46848K) Class: 5981K(6224K)->5981K(6224K)
[2022-04-04T14:45:21.982+0800][87.395s] GC(203) Pause Young (Normal) (G1 Evacuation Pause) 446M->234M(512M) 3.092ms
[2022-04-04T14:45:21.982+0800][87.395s] GC(203) User=0.12s Sys=0.00s Real=0.00s
[2022-04-04T14:45:22.071+0800][87.485s] GC(204) Pause Young (Normal) (G1 Evacuation Pause)
[2022-04-04T14:45:22.071+0800][87.485s] GC(204) Using 8 workers of 8 for evacuation
[2022-04-04T14:45:22.075+0800][87.488s] GC(204)   Pre Evacuate Collection Set: 0.2ms
[2022-04-04T14:45:22.075+0800][87.488s] GC(204)   Merge Heap Roots: 0.1ms
[2022-04-04T14:45:22.075+0800][87.488s] GC(204)   Evacuate Collection Set: 1.9ms
[2022-04-04T14:45:22.075+0800][87.488s] GC(204)   Post Evacuate Collection Set: 0.7ms
[2022-04-04T14:45:22.075+0800][87.488s] GC(204)   Other: 0.3ms
[2022-04-04T14:45:22.075+0800][87.488s] GC(204) Eden regions: 211->0(210)
[2022-04-04T14:45:22.075+0800][87.488s] GC(204) Survivor regions: 12->13(28)
[2022-04-04T14:45:22.075+0800][87.488s] GC(204) Old regions: 184->184
[2022-04-04T14:45:22.075+0800][87.488s] GC(204) Archive regions: 0->0
[2022-04-04T14:45:22.075+0800][87.488s] GC(204) Humongous regions: 40->40
[2022-04-04T14:45:22.075+0800][87.488s] GC(204) Metaspace: 52278K(53072K)->52278K(53072K) NonClass: 46296K(46848K)->46296K(46848K) Class: 5981K(6224K)->5981K(6224K)
[2022-04-04T14:45:22.075+0800][87.488s] GC(204) Pause Young (Normal) (G1 Evacuation Pause) 445M->235M(512M) 3.421ms
[2022-04-04T14:45:22.075+0800][87.488s] GC(204) User=0.11s Sys=0.00s Real=0.00s
[2022-04-04T14:45:22.159+0800][87.573s] GC(205) Pause Young (Normal) (G1 Evacuation Pause)
[2022-04-04T14:45:22.160+0800][87.573s] GC(205) Using 8 workers of 8 for evacuation
[2022-04-04T14:45:22.162+0800][87.575s] GC(205)   Pre Evacuate Collection Set: 0.1ms
[2022-04-04T14:45:22.162+0800][87.576s] GC(205)   Merge Heap Roots: 0.1ms
[2022-04-04T14:45:22.162+0800][87.576s] GC(205)   Evacuate Collection Set: 1.7ms
[2022-04-04T14:45:22.162+0800][87.576s] GC(205)   Post Evacuate Collection Set: 0.7ms
[2022-04-04T14:45:22.162+0800][87.576s] GC(205)   Other: 0.2ms
[2022-04-04T14:45:22.163+0800][87.576s] GC(205) Eden regions: 210->0(210)
[2022-04-04T14:45:22.163+0800][87.576s] GC(205) Survivor regions: 13->13(28)
[2022-04-04T14:45:22.163+0800][87.576s] GC(205) Old regions: 184->184
[2022-04-04T14:45:22.163+0800][87.576s] GC(205) Archive regions: 0->0
[2022-04-04T14:45:22.163+0800][87.576s] GC(205) Humongous regions: 40->40
[2022-04-04T14:45:22.163+0800][87.576s] GC(205) Metaspace: 52278K(53072K)->52278K(53072K) NonClass: 46296K(46848K)->46296K(46848K) Class: 5981K(6224K)->5981K(6224K)
[2022-04-04T14:45:22.163+0800][87.576s] GC(205) Pause Young (Normal) (G1 Evacuation Pause) 445M->236M(512M) 3.196ms
[2022-04-04T14:45:22.163+0800][87.576s] GC(205) User=0.00s Sys=0.00s Real=0.00s
[2022-04-04T14:45:22.254+0800][87.668s] GC(206) Pause Young (Normal) (G1 Evacuation Pause)
[2022-04-04T14:45:22.255+0800][87.668s] GC(206) Using 8 workers of 8 for evacuation
[2022-04-04T14:45:22.257+0800][87.671s] GC(206)   Pre Evacuate Collection Set: 0.2ms
[2022-04-04T14:45:22.258+0800][87.671s] GC(206)   Merge Heap Roots: 0.1ms
[2022-04-04T14:45:22.258+0800][87.671s] GC(206)   Evacuate Collection Set: 2.1ms
[2022-04-04T14:45:22.258+0800][87.671s] GC(206)   Post Evacuate Collection Set: 0.6ms
[2022-04-04T14:45:22.258+0800][87.671s] GC(206)   Other: 0.2ms
[2022-04-04T14:45:22.258+0800][87.671s] GC(206) Eden regions: 210->0(207)
[2022-04-04T14:45:22.258+0800][87.671s] GC(206) Survivor regions: 13->14(28)
[2022-04-04T14:45:22.258+0800][87.671s] GC(206) Old regions: 184->185
[2022-04-04T14:45:22.258+0800][87.671s] GC(206) Archive regions: 0->0
[2022-04-04T14:45:22.258+0800][87.671s] GC(206) Humongous regions: 40->40
[2022-04-04T14:45:22.258+0800][87.671s] GC(206) Metaspace: 52278K(53072K)->52278K(53072K) NonClass: 46296K(46848K)->46296K(46848K) Class: 5981K(6224K)->5981K(6224K)
[2022-04-04T14:45:22.258+0800][87.671s] GC(206) Pause Young (Normal) (G1 Evacuation Pause) 446M->237M(512M) 3.425ms
[2022-04-04T14:45:22.258+0800][87.671s] GC(206) User=0.00s Sys=0.00s Real=0.00s
[2022-04-04T14:45:22.353+0800][87.766s] GC(207) Pause Young (Normal) (G1 Evacuation Pause)
[2022-04-04T14:45:22.353+0800][87.767s] GC(207) Using 8 workers of 8 for evacuation
[2022-04-04T14:45:22.356+0800][87.769s] GC(207)   Pre Evacuate Collection Set: 0.1ms
[2022-04-04T14:45:22.356+0800][87.769s] GC(207)   Merge Heap Roots: 0.1ms
[2022-04-04T14:45:22.356+0800][87.769s] GC(207)   Evacuate Collection Set: 1.6ms
[2022-04-04T14:45:22.356+0800][87.769s] GC(207)   Post Evacuate Collection Set: 0.7ms
[2022-04-04T14:45:22.356+0800][87.769s] GC(207)   Other: 0.2ms
[2022-04-04T14:45:22.356+0800][87.769s] GC(207) Eden regions: 207->0(209)
[2022-04-04T14:45:22.356+0800][87.769s] GC(207) Survivor regions: 14->13(28)
[2022-04-04T14:45:22.356+0800][87.769s] GC(207) Old regions: 185->185
[2022-04-04T14:45:22.356+0800][87.769s] GC(207) Archive regions: 0->0
[2022-04-04T14:45:22.356+0800][87.769s] GC(207) Humongous regions: 40->40
[2022-04-04T14:45:22.356+0800][87.769s] GC(207) Metaspace: 52278K(53072K)->52278K(53072K) NonClass: 46296K(46848K)->46296K(46848K) Class: 5981K(6224K)->5981K(6224K)
[2022-04-04T14:45:22.356+0800][87.769s] GC(207) Pause Young (Normal) (G1 Evacuation Pause) 444M->237M(512M) 3.014ms
[2022-04-04T14:45:22.356+0800][87.769s] GC(207) User=0.12s Sys=0.00s Real=0.00s
[2022-04-04T14:45:22.443+0800][87.856s] GC(208) Pause Young (Normal) (G1 Evacuation Pause)
[2022-04-04T14:45:22.443+0800][87.856s] GC(208) Using 8 workers of 8 for evacuation
[2022-04-04T14:45:22.446+0800][87.859s] GC(208)   Pre Evacuate Collection Set: 0.1ms
[2022-04-04T14:45:22.446+0800][87.859s] GC(208)   Merge Heap Roots: 0.1ms
[2022-04-04T14:45:22.446+0800][87.859s] GC(208)   Evacuate Collection Set: 1.9ms
[2022-04-04T14:45:22.446+0800][87.859s] GC(208)   Post Evacuate Collection Set: 0.7ms
[2022-04-04T14:45:22.446+0800][87.859s] GC(208)   Other: 0.2ms
[2022-04-04T14:45:22.446+0800][87.859s] GC(208) Eden regions: 209->0(206)
[2022-04-04T14:45:22.446+0800][87.859s] GC(208) Survivor regions: 13->14(28)
[2022-04-04T14:45:22.446+0800][87.859s] GC(208) Old regions: 185->186
[2022-04-04T14:45:22.446+0800][87.859s] GC(208) Archive regions: 0->0
[2022-04-04T14:45:22.446+0800][87.859s] GC(208) Humongous regions: 40->40
[2022-04-04T14:45:22.446+0800][87.859s] GC(208) Metaspace: 52278K(53072K)->52278K(53072K) NonClass: 46296K(46848K)->46296K(46848K) Class: 5981K(6224K)->5981K(6224K)
[2022-04-04T14:45:22.446+0800][87.859s] GC(208) Pause Young (Normal) (G1 Evacuation Pause) 446M->239M(512M) 3.321ms
[2022-04-04T14:45:22.446+0800][87.859s] GC(208) User=0.00s Sys=0.00s Real=0.00s
[2022-04-04T14:45:23.243+0800][88.656s] GC(209) Pause Young (Normal) (G1 Evacuation Pause)
[2022-04-04T14:45:23.243+0800][88.656s] GC(209) Using 8 workers of 8 for evacuation
[2022-04-04T14:45:23.246+0800][88.659s] GC(209)   Pre Evacuate Collection Set: 0.1ms
[2022-04-04T14:45:23.246+0800][88.659s] GC(209)   Merge Heap Roots: 0.1ms
[2022-04-04T14:45:23.246+0800][88.659s] GC(209)   Evacuate Collection Set: 1.8ms
[2022-04-04T14:45:23.246+0800][88.659s] GC(209)   Post Evacuate Collection Set: 0.8ms
[2022-04-04T14:45:23.246+0800][88.659s] GC(209)   Other: 0.2ms
[2022-04-04T14:45:23.246+0800][88.659s] GC(209) Eden regions: 206->0(207)
[2022-04-04T14:45:23.246+0800][88.659s] GC(209) Survivor regions: 14->13(28)
[2022-04-04T14:45:23.246+0800][88.659s] GC(209) Old regions: 186->187
[2022-04-04T14:45:23.246+0800][88.659s] GC(209) Archive regions: 0->0
[2022-04-04T14:45:23.246+0800][88.659s] GC(209) Humongous regions: 40->40
[2022-04-04T14:45:23.246+0800][88.659s] GC(209) Metaspace: 52278K(53072K)->52278K(53072K) NonClass: 46296K(46848K)->46296K(46848K) Class: 5981K(6224K)->5981K(6224K)
[2022-04-04T14:45:23.246+0800][88.659s] GC(209) Pause Young (Normal) (G1 Evacuation Pause) 445M->238M(512M) 3.207ms
[2022-04-04T14:45:23.246+0800][88.659s] GC(209) User=0.12s Sys=0.00s Real=0.00s
[2022-04-04T14:45:24.546+0800][89.959s] GC(210) Pause Young (Normal) (G1 Evacuation Pause)
[2022-04-04T14:45:24.546+0800][89.959s] GC(210) Using 8 workers of 8 for evacuation
[2022-04-04T14:45:24.549+0800][89.962s] GC(210)   Pre Evacuate Collection Set: 0.2ms
[2022-04-04T14:45:24.549+0800][89.962s] GC(210)   Merge Heap Roots: 0.1ms
[2022-04-04T14:45:24.549+0800][89.962s] GC(210)   Evacuate Collection Set: 1.6ms
[2022-04-04T14:45:24.549+0800][89.962s] GC(210)   Post Evacuate Collection Set: 0.7ms
[2022-04-04T14:45:24.549+0800][89.962s] GC(210)   Other: 0.2ms
[2022-04-04T14:45:24.549+0800][89.962s] GC(210) Eden regions: 207->0(205)
[2022-04-04T14:45:24.549+0800][89.962s] GC(210) Survivor regions: 13->14(28)
[2022-04-04T14:45:24.549+0800][89.962s] GC(210) Old regions: 187->187
[2022-04-04T14:45:24.549+0800][89.962s] GC(210) Archive regions: 0->0
[2022-04-04T14:45:24.549+0800][89.962s] GC(210) Humongous regions: 40->40
[2022-04-04T14:45:24.549+0800][89.962s] GC(210) Metaspace: 52278K(53072K)->52278K(53072K) NonClass: 46296K(46848K)->46296K(46848K) Class: 5981K(6224K)->5981K(6224K)
[2022-04-04T14:45:24.549+0800][89.962s] GC(210) Pause Young (Normal) (G1 Evacuation Pause) 445M->239M(512M) 3.093ms
[2022-04-04T14:45:24.549+0800][89.962s] GC(210) User=0.00s Sys=0.00s Real=0.00s
[2022-04-04T14:45:25.787+0800][91.200s] GC(211) Pause Young (Normal) (G1 Evacuation Pause)
[2022-04-04T14:45:25.787+0800][91.200s] GC(211) Using 8 workers of 8 for evacuation
[2022-04-04T14:45:25.791+0800][91.204s] GC(211)   Pre Evacuate Collection Set: 0.1ms
[2022-04-04T14:45:25.791+0800][91.204s] GC(211)   Merge Heap Roots: 0.2ms
[2022-04-04T14:45:25.791+0800][91.204s] GC(211)   Evacuate Collection Set: 2.1ms
[2022-04-04T14:45:25.791+0800][91.204s] GC(211)   Post Evacuate Collection Set: 1.2ms
[2022-04-04T14:45:25.791+0800][91.204s] GC(211)   Other: 0.2ms
[2022-04-04T14:45:25.791+0800][91.204s] GC(211) Eden regions: 205->0(206)
[2022-04-04T14:45:25.791+0800][91.204s] GC(211) Survivor regions: 14->13(28)
[2022-04-04T14:45:25.791+0800][91.204s] GC(211) Old regions: 187->188
[2022-04-04T14:45:25.791+0800][91.204s] GC(211) Archive regions: 0->0
[2022-04-04T14:45:25.791+0800][91.204s] GC(211) Humongous regions: 40->40
[2022-04-04T14:45:25.791+0800][91.204s] GC(211) Metaspace: 52285K(53072K)->52285K(53072K) NonClass: 46304K(46848K)->46304K(46848K) Class: 5981K(6224K)->5981K(6224K)
[2022-04-04T14:45:25.791+0800][91.204s] GC(211) Pause Young (Normal) (G1 Evacuation Pause) 444M->239M(512M) 4.321ms
[2022-04-04T14:45:25.791+0800][91.204s] GC(211) User=0.00s Sys=0.00s Real=0.00s
[2022-04-04T14:45:26.286+0800][91.700s] GC(212) Pause Young (Normal) (G1 Evacuation Pause)
[2022-04-04T14:45:26.286+0800][91.700s] GC(212) Using 8 workers of 8 for evacuation
[2022-04-04T14:45:26.290+0800][91.703s] GC(212)   Pre Evacuate Collection Set: 0.1ms
[2022-04-04T14:45:26.290+0800][91.703s] GC(212)   Merge Heap Roots: 0.1ms
[2022-04-04T14:45:26.290+0800][91.703s] GC(212)   Evacuate Collection Set: 2.0ms
[2022-04-04T14:45:26.290+0800][91.703s] GC(212)   Post Evacuate Collection Set: 0.8ms
[2022-04-04T14:45:26.290+0800][91.703s] GC(212)   Other: 0.2ms
[2022-04-04T14:45:26.290+0800][91.703s] GC(212) Eden regions: 206->0(206)
[2022-04-04T14:45:26.290+0800][91.703s] GC(212) Survivor regions: 13->13(28)
[2022-04-04T14:45:26.290+0800][91.703s] GC(212) Old regions: 188->188
[2022-04-04T14:45:26.290+0800][91.703s] GC(212) Archive regions: 0->0
[2022-04-04T14:45:26.290+0800][91.703s] GC(212) Humongous regions: 40->40
[2022-04-04T14:45:26.290+0800][91.703s] GC(212) Metaspace: 52285K(53072K)->52285K(53072K) NonClass: 46304K(46848K)->46304K(46848K) Class: 5981K(6224K)->5981K(6224K)
[2022-04-04T14:45:26.290+0800][91.703s] GC(212) Pause Young (Normal) (G1 Evacuation Pause) 445M->240M(512M) 3.561ms
[2022-04-04T14:45:26.290+0800][91.703s] GC(212) User=0.00s Sys=0.00s Real=0.00s
[2022-04-04T14:45:26.613+0800][92.025s] GC(213) Pause Young (Normal) (G1 Evacuation Pause)
[2022-04-04T14:45:26.613+0800][92.025s] GC(213) Using 8 workers of 8 for evacuation
[2022-04-04T14:45:26.616+0800][92.029s] GC(213)   Pre Evacuate Collection Set: 0.2ms
[2022-04-04T14:45:26.616+0800][92.029s] GC(213)   Merge Heap Roots: 0.2ms
[2022-04-04T14:45:26.616+0800][92.029s] GC(213)   Evacuate Collection Set: 2.0ms
[2022-04-04T14:45:26.616+0800][92.029s] GC(213)   Post Evacuate Collection Set: 0.7ms
[2022-04-04T14:45:26.616+0800][92.029s] GC(213)   Other: 0.2ms
[2022-04-04T14:45:26.616+0800][92.029s] GC(213) Eden regions: 206->0(205)
[2022-04-04T14:45:26.616+0800][92.029s] GC(213) Survivor regions: 13->13(28)
[2022-04-04T14:45:26.616+0800][92.029s] GC(213) Old regions: 188->189
[2022-04-04T14:45:26.616+0800][92.029s] GC(213) Archive regions: 0->0
[2022-04-04T14:45:26.616+0800][92.029s] GC(213) Humongous regions: 40->40
[2022-04-04T14:45:26.616+0800][92.029s] GC(213) Metaspace: 52285K(53072K)->52285K(53072K) NonClass: 46304K(46848K)->46304K(46848K) Class: 5981K(6224K)->5981K(6224K)
[2022-04-04T14:45:26.616+0800][92.029s] GC(213) Pause Young (Normal) (G1 Evacuation Pause) 446M->241M(512M) 3.600ms
[2022-04-04T14:45:26.616+0800][92.029s] GC(213) User=0.00s Sys=0.00s Real=0.00s
[2022-04-04T14:45:26.708+0800][92.121s] GC(214) Pause Young (Normal) (G1 Evacuation Pause)
[2022-04-04T14:45:26.708+0800][92.121s] GC(214) Using 8 workers of 8 for evacuation
[2022-04-04T14:45:26.711+0800][92.124s] GC(214)   Pre Evacuate Collection Set: 0.1ms
[2022-04-04T14:45:26.711+0800][92.124s] GC(214)   Merge Heap Roots: 0.1ms
[2022-04-04T14:45:26.711+0800][92.124s] GC(214)   Evacuate Collection Set: 2.0ms
[2022-04-04T14:45:26.711+0800][92.124s] GC(214)   Post Evacuate Collection Set: 0.7ms
[2022-04-04T14:45:26.711+0800][92.124s] GC(214)   Other: 0.2ms
[2022-04-04T14:45:26.711+0800][92.124s] GC(214) Eden regions: 205->0(205)
[2022-04-04T14:45:26.711+0800][92.124s] GC(214) Survivor regions: 13->13(28)
[2022-04-04T14:45:26.711+0800][92.124s] GC(214) Old regions: 189->189
[2022-04-04T14:45:26.711+0800][92.124s] GC(214) Archive regions: 0->0
[2022-04-04T14:45:26.711+0800][92.124s] GC(214) Humongous regions: 40->40
[2022-04-04T14:45:26.711+0800][92.124s] GC(214) Metaspace: 52285K(53072K)->52285K(53072K) NonClass: 46304K(46848K)->46304K(46848K) Class: 5981K(6224K)->5981K(6224K)
[2022-04-04T14:45:26.711+0800][92.124s] GC(214) Pause Young (Normal) (G1 Evacuation Pause) 446M->241M(512M) 3.442ms
[2022-04-04T14:45:26.711+0800][92.124s] GC(214) User=0.00s Sys=0.00s Real=0.00s
[2022-04-04T14:45:26.805+0800][92.218s] GC(215) Pause Young (Normal) (G1 Evacuation Pause)
[2022-04-04T14:45:26.805+0800][92.218s] GC(215) Using 8 workers of 8 for evacuation
[2022-04-04T14:45:26.808+0800][92.221s] GC(215)   Pre Evacuate Collection Set: 0.2ms
[2022-04-04T14:45:26.808+0800][92.221s] GC(215)   Merge Heap Roots: 0.1ms
[2022-04-04T14:45:26.808+0800][92.221s] GC(215)   Evacuate Collection Set: 1.7ms
[2022-04-04T14:45:26.808+0800][92.221s] GC(215)   Post Evacuate Collection Set: 0.8ms
[2022-04-04T14:45:26.809+0800][92.221s] GC(215)   Other: 0.2ms
[2022-04-04T14:45:26.809+0800][92.221s] GC(215) Eden regions: 205->0(204)
[2022-04-04T14:45:26.809+0800][92.221s] GC(215) Survivor regions: 13->13(28)
[2022-04-04T14:45:26.809+0800][92.221s] GC(215) Old regions: 189->190
[2022-04-04T14:45:26.809+0800][92.221s] GC(215) Archive regions: 0->0
[2022-04-04T14:45:26.809+0800][92.221s] GC(215) Humongous regions: 40->40
[2022-04-04T14:45:26.809+0800][92.221s] GC(215) Metaspace: 52285K(53072K)->52285K(53072K) NonClass: 46304K(46848K)->46304K(46848K) Class: 5981K(6224K)->5981K(6224K)
[2022-04-04T14:45:26.809+0800][92.221s] GC(215) Pause Young (Normal) (G1 Evacuation Pause) 446M->242M(512M) 3.280ms
[2022-04-04T14:45:26.809+0800][92.221s] GC(215) User=0.02s Sys=0.02s Real=0.00s
[2022-04-04T14:45:26.901+0800][92.314s] GC(216) Pause Young (Normal) (G1 Evacuation Pause)
[2022-04-04T14:45:26.901+0800][92.314s] GC(216) Using 8 workers of 8 for evacuation
[2022-04-04T14:45:26.904+0800][92.317s] GC(216)   Pre Evacuate Collection Set: 0.1ms
[2022-04-04T14:45:26.904+0800][92.317s] GC(216)   Merge Heap Roots: 0.1ms
[2022-04-04T14:45:26.904+0800][92.317s] GC(216)   Evacuate Collection Set: 1.9ms
[2022-04-04T14:45:26.904+0800][92.317s] GC(216)   Post Evacuate Collection Set: 0.8ms
[2022-04-04T14:45:26.904+0800][92.317s] GC(216)   Other: 0.2ms
[2022-04-04T14:45:26.904+0800][92.317s] GC(216) Eden regions: 204->0(201)
[2022-04-04T14:45:26.904+0800][92.317s] GC(216) Survivor regions: 13->14(28)
[2022-04-04T14:45:26.904+0800][92.317s] GC(216) Old regions: 190->191
[2022-04-04T14:45:26.904+0800][92.317s] GC(216) Archive regions: 0->0
[2022-04-04T14:45:26.904+0800][92.317s] GC(216) Humongous regions: 40->40
[2022-04-04T14:45:26.904+0800][92.317s] GC(216) Metaspace: 52285K(53072K)->52285K(53072K) NonClass: 46304K(46848K)->46304K(46848K) Class: 5981K(6224K)->5981K(6224K)
[2022-04-04T14:45:26.904+0800][92.317s] GC(216) Pause Young (Normal) (G1 Evacuation Pause) 446M->243M(512M) 3.323ms
[2022-04-04T14:45:26.904+0800][92.317s] GC(216) User=0.12s Sys=0.00s Real=0.00s
[2022-04-04T14:45:26.987+0800][92.399s] GC(217) Pause Young (Concurrent Start) (G1 Evacuation Pause)
[2022-04-04T14:45:26.987+0800][92.399s] GC(217) Using 8 workers of 8 for evacuation
[2022-04-04T14:45:26.990+0800][92.402s] GC(217)   Pre Evacuate Collection Set: 0.1ms
[2022-04-04T14:45:26.990+0800][92.403s] GC(217)   Merge Heap Roots: 0.1ms
[2022-04-04T14:45:26.990+0800][92.403s] GC(217)   Evacuate Collection Set: 1.9ms
[2022-04-04T14:45:26.990+0800][92.403s] GC(217)   Post Evacuate Collection Set: 0.8ms
[2022-04-04T14:45:26.990+0800][92.403s] GC(217)   Other: 0.2ms
[2022-04-04T14:45:26.990+0800][92.403s] GC(217) Eden regions: 201->0(203)
[2022-04-04T14:45:26.990+0800][92.403s] GC(217) Survivor regions: 14->13(27)
[2022-04-04T14:45:26.990+0800][92.403s] GC(217) Old regions: 191->191
[2022-04-04T14:45:26.990+0800][92.403s] GC(217) Archive regions: 0->0
[2022-04-04T14:45:26.990+0800][92.403s] GC(217) Humongous regions: 40->40
[2022-04-04T14:45:26.990+0800][92.403s] GC(217) Metaspace: 52285K(53072K)->52285K(53072K) NonClass: 46304K(46848K)->46304K(46848K) Class: 5981K(6224K)->5981K(6224K)
[2022-04-04T14:45:26.990+0800][92.403s] GC(217) Pause Young (Concurrent Start) (G1 Evacuation Pause) 444M->243M(512M) 3.793ms
[2022-04-04T14:45:26.991+0800][92.403s] GC(217) User=0.00s Sys=0.00s Real=0.00s
[2022-04-04T14:45:26.991+0800][92.403s] GC(218) Concurrent Cycle
[2022-04-04T14:45:26.991+0800][92.403s] GC(218) Concurrent Clear Claimed Marks
[2022-04-04T14:45:26.991+0800][92.403s] GC(218) Concurrent Clear Claimed Marks 0.046ms
[2022-04-04T14:45:26.991+0800][92.403s] GC(218) Concurrent Scan Root Regions
[2022-04-04T14:45:26.991+0800][92.404s] GC(218) Concurrent Scan Root Regions 0.599ms
[2022-04-04T14:45:26.991+0800][92.404s] GC(218) Concurrent Mark (92.404s)
[2022-04-04T14:45:26.991+0800][92.404s] GC(218) Concurrent Mark From Roots
[2022-04-04T14:45:26.991+0800][92.404s] GC(218) Using 2 workers of 2 for marking
[2022-04-04T14:45:27.029+0800][92.442s] GC(218) Concurrent Mark From Roots 38.060ms
[2022-04-04T14:45:27.030+0800][92.442s] GC(218) Concurrent Preclean
[2022-04-04T14:45:27.030+0800][92.443s] GC(218) Concurrent Preclean 0.425ms
[2022-04-04T14:45:27.030+0800][92.443s] GC(218) Concurrent Mark (92.404s, 92.443s) 38.657ms
[2022-04-04T14:45:27.030+0800][92.443s] GC(218) Pause Remark
[2022-04-04T14:45:27.034+0800][92.447s] GC(218) Pause Remark 294M->182M(512M) 3.535ms
[2022-04-04T14:45:27.034+0800][92.447s] GC(218) User=0.00s Sys=0.00s Real=0.00s
[2022-04-04T14:45:27.034+0800][92.447s] GC(218) Concurrent Rebuild Remembered Sets
[2022-04-04T14:45:27.058+0800][92.471s] GC(218) Concurrent Rebuild Remembered Sets 24.343ms
[2022-04-04T14:45:27.059+0800][92.472s] GC(218) Pause Cleanup
[2022-04-04T14:45:27.059+0800][92.472s] GC(218) Pause Cleanup 210M->210M(512M) 0.223ms
[2022-04-04T14:45:27.059+0800][92.472s] GC(218) User=0.00s Sys=0.00s Real=0.00s
[2022-04-04T14:45:27.059+0800][92.472s] GC(218) Concurrent Cleanup for Next Mark
[2022-04-04T14:45:27.060+0800][92.473s] GC(218) Concurrent Cleanup for Next Mark 0.508ms
[2022-04-04T14:45:27.060+0800][92.473s] GC(218) Concurrent Cycle 69.265ms
[2022-04-04T14:45:27.124+0800][92.537s] GC(219) Pause Young (Prepare Mixed) (G1 Evacuation Pause)
[2022-04-04T14:45:27.124+0800][92.537s] GC(219) Using 8 workers of 8 for evacuation
[2022-04-04T14:45:27.126+0800][92.539s] GC(219)   Pre Evacuate Collection Set: 0.1ms
[2022-04-04T14:45:27.126+0800][92.539s] GC(219)   Merge Heap Roots: 0.1ms
[2022-04-04T14:45:27.126+0800][92.539s] GC(219)   Evacuate Collection Set: 1.1ms
[2022-04-04T14:45:27.126+0800][92.539s] GC(219)   Post Evacuate Collection Set: 0.6ms
[2022-04-04T14:45:27.127+0800][92.539s] GC(219)   Other: 0.2ms
[2022-04-04T14:45:27.127+0800][92.539s] GC(219) Eden regions: 203->0(19)
[2022-04-04T14:45:27.127+0800][92.539s] GC(219) Survivor regions: 13->6(27)
[2022-04-04T14:45:27.127+0800][92.539s] GC(219) Old regions: 112->112
[2022-04-04T14:45:27.127+0800][92.539s] GC(219) Archive regions: 0->0
[2022-04-04T14:45:27.127+0800][92.539s] GC(219) Humongous regions: 8->8
[2022-04-04T14:45:27.127+0800][92.539s] GC(219) Metaspace: 52285K(53072K)->52285K(53072K) NonClass: 46304K(46848K)->46304K(46848K) Class: 5981K(6224K)->5981K(6224K)
[2022-04-04T14:45:27.127+0800][92.539s] GC(219) Pause Young (Prepare Mixed) (G1 Evacuation Pause) 335M->125M(512M) 2.506ms
[2022-04-04T14:45:27.127+0800][92.539s] GC(219) User=0.00s Sys=0.00s Real=0.00s
[2022-04-04T14:45:27.137+0800][92.550s] GC(220) Pause Young (Mixed) (G1 Evacuation Pause)
[2022-04-04T14:45:27.137+0800][92.550s] GC(220) Using 8 workers of 8 for evacuation
[2022-04-04T14:45:27.139+0800][92.551s] GC(220)   Pre Evacuate Collection Set: 0.1ms
[2022-04-04T14:45:27.139+0800][92.552s] GC(220)   Merge Heap Roots: 0.1ms
[2022-04-04T14:45:27.139+0800][92.552s] GC(220)   Evacuate Collection Set: 0.9ms
[2022-04-04T14:45:27.139+0800][92.552s] GC(220)   Post Evacuate Collection Set: 0.6ms
[2022-04-04T14:45:27.139+0800][92.552s] GC(220)   Other: 0.2ms
[2022-04-04T14:45:27.139+0800][92.552s] GC(220) Eden regions: 19->0(306)
[2022-04-04T14:45:27.139+0800][92.552s] GC(220) Survivor regions: 6->1(4)
[2022-04-04T14:45:27.139+0800][92.552s] GC(220) Old regions: 112->65
[2022-04-04T14:45:27.139+0800][92.552s] GC(220) Archive regions: 0->0
[2022-04-04T14:45:27.139+0800][92.552s] GC(220) Humongous regions: 8->8
[2022-04-04T14:45:27.139+0800][92.552s] GC(220) Metaspace: 52285K(53072K)->52285K(53072K) NonClass: 46304K(46848K)->46304K(46848K) Class: 5981K(6224K)->5981K(6224K)
[2022-04-04T14:45:27.139+0800][92.552s] GC(220) Pause Young (Mixed) (G1 Evacuation Pause) 144M->73M(512M) 2.095ms
[2022-04-04T14:45:27.139+0800][92.552s] GC(220) User=0.00s Sys=0.00s Real=0.00s
[2022-04-04T14:45:27.402+0800][92.814s] GC(221) Pause Young (Normal) (G1 Evacuation Pause)
[2022-04-04T14:45:27.402+0800][92.815s] GC(221) Using 8 workers of 8 for evacuation
[2022-04-04T14:45:27.403+0800][92.816s] GC(221)   Pre Evacuate Collection Set: 0.1ms
[2022-04-04T14:45:27.404+0800][92.816s] GC(221)   Merge Heap Roots: 0.1ms
[2022-04-04T14:45:27.404+0800][92.816s] GC(221)   Evacuate Collection Set: 0.7ms
[2022-04-04T14:45:27.404+0800][92.816s] GC(221)   Post Evacuate Collection Set: 0.6ms
[2022-04-04T14:45:27.404+0800][92.816s] GC(221)   Other: 0.4ms
[2022-04-04T14:45:27.404+0800][92.817s] GC(221) Eden regions: 306->0(304)
[2022-04-04T14:45:27.404+0800][92.817s] GC(221) Survivor regions: 1->3(39)
[2022-04-04T14:45:27.404+0800][92.817s] GC(221) Old regions: 65->65
[2022-04-04T14:45:27.404+0800][92.817s] GC(221) Archive regions: 0->0
[2022-04-04T14:45:27.404+0800][92.817s] GC(221) Humongous regions: 8->8
[2022-04-04T14:45:27.404+0800][92.817s] GC(221) Metaspace: 52285K(53072K)->52285K(53072K) NonClass: 46304K(46848K)->46304K(46848K) Class: 5981K(6224K)->5981K(6224K)
[2022-04-04T14:45:27.404+0800][92.817s] GC(221) Pause Young (Normal) (G1 Evacuation Pause) 379M->75M(512M) 2.343ms
[2022-04-04T14:45:27.404+0800][92.817s] GC(221) User=0.00s Sys=0.00s Real=0.00s
[2022-04-04T14:45:27.650+0800][93.062s] GC(222) Pause Young (Normal) (G1 Evacuation Pause)
[2022-04-04T14:45:27.650+0800][93.062s] GC(222) Using 8 workers of 8 for evacuation
[2022-04-04T14:45:27.651+0800][93.064s] GC(222)   Pre Evacuate Collection Set: 0.1ms
[2022-04-04T14:45:27.651+0800][93.064s] GC(222)   Merge Heap Roots: 0.1ms
[2022-04-04T14:45:27.651+0800][93.064s] GC(222)   Evacuate Collection Set: 0.8ms
[2022-04-04T14:45:27.651+0800][93.064s] GC(222)   Post Evacuate Collection Set: 0.6ms
[2022-04-04T14:45:27.651+0800][93.064s] GC(222)   Other: 0.2ms
[2022-04-04T14:45:27.652+0800][93.064s] GC(222) Eden regions: 304->0(302)
[2022-04-04T14:45:27.652+0800][93.064s] GC(222) Survivor regions: 3->5(39)
[2022-04-04T14:45:27.652+0800][93.064s] GC(222) Old regions: 65->65
[2022-04-04T14:45:27.652+0800][93.064s] GC(222) Archive regions: 0->0
[2022-04-04T14:45:27.652+0800][93.064s] GC(222) Humongous regions: 8->8
[2022-04-04T14:45:27.652+0800][93.064s] GC(222) Metaspace: 52285K(53072K)->52285K(53072K) NonClass: 46304K(46848K)->46304K(46848K) Class: 5981K(6224K)->5981K(6224K)
[2022-04-04T14:45:27.652+0800][93.064s] GC(222) Pause Young (Normal) (G1 Evacuation Pause) 379M->77M(512M) 2.110ms
[2022-04-04T14:45:27.652+0800][93.064s] GC(222) User=0.02s Sys=0.00s Real=0.00s
[2022-04-04T14:45:27.785+0800][93.198s] GC(223) Pause Young (Normal) (G1 Evacuation Pause)
[2022-04-04T14:45:27.785+0800][93.198s] GC(223) Using 8 workers of 8 for evacuation
[2022-04-04T14:45:27.787+0800][93.200s] GC(223)   Pre Evacuate Collection Set: 0.1ms
[2022-04-04T14:45:27.787+0800][93.200s] GC(223)   Merge Heap Roots: 0.1ms
[2022-04-04T14:45:27.787+0800][93.200s] GC(223)   Evacuate Collection Set: 0.8ms
[2022-04-04T14:45:27.787+0800][93.200s] GC(223)   Post Evacuate Collection Set: 0.6ms
[2022-04-04T14:45:27.787+0800][93.200s] GC(223)   Other: 0.2ms
[2022-04-04T14:45:27.787+0800][93.200s] GC(223) Eden regions: 302->0(301)
[2022-04-04T14:45:27.787+0800][93.200s] GC(223) Survivor regions: 5->6(39)
[2022-04-04T14:45:27.787+0800][93.200s] GC(223) Old regions: 65->65
[2022-04-04T14:45:27.787+0800][93.200s] GC(223) Archive regions: 0->0
[2022-04-04T14:45:27.787+0800][93.200s] GC(223) Humongous regions: 8->8
[2022-04-04T14:45:27.787+0800][93.200s] GC(223) Metaspace: 52285K(53072K)->52285K(53072K) NonClass: 46304K(46848K)->46304K(46848K) Class: 5981K(6224K)->5981K(6224K)
[2022-04-04T14:45:27.787+0800][93.200s] GC(223) Pause Young (Normal) (G1 Evacuation Pause) 379M->78M(512M) 2.088ms
[2022-04-04T14:45:27.787+0800][93.200s] GC(223) User=0.00s Sys=0.00s Real=0.00s
[2022-04-04T14:45:27.937+0800][93.349s] GC(224) Pause Young (Normal) (G1 Evacuation Pause)
[2022-04-04T14:45:27.937+0800][93.350s] GC(224) Using 8 workers of 8 for evacuation
[2022-04-04T14:45:27.939+0800][93.352s] GC(224)   Pre Evacuate Collection Set: 0.2ms
[2022-04-04T14:45:27.939+0800][93.352s] GC(224)   Merge Heap Roots: 0.2ms
[2022-04-04T14:45:27.939+0800][93.352s] GC(224)   Evacuate Collection Set: 1.1ms
[2022-04-04T14:45:27.939+0800][93.352s] GC(224)   Post Evacuate Collection Set: 0.7ms
[2022-04-04T14:45:27.939+0800][93.352s] GC(224)   Other: 0.2ms
[2022-04-04T14:45:27.939+0800][93.352s] GC(224) Eden regions: 301->0(300)
[2022-04-04T14:45:27.939+0800][93.352s] GC(224) Survivor regions: 6->7(39)
[2022-04-04T14:45:27.939+0800][93.352s] GC(224) Old regions: 65->65
[2022-04-04T14:45:27.939+0800][93.352s] GC(224) Archive regions: 0->0
[2022-04-04T14:45:27.939+0800][93.352s] GC(224) Humongous regions: 10->9
[2022-04-04T14:45:27.939+0800][93.352s] GC(224) Metaspace: 52285K(53072K)->52285K(53072K) NonClass: 46304K(46848K)->46304K(46848K) Class: 5981K(6224K)->5981K(6224K)
[2022-04-04T14:45:27.939+0800][93.352s] GC(224) Pause Young (Normal) (G1 Evacuation Pause) 381M->80M(512M) 2.531ms
[2022-04-04T14:45:27.939+0800][93.352s] GC(224) User=0.00s Sys=0.00s Real=0.00s
[2022-04-04T14:45:28.069+0800][93.482s] GC(225) Pause Young (Normal) (G1 Evacuation Pause)
[2022-04-04T14:45:28.069+0800][93.482s] GC(225) Using 8 workers of 8 for evacuation
[2022-04-04T14:45:28.072+0800][93.485s] GC(225)   Pre Evacuate Collection Set: 0.2ms
[2022-04-04T14:45:28.072+0800][93.485s] GC(225)   Merge Heap Roots: 0.2ms
[2022-04-04T14:45:28.072+0800][93.485s] GC(225)   Evacuate Collection Set: 1.2ms
[2022-04-04T14:45:28.072+0800][93.485s] GC(225)   Post Evacuate Collection Set: 0.7ms
[2022-04-04T14:45:28.072+0800][93.485s] GC(225)   Other: 0.2ms
[2022-04-04T14:45:28.072+0800][93.485s] GC(225) Eden regions: 300->0(300)
[2022-04-04T14:45:28.072+0800][93.485s] GC(225) Survivor regions: 7->7(39)
[2022-04-04T14:45:28.072+0800][93.485s] GC(225) Old regions: 65->65
[2022-04-04T14:45:28.072+0800][93.485s] GC(225) Archive regions: 0->0
[2022-04-04T14:45:28.072+0800][93.485s] GC(225) Humongous regions: 10->10
[2022-04-04T14:45:28.072+0800][93.485s] GC(225) Metaspace: 52285K(53072K)->52285K(53072K) NonClass: 46304K(46848K)->46304K(46848K) Class: 5981K(6224K)->5981K(6224K)
[2022-04-04T14:45:28.072+0800][93.485s] GC(225) Pause Young (Normal) (G1 Evacuation Pause) 381M->81M(512M) 2.774ms
[2022-04-04T14:45:28.072+0800][93.485s] GC(225) User=0.00s Sys=0.00s Real=0.00s
[2022-04-04T14:45:28.199+0800][93.613s] GC(226) Pause Young (Normal) (G1 Evacuation Pause)
[2022-04-04T14:45:28.199+0800][93.613s] GC(226) Using 8 workers of 8 for evacuation
[2022-04-04T14:45:28.202+0800][93.615s] GC(226)   Pre Evacuate Collection Set: 0.2ms
[2022-04-04T14:45:28.202+0800][93.615s] GC(226)   Merge Heap Roots: 0.1ms
[2022-04-04T14:45:28.202+0800][93.615s] GC(226)   Evacuate Collection Set: 1.2ms
[2022-04-04T14:45:28.202+0800][93.615s] GC(226)   Post Evacuate Collection Set: 0.7ms
[2022-04-04T14:45:28.202+0800][93.615s] GC(226)   Other: 0.2ms
[2022-04-04T14:45:28.202+0800][93.615s] GC(226) Eden regions: 300->0(298)
[2022-04-04T14:45:28.202+0800][93.615s] GC(226) Survivor regions: 7->9(39)
[2022-04-04T14:45:28.202+0800][93.615s] GC(226) Old regions: 65->65
[2022-04-04T14:45:28.202+0800][93.615s] GC(226) Archive regions: 0->0
[2022-04-04T14:45:28.202+0800][93.616s] GC(226) Humongous regions: 10->10
[2022-04-04T14:45:28.202+0800][93.616s] GC(226) Metaspace: 52285K(53072K)->52285K(53072K) NonClass: 46304K(46848K)->46304K(46848K) Class: 5981K(6224K)->5981K(6224K)
[2022-04-04T14:45:28.202+0800][93.616s] GC(226) Pause Young (Normal) (G1 Evacuation Pause) 381M->83M(512M) 2.819ms
[2022-04-04T14:45:28.202+0800][93.616s] GC(226) User=0.00s Sys=0.00s Real=0.00s
[2022-04-04T14:45:28.328+0800][93.740s] GC(227) Pause Young (Normal) (G1 Evacuation Pause)
[2022-04-04T14:45:28.328+0800][93.740s] GC(227) Using 8 workers of 8 for evacuation
[2022-04-04T14:45:28.329+0800][93.743s] GC(227)   Pre Evacuate Collection Set: 0.2ms
[2022-04-04T14:45:28.329+0800][93.743s] GC(227)   Merge Heap Roots: 0.2ms
[2022-04-04T14:45:28.329+0800][93.743s] GC(227)   Evacuate Collection Set: 1.3ms
[2022-04-04T14:45:28.329+0800][93.743s] GC(227)   Post Evacuate Collection Set: 0.7ms
[2022-04-04T14:45:28.329+0800][93.743s] GC(227)   Other: 0.2ms
[2022-04-04T14:45:28.329+0800][93.743s] GC(227) Eden regions: 298->0(297)
[2022-04-04T14:45:28.329+0800][93.743s] GC(227) Survivor regions: 9->10(39)
[2022-04-04T14:45:28.329+0800][93.743s] GC(227) Old regions: 65->65
[2022-04-04T14:45:28.329+0800][93.743s] GC(227) Archive regions: 0->0
[2022-04-04T14:45:28.329+0800][93.743s] GC(227) Humongous regions: 10->10
[2022-04-04T14:45:28.329+0800][93.743s] GC(227) Metaspace: 52285K(53072K)->52285K(53072K) NonClass: 46304K(46848K)->46304K(46848K) Class: 5981K(6224K)->5981K(6224K)
[2022-04-04T14:45:28.331+0800][93.743s] GC(227) Pause Young (Normal) (G1 Evacuation Pause) 381M->84M(512M) 2.787ms
[2022-04-04T14:45:28.331+0800][93.743s] GC(227) User=0.00s Sys=0.00s Real=0.00s
[2022-04-04T14:45:28.454+0800][93.867s] GC(228) Pause Young (Normal) (G1 Evacuation Pause)
[2022-04-04T14:45:28.454+0800][93.867s] GC(228) Using 8 workers of 8 for evacuation
[2022-04-04T14:45:28.457+0800][93.869s] GC(228)   Pre Evacuate Collection Set: 0.1ms
[2022-04-04T14:45:28.457+0800][93.869s] GC(228)   Merge Heap Roots: 0.1ms
[2022-04-04T14:45:28.457+0800][93.869s] GC(228)   Evacuate Collection Set: 1.5ms
[2022-04-04T14:45:28.457+0800][93.869s] GC(228)   Post Evacuate Collection Set: 0.7ms
[2022-04-04T14:45:28.457+0800][93.869s] GC(228)   Other: 0.2ms
[2022-04-04T14:45:28.457+0800][93.869s] GC(228) Eden regions: 297->0(296)
[2022-04-04T14:45:28.457+0800][93.869s] GC(228) Survivor regions: 10->11(39)
[2022-04-04T14:45:28.457+0800][93.869s] GC(228) Old regions: 65->65
[2022-04-04T14:45:28.457+0800][93.869s] GC(228) Archive regions: 0->0
[2022-04-04T14:45:28.457+0800][93.870s] GC(228) Humongous regions: 10->10
[2022-04-04T14:45:28.457+0800][93.870s] GC(228) Metaspace: 52285K(53072K)->52285K(53072K) NonClass: 46304K(46848K)->46304K(46848K) Class: 5981K(6224K)->5981K(6224K)
[2022-04-04T14:45:28.457+0800][93.870s] GC(228) Pause Young (Normal) (G1 Evacuation Pause) 381M->85M(512M) 2.882ms
[2022-04-04T14:45:28.457+0800][93.870s] GC(228) User=0.00s Sys=0.00s Real=0.00s
[2022-04-04T14:45:28.567+0800][93.979s] GC(229) Pause Young (Normal) (G1 Evacuation Pause)
[2022-04-04T14:45:28.567+0800][93.980s] GC(229) Using 8 workers of 8 for evacuation
[2022-04-04T14:45:28.569+0800][93.982s] GC(229)   Pre Evacuate Collection Set: 0.2ms
[2022-04-04T14:45:28.569+0800][93.982s] GC(229)   Merge Heap Roots: 0.2ms
[2022-04-04T14:45:28.569+0800][93.982s] GC(229)   Evacuate Collection Set: 1.6ms
[2022-04-04T14:45:28.569+0800][93.982s] GC(229)   Post Evacuate Collection Set: 0.8ms
[2022-04-04T14:45:28.569+0800][93.983s] GC(229)   Other: 0.2ms
[2022-04-04T14:45:28.569+0800][93.983s] GC(229) Eden regions: 296->0(294)
[2022-04-04T14:45:28.569+0800][93.983s] GC(229) Survivor regions: 11->13(39)
[2022-04-04T14:45:28.569+0800][93.983s] GC(229) Old regions: 65->65
[2022-04-04T14:45:28.569+0800][93.983s] GC(229) Archive regions: 0->0
[2022-04-04T14:45:28.569+0800][93.983s] GC(229) Humongous regions: 10->10
[2022-04-04T14:45:28.570+0800][93.983s] GC(229) Metaspace: 52285K(53072K)->52285K(53072K) NonClass: 46304K(46848K)->46304K(46848K) Class: 5981K(6224K)->5981K(6224K)
[2022-04-04T14:45:28.570+0800][93.983s] GC(229) Pause Young (Normal) (G1 Evacuation Pause) 381M->87M(512M) 3.228ms
[2022-04-04T14:45:28.570+0800][93.983s] GC(229) User=0.00s Sys=0.00s Real=0.00s
[2022-04-04T14:45:28.716+0800][94.130s] GC(230) Pause Young (Normal) (G1 Evacuation Pause)
[2022-04-04T14:45:28.717+0800][94.130s] GC(230) Using 8 workers of 8 for evacuation
[2022-04-04T14:45:28.719+0800][94.133s] GC(230)   Pre Evacuate Collection Set: 0.2ms
[2022-04-04T14:45:28.719+0800][94.133s] GC(230)   Merge Heap Roots: 0.2ms
[2022-04-04T14:45:28.719+0800][94.133s] GC(230)   Evacuate Collection Set: 1.7ms
[2022-04-04T14:45:28.719+0800][94.133s] GC(230)   Post Evacuate Collection Set: 0.7ms
[2022-04-04T14:45:28.719+0800][94.133s] GC(230)   Other: 0.2ms
[2022-04-04T14:45:28.720+0800][94.133s] GC(230) Eden regions: 294->0(294)
[2022-04-04T14:45:28.720+0800][94.133s] GC(230) Survivor regions: 13->13(39)
[2022-04-04T14:45:28.720+0800][94.133s] GC(230) Old regions: 65->65
[2022-04-04T14:45:28.720+0800][94.133s] GC(230) Archive regions: 0->0
[2022-04-04T14:45:28.720+0800][94.133s] GC(230) Humongous regions: 10->10
[2022-04-04T14:45:28.720+0800][94.133s] GC(230) Metaspace: 52285K(53072K)->52285K(53072K) NonClass: 46304K(46848K)->46304K(46848K) Class: 5981K(6224K)->5981K(6224K)
[2022-04-04T14:45:28.720+0800][94.133s] GC(230) Pause Young (Normal) (G1 Evacuation Pause) 381M->87M(512M) 3.240ms
[2022-04-04T14:45:28.720+0800][94.133s] GC(230) User=0.00s Sys=0.00s Real=0.00s
[2022-04-04T14:45:30.294+0800][95.707s] GC(231) Pause Young (Normal) (G1 Evacuation Pause)
[2022-04-04T14:45:30.294+0800][95.707s] GC(231) Using 8 workers of 8 for evacuation
[2022-04-04T14:45:30.296+0800][95.710s] GC(231)   Pre Evacuate Collection Set: 0.1ms
[2022-04-04T14:45:30.297+0800][95.710s] GC(231)   Merge Heap Roots: 0.1ms
[2022-04-04T14:45:30.297+0800][95.710s] GC(231)   Evacuate Collection Set: 1.7ms
[2022-04-04T14:45:30.297+0800][95.710s] GC(231)   Post Evacuate Collection Set: 0.6ms
[2022-04-04T14:45:30.297+0800][95.710s] GC(231)   Other: 0.3ms
[2022-04-04T14:45:30.297+0800][95.710s] GC(231) Eden regions: 294->0(294)
[2022-04-04T14:45:30.297+0800][95.710s] GC(231) Survivor regions: 13->13(39)
[2022-04-04T14:45:30.297+0800][95.710s] GC(231) Old regions: 65->65
[2022-04-04T14:45:30.297+0800][95.710s] GC(231) Archive regions: 0->0
[2022-04-04T14:45:30.297+0800][95.710s] GC(231) Humongous regions: 10->10
[2022-04-04T14:45:30.297+0800][95.710s] GC(231) Metaspace: 52285K(53072K)->52285K(53072K) NonClass: 46304K(46848K)->46304K(46848K) Class: 5981K(6224K)->5981K(6224K)
[2022-04-04T14:45:30.297+0800][95.710s] GC(231) Pause Young (Normal) (G1 Evacuation Pause) 381M->87M(512M) 3.140ms
[2022-04-04T14:45:30.297+0800][95.710s] GC(231) User=0.00s Sys=0.00s Real=0.00s
[2022-04-04T14:45:31.847+0800][97.260s] GC(232) Pause Young (Normal) (G1 Evacuation Pause)
[2022-04-04T14:45:31.847+0800][97.260s] GC(232) Using 8 workers of 8 for evacuation
[2022-04-04T14:45:31.850+0800][97.263s] GC(232)   Pre Evacuate Collection Set: 0.1ms
[2022-04-04T14:45:31.850+0800][97.263s] GC(232)   Merge Heap Roots: 0.1ms
[2022-04-04T14:45:31.850+0800][97.263s] GC(232)   Evacuate Collection Set: 1.6ms
[2022-04-04T14:45:31.850+0800][97.263s] GC(232)   Post Evacuate Collection Set: 0.7ms
[2022-04-04T14:45:31.850+0800][97.263s] GC(232)   Other: 0.2ms
[2022-04-04T14:45:31.850+0800][97.263s] GC(232) Eden regions: 294->0(294)
[2022-04-04T14:45:31.850+0800][97.263s] GC(232) Survivor regions: 13->13(39)
[2022-04-04T14:45:31.850+0800][97.263s] GC(232) Old regions: 65->65
[2022-04-04T14:45:31.850+0800][97.263s] GC(232) Archive regions: 0->0
[2022-04-04T14:45:31.850+0800][97.263s] GC(232) Humongous regions: 10->10
[2022-04-04T14:45:31.850+0800][97.263s] GC(232) Metaspace: 52285K(53072K)->52285K(53072K) NonClass: 46304K(46848K)->46304K(46848K) Class: 5981K(6224K)->5981K(6224K)
[2022-04-04T14:45:31.850+0800][97.263s] GC(232) Pause Young (Normal) (G1 Evacuation Pause) 381M->87M(512M) 3.264ms
[2022-04-04T14:45:31.850+0800][97.264s] GC(232) User=0.00s Sys=0.00s Real=0.00s
[2022-04-04T14:45:32.527+0800][97.940s] GC(233) Pause Young (Normal) (G1 Evacuation Pause)
[2022-04-04T14:45:32.527+0800][97.940s] GC(233) Using 8 workers of 8 for evacuation
[2022-04-04T14:45:32.530+0800][97.943s] GC(233)   Pre Evacuate Collection Set: 0.1ms
[2022-04-04T14:45:32.530+0800][97.943s] GC(233)   Merge Heap Roots: 0.1ms
[2022-04-04T14:45:32.530+0800][97.943s] GC(233)   Evacuate Collection Set: 1.8ms
[2022-04-04T14:45:32.530+0800][97.943s] GC(233)   Post Evacuate Collection Set: 0.8ms
[2022-04-04T14:45:32.530+0800][97.943s] GC(233)   Other: 0.2ms
[2022-04-04T14:45:32.530+0800][97.943s] GC(233) Eden regions: 294->0(294)
[2022-04-04T14:45:32.530+0800][97.943s] GC(233) Survivor regions: 13->13(39)
[2022-04-04T14:45:32.530+0800][97.943s] GC(233) Old regions: 65->65
[2022-04-04T14:45:32.530+0800][97.943s] GC(233) Archive regions: 0->0
[2022-04-04T14:45:32.530+0800][97.943s] GC(233) Humongous regions: 10->10
[2022-04-04T14:45:32.530+0800][97.943s] GC(233) Metaspace: 52285K(53072K)->52285K(53072K) NonClass: 46304K(46848K)->46304K(46848K) Class: 5981K(6224K)->5981K(6224K)
[2022-04-04T14:45:32.530+0800][97.943s] GC(233) Pause Young (Normal) (G1 Evacuation Pause) 381M->87M(512M) 3.284ms
[2022-04-04T14:45:32.530+0800][97.943s] GC(233) User=0.00s Sys=0.00s Real=0.00s
[2022-04-04T14:45:32.981+0800][98.394s] GC(234) Pause Young (Normal) (G1 Evacuation Pause)
[2022-04-04T14:45:32.981+0800][98.394s] GC(234) Using 8 workers of 8 for evacuation
[2022-04-04T14:45:32.985+0800][98.398s] GC(234)   Pre Evacuate Collection Set: 0.1ms
[2022-04-04T14:45:32.985+0800][98.398s] GC(234)   Merge Heap Roots: 0.1ms
[2022-04-04T14:45:32.985+0800][98.398s] GC(234)   Evacuate Collection Set: 2.4ms
[2022-04-04T14:45:32.985+0800][98.398s] GC(234)   Post Evacuate Collection Set: 0.8ms
[2022-04-04T14:45:32.985+0800][98.398s] GC(234)   Other: 0.3ms
[2022-04-04T14:45:32.985+0800][98.398s] GC(234) Eden regions: 294->0(292)
[2022-04-04T14:45:32.985+0800][98.398s] GC(234) Survivor regions: 13->15(39)
[2022-04-04T14:45:32.985+0800][98.398s] GC(234) Old regions: 65->65
[2022-04-04T14:45:32.985+0800][98.398s] GC(234) Archive regions: 0->0
[2022-04-04T14:45:32.985+0800][98.398s] GC(234) Humongous regions: 10->10
[2022-04-04T14:45:32.985+0800][98.398s] GC(234) Metaspace: 52352K(53072K)->52352K(53072K) NonClass: 46350K(46848K)->46350K(46848K) Class: 6002K(6224K)->6002K(6224K)
[2022-04-04T14:45:32.985+0800][98.398s] GC(234) Pause Young (Normal) (G1 Evacuation Pause) 381M->89M(512M) 4.233ms
[2022-04-04T14:45:32.985+0800][98.398s] GC(234) User=0.00s Sys=0.00s Real=0.00s
[2022-04-04T14:45:33.253+0800][98.666s] GC(235) Pause Young (Normal) (G1 Evacuation Pause)
[2022-04-04T14:45:33.253+0800][98.666s] GC(235) Using 8 workers of 8 for evacuation
[2022-04-04T14:45:33.257+0800][98.670s] GC(235)   Pre Evacuate Collection Set: 0.2ms
[2022-04-04T14:45:33.257+0800][98.670s] GC(235)   Merge Heap Roots: 0.1ms
[2022-04-04T14:45:33.257+0800][98.670s] GC(235)   Evacuate Collection Set: 2.6ms
[2022-04-04T14:45:33.257+0800][98.670s] GC(235)   Post Evacuate Collection Set: 0.7ms
[2022-04-04T14:45:33.257+0800][98.670s] GC(235)   Other: 0.2ms
[2022-04-04T14:45:33.257+0800][98.670s] GC(235) Eden regions: 292->0(290)
[2022-04-04T14:45:33.257+0800][98.670s] GC(235) Survivor regions: 15->17(39)
[2022-04-04T14:45:33.257+0800][98.670s] GC(235) Old regions: 65->65
[2022-04-04T14:45:33.257+0800][98.670s] GC(235) Archive regions: 0->0
[2022-04-04T14:45:33.257+0800][98.670s] GC(235) Humongous regions: 10->10
[2022-04-04T14:45:33.257+0800][98.671s] GC(235) Metaspace: 52487K(53200K)->52487K(53200K) NonClass: 46465K(46848K)->46465K(46848K) Class: 6021K(6352K)->6021K(6352K)
[2022-04-04T14:45:33.257+0800][98.671s] GC(235) Pause Young (Normal) (G1 Evacuation Pause) 381M->91M(512M) 4.201ms
[2022-04-04T14:45:33.257+0800][98.671s] GC(235) User=0.00s Sys=0.00s Real=0.00s
[2022-04-04T14:45:33.479+0800][98.892s] GC(236) Pause Young (Normal) (G1 Evacuation Pause)
[2022-04-04T14:45:33.479+0800][98.892s] GC(236) Using 8 workers of 8 for evacuation
[2022-04-04T14:45:33.483+0800][98.896s] GC(236)   Pre Evacuate Collection Set: 0.1ms
[2022-04-04T14:45:33.483+0800][98.896s] GC(236)   Merge Heap Roots: 0.1ms
[2022-04-04T14:45:33.483+0800][98.896s] GC(236)   Evacuate Collection Set: 2.7ms
[2022-04-04T14:45:33.483+0800][98.896s] GC(236)   Post Evacuate Collection Set: 0.7ms
[2022-04-04T14:45:33.483+0800][98.896s] GC(236)   Other: 0.3ms
[2022-04-04T14:45:33.483+0800][98.896s] GC(236) Eden regions: 290->0(290)
[2022-04-04T14:45:33.483+0800][98.896s] GC(236) Survivor regions: 17->17(39)
[2022-04-04T14:45:33.483+0800][98.896s] GC(236) Old regions: 65->66
[2022-04-04T14:45:33.483+0800][98.896s] GC(236) Archive regions: 0->0
[2022-04-04T14:45:33.483+0800][98.896s] GC(236) Humongous regions: 10->10
[2022-04-04T14:45:33.483+0800][98.897s] GC(236) Metaspace: 52487K(53200K)->52487K(53200K) NonClass: 46465K(46848K)->46465K(46848K) Class: 6021K(6352K)->6021K(6352K)
[2022-04-04T14:45:33.483+0800][98.897s] GC(236) Pause Young (Normal) (G1 Evacuation Pause) 381M->92M(512M) 4.395ms
[2022-04-04T14:45:33.484+0800][98.897s] GC(236) User=0.12s Sys=0.00s Real=0.00s
[2022-04-04T14:45:33.824+0800][99.237s] GC(237) Pause Young (Normal) (G1 Evacuation Pause)
[2022-04-04T14:45:33.824+0800][99.237s] GC(237) Using 8 workers of 8 for evacuation
[2022-04-04T14:45:33.828+0800][99.241s] GC(237)   Pre Evacuate Collection Set: 0.1ms
[2022-04-04T14:45:33.828+0800][99.241s] GC(237)   Merge Heap Roots: 0.1ms
[2022-04-04T14:45:33.828+0800][99.241s] GC(237)   Evacuate Collection Set: 2.4ms
[2022-04-04T14:45:33.828+0800][99.241s] GC(237)   Post Evacuate Collection Set: 0.9ms
[2022-04-04T14:45:33.828+0800][99.241s] GC(237)   Other: 0.4ms
[2022-04-04T14:45:33.828+0800][99.241s] GC(237) Eden regions: 290->0(289)
[2022-04-04T14:45:33.828+0800][99.241s] GC(237) Survivor regions: 17->18(39)
[2022-04-04T14:45:33.828+0800][99.241s] GC(237) Old regions: 66->67
[2022-04-04T14:45:33.828+0800][99.241s] GC(237) Archive regions: 0->0
[2022-04-04T14:45:33.828+0800][99.241s] GC(237) Humongous regions: 11->11
[2022-04-04T14:45:33.828+0800][99.241s] GC(237) Metaspace: 52487K(53200K)->52487K(53200K) NonClass: 46465K(46848K)->46465K(46848K) Class: 6021K(6352K)->6021K(6352K)
[2022-04-04T14:45:33.828+0800][99.241s] GC(237) Pause Young (Normal) (G1 Evacuation Pause) 383M->94M(512M) 4.522ms
[2022-04-04T14:45:33.828+0800][99.242s] GC(237) User=0.00s Sys=0.00s Real=0.00s
[2022-04-04T14:45:34.253+0800][99.666s] GC(238) Pause Young (Normal) (G1 Evacuation Pause)
[2022-04-04T14:45:34.253+0800][99.666s] GC(238) Using 8 workers of 8 for evacuation
[2022-04-04T14:45:34.257+0800][99.670s] GC(238)   Pre Evacuate Collection Set: 0.1ms
[2022-04-04T14:45:34.257+0800][99.670s] GC(238)   Merge Heap Roots: 0.1ms
[2022-04-04T14:45:34.257+0800][99.670s] GC(238)   Evacuate Collection Set: 2.7ms
[2022-04-04T14:45:34.257+0800][99.670s] GC(238)   Post Evacuate Collection Set: 0.7ms
[2022-04-04T14:45:34.257+0800][99.670s] GC(238)   Other: 0.3ms
[2022-04-04T14:45:34.257+0800][99.670s] GC(238) Eden regions: 289->0(289)
[2022-04-04T14:45:34.257+0800][99.670s] GC(238) Survivor regions: 18->18(39)
[2022-04-04T14:45:34.257+0800][99.670s] GC(238) Old regions: 67->68
[2022-04-04T14:45:34.257+0800][99.670s] GC(238) Archive regions: 0->0
[2022-04-04T14:45:34.257+0800][99.670s] GC(238) Humongous regions: 11->11
[2022-04-04T14:45:34.257+0800][99.670s] GC(238) Metaspace: 52487K(53200K)->52487K(53200K) NonClass: 46465K(46848K)->46465K(46848K) Class: 6021K(6352K)->6021K(6352K)
[2022-04-04T14:45:34.257+0800][99.670s] GC(238) Pause Young (Normal) (G1 Evacuation Pause) 383M->95M(512M) 4.444ms
[2022-04-04T14:45:34.257+0800][99.671s] GC(238) User=0.00s Sys=0.00s Real=0.00s
[2022-04-04T14:45:34.427+0800][99.841s] GC(239) Pause Young (Normal) (G1 Evacuation Pause)
[2022-04-04T14:45:34.427+0800][99.841s] GC(239) Using 8 workers of 8 for evacuation
[2022-04-04T14:45:34.431+0800][99.844s] GC(239)   Pre Evacuate Collection Set: 0.1ms
[2022-04-04T14:45:34.431+0800][99.844s] GC(239)   Merge Heap Roots: 0.1ms
[2022-04-04T14:45:34.431+0800][99.844s] GC(239)   Evacuate Collection Set: 2.6ms
[2022-04-04T14:45:34.431+0800][99.844s] GC(239)   Post Evacuate Collection Set: 0.6ms
[2022-04-04T14:45:34.431+0800][99.844s] GC(239)   Other: 0.2ms
[2022-04-04T14:45:34.431+0800][99.844s] GC(239) Eden regions: 289->0(289)
[2022-04-04T14:45:34.431+0800][99.844s] GC(239) Survivor regions: 18->18(39)
[2022-04-04T14:45:34.431+0800][99.844s] GC(239) Old regions: 68->68
[2022-04-04T14:45:34.431+0800][99.844s] GC(239) Archive regions: 0->0
[2022-04-04T14:45:34.431+0800][99.844s] GC(239) Humongous regions: 11->11
[2022-04-04T14:45:34.431+0800][99.844s] GC(239) Metaspace: 52487K(53200K)->52487K(53200K) NonClass: 46465K(46848K)->46465K(46848K) Class: 6021K(6352K)->6021K(6352K)
[2022-04-04T14:45:34.431+0800][99.844s] GC(239) Pause Young (Normal) (G1 Evacuation Pause) 384M->96M(512M) 3.894ms
[2022-04-04T14:45:34.431+0800][99.844s] GC(239) User=0.00s Sys=0.00s Real=0.00s
[2022-04-04T14:45:34.577+0800][99.991s] GC(240) Pause Young (Normal) (G1 Evacuation Pause)
[2022-04-04T14:45:34.578+0800][99.991s] GC(240) Using 8 workers of 8 for evacuation
[2022-04-04T14:45:34.582+0800][99.995s] GC(240)   Pre Evacuate Collection Set: 0.2ms
[2022-04-04T14:45:34.582+0800][99.995s] GC(240)   Merge Heap Roots: 0.1ms
[2022-04-04T14:45:34.582+0800][99.995s] GC(240)   Evacuate Collection Set: 2.5ms
[2022-04-04T14:45:34.582+0800][99.995s] GC(240)   Post Evacuate Collection Set: 1.4ms
[2022-04-04T14:45:34.582+0800][99.995s] GC(240)   Other: 0.2ms
[2022-04-04T14:45:34.582+0800][99.995s] GC(240) Eden regions: 289->0(289)
[2022-04-04T14:45:34.582+0800][99.995s] GC(240) Survivor regions: 18->18(39)
[2022-04-04T14:45:34.582+0800][99.995s] GC(240) Old regions: 68->69
[2022-04-04T14:45:34.582+0800][99.995s] GC(240) Archive regions: 0->0
[2022-04-04T14:45:34.582+0800][99.995s] GC(240) Humongous regions: 11->11
[2022-04-04T14:45:34.582+0800][99.995s] GC(240) Metaspace: 52487K(53200K)->52487K(53200K) NonClass: 46465K(46848K)->46465K(46848K) Class: 6021K(6352K)->6021K(6352K)
[2022-04-04T14:45:34.582+0800][99.995s] GC(240) Pause Young (Normal) (G1 Evacuation Pause) 385M->96M(512M) 4.674ms
[2022-04-04T14:45:34.582+0800][99.995s] GC(240) User=0.00s Sys=0.00s Real=0.01s
[2022-04-04T14:45:34.743+0800][100.156s] GC(241) Pause Young (Normal) (G1 Evacuation Pause)
[2022-04-04T14:45:34.743+0800][100.156s] GC(241) Using 8 workers of 8 for evacuation
[2022-04-04T14:45:34.747+0800][100.160s] GC(241)   Pre Evacuate Collection Set: 0.1ms
[2022-04-04T14:45:34.747+0800][100.160s] GC(241)   Merge Heap Roots: 0.1ms
[2022-04-04T14:45:34.747+0800][100.160s] GC(241)   Evacuate Collection Set: 2.6ms
[2022-04-04T14:45:34.747+0800][100.160s] GC(241)   Post Evacuate Collection Set: 0.6ms
[2022-04-04T14:45:34.747+0800][100.160s] GC(241)   Other: 0.2ms
[2022-04-04T14:45:34.747+0800][100.160s] GC(241) Eden regions: 289->0(288)
[2022-04-04T14:45:34.747+0800][100.160s] GC(241) Survivor regions: 18->19(39)
[2022-04-04T14:45:34.747+0800][100.160s] GC(241) Old regions: 69->70
[2022-04-04T14:45:34.747+0800][100.160s] GC(241) Archive regions: 0->0
[2022-04-04T14:45:34.747+0800][100.160s] GC(241) Humongous regions: 11->11
[2022-04-04T14:45:34.747+0800][100.160s] GC(241) Metaspace: 52487K(53200K)->52487K(53200K) NonClass: 46465K(46848K)->46465K(46848K) Class: 6021K(6352K)->6021K(6352K)
[2022-04-04T14:45:34.747+0800][100.160s] GC(241) Pause Young (Normal) (G1 Evacuation Pause) 385M->98M(512M) 4.039ms
[2022-04-04T14:45:34.747+0800][100.160s] GC(241) User=0.12s Sys=0.00s Real=0.00s
[2022-04-04T14:45:34.890+0800][100.303s] GC(242) Pause Young (Normal) (G1 Evacuation Pause)
[2022-04-04T14:45:34.890+0800][100.303s] GC(242) Using 8 workers of 8 for evacuation
[2022-04-04T14:45:34.894+0800][100.307s] GC(242)   Pre Evacuate Collection Set: 0.1ms
[2022-04-04T14:45:34.894+0800][100.307s] GC(242)   Merge Heap Roots: 0.1ms
[2022-04-04T14:45:34.894+0800][100.307s] GC(242)   Evacuate Collection Set: 2.6ms
[2022-04-04T14:45:34.894+0800][100.307s] GC(242)   Post Evacuate Collection Set: 0.7ms
[2022-04-04T14:45:34.894+0800][100.307s] GC(242)   Other: 0.2ms
[2022-04-04T14:45:34.894+0800][100.307s] GC(242) Eden regions: 288->0(289)
[2022-04-04T14:45:34.894+0800][100.307s] GC(242) Survivor regions: 19->18(39)
[2022-04-04T14:45:34.894+0800][100.307s] GC(242) Old regions: 70->71
[2022-04-04T14:45:34.894+0800][100.307s] GC(242) Archive regions: 0->0
[2022-04-04T14:45:34.894+0800][100.307s] GC(242) Humongous regions: 11->11
[2022-04-04T14:45:34.894+0800][100.307s] GC(242) Metaspace: 52487K(53200K)->52487K(53200K) NonClass: 46465K(46848K)->46465K(46848K) Class: 6021K(6352K)->6021K(6352K)
[2022-04-04T14:45:34.894+0800][100.307s] GC(242) Pause Young (Normal) (G1 Evacuation Pause) 386M->98M(512M) 4.075ms
[2022-04-04T14:45:34.894+0800][100.308s] GC(242) User=0.00s Sys=0.00s Real=0.00s
[2022-04-04T14:45:35.029+0800][100.442s] GC(243) Pause Young (Normal) (G1 Evacuation Pause)
[2022-04-04T14:45:35.029+0800][100.442s] GC(243) Using 8 workers of 8 for evacuation
[2022-04-04T14:45:35.032+0800][100.445s] GC(243)   Pre Evacuate Collection Set: 0.1ms
[2022-04-04T14:45:35.032+0800][100.445s] GC(243)   Merge Heap Roots: 0.1ms
[2022-04-04T14:45:35.032+0800][100.445s] GC(243)   Evacuate Collection Set: 2.6ms
[2022-04-04T14:45:35.032+0800][100.445s] GC(243)   Post Evacuate Collection Set: 0.7ms
[2022-04-04T14:45:35.032+0800][100.446s] GC(243)   Other: 0.2ms
[2022-04-04T14:45:35.032+0800][100.446s] GC(243) Eden regions: 289->0(288)
[2022-04-04T14:45:35.032+0800][100.446s] GC(243) Survivor regions: 18->19(39)
[2022-04-04T14:45:35.032+0800][100.446s] GC(243) Old regions: 71->71
[2022-04-04T14:45:35.032+0800][100.446s] GC(243) Archive regions: 0->0
[2022-04-04T14:45:35.033+0800][100.446s] GC(243) Humongous regions: 13->12
[2022-04-04T14:45:35.033+0800][100.446s] GC(243) Metaspace: 52487K(53200K)->52487K(53200K) NonClass: 46465K(46848K)->46465K(46848K) Class: 6021K(6352K)->6021K(6352K)
[2022-04-04T14:45:35.033+0800][100.446s] GC(243) Pause Young (Normal) (G1 Evacuation Pause) 389M->101M(512M) 3.994ms
[2022-04-04T14:45:35.033+0800][100.446s] GC(243) User=0.00s Sys=0.00s Real=0.00s
[2022-04-04T14:45:35.199+0800][100.612s] GC(244) Pause Young (Normal) (G1 Evacuation Pause)
[2022-04-04T14:45:35.199+0800][100.613s] GC(244) Using 8 workers of 8 for evacuation
[2022-04-04T14:45:35.203+0800][100.616s] GC(244)   Pre Evacuate Collection Set: 0.1ms
[2022-04-04T14:45:35.203+0800][100.616s] GC(244)   Merge Heap Roots: 0.1ms
[2022-04-04T14:45:35.203+0800][100.616s] GC(244)   Evacuate Collection Set: 2.8ms
[2022-04-04T14:45:35.203+0800][100.617s] GC(244)   Post Evacuate Collection Set: 0.7ms
[2022-04-04T14:45:35.203+0800][100.617s] GC(244)   Other: 0.2ms
[2022-04-04T14:45:35.203+0800][100.617s] GC(244) Eden regions: 288->0(292)
[2022-04-04T14:45:35.204+0800][100.617s] GC(244) Survivor regions: 19->15(39)
[2022-04-04T14:45:35.204+0800][100.617s] GC(244) Old regions: 71->76
[2022-04-04T14:45:35.204+0800][100.617s] GC(244) Archive regions: 0->0
[2022-04-04T14:45:35.204+0800][100.617s] GC(244) Humongous regions: 13->13
[2022-04-04T14:45:35.204+0800][100.617s] GC(244) Metaspace: 52520K(53200K)->52520K(53200K) NonClass: 46497K(46848K)->46497K(46848K) Class: 6023K(6352K)->6023K(6352K)
[2022-04-04T14:45:35.204+0800][100.617s] GC(244) Pause Young (Normal) (G1 Evacuation Pause) 390M->103M(512M) 4.513ms
[2022-04-04T14:45:35.204+0800][100.617s] GC(244) User=0.00s Sys=0.00s Real=0.01s
[2022-04-04T14:45:35.457+0800][100.870s] GC(245) Pause Young (Normal) (G1 Evacuation Pause)
[2022-04-04T14:45:35.457+0800][100.871s] GC(245) Using 8 workers of 8 for evacuation
[2022-04-04T14:45:35.461+0800][100.874s] GC(245)   Pre Evacuate Collection Set: 0.1ms
[2022-04-04T14:45:35.461+0800][100.874s] GC(245)   Merge Heap Roots: 0.1ms
[2022-04-04T14:45:35.461+0800][100.874s] GC(245)   Evacuate Collection Set: 2.4ms
[2022-04-04T14:45:35.461+0800][100.874s] GC(245)   Post Evacuate Collection Set: 0.6ms
[2022-04-04T14:45:35.461+0800][100.874s] GC(245)   Other: 0.3ms
[2022-04-04T14:45:35.461+0800][100.874s] GC(245) Eden regions: 292->0(294)
[2022-04-04T14:45:35.461+0800][100.874s] GC(245) Survivor regions: 15->13(39)
[2022-04-04T14:45:35.461+0800][100.874s] GC(245) Old regions: 76->78
[2022-04-04T14:45:35.461+0800][100.874s] GC(245) Archive regions: 0->0
[2022-04-04T14:45:35.461+0800][100.874s] GC(245) Humongous regions: 13->13
[2022-04-04T14:45:35.461+0800][100.874s] GC(245) Metaspace: 52536K(53200K)->52536K(53200K) NonClass: 46513K(46848K)->46513K(46848K) Class: 6023K(6352K)->6023K(6352K)
[2022-04-04T14:45:35.461+0800][100.874s] GC(245) Pause Young (Normal) (G1 Evacuation Pause) 395M->103M(512M) 3.973ms
[2022-04-04T14:45:35.461+0800][100.874s] GC(245) User=0.00s Sys=0.00s Real=0.00s
[2022-04-04T14:45:35.730+0800][101.143s] GC(246) Pause Young (Normal) (G1 Evacuation Pause)
[2022-04-04T14:45:35.730+0800][101.143s] GC(246) Using 8 workers of 8 for evacuation
[2022-04-04T14:45:35.733+0800][101.146s] GC(246)   Pre Evacuate Collection Set: 0.1ms
[2022-04-04T14:45:35.733+0800][101.146s] GC(246)   Merge Heap Roots: 0.1ms
[2022-04-04T14:45:35.733+0800][101.146s] GC(246)   Evacuate Collection Set: 2.1ms
[2022-04-04T14:45:35.733+0800][101.146s] GC(246)   Post Evacuate Collection Set: 0.6ms
[2022-04-04T14:45:35.733+0800][101.146s] GC(246)   Other: 0.3ms
[2022-04-04T14:45:35.733+0800][101.146s] GC(246) Eden regions: 294->0(293)
[2022-04-04T14:45:35.733+0800][101.147s] GC(246) Survivor regions: 13->14(39)
[2022-04-04T14:45:35.733+0800][101.147s] GC(246) Old regions: 78->78
[2022-04-04T14:45:35.733+0800][101.147s] GC(246) Archive regions: 0->0
[2022-04-04T14:45:35.733+0800][101.147s] GC(246) Humongous regions: 13->13
[2022-04-04T14:45:35.734+0800][101.147s] GC(246) Metaspace: 52554K(53200K)->52554K(53200K) NonClass: 46531K(46848K)->46531K(46848K) Class: 6023K(6352K)->6023K(6352K)
[2022-04-04T14:45:35.734+0800][101.147s] GC(246) Pause Young (Normal) (G1 Evacuation Pause) 397M->104M(512M) 3.699ms
[2022-04-04T14:45:35.734+0800][101.147s] GC(246) User=0.00s Sys=0.00s Real=0.00s
[2022-04-04T14:45:35.945+0800][101.358s] GC(247) Pause Young (Normal) (G1 Evacuation Pause)
[2022-04-04T14:45:35.945+0800][101.358s] GC(247) Using 8 workers of 8 for evacuation
[2022-04-04T14:45:35.949+0800][101.362s] GC(247)   Pre Evacuate Collection Set: 0.1ms
[2022-04-04T14:45:35.949+0800][101.362s] GC(247)   Merge Heap Roots: 0.2ms
[2022-04-04T14:45:35.949+0800][101.362s] GC(247)   Evacuate Collection Set: 2.6ms
[2022-04-04T14:45:35.949+0800][101.362s] GC(247)   Post Evacuate Collection Set: 0.7ms
[2022-04-04T14:45:35.949+0800][101.362s] GC(247)   Other: 0.3ms
[2022-04-04T14:45:35.949+0800][101.362s] GC(247) Eden regions: 293->0(291)
[2022-04-04T14:45:35.949+0800][101.362s] GC(247) Survivor regions: 14->16(39)
[2022-04-04T14:45:35.949+0800][101.362s] GC(247) Old regions: 78->78
[2022-04-04T14:45:35.949+0800][101.362s] GC(247) Archive regions: 0->0
[2022-04-04T14:45:35.949+0800][101.362s] GC(247) Humongous regions: 13->13
[2022-04-04T14:45:35.949+0800][101.362s] GC(247) Metaspace: 52555K(53200K)->52555K(53200K) NonClass: 46532K(46848K)->46532K(46848K) Class: 6023K(6352K)->6023K(6352K)
[2022-04-04T14:45:35.949+0800][101.363s] GC(247) Pause Young (Normal) (G1 Evacuation Pause) 397M->106M(512M) 4.268ms
[2022-04-04T14:45:35.949+0800][101.363s] GC(247) User=0.12s Sys=0.00s Real=0.00s
[2022-04-04T14:45:36.173+0800][101.586s] GC(248) Pause Young (Normal) (G1 Evacuation Pause)
[2022-04-04T14:45:36.173+0800][101.586s] GC(248) Using 8 workers of 8 for evacuation
[2022-04-04T14:45:36.176+0800][101.589s] GC(248)   Pre Evacuate Collection Set: 0.1ms
[2022-04-04T14:45:36.176+0800][101.590s] GC(248)   Merge Heap Roots: 0.1ms
[2022-04-04T14:45:36.176+0800][101.590s] GC(248)   Evacuate Collection Set: 2.5ms
[2022-04-04T14:45:36.176+0800][101.590s] GC(248)   Post Evacuate Collection Set: 0.6ms
[2022-04-04T14:45:36.176+0800][101.590s] GC(248)   Other: 0.2ms
[2022-04-04T14:45:36.177+0800][101.590s] GC(248) Eden regions: 291->0(291)
[2022-04-04T14:45:36.177+0800][101.590s] GC(248) Survivor regions: 16->16(39)
[2022-04-04T14:45:36.177+0800][101.590s] GC(248) Old regions: 78->78
[2022-04-04T14:45:36.177+0800][101.590s] GC(248) Archive regions: 0->0
[2022-04-04T14:45:36.177+0800][101.590s] GC(248) Humongous regions: 13->13
[2022-04-04T14:45:36.177+0800][101.590s] GC(248) Metaspace: 52555K(53200K)->52555K(53200K) NonClass: 46532K(46848K)->46532K(46848K) Class: 6023K(6352K)->6023K(6352K)
[2022-04-04T14:45:36.177+0800][101.590s] GC(248) Pause Young (Normal) (G1 Evacuation Pause) 397M->106M(512M) 3.907ms
[2022-04-04T14:45:36.177+0800][101.590s] GC(248) User=0.00s Sys=0.00s Real=0.00s
[2022-04-04T14:45:36.344+0800][101.757s] GC(249) Pause Young (Normal) (G1 Evacuation Pause)
[2022-04-04T14:45:36.344+0800][101.758s] GC(249) Using 8 workers of 8 for evacuation
[2022-04-04T14:45:36.348+0800][101.761s] GC(249)   Pre Evacuate Collection Set: 0.1ms
[2022-04-04T14:45:36.348+0800][101.761s] GC(249)   Merge Heap Roots: 0.1ms
[2022-04-04T14:45:36.348+0800][101.761s] GC(249)   Evacuate Collection Set: 2.4ms
[2022-04-04T14:45:36.348+0800][101.761s] GC(249)   Post Evacuate Collection Set: 0.6ms
[2022-04-04T14:45:36.348+0800][101.761s] GC(249)   Other: 0.2ms
[2022-04-04T14:45:36.348+0800][101.761s] GC(249) Eden regions: 291->0(291)
[2022-04-04T14:45:36.348+0800][101.761s] GC(249) Survivor regions: 16->16(39)
[2022-04-04T14:45:36.348+0800][101.761s] GC(249) Old regions: 78->79
[2022-04-04T14:45:36.348+0800][101.761s] GC(249) Archive regions: 0->0
[2022-04-04T14:45:36.348+0800][101.761s] GC(249) Humongous regions: 13->13
[2022-04-04T14:45:36.348+0800][101.761s] GC(249) Metaspace: 52555K(53200K)->52555K(53200K) NonClass: 46532K(46848K)->46532K(46848K) Class: 6023K(6352K)->6023K(6352K)
[2022-04-04T14:45:36.348+0800][101.761s] GC(249) Pause Young (Normal) (G1 Evacuation Pause) 397M->107M(512M) 3.836ms
[2022-04-04T14:45:36.348+0800][101.761s] GC(249) User=0.00s Sys=0.00s Real=0.00s
[2022-04-04T14:45:37.005+0800][102.418s] GC(250) Pause Young (Normal) (G1 Evacuation Pause)
[2022-04-04T14:45:37.005+0800][102.419s] GC(250) Using 8 workers of 8 for evacuation
[2022-04-04T14:45:37.009+0800][102.422s] GC(250)   Pre Evacuate Collection Set: 0.1ms
[2022-04-04T14:45:37.009+0800][102.422s] GC(250)   Merge Heap Roots: 0.1ms
[2022-04-04T14:45:37.009+0800][102.422s] GC(250)   Evacuate Collection Set: 2.3ms
[2022-04-04T14:45:37.009+0800][102.422s] GC(250)   Post Evacuate Collection Set: 0.7ms
[2022-04-04T14:45:37.009+0800][102.422s] GC(250)   Other: 0.2ms
[2022-04-04T14:45:37.009+0800][102.422s] GC(250) Eden regions: 291->0(291)
[2022-04-04T14:45:37.009+0800][102.422s] GC(250) Survivor regions: 16->16(39)
[2022-04-04T14:45:37.009+0800][102.422s] GC(250) Old regions: 79->81
[2022-04-04T14:45:37.009+0800][102.422s] GC(250) Archive regions: 0->0
[2022-04-04T14:45:37.009+0800][102.422s] GC(250) Humongous regions: 13->13
[2022-04-04T14:45:37.009+0800][102.422s] GC(250) Metaspace: 52566K(53200K)->52566K(53200K) NonClass: 46540K(46848K)->46540K(46848K) Class: 6025K(6352K)->6025K(6352K)
[2022-04-04T14:45:37.009+0800][102.422s] GC(250) Pause Young (Normal) (G1 Evacuation Pause) 398M->108M(512M) 3.795ms
[2022-04-04T14:45:37.009+0800][102.422s] GC(250) User=0.00s Sys=0.00s Real=0.00s
[2022-04-04T14:45:37.648+0800][103.061s] GC(251) Pause Young (Normal) (G1 Evacuation Pause)
[2022-04-04T14:45:37.648+0800][103.061s] GC(251) Using 8 workers of 8 for evacuation
[2022-04-04T14:45:37.651+0800][103.064s] GC(251)   Pre Evacuate Collection Set: 0.1ms
[2022-04-04T14:45:37.651+0800][103.064s] GC(251)   Merge Heap Roots: 0.1ms
[2022-04-04T14:45:37.651+0800][103.064s] GC(251)   Evacuate Collection Set: 2.1ms
[2022-04-04T14:45:37.651+0800][103.064s] GC(251)   Post Evacuate Collection Set: 0.7ms
[2022-04-04T14:45:37.651+0800][103.064s] GC(251)   Other: 0.2ms
[2022-04-04T14:45:37.651+0800][103.064s] GC(251) Eden regions: 291->0(293)
[2022-04-04T14:45:37.651+0800][103.064s] GC(251) Survivor regions: 16->14(39)
[2022-04-04T14:45:37.651+0800][103.064s] GC(251) Old regions: 81->81
[2022-04-04T14:45:37.651+0800][103.064s] GC(251) Archive regions: 0->0
[2022-04-04T14:45:37.651+0800][103.064s] GC(251) Humongous regions: 13->13
[2022-04-04T14:45:37.651+0800][103.064s] GC(251) Metaspace: 52566K(53200K)->52566K(53200K) NonClass: 46540K(46848K)->46540K(46848K) Class: 6025K(6352K)->6025K(6352K)
[2022-04-04T14:45:37.651+0800][103.064s] GC(251) Pause Young (Normal) (G1 Evacuation Pause) 399M->107M(512M) 3.595ms
[2022-04-04T14:45:37.651+0800][103.064s] GC(251) User=0.12s Sys=0.00s Real=0.00s
[2022-04-04T14:45:38.562+0800][103.975s] GC(252) Pause Young (Normal) (G1 Evacuation Pause)
[2022-04-04T14:45:38.562+0800][103.976s] GC(252) Using 8 workers of 8 for evacuation
[2022-04-04T14:45:38.565+0800][103.979s] GC(252)   Pre Evacuate Collection Set: 0.1ms
[2022-04-04T14:45:38.566+0800][103.979s] GC(252)   Merge Heap Roots: 0.1ms
[2022-04-04T14:45:38.566+0800][103.979s] GC(252)   Evacuate Collection Set: 2.0ms
[2022-04-04T14:45:38.566+0800][103.979s] GC(252)   Post Evacuate Collection Set: 0.7ms
[2022-04-04T14:45:38.566+0800][103.979s] GC(252)   Other: 0.2ms
[2022-04-04T14:45:38.566+0800][103.979s] GC(252) Eden regions: 293->0(294)
[2022-04-04T14:45:38.566+0800][103.979s] GC(252) Survivor regions: 14->13(39)
[2022-04-04T14:45:38.566+0800][103.979s] GC(252) Old regions: 81->82
[2022-04-04T14:45:38.566+0800][103.979s] GC(252) Archive regions: 0->0
[2022-04-04T14:45:38.566+0800][103.979s] GC(252) Humongous regions: 13->13
[2022-04-04T14:45:38.566+0800][103.979s] GC(252) Metaspace: 52570K(53200K)->52570K(53200K) NonClass: 46544K(46848K)->46544K(46848K) Class: 6025K(6352K)->6025K(6352K)
[2022-04-04T14:45:38.566+0800][103.979s] GC(252) Pause Young (Normal) (G1 Evacuation Pause) 400M->107M(512M) 3.519ms
[2022-04-04T14:45:38.566+0800][103.979s] GC(252) User=0.00s Sys=0.00s Real=0.00s
[2022-04-04T14:45:40.112+0800][105.525s] GC(253) Pause Young (Normal) (G1 Evacuation Pause)
[2022-04-04T14:45:40.112+0800][105.525s] GC(253) Using 8 workers of 8 for evacuation
[2022-04-04T14:45:40.115+0800][105.528s] GC(253)   Pre Evacuate Collection Set: 0.1ms
[2022-04-04T14:45:40.115+0800][105.528s] GC(253)   Merge Heap Roots: 0.1ms
[2022-04-04T14:45:40.115+0800][105.528s] GC(253)   Evacuate Collection Set: 1.7ms
[2022-04-04T14:45:40.115+0800][105.528s] GC(253)   Post Evacuate Collection Set: 0.8ms
[2022-04-04T14:45:40.115+0800][105.528s] GC(253)   Other: 0.2ms
[2022-04-04T14:45:40.115+0800][105.528s] GC(253) Eden regions: 294->0(294)
[2022-04-04T14:45:40.115+0800][105.528s] GC(253) Survivor regions: 13->13(39)
[2022-04-04T14:45:40.115+0800][105.528s] GC(253) Old regions: 82->83
[2022-04-04T14:45:40.115+0800][105.528s] GC(253) Archive regions: 0->0
[2022-04-04T14:45:40.115+0800][105.528s] GC(253) Humongous regions: 13->13
[2022-04-04T14:45:40.115+0800][105.529s] GC(253) Metaspace: 52596K(53456K)->52596K(53456K) NonClass: 46567K(47104K)->46567K(47104K) Class: 6028K(6352K)->6028K(6352K)
[2022-04-04T14:45:40.115+0800][105.529s] GC(253) Pause Young (Normal) (G1 Evacuation Pause) 401M->107M(512M) 3.312ms
[2022-04-04T14:45:40.115+0800][105.529s] GC(253) User=0.00s Sys=0.00s Real=0.00s
[2022-04-04T14:45:41.327+0800][106.740s] GC(254) Pause Young (Normal) (G1 Evacuation Pause)
[2022-04-04T14:45:41.327+0800][106.740s] GC(254) Using 8 workers of 8 for evacuation
[2022-04-04T14:45:41.330+0800][106.744s] GC(254)   Pre Evacuate Collection Set: 0.2ms
[2022-04-04T14:45:41.331+0800][106.744s] GC(254)   Merge Heap Roots: 0.1ms
[2022-04-04T14:45:41.331+0800][106.744s] GC(254)   Evacuate Collection Set: 2.3ms
[2022-04-04T14:45:41.331+0800][106.744s] GC(254)   Post Evacuate Collection Set: 0.7ms
[2022-04-04T14:45:41.331+0800][106.744s] GC(254)   Other: 0.5ms
[2022-04-04T14:45:41.331+0800][106.744s] GC(254) Eden regions: 294->0(294)
[2022-04-04T14:45:41.331+0800][106.744s] GC(254) Survivor regions: 13->13(39)
[2022-04-04T14:45:41.331+0800][106.744s] GC(254) Old regions: 83->83
[2022-04-04T14:45:41.331+0800][106.744s] GC(254) Archive regions: 0->0
[2022-04-04T14:45:41.331+0800][106.744s] GC(254) Humongous regions: 14->13
[2022-04-04T14:45:41.331+0800][106.744s] GC(254) Metaspace: 52619K(53456K)->52619K(53456K) NonClass: 46588K(47104K)->46588K(47104K) Class: 6030K(6352K)->6030K(6352K)
[2022-04-04T14:45:41.331+0800][106.744s] GC(254) Pause Young (Normal) (G1 Evacuation Pause) 402M->108M(512M) 4.218ms
[2022-04-04T14:45:41.331+0800][106.744s] GC(254) User=0.00s Sys=0.00s Real=0.00s
[2022-04-04T14:45:41.870+0800][107.283s] GC(255) Pause Young (Normal) (G1 Evacuation Pause)
[2022-04-04T14:45:41.870+0800][107.283s] GC(255) Using 8 workers of 8 for evacuation
[2022-04-04T14:45:41.873+0800][107.286s] GC(255)   Pre Evacuate Collection Set: 0.1ms
[2022-04-04T14:45:41.873+0800][107.286s] GC(255)   Merge Heap Roots: 0.1ms
[2022-04-04T14:45:41.873+0800][107.286s] GC(255)   Evacuate Collection Set: 1.8ms
[2022-04-04T14:45:41.873+0800][107.286s] GC(255)   Post Evacuate Collection Set: 0.6ms
[2022-04-04T14:45:41.873+0800][107.286s] GC(255)   Other: 0.2ms
[2022-04-04T14:45:41.873+0800][107.286s] GC(255) Eden regions: 294->0(294)
[2022-04-04T14:45:41.873+0800][107.286s] GC(255) Survivor regions: 13->13(39)
[2022-04-04T14:45:41.873+0800][107.286s] GC(255) Old regions: 83->84
[2022-04-04T14:45:41.873+0800][107.287s] GC(255) Archive regions: 0->0
[2022-04-04T14:45:41.873+0800][107.287s] GC(255) Humongous regions: 13->13
[2022-04-04T14:45:41.873+0800][107.287s] GC(255) Metaspace: 52622K(53456K)->52622K(53456K) NonClass: 46590K(47104K)->46590K(47104K) Class: 6031K(6352K)->6031K(6352K)
[2022-04-04T14:45:41.874+0800][107.287s] GC(255) Pause Young (Normal) (G1 Evacuation Pause) 402M->108M(512M) 3.344ms
[2022-04-04T14:45:41.874+0800][107.287s] GC(255) User=0.00s Sys=0.00s Real=0.00s
[2022-04-04T14:45:42.054+0800][107.467s] GC(256) Pause Young (Normal) (G1 Evacuation Pause)
[2022-04-04T14:45:42.054+0800][107.467s] GC(256) Using 8 workers of 8 for evacuation
[2022-04-04T14:45:42.057+0800][107.470s] GC(256)   Pre Evacuate Collection Set: 0.1ms
[2022-04-04T14:45:42.057+0800][107.470s] GC(256)   Merge Heap Roots: 0.1ms
[2022-04-04T14:45:42.057+0800][107.470s] GC(256)   Evacuate Collection Set: 2.0ms
[2022-04-04T14:45:42.057+0800][107.470s] GC(256)   Post Evacuate Collection Set: 0.7ms
[2022-04-04T14:45:42.057+0800][107.470s] GC(256)   Other: 0.2ms
[2022-04-04T14:45:42.057+0800][107.470s] GC(256) Eden regions: 294->0(294)
[2022-04-04T14:45:42.057+0800][107.470s] GC(256) Survivor regions: 13->13(39)
[2022-04-04T14:45:42.057+0800][107.470s] GC(256) Old regions: 84->85
[2022-04-04T14:45:42.057+0800][107.470s] GC(256) Archive regions: 0->0
[2022-04-04T14:45:42.057+0800][107.470s] GC(256) Humongous regions: 13->13
[2022-04-04T14:45:42.057+0800][107.470s] GC(256) Metaspace: 52622K(53456K)->52622K(53456K) NonClass: 46590K(47104K)->46590K(47104K) Class: 6031K(6352K)->6031K(6352K)
[2022-04-04T14:45:42.057+0800][107.470s] GC(256) Pause Young (Normal) (G1 Evacuation Pause) 402M->109M(512M) 3.507ms
[2022-04-04T14:45:42.057+0800][107.470s] GC(256) User=0.00s Sys=0.00s Real=0.00s
[2022-04-04T14:45:42.195+0800][107.608s] GC(257) Pause Young (Normal) (G1 Evacuation Pause)
[2022-04-04T14:45:42.195+0800][107.608s] GC(257) Using 8 workers of 8 for evacuation
[2022-04-04T14:45:42.198+0800][107.611s] GC(257)   Pre Evacuate Collection Set: 0.1ms
[2022-04-04T14:45:42.198+0800][107.611s] GC(257)   Merge Heap Roots: 0.1ms
[2022-04-04T14:45:42.198+0800][107.611s] GC(257)   Evacuate Collection Set: 2.0ms
[2022-04-04T14:45:42.198+0800][107.611s] GC(257)   Post Evacuate Collection Set: 0.6ms
[2022-04-04T14:45:42.198+0800][107.611s] GC(257)   Other: 0.2ms
[2022-04-04T14:45:42.198+0800][107.611s] GC(257) Eden regions: 294->0(293)
[2022-04-04T14:45:42.198+0800][107.611s] GC(257) Survivor regions: 13->14(39)
[2022-04-04T14:45:42.198+0800][107.611s] GC(257) Old regions: 85->85
[2022-04-04T14:45:42.198+0800][107.611s] GC(257) Archive regions: 0->0
[2022-04-04T14:45:42.198+0800][107.611s] GC(257) Humongous regions: 13->13
[2022-04-04T14:45:42.198+0800][107.611s] GC(257) Metaspace: 52622K(53456K)->52622K(53456K) NonClass: 46590K(47104K)->46590K(47104K) Class: 6031K(6352K)->6031K(6352K)
[2022-04-04T14:45:42.198+0800][107.611s] GC(257) Pause Young (Normal) (G1 Evacuation Pause) 403M->111M(512M) 3.295ms
[2022-04-04T14:45:42.198+0800][107.611s] GC(257) User=0.11s Sys=0.02s Real=0.00s
[2022-04-04T14:45:42.330+0800][107.743s] GC(258) Pause Young (Normal) (G1 Evacuation Pause)
[2022-04-04T14:45:42.330+0800][107.743s] GC(258) Using 8 workers of 8 for evacuation
[2022-04-04T14:45:42.333+0800][107.746s] GC(258)   Pre Evacuate Collection Set: 0.1ms
[2022-04-04T14:45:42.333+0800][107.746s] GC(258)   Merge Heap Roots: 0.1ms
[2022-04-04T14:45:42.333+0800][107.746s] GC(258)   Evacuate Collection Set: 1.9ms
[2022-04-04T14:45:42.333+0800][107.746s] GC(258)   Post Evacuate Collection Set: 0.7ms
[2022-04-04T14:45:42.333+0800][107.746s] GC(258)   Other: 0.3ms
[2022-04-04T14:45:42.333+0800][107.746s] GC(258) Eden regions: 293->0(292)
[2022-04-04T14:45:42.333+0800][107.746s] GC(258) Survivor regions: 14->15(39)
[2022-04-04T14:45:42.333+0800][107.746s] GC(258) Old regions: 85->86
[2022-04-04T14:45:42.333+0800][107.746s] GC(258) Archive regions: 0->0
[2022-04-04T14:45:42.333+0800][107.746s] GC(258) Humongous regions: 13->13
[2022-04-04T14:45:42.333+0800][107.746s] GC(258) Metaspace: 52622K(53456K)->52622K(53456K) NonClass: 46590K(47104K)->46590K(47104K) Class: 6031K(6352K)->6031K(6352K)
[2022-04-04T14:45:42.333+0800][107.746s] GC(258) Pause Young (Normal) (G1 Evacuation Pause) 404M->112M(512M) 3.304ms
[2022-04-04T14:45:42.333+0800][107.746s] GC(258) User=0.00s Sys=0.00s Real=0.00s
[2022-04-04T14:45:42.465+0800][107.878s] GC(259) Pause Young (Normal) (G1 Evacuation Pause)
[2022-04-04T14:45:42.465+0800][107.878s] GC(259) Using 8 workers of 8 for evacuation
[2022-04-04T14:45:42.468+0800][107.881s] GC(259)   Pre Evacuate Collection Set: 0.1ms
[2022-04-04T14:45:42.468+0800][107.881s] GC(259)   Merge Heap Roots: 0.1ms
[2022-04-04T14:45:42.468+0800][107.881s] GC(259)   Evacuate Collection Set: 2.2ms
[2022-04-04T14:45:42.468+0800][107.881s] GC(259)   Post Evacuate Collection Set: 0.9ms
[2022-04-04T14:45:42.468+0800][107.881s] GC(259)   Other: 0.2ms
[2022-04-04T14:45:42.468+0800][107.881s] GC(259) Eden regions: 292->0(292)
[2022-04-04T14:45:42.468+0800][107.881s] GC(259) Survivor regions: 15->15(39)
[2022-04-04T14:45:42.468+0800][107.881s] GC(259) Old regions: 86->86
[2022-04-04T14:45:42.468+0800][107.881s] GC(259) Archive regions: 0->0
[2022-04-04T14:45:42.468+0800][107.881s] GC(259) Humongous regions: 14->14
[2022-04-04T14:45:42.468+0800][107.881s] GC(259) Metaspace: 52622K(53456K)->52622K(53456K) NonClass: 46590K(47104K)->46590K(47104K) Class: 6031K(6352K)->6031K(6352K)
[2022-04-04T14:45:42.468+0800][107.882s] GC(259) Pause Young (Normal) (G1 Evacuation Pause) 405M->114M(512M) 3.836ms
[2022-04-04T14:45:42.468+0800][107.882s] GC(259) User=0.00s Sys=0.00s Real=0.00s
[2022-04-04T14:45:42.593+0800][108.006s] GC(260) Pause Young (Normal) (G1 Evacuation Pause)
[2022-04-04T14:45:42.593+0800][108.006s] GC(260) Using 8 workers of 8 for evacuation
[2022-04-04T14:45:42.597+0800][108.010s] GC(260)   Pre Evacuate Collection Set: 0.1ms
[2022-04-04T14:45:42.597+0800][108.010s] GC(260)   Merge Heap Roots: 0.1ms
[2022-04-04T14:45:42.597+0800][108.010s] GC(260)   Evacuate Collection Set: 2.4ms
[2022-04-04T14:45:42.597+0800][108.010s] GC(260)   Post Evacuate Collection Set: 0.8ms
[2022-04-04T14:45:42.597+0800][108.010s] GC(260)   Other: 0.2ms
[2022-04-04T14:45:42.597+0800][108.010s] GC(260) Eden regions: 292->0(292)
[2022-04-04T14:45:42.597+0800][108.010s] GC(260) Survivor regions: 15->15(39)
[2022-04-04T14:45:42.597+0800][108.010s] GC(260) Old regions: 86->87
[2022-04-04T14:45:42.597+0800][108.010s] GC(260) Archive regions: 0->0
[2022-04-04T14:45:42.597+0800][108.010s] GC(260) Humongous regions: 14->14
[2022-04-04T14:45:42.597+0800][108.010s] GC(260) Metaspace: 52622K(53456K)->52622K(53456K) NonClass: 46590K(47104K)->46590K(47104K) Class: 6031K(6352K)->6031K(6352K)
[2022-04-04T14:45:42.597+0800][108.010s] GC(260) Pause Young (Normal) (G1 Evacuation Pause) 406M->114M(512M) 3.924ms
[2022-04-04T14:45:42.597+0800][108.010s] GC(260) User=0.00s Sys=0.00s Real=0.00s
[2022-04-04T14:45:42.728+0800][108.142s] GC(261) Pause Young (Normal) (G1 Evacuation Pause)
[2022-04-04T14:45:42.729+0800][108.142s] GC(261) Using 8 workers of 8 for evacuation
[2022-04-04T14:45:42.732+0800][108.145s] GC(261)   Pre Evacuate Collection Set: 0.1ms
[2022-04-04T14:45:42.732+0800][108.145s] GC(261)   Merge Heap Roots: 0.1ms
[2022-04-04T14:45:42.732+0800][108.145s] GC(261)   Evacuate Collection Set: 2.2ms
[2022-04-04T14:45:42.732+0800][108.145s] GC(261)   Post Evacuate Collection Set: 0.8ms
[2022-04-04T14:45:42.732+0800][108.145s] GC(261)   Other: 0.3ms
[2022-04-04T14:45:42.732+0800][108.145s] GC(261) Eden regions: 292->0(292)
[2022-04-04T14:45:42.732+0800][108.145s] GC(261) Survivor regions: 15->15(39)
[2022-04-04T14:45:42.732+0800][108.145s] GC(261) Old regions: 87->88
[2022-04-04T14:45:42.732+0800][108.145s] GC(261) Archive regions: 0->0
[2022-04-04T14:45:42.732+0800][108.145s] GC(261) Humongous regions: 14->14
[2022-04-04T14:45:42.732+0800][108.145s] GC(261) Metaspace: 52622K(53456K)->52622K(53456K) NonClass: 46590K(47104K)->46590K(47104K) Class: 6031K(6352K)->6031K(6352K)
[2022-04-04T14:45:42.732+0800][108.145s] GC(261) Pause Young (Normal) (G1 Evacuation Pause) 406M->115M(512M) 3.734ms
[2022-04-04T14:45:42.732+0800][108.145s] GC(261) User=0.11s Sys=0.00s Real=0.00s
[2022-04-04T14:45:42.856+0800][108.270s] GC(262) Pause Young (Normal) (G1 Evacuation Pause)
[2022-04-04T14:45:42.857+0800][108.270s] GC(262) Using 8 workers of 8 for evacuation
[2022-04-04T14:45:42.860+0800][108.273s] GC(262)   Pre Evacuate Collection Set: 0.1ms
[2022-04-04T14:45:42.860+0800][108.273s] GC(262)   Merge Heap Roots: 0.1ms
[2022-04-04T14:45:42.860+0800][108.273s] GC(262)   Evacuate Collection Set: 2.2ms
[2022-04-04T14:45:42.860+0800][108.273s] GC(262)   Post Evacuate Collection Set: 0.8ms
[2022-04-04T14:45:42.860+0800][108.273s] GC(262)   Other: 0.2ms
[2022-04-04T14:45:42.860+0800][108.273s] GC(262) Eden regions: 292->0(292)
[2022-04-04T14:45:42.860+0800][108.273s] GC(262) Survivor regions: 15->15(39)
[2022-04-04T14:45:42.860+0800][108.273s] GC(262) Old regions: 88->88
[2022-04-04T14:45:42.860+0800][108.273s] GC(262) Archive regions: 0->0
[2022-04-04T14:45:42.860+0800][108.273s] GC(262) Humongous regions: 14->14
[2022-04-04T14:45:42.860+0800][108.273s] GC(262) Metaspace: 52622K(53456K)->52622K(53456K) NonClass: 46590K(47104K)->46590K(47104K) Class: 6031K(6352K)->6031K(6352K)
[2022-04-04T14:45:42.860+0800][108.273s] GC(262) Pause Young (Normal) (G1 Evacuation Pause) 407M->116M(512M) 3.805ms
[2022-04-04T14:45:42.860+0800][108.273s] GC(262) User=0.00s Sys=0.00s Real=0.00s
[2022-04-04T14:45:42.978+0800][108.391s] GC(263) Pause Young (Normal) (G1 Evacuation Pause)
[2022-04-04T14:45:42.978+0800][108.391s] GC(263) Using 8 workers of 8 for evacuation
[2022-04-04T14:45:42.981+0800][108.394s] GC(263)   Pre Evacuate Collection Set: 0.2ms
[2022-04-04T14:45:42.981+0800][108.395s] GC(263)   Merge Heap Roots: 0.2ms
[2022-04-04T14:45:42.981+0800][108.395s] GC(263)   Evacuate Collection Set: 2.2ms
[2022-04-04T14:45:42.981+0800][108.395s] GC(263)   Post Evacuate Collection Set: 0.8ms
[2022-04-04T14:45:42.981+0800][108.395s] GC(263)   Other: 0.2ms
[2022-04-04T14:45:42.981+0800][108.395s] GC(263) Eden regions: 292->0(292)
[2022-04-04T14:45:42.981+0800][108.395s] GC(263) Survivor regions: 15->15(39)
[2022-04-04T14:45:42.982+0800][108.395s] GC(263) Old regions: 88->90
[2022-04-04T14:45:42.982+0800][108.395s] GC(263) Archive regions: 0->0
[2022-04-04T14:45:42.982+0800][108.395s] GC(263) Humongous regions: 14->14
[2022-04-04T14:45:42.982+0800][108.395s] GC(263) Metaspace: 52622K(53456K)->52622K(53456K) NonClass: 46590K(47104K)->46590K(47104K) Class: 6031K(6352K)->6031K(6352K)
[2022-04-04T14:45:42.982+0800][108.395s] GC(263) Pause Young (Normal) (G1 Evacuation Pause) 408M->118M(512M) 3.833ms
[2022-04-04T14:45:42.982+0800][108.395s] GC(263) User=0.11s Sys=0.00s Real=0.00s
[2022-04-04T14:45:43.125+0800][108.538s] GC(264) Pause Young (Normal) (G1 Evacuation Pause)
[2022-04-04T14:45:43.125+0800][108.538s] GC(264) Using 8 workers of 8 for evacuation
[2022-04-04T14:45:43.128+0800][108.541s] GC(264)   Pre Evacuate Collection Set: 0.1ms
[2022-04-04T14:45:43.128+0800][108.541s] GC(264)   Merge Heap Roots: 0.2ms
[2022-04-04T14:45:43.128+0800][108.541s] GC(264)   Evacuate Collection Set: 2.2ms
[2022-04-04T14:45:43.128+0800][108.541s] GC(264)   Post Evacuate Collection Set: 0.9ms
[2022-04-04T14:45:43.128+0800][108.541s] GC(264)   Other: 0.2ms
[2022-04-04T14:45:43.128+0800][108.541s] GC(264) Eden regions: 292->0(296)
[2022-04-04T14:45:43.128+0800][108.541s] GC(264) Survivor regions: 15->11(39)
[2022-04-04T14:45:43.128+0800][108.542s] GC(264) Old regions: 90->95
[2022-04-04T14:45:43.128+0800][108.542s] GC(264) Archive regions: 0->0
[2022-04-04T14:45:43.128+0800][108.542s] GC(264) Humongous regions: 17->16
[2022-04-04T14:45:43.128+0800][108.542s] GC(264) Metaspace: 52622K(53456K)->52622K(53456K) NonClass: 46590K(47104K)->46590K(47104K) Class: 6031K(6352K)->6031K(6352K)
[2022-04-04T14:45:43.128+0800][108.542s] GC(264) Pause Young (Normal) (G1 Evacuation Pause) 413M->120M(512M) 3.916ms
[2022-04-04T14:45:43.129+0800][108.542s] GC(264) User=0.00s Sys=0.00s Real=0.00s
[2022-04-04T14:45:43.278+0800][108.691s] GC(265) Pause Young (Normal) (G1 Evacuation Pause)
[2022-04-04T14:45:43.278+0800][108.691s] GC(265) Using 8 workers of 8 for evacuation
[2022-04-04T14:45:43.281+0800][108.694s] GC(265)   Pre Evacuate Collection Set: 0.1ms
[2022-04-04T14:45:43.281+0800][108.694s] GC(265)   Merge Heap Roots: 0.1ms
[2022-04-04T14:45:43.281+0800][108.695s] GC(265)   Evacuate Collection Set: 2.3ms
[2022-04-04T14:45:43.281+0800][108.695s] GC(265)   Post Evacuate Collection Set: 0.8ms
[2022-04-04T14:45:43.281+0800][108.695s] GC(265)   Other: 0.2ms
[2022-04-04T14:45:43.281+0800][108.695s] GC(265) Eden regions: 296->0(295)
[2022-04-04T14:45:43.282+0800][108.695s] GC(265) Survivor regions: 11->12(39)
[2022-04-04T14:45:43.282+0800][108.695s] GC(265) Old regions: 95->95
[2022-04-04T14:45:43.282+0800][108.695s] GC(265) Archive regions: 0->0
[2022-04-04T14:45:43.282+0800][108.695s] GC(265) Humongous regions: 16->16
[2022-04-04T14:45:43.282+0800][108.695s] GC(265) Metaspace: 52622K(53456K)->52622K(53456K) NonClass: 46590K(47104K)->46590K(47104K) Class: 6031K(6352K)->6031K(6352K)
[2022-04-04T14:45:43.282+0800][108.695s] GC(265) Pause Young (Normal) (G1 Evacuation Pause) 416M->121M(512M) 3.998ms
[2022-04-04T14:45:43.282+0800][108.695s] GC(265) User=0.00s Sys=0.00s Real=0.00s
[2022-04-04T14:45:43.422+0800][108.836s] GC(266) Pause Young (Normal) (G1 Evacuation Pause)
[2022-04-04T14:45:43.423+0800][108.836s] GC(266) Using 8 workers of 8 for evacuation
[2022-04-04T14:45:43.425+0800][108.839s] GC(266)   Pre Evacuate Collection Set: 0.1ms
[2022-04-04T14:45:43.426+0800][108.839s] GC(266)   Merge Heap Roots: 0.1ms
[2022-04-04T14:45:43.426+0800][108.839s] GC(266)   Evacuate Collection Set: 1.9ms
[2022-04-04T14:45:43.426+0800][108.839s] GC(266)   Post Evacuate Collection Set: 0.7ms
[2022-04-04T14:45:43.426+0800][108.839s] GC(266)   Other: 0.2ms
[2022-04-04T14:45:43.426+0800][108.839s] GC(266) Eden regions: 295->0(294)
[2022-04-04T14:45:43.426+0800][108.839s] GC(266) Survivor regions: 12->13(39)
[2022-04-04T14:45:43.426+0800][108.839s] GC(266) Old regions: 95->95
[2022-04-04T14:45:43.426+0800][108.839s] GC(266) Archive regions: 0->0
[2022-04-04T14:45:43.426+0800][108.839s] GC(266) Humongous regions: 16->16
[2022-04-04T14:45:43.426+0800][108.839s] GC(266) Metaspace: 52622K(53456K)->52622K(53456K) NonClass: 46590K(47104K)->46590K(47104K) Class: 6031K(6352K)->6031K(6352K)
[2022-04-04T14:45:43.426+0800][108.839s] GC(266) Pause Young (Normal) (G1 Evacuation Pause) 416M->123M(512M) 3.285ms
[2022-04-04T14:45:43.426+0800][108.839s] GC(266) User=0.00s Sys=0.00s Real=0.00s
[2022-04-04T14:45:43.546+0800][108.959s] GC(267) Pause Young (Normal) (G1 Evacuation Pause)
[2022-04-04T14:45:43.546+0800][108.959s] GC(267) Using 8 workers of 8 for evacuation
[2022-04-04T14:45:43.548+0800][108.962s] GC(267)   Pre Evacuate Collection Set: 0.1ms
[2022-04-04T14:45:43.549+0800][108.962s] GC(267)   Merge Heap Roots: 0.1ms
[2022-04-04T14:45:43.549+0800][108.962s] GC(267)   Evacuate Collection Set: 1.9ms
[2022-04-04T14:45:43.549+0800][108.962s] GC(267)   Post Evacuate Collection Set: 0.6ms
[2022-04-04T14:45:43.549+0800][108.962s] GC(267)   Other: 0.3ms
[2022-04-04T14:45:43.549+0800][108.962s] GC(267) Eden regions: 294->0(293)
[2022-04-04T14:45:43.549+0800][108.962s] GC(267) Survivor regions: 13->14(39)
[2022-04-04T14:45:43.549+0800][108.962s] GC(267) Old regions: 95->95
[2022-04-04T14:45:43.549+0800][108.962s] GC(267) Archive regions: 0->0
[2022-04-04T14:45:43.549+0800][108.962s] GC(267) Humongous regions: 16->16
[2022-04-04T14:45:43.549+0800][108.962s] GC(267) Metaspace: 52622K(53456K)->52622K(53456K) NonClass: 46590K(47104K)->46590K(47104K) Class: 6031K(6352K)->6031K(6352K)
[2022-04-04T14:45:43.549+0800][108.962s] GC(267) Pause Young (Normal) (G1 Evacuation Pause) 417M->124M(512M) 3.432ms
[2022-04-04T14:45:43.549+0800][108.962s] GC(267) User=0.00s Sys=0.00s Real=0.00s
[2022-04-04T14:45:43.897+0800][109.310s] GC(268) Pause Young (Normal) (G1 Evacuation Pause)
[2022-04-04T14:45:43.897+0800][109.310s] GC(268) Using 8 workers of 8 for evacuation
[2022-04-04T14:45:43.900+0800][109.313s] GC(268)   Pre Evacuate Collection Set: 0.1ms
[2022-04-04T14:45:43.900+0800][109.313s] GC(268)   Merge Heap Roots: 0.1ms
[2022-04-04T14:45:43.900+0800][109.313s] GC(268)   Evacuate Collection Set: 2.0ms
[2022-04-04T14:45:43.900+0800][109.313s] GC(268)   Post Evacuate Collection Set: 0.7ms
[2022-04-04T14:45:43.900+0800][109.313s] GC(268)   Other: 0.3ms
[2022-04-04T14:45:43.900+0800][109.313s] GC(268) Eden regions: 293->0(292)
[2022-04-04T14:45:43.900+0800][109.313s] GC(268) Survivor regions: 14->15(39)
[2022-04-04T14:45:43.900+0800][109.313s] GC(268) Old regions: 95->95
[2022-04-04T14:45:43.900+0800][109.313s] GC(268) Archive regions: 0->0
[2022-04-04T14:45:43.900+0800][109.313s] GC(268) Humongous regions: 16->16
[2022-04-04T14:45:43.900+0800][109.314s] GC(268) Metaspace: 52622K(53456K)->52622K(53456K) NonClass: 46590K(47104K)->46590K(47104K) Class: 6031K(6352K)->6031K(6352K)
[2022-04-04T14:45:43.900+0800][109.314s] GC(268) Pause Young (Normal) (G1 Evacuation Pause) 417M->125M(512M) 3.671ms
[2022-04-04T14:45:43.900+0800][109.314s] GC(268) User=0.00s Sys=0.00s Real=0.00s
[2022-04-04T14:45:44.057+0800][109.470s] GC(269) Pause Young (Normal) (G1 Evacuation Pause)
[2022-04-04T14:45:44.057+0800][109.470s] GC(269) Using 8 workers of 8 for evacuation
[2022-04-04T14:45:44.060+0800][109.473s] GC(269)   Pre Evacuate Collection Set: 0.1ms
[2022-04-04T14:45:44.060+0800][109.473s] GC(269)   Merge Heap Roots: 0.1ms
[2022-04-04T14:45:44.060+0800][109.473s] GC(269)   Evacuate Collection Set: 2.1ms
[2022-04-04T14:45:44.060+0800][109.473s] GC(269)   Post Evacuate Collection Set: 0.7ms
[2022-04-04T14:45:44.060+0800][109.473s] GC(269)   Other: 0.2ms
[2022-04-04T14:45:44.060+0800][109.473s] GC(269) Eden regions: 292->0(291)
[2022-04-04T14:45:44.060+0800][109.473s] GC(269) Survivor regions: 15->16(39)
[2022-04-04T14:45:44.060+0800][109.474s] GC(269) Old regions: 95->95
[2022-04-04T14:45:44.060+0800][109.474s] GC(269) Archive regions: 0->0
[2022-04-04T14:45:44.060+0800][109.474s] GC(269) Humongous regions: 16->16
[2022-04-04T14:45:44.060+0800][109.474s] GC(269) Metaspace: 52622K(53456K)->52622K(53456K) NonClass: 46590K(47104K)->46590K(47104K) Class: 6031K(6352K)->6031K(6352K)
[2022-04-04T14:45:44.061+0800][109.474s] GC(269) Pause Young (Normal) (G1 Evacuation Pause) 417M->126M(512M) 3.567ms
[2022-04-04T14:45:44.061+0800][109.474s] GC(269) User=0.12s Sys=0.00s Real=0.00s
[2022-04-04T14:45:44.689+0800][110.102s] GC(270) Pause Young (Normal) (G1 Evacuation Pause)
[2022-04-04T14:45:44.689+0800][110.102s] GC(270) Using 8 workers of 8 for evacuation
[2022-04-04T14:45:44.693+0800][110.106s] GC(270)   Pre Evacuate Collection Set: 0.2ms
[2022-04-04T14:45:44.693+0800][110.106s] GC(270)   Merge Heap Roots: 0.1ms
[2022-04-04T14:45:44.693+0800][110.106s] GC(270)   Evacuate Collection Set: 2.2ms
[2022-04-04T14:45:44.693+0800][110.106s] GC(270)   Post Evacuate Collection Set: 0.8ms
[2022-04-04T14:45:44.693+0800][110.106s] GC(270)   Other: 0.2ms
[2022-04-04T14:45:44.693+0800][110.106s] GC(270) Eden regions: 291->0(293)
[2022-04-04T14:45:44.693+0800][110.106s] GC(270) Survivor regions: 16->14(39)
[2022-04-04T14:45:44.693+0800][110.106s] GC(270) Old regions: 95->96
[2022-04-04T14:45:44.693+0800][110.106s] GC(270) Archive regions: 0->0
[2022-04-04T14:45:44.693+0800][110.106s] GC(270) Humongous regions: 16->16
[2022-04-04T14:45:44.693+0800][110.106s] GC(270) Metaspace: 52624K(53456K)->52624K(53456K) NonClass: 46593K(47104K)->46593K(47104K) Class: 6031K(6352K)->6031K(6352K)
[2022-04-04T14:45:44.693+0800][110.106s] GC(270) Pause Young (Normal) (G1 Evacuation Pause) 417M->124M(512M) 3.833ms
[2022-04-04T14:45:44.693+0800][110.106s] GC(270) User=0.00s Sys=0.00s Real=0.00s
[2022-04-04T14:45:45.530+0800][110.943s] GC(271) Pause Young (Normal) (G1 Evacuation Pause)
[2022-04-04T14:45:45.530+0800][110.943s] GC(271) Using 8 workers of 8 for evacuation
[2022-04-04T14:45:45.533+0800][110.947s] GC(271)   Pre Evacuate Collection Set: 0.1ms
[2022-04-04T14:45:45.534+0800][110.947s] GC(271)   Merge Heap Roots: 0.1ms
[2022-04-04T14:45:45.534+0800][110.947s] GC(271)   Evacuate Collection Set: 2.3ms
[2022-04-04T14:45:45.534+0800][110.947s] GC(271)   Post Evacuate Collection Set: 0.8ms
[2022-04-04T14:45:45.534+0800][110.947s] GC(271)   Other: 0.4ms
[2022-04-04T14:45:45.534+0800][110.947s] GC(271) Eden regions: 293->0(294)
[2022-04-04T14:45:45.534+0800][110.947s] GC(271) Survivor regions: 14->13(39)
[2022-04-04T14:45:45.534+0800][110.947s] GC(271) Old regions: 96->97
[2022-04-04T14:45:45.534+0800][110.947s] GC(271) Archive regions: 0->0
[2022-04-04T14:45:45.534+0800][110.947s] GC(271) Humongous regions: 16->16
[2022-04-04T14:45:45.534+0800][110.947s] GC(271) Metaspace: 52636K(53456K)->52636K(53456K) NonClass: 46604K(47104K)->46604K(47104K) Class: 6032K(6352K)->6032K(6352K)
[2022-04-04T14:45:45.534+0800][110.947s] GC(271) Pause Young (Normal) (G1 Evacuation Pause) 417M->124M(512M) 4.503ms
[2022-04-04T14:45:45.534+0800][110.947s] GC(271) User=0.00s Sys=0.00s Real=0.00s
[2022-04-04T14:45:46.381+0800][111.794s] GC(272) Pause Young (Normal) (G1 Evacuation Pause)
[2022-04-04T14:45:46.381+0800][111.794s] GC(272) Using 8 workers of 8 for evacuation
[2022-04-04T14:45:46.384+0800][111.798s] GC(272)   Pre Evacuate Collection Set: 0.1ms
[2022-04-04T14:45:46.384+0800][111.798s] GC(272)   Merge Heap Roots: 0.1ms
[2022-04-04T14:45:46.385+0800][111.798s] GC(272)   Evacuate Collection Set: 2.2ms
[2022-04-04T14:45:46.385+0800][111.798s] GC(272)   Post Evacuate Collection Set: 0.7ms
[2022-04-04T14:45:46.385+0800][111.798s] GC(272)   Other: 0.2ms
[2022-04-04T14:45:46.385+0800][111.798s] GC(272) Eden regions: 294->0(294)
[2022-04-04T14:45:46.385+0800][111.798s] GC(272) Survivor regions: 13->13(39)
[2022-04-04T14:45:46.385+0800][111.798s] GC(272) Old regions: 97->97
[2022-04-04T14:45:46.385+0800][111.798s] GC(272) Archive regions: 0->0
[2022-04-04T14:45:46.385+0800][111.798s] GC(272) Humongous regions: 16->16
[2022-04-04T14:45:46.385+0800][111.798s] GC(272) Metaspace: 52638K(53456K)->52638K(53456K) NonClass: 46605K(47104K)->46605K(47104K) Class: 6032K(6352K)->6032K(6352K)
[2022-04-04T14:45:46.385+0800][111.798s] GC(272) Pause Young (Normal) (G1 Evacuation Pause) 418M->125M(512M) 3.912ms
[2022-04-04T14:45:46.385+0800][111.798s] GC(272) User=0.00s Sys=0.00s Real=0.00s
[2022-04-04T14:45:47.057+0800][112.470s] GC(273) Pause Young (Normal) (G1 Evacuation Pause)
[2022-04-04T14:45:47.057+0800][112.470s] GC(273) Using 8 workers of 8 for evacuation
[2022-04-04T14:45:47.060+0800][112.473s] GC(273)   Pre Evacuate Collection Set: 0.1ms
[2022-04-04T14:45:47.060+0800][112.473s] GC(273)   Merge Heap Roots: 0.1ms
[2022-04-04T14:45:47.060+0800][112.473s] GC(273)   Evacuate Collection Set: 2.0ms
[2022-04-04T14:45:47.060+0800][112.473s] GC(273)   Post Evacuate Collection Set: 0.6ms
[2022-04-04T14:45:47.060+0800][112.473s] GC(273)   Other: 0.2ms
[2022-04-04T14:45:47.060+0800][112.473s] GC(273) Eden regions: 294->0(295)
[2022-04-04T14:45:47.060+0800][112.473s] GC(273) Survivor regions: 13->12(39)
[2022-04-04T14:45:47.060+0800][112.473s] GC(273) Old regions: 97->98
[2022-04-04T14:45:47.060+0800][112.473s] GC(273) Archive regions: 0->0
[2022-04-04T14:45:47.060+0800][112.473s] GC(273) Humongous regions: 16->16
[2022-04-04T14:45:47.060+0800][112.473s] GC(273) Metaspace: 52638K(53456K)->52638K(53456K) NonClass: 46605K(47104K)->46605K(47104K) Class: 6032K(6352K)->6032K(6352K)
[2022-04-04T14:45:47.060+0800][112.474s] GC(273) Pause Young (Normal) (G1 Evacuation Pause) 419M->124M(512M) 3.489ms
[2022-04-04T14:45:47.060+0800][112.474s] GC(273) User=0.11s Sys=0.00s Real=0.00s
[2022-04-04T14:45:47.752+0800][113.165s] GC(274) Pause Young (Normal) (G1 Evacuation Pause)
[2022-04-04T14:45:47.752+0800][113.165s] GC(274) Using 8 workers of 8 for evacuation
[2022-04-04T14:45:47.755+0800][113.168s] GC(274)   Pre Evacuate Collection Set: 0.1ms
[2022-04-04T14:45:47.755+0800][113.168s] GC(274)   Merge Heap Roots: 0.1ms
[2022-04-04T14:45:47.755+0800][113.168s] GC(274)   Evacuate Collection Set: 1.5ms
[2022-04-04T14:45:47.755+0800][113.168s] GC(274)   Post Evacuate Collection Set: 0.8ms
[2022-04-04T14:45:47.755+0800][113.168s] GC(274)   Other: 0.2ms
[2022-04-04T14:45:47.755+0800][113.168s] GC(274) Eden regions: 295->0(296)
[2022-04-04T14:45:47.755+0800][113.168s] GC(274) Survivor regions: 12->11(39)
[2022-04-04T14:45:47.755+0800][113.168s] GC(274) Old regions: 98->98
[2022-04-04T14:45:47.755+0800][113.168s] GC(274) Archive regions: 0->0
[2022-04-04T14:45:47.755+0800][113.168s] GC(274) Humongous regions: 16->16
[2022-04-04T14:45:47.755+0800][113.168s] GC(274) Metaspace: 52638K(53456K)->52638K(53456K) NonClass: 46605K(47104K)->46605K(47104K) Class: 6032K(6352K)->6032K(6352K)
[2022-04-04T14:45:47.755+0800][113.168s] GC(274) Pause Young (Normal) (G1 Evacuation Pause) 419M->124M(512M) 3.005ms
[2022-04-04T14:45:47.755+0800][113.168s] GC(274) User=0.00s Sys=0.00s Real=0.00s
[2022-04-04T14:45:48.082+0800][113.495s] GC(275) Pause Young (Normal) (G1 Evacuation Pause)
[2022-04-04T14:45:48.082+0800][113.496s] GC(275) Using 8 workers of 8 for evacuation
[2022-04-04T14:45:48.086+0800][113.499s] GC(275)   Pre Evacuate Collection Set: 0.2ms
[2022-04-04T14:45:48.086+0800][113.499s] GC(275)   Merge Heap Roots: 0.1ms
[2022-04-04T14:45:48.086+0800][113.499s] GC(275)   Evacuate Collection Set: 2.1ms
[2022-04-04T14:45:48.086+0800][113.499s] GC(275)   Post Evacuate Collection Set: 0.7ms
[2022-04-04T14:45:48.086+0800][113.499s] GC(275)   Other: 0.2ms
[2022-04-04T14:45:48.086+0800][113.499s] GC(275) Eden regions: 296->0(296)
[2022-04-04T14:45:48.086+0800][113.499s] GC(275) Survivor regions: 11->11(39)
[2022-04-04T14:45:48.086+0800][113.499s] GC(275) Old regions: 98->99
[2022-04-04T14:45:48.086+0800][113.499s] GC(275) Archive regions: 0->0
[2022-04-04T14:45:48.086+0800][113.499s] GC(275) Humongous regions: 16->16
[2022-04-04T14:45:48.086+0800][113.499s] GC(275) Metaspace: 52638K(53456K)->52638K(53456K) NonClass: 46605K(47104K)->46605K(47104K) Class: 6032K(6352K)->6032K(6352K)
[2022-04-04T14:45:48.086+0800][113.499s] GC(275) Pause Young (Normal) (G1 Evacuation Pause) 420M->125M(512M) 3.616ms
[2022-04-04T14:45:48.086+0800][113.499s] GC(275) User=0.00s Sys=0.00s Real=0.00s
[2022-04-04T14:45:49.301+0800][114.715s] GC(276) Pause Young (Normal) (G1 Evacuation Pause)
[2022-04-04T14:45:49.301+0800][114.715s] GC(276) Using 8 workers of 8 for evacuation
[2022-04-04T14:45:49.304+0800][114.717s] GC(276)   Pre Evacuate Collection Set: 0.1ms
[2022-04-04T14:45:49.304+0800][114.717s] GC(276)   Merge Heap Roots: 0.2ms
[2022-04-04T14:45:49.304+0800][114.717s] GC(276)   Evacuate Collection Set: 1.6ms
[2022-04-04T14:45:49.304+0800][114.717s] GC(276)   Post Evacuate Collection Set: 0.8ms
[2022-04-04T14:45:49.304+0800][114.717s] GC(276)   Other: 0.2ms
[2022-04-04T14:45:49.304+0800][114.718s] GC(276) Eden regions: 296->0(297)
[2022-04-04T14:45:49.304+0800][114.718s] GC(276) Survivor regions: 11->10(39)
[2022-04-04T14:45:49.304+0800][114.718s] GC(276) Old regions: 99->100
[2022-04-04T14:45:49.304+0800][114.718s] GC(276) Archive regions: 0->0
[2022-04-04T14:45:49.304+0800][114.718s] GC(276) Humongous regions: 16->16
[2022-04-04T14:45:49.304+0800][114.718s] GC(276) Metaspace: 52663K(53456K)->52663K(53456K) NonClass: 46629K(47104K)->46629K(47104K) Class: 6033K(6352K)->6033K(6352K)
[2022-04-04T14:45:49.305+0800][114.718s] GC(276) Pause Young (Normal) (G1 Evacuation Pause) 421M->124M(512M) 3.159ms
[2022-04-04T14:45:49.305+0800][114.718s] GC(276) User=0.00s Sys=0.00s Real=0.00s
[2022-04-04T14:45:50.316+0800][115.729s] GC(277) Pause Young (Normal) (G1 Evacuation Pause)
[2022-04-04T14:45:50.316+0800][115.729s] GC(277) Using 8 workers of 8 for evacuation
[2022-04-04T14:45:50.319+0800][115.732s] GC(277)   Pre Evacuate Collection Set: 0.2ms
[2022-04-04T14:45:50.319+0800][115.732s] GC(277)   Merge Heap Roots: 0.2ms
[2022-04-04T14:45:50.319+0800][115.733s] GC(277)   Evacuate Collection Set: 1.7ms
[2022-04-04T14:45:50.319+0800][115.733s] GC(277)   Post Evacuate Collection Set: 1.1ms
[2022-04-04T14:45:50.319+0800][115.733s] GC(277)   Other: 0.2ms
[2022-04-04T14:45:50.319+0800][115.733s] GC(277) Eden regions: 297->0(298)
[2022-04-04T14:45:50.319+0800][115.733s] GC(277) Survivor regions: 10->9(39)
[2022-04-04T14:45:50.319+0800][115.733s] GC(277) Old regions: 100->100
[2022-04-04T14:45:50.319+0800][115.733s] GC(277) Archive regions: 0->0
[2022-04-04T14:45:50.319+0800][115.733s] GC(277) Humongous regions: 16->16
[2022-04-04T14:45:50.319+0800][115.733s] GC(277) Metaspace: 52696K(53456K)->52696K(53456K) NonClass: 46662K(47104K)->46662K(47104K) Class: 6034K(6352K)->6034K(6352K)
[2022-04-04T14:45:50.319+0800][115.733s] GC(277) Pause Young (Normal) (G1 Evacuation Pause) 421M->124M(512M) 3.625ms
[2022-04-04T14:45:50.319+0800][115.733s] GC(277) User=0.00s Sys=0.00s Real=0.00s
[2022-04-04T14:45:51.669+0800][117.082s] GC(278) Pause Young (Normal) (G1 Evacuation Pause)
[2022-04-04T14:45:51.669+0800][117.082s] GC(278) Using 8 workers of 8 for evacuation
[2022-04-04T14:45:51.672+0800][117.085s] GC(278)   Pre Evacuate Collection Set: 0.2ms
[2022-04-04T14:45:51.672+0800][117.086s] GC(278)   Merge Heap Roots: 0.1ms
[2022-04-04T14:45:51.672+0800][117.086s] GC(278)   Evacuate Collection Set: 1.9ms
[2022-04-04T14:45:51.672+0800][117.086s] GC(278)   Post Evacuate Collection Set: 0.7ms
[2022-04-04T14:45:51.672+0800][117.086s] GC(278)   Other: 0.4ms
[2022-04-04T14:45:51.672+0800][117.086s] GC(278) Eden regions: 298->0(298)
[2022-04-04T14:45:51.672+0800][117.086s] GC(278) Survivor regions: 9->9(39)
[2022-04-04T14:45:51.672+0800][117.086s] GC(278) Old regions: 100->101
[2022-04-04T14:45:51.672+0800][117.086s] GC(278) Archive regions: 0->0
[2022-04-04T14:45:51.672+0800][117.086s] GC(278) Humongous regions: 16->16
[2022-04-04T14:45:51.672+0800][117.086s] GC(278) Metaspace: 52712K(53456K)->52712K(53456K) NonClass: 46678K(47104K)->46678K(47104K) Class: 6034K(6352K)->6034K(6352K)
[2022-04-04T14:45:51.672+0800][117.086s] GC(278) Pause Young (Normal) (G1 Evacuation Pause) 422M->124M(512M) 3.542ms
[2022-04-04T14:45:51.673+0800][117.086s] GC(278) User=0.00s Sys=0.00s Real=0.00s
[2022-04-04T14:45:52.749+0800][118.163s] GC(279) Pause Young (Normal) (G1 Evacuation Pause)
[2022-04-04T14:45:52.749+0800][118.163s] GC(279) Using 8 workers of 8 for evacuation
[2022-04-04T14:45:52.752+0800][118.165s] GC(279)   Pre Evacuate Collection Set: 0.1ms
[2022-04-04T14:45:52.752+0800][118.165s] GC(279)   Merge Heap Roots: 0.1ms
[2022-04-04T14:45:52.752+0800][118.165s] GC(279)   Evacuate Collection Set: 1.3ms
[2022-04-04T14:45:52.752+0800][118.165s] GC(279)   Post Evacuate Collection Set: 0.6ms
[2022-04-04T14:45:52.752+0800][118.165s] GC(279)   Other: 0.2ms
[2022-04-04T14:45:52.752+0800][118.165s] GC(279) Eden regions: 298->0(298)
[2022-04-04T14:45:52.752+0800][118.165s] GC(279) Survivor regions: 9->9(39)
[2022-04-04T14:45:52.752+0800][118.165s] GC(279) Old regions: 101->101
[2022-04-04T14:45:52.752+0800][118.165s] GC(279) Archive regions: 0->0
[2022-04-04T14:45:52.752+0800][118.165s] GC(279) Humongous regions: 16->16
[2022-04-04T14:45:52.752+0800][118.165s] GC(279) Metaspace: 52712K(53456K)->52712K(53456K) NonClass: 46678K(47104K)->46678K(47104K) Class: 6034K(6352K)->6034K(6352K)
[2022-04-04T14:45:52.752+0800][118.165s] GC(279) Pause Young (Normal) (G1 Evacuation Pause) 422M->125M(512M) 2.676ms
[2022-04-04T14:45:52.752+0800][118.166s] GC(279) User=0.00s Sys=0.00s Real=0.00s
[2022-04-04T14:45:53.750+0800][119.163s] GC(280) Pause Young (Normal) (G1 Evacuation Pause)
[2022-04-04T14:45:53.750+0800][119.163s] GC(280) Using 8 workers of 8 for evacuation
[2022-04-04T14:45:53.753+0800][119.166s] GC(280)   Pre Evacuate Collection Set: 0.2ms
[2022-04-04T14:45:53.753+0800][119.166s] GC(280)   Merge Heap Roots: 0.2ms
[2022-04-04T14:45:53.753+0800][119.166s] GC(280)   Evacuate Collection Set: 1.4ms
[2022-04-04T14:45:53.753+0800][119.166s] GC(280)   Post Evacuate Collection Set: 0.8ms
[2022-04-04T14:45:53.753+0800][119.166s] GC(280)   Other: 0.2ms
[2022-04-04T14:45:53.753+0800][119.166s] GC(280) Eden regions: 298->0(299)
[2022-04-04T14:45:53.753+0800][119.166s] GC(280) Survivor regions: 9->8(39)
[2022-04-04T14:45:53.753+0800][119.166s] GC(280) Old regions: 101->102
[2022-04-04T14:45:53.753+0800][119.166s] GC(280) Archive regions: 0->0
[2022-04-04T14:45:53.753+0800][119.166s] GC(280) Humongous regions: 16->16
[2022-04-04T14:45:53.753+0800][119.166s] GC(280) Metaspace: 52712K(53456K)->52712K(53456K) NonClass: 46678K(47104K)->46678K(47104K) Class: 6034K(6352K)->6034K(6352K)
[2022-04-04T14:45:53.753+0800][119.166s] GC(280) Pause Young (Normal) (G1 Evacuation Pause) 423M->124M(512M) 2.959ms
[2022-04-04T14:45:53.753+0800][119.166s] GC(280) User=0.00s Sys=0.00s Real=0.00s
[2022-04-04T14:45:54.778+0800][120.191s] GC(281) Pause Young (Normal) (G1 Evacuation Pause)
[2022-04-04T14:45:54.778+0800][120.191s] GC(281) Using 8 workers of 8 for evacuation
[2022-04-04T14:45:54.780+0800][120.194s] GC(281)   Pre Evacuate Collection Set: 0.2ms
[2022-04-04T14:45:54.780+0800][120.194s] GC(281)   Merge Heap Roots: 0.2ms
[2022-04-04T14:45:54.780+0800][120.194s] GC(281)   Evacuate Collection Set: 1.3ms
[2022-04-04T14:45:54.780+0800][120.194s] GC(281)   Post Evacuate Collection Set: 0.8ms
[2022-04-04T14:45:54.781+0800][120.194s] GC(281)   Other: 0.2ms
[2022-04-04T14:45:54.781+0800][120.194s] GC(281) Eden regions: 299->0(300)
[2022-04-04T14:45:54.781+0800][120.194s] GC(281) Survivor regions: 8->7(39)
[2022-04-04T14:45:54.781+0800][120.194s] GC(281) Old regions: 102->102
[2022-04-04T14:45:54.781+0800][120.194s] GC(281) Archive regions: 0->0
[2022-04-04T14:45:54.781+0800][120.194s] GC(281) Humongous regions: 16->16
[2022-04-04T14:45:54.781+0800][120.194s] GC(281) Metaspace: 52712K(53456K)->52712K(53456K) NonClass: 46678K(47104K)->46678K(47104K) Class: 6034K(6352K)->6034K(6352K)
[2022-04-04T14:45:54.781+0800][120.194s] GC(281) Pause Young (Normal) (G1 Evacuation Pause) 423M->124M(512M) 2.938ms
[2022-04-04T14:45:54.781+0800][120.194s] GC(281) User=0.00s Sys=0.00s Real=0.00s
[2022-04-04T14:45:55.823+0800][121.236s] GC(282) Pause Young (Normal) (G1 Evacuation Pause)
[2022-04-04T14:45:55.823+0800][121.236s] GC(282) Using 8 workers of 8 for evacuation
[2022-04-04T14:45:55.825+0800][121.239s] GC(282)   Pre Evacuate Collection Set: 0.2ms
[2022-04-04T14:45:55.825+0800][121.239s] GC(282)   Merge Heap Roots: 0.2ms
[2022-04-04T14:45:55.825+0800][121.239s] GC(282)   Evacuate Collection Set: 1.3ms
[2022-04-04T14:45:55.825+0800][121.239s] GC(282)   Post Evacuate Collection Set: 0.8ms
[2022-04-04T14:45:55.826+0800][121.239s] GC(282)   Other: 0.2ms
[2022-04-04T14:45:55.826+0800][121.239s] GC(282) Eden regions: 300->0(300)
[2022-04-04T14:45:55.826+0800][121.239s] GC(282) Survivor regions: 7->7(39)
[2022-04-04T14:45:55.826+0800][121.239s] GC(282) Old regions: 102->103
[2022-04-04T14:45:55.826+0800][121.239s] GC(282) Archive regions: 0->0
[2022-04-04T14:45:55.826+0800][121.239s] GC(282) Humongous regions: 16->16
[2022-04-04T14:45:55.826+0800][121.239s] GC(282) Metaspace: 52715K(53456K)->52715K(53456K) NonClass: 46681K(47104K)->46681K(47104K) Class: 6034K(6352K)->6034K(6352K)
[2022-04-04T14:45:55.826+0800][121.239s] GC(282) Pause Young (Normal) (G1 Evacuation Pause) 424M->125M(512M) 3.038ms
[2022-04-04T14:45:55.826+0800][121.239s] GC(282) User=0.00s Sys=0.00s Real=0.00s
[2022-04-04T14:45:56.933+0800][122.347s] GC(283) Pause Young (Normal) (G1 Evacuation Pause)
[2022-04-04T14:45:56.933+0800][122.347s] GC(283) Using 8 workers of 8 for evacuation
[2022-04-04T14:45:56.935+0800][122.349s] GC(283)   Pre Evacuate Collection Set: 0.1ms
[2022-04-04T14:45:56.935+0800][122.349s] GC(283)   Merge Heap Roots: 0.1ms
[2022-04-04T14:45:56.935+0800][122.349s] GC(283)   Evacuate Collection Set: 0.9ms
[2022-04-04T14:45:56.935+0800][122.349s] GC(283)   Post Evacuate Collection Set: 0.8ms
[2022-04-04T14:45:56.935+0800][122.349s] GC(283)   Other: 0.2ms
[2022-04-04T14:45:56.935+0800][122.349s] GC(283) Eden regions: 300->0(305)
[2022-04-04T14:45:56.935+0800][122.349s] GC(283) Survivor regions: 7->2(39)
[2022-04-04T14:45:56.935+0800][122.349s] GC(283) Old regions: 103->109
[2022-04-04T14:45:56.935+0800][122.349s] GC(283) Archive regions: 0->0
[2022-04-04T14:45:56.935+0800][122.349s] GC(283) Humongous regions: 16->16
[2022-04-04T14:45:56.935+0800][122.349s] GC(283) Metaspace: 52715K(53456K)->52715K(53456K) NonClass: 46681K(47104K)->46681K(47104K) Class: 6034K(6352K)->6034K(6352K)
[2022-04-04T14:45:56.935+0800][122.349s] GC(283) Pause Young (Normal) (G1 Evacuation Pause) 425M->125M(512M) 2.358ms
[2022-04-04T14:45:56.935+0800][122.349s] GC(283) User=0.00s Sys=0.00s Real=0.00s
[2022-04-04T14:45:57.965+0800][123.378s] GC(284) Pause Young (Normal) (G1 Evacuation Pause)
[2022-04-04T14:45:57.965+0800][123.378s] GC(284) Using 8 workers of 8 for evacuation
[2022-04-04T14:45:57.966+0800][123.379s] GC(284)   Pre Evacuate Collection Set: 0.1ms
[2022-04-04T14:45:57.966+0800][123.380s] GC(284)   Merge Heap Roots: 0.1ms
[2022-04-04T14:45:57.966+0800][123.380s] GC(284)   Evacuate Collection Set: 0.6ms
[2022-04-04T14:45:57.966+0800][123.380s] GC(284)   Post Evacuate Collection Set: 0.9ms
[2022-04-04T14:45:57.966+0800][123.380s] GC(284)   Other: 0.2ms
[2022-04-04T14:45:57.966+0800][123.380s] GC(284) Eden regions: 305->0(306)
[2022-04-04T14:45:57.966+0800][123.380s] GC(284) Survivor regions: 2->1(39)
[2022-04-04T14:45:57.966+0800][123.380s] GC(284) Old regions: 109->109
[2022-04-04T14:45:57.966+0800][123.380s] GC(284) Archive regions: 0->0
[2022-04-04T14:45:57.966+0800][123.380s] GC(284) Humongous regions: 16->16
[2022-04-04T14:45:57.966+0800][123.380s] GC(284) Metaspace: 52715K(53456K)->52715K(53456K) NonClass: 46681K(47104K)->46681K(47104K) Class: 6034K(6352K)->6034K(6352K)
[2022-04-04T14:45:57.966+0800][123.380s] GC(284) Pause Young (Normal) (G1 Evacuation Pause) 430M->125M(512M) 2.251ms
[2022-04-04T14:45:57.966+0800][123.380s] GC(284) User=0.00s Sys=0.00s Real=0.00s
[2022-04-04T14:45:58.972+0800][124.385s] GC(285) Pause Young (Normal) (G1 Evacuation Pause)
[2022-04-04T14:45:58.972+0800][124.386s] GC(285) Using 8 workers of 8 for evacuation
[2022-04-04T14:45:58.974+0800][124.387s] GC(285)   Pre Evacuate Collection Set: 0.2ms
[2022-04-04T14:45:58.974+0800][124.387s] GC(285)   Merge Heap Roots: 0.2ms
[2022-04-04T14:45:58.974+0800][124.387s] GC(285)   Evacuate Collection Set: 0.6ms
[2022-04-04T14:45:58.974+0800][124.387s] GC(285)   Post Evacuate Collection Set: 0.8ms
[2022-04-04T14:45:58.974+0800][124.387s] GC(285)   Other: 0.2ms
[2022-04-04T14:45:58.974+0800][124.387s] GC(285) Eden regions: 306->0(306)
[2022-04-04T14:45:58.974+0800][124.388s] GC(285) Survivor regions: 1->1(39)
[2022-04-04T14:45:58.974+0800][124.388s] GC(285) Old regions: 109->110
[2022-04-04T14:45:58.974+0800][124.388s] GC(285) Archive regions: 0->0
[2022-04-04T14:45:58.974+0800][124.388s] GC(285) Humongous regions: 16->16
[2022-04-04T14:45:58.974+0800][124.388s] GC(285) Metaspace: 52715K(53456K)->52715K(53456K) NonClass: 46681K(47104K)->46681K(47104K) Class: 6034K(6352K)->6034K(6352K)
[2022-04-04T14:45:58.974+0800][124.388s] GC(285) Pause Young (Normal) (G1 Evacuation Pause) 431M->125M(512M) 2.143ms
[2022-04-04T14:45:58.974+0800][124.388s] GC(285) User=0.00s Sys=0.00s Real=0.00s
[2022-04-04T14:45:59.944+0800][125.358s] GC(286) Pause Young (Normal) (G1 Evacuation Pause)
[2022-04-04T14:45:59.944+0800][125.358s] GC(286) Using 8 workers of 8 for evacuation
[2022-04-04T14:45:59.946+0800][125.359s] GC(286)   Pre Evacuate Collection Set: 0.2ms
[2022-04-04T14:45:59.946+0800][125.359s] GC(286)   Merge Heap Roots: 0.2ms
[2022-04-04T14:45:59.946+0800][125.359s] GC(286)   Evacuate Collection Set: 0.4ms
[2022-04-04T14:45:59.946+0800][125.359s] GC(286)   Post Evacuate Collection Set: 0.7ms
[2022-04-04T14:45:59.946+0800][125.359s] GC(286)   Other: 0.2ms
[2022-04-04T14:45:59.946+0800][125.359s] GC(286) Eden regions: 306->0(306)
[2022-04-04T14:45:59.946+0800][125.359s] GC(286) Survivor regions: 1->1(39)
[2022-04-04T14:45:59.946+0800][125.359s] GC(286) Old regions: 110->110
[2022-04-04T14:45:59.946+0800][125.359s] GC(286) Archive regions: 0->0
[2022-04-04T14:45:59.946+0800][125.359s] GC(286) Humongous regions: 16->16
[2022-04-04T14:45:59.946+0800][125.359s] GC(286) Metaspace: 52715K(53456K)->52715K(53456K) NonClass: 46681K(47104K)->46681K(47104K) Class: 6034K(6352K)->6034K(6352K)
[2022-04-04T14:45:59.946+0800][125.359s] GC(286) Pause Young (Normal) (G1 Evacuation Pause) 431M->125M(512M) 1.820ms
[2022-04-04T14:45:59.946+0800][125.359s] GC(286) User=0.00s Sys=0.00s Real=0.00s
[2022-04-04T14:46:00.971+0800][126.385s] GC(287) Pause Young (Normal) (G1 Evacuation Pause)
[2022-04-04T14:46:00.971+0800][126.385s] GC(287) Using 8 workers of 8 for evacuation
[2022-04-04T14:46:00.973+0800][126.386s] GC(287)   Pre Evacuate Collection Set: 0.1ms
[2022-04-04T14:46:00.973+0800][126.386s] GC(287)   Merge Heap Roots: 0.1ms
[2022-04-04T14:46:00.973+0800][126.386s] GC(287)   Evacuate Collection Set: 0.3ms
[2022-04-04T14:46:00.973+0800][126.387s] GC(287)   Post Evacuate Collection Set: 0.7ms
[2022-04-04T14:46:00.973+0800][126.387s] GC(287)   Other: 0.2ms
[2022-04-04T14:46:00.973+0800][126.387s] GC(287) Eden regions: 306->0(306)
[2022-04-04T14:46:00.973+0800][126.387s] GC(287) Survivor regions: 1->1(39)
[2022-04-04T14:46:00.973+0800][126.387s] GC(287) Old regions: 110->110
[2022-04-04T14:46:00.973+0800][126.387s] GC(287) Archive regions: 0->0
[2022-04-04T14:46:00.973+0800][126.387s] GC(287) Humongous regions: 16->16
[2022-04-04T14:46:00.973+0800][126.387s] GC(287) Metaspace: 52715K(53456K)->52715K(53456K) NonClass: 46681K(47104K)->46681K(47104K) Class: 6034K(6352K)->6034K(6352K)
[2022-04-04T14:46:00.973+0800][126.387s] GC(287) Pause Young (Normal) (G1 Evacuation Pause) 431M->125M(512M) 1.737ms
[2022-04-04T14:46:00.973+0800][126.387s] GC(287) User=0.00s Sys=0.00s Real=0.00s
[2022-04-04T14:46:02.078+0800][127.492s] GC(288) Pause Young (Normal) (G1 Evacuation Pause)
[2022-04-04T14:46:02.078+0800][127.492s] GC(288) Using 8 workers of 8 for evacuation
[2022-04-04T14:46:02.080+0800][127.493s] GC(288)   Pre Evacuate Collection Set: 0.2ms
[2022-04-04T14:46:02.080+0800][127.494s] GC(288)   Merge Heap Roots: 0.2ms
[2022-04-04T14:46:02.080+0800][127.494s] GC(288)   Evacuate Collection Set: 0.4ms
[2022-04-04T14:46:02.080+0800][127.494s] GC(288)   Post Evacuate Collection Set: 0.8ms
[2022-04-04T14:46:02.080+0800][127.494s] GC(288)   Other: 0.2ms
[2022-04-04T14:46:02.080+0800][127.494s] GC(288) Eden regions: 306->0(306)
[2022-04-04T14:46:02.080+0800][127.494s] GC(288) Survivor regions: 1->1(39)
[2022-04-04T14:46:02.080+0800][127.494s] GC(288) Old regions: 110->110
[2022-04-04T14:46:02.080+0800][127.494s] GC(288) Archive regions: 0->0
[2022-04-04T14:46:02.080+0800][127.494s] GC(288) Humongous regions: 16->16
[2022-04-04T14:46:02.080+0800][127.494s] GC(288) Metaspace: 52715K(53456K)->52715K(53456K) NonClass: 46681K(47104K)->46681K(47104K) Class: 6034K(6352K)->6034K(6352K)
[2022-04-04T14:46:02.080+0800][127.494s] GC(288) Pause Young (Normal) (G1 Evacuation Pause) 431M->125M(512M) 2.009ms
[2022-04-04T14:46:02.080+0800][127.494s] GC(288) User=0.00s Sys=0.00s Real=0.00s
[2022-04-04T14:46:03.078+0800][128.491s] GC(289) Pause Young (Normal) (G1 Evacuation Pause)
[2022-04-04T14:46:03.078+0800][128.492s] GC(289) Using 8 workers of 8 for evacuation
[2022-04-04T14:46:03.080+0800][128.493s] GC(289)   Pre Evacuate Collection Set: 0.2ms
[2022-04-04T14:46:03.080+0800][128.493s] GC(289)   Merge Heap Roots: 0.2ms
[2022-04-04T14:46:03.080+0800][128.493s] GC(289)   Evacuate Collection Set: 0.4ms
[2022-04-04T14:46:03.080+0800][128.493s] GC(289)   Post Evacuate Collection Set: 0.8ms
[2022-04-04T14:46:03.080+0800][128.493s] GC(289)   Other: 0.2ms
[2022-04-04T14:46:03.080+0800][128.493s] GC(289) Eden regions: 306->0(306)
[2022-04-04T14:46:03.080+0800][128.493s] GC(289) Survivor regions: 1->1(39)
[2022-04-04T14:46:03.080+0800][128.493s] GC(289) Old regions: 110->110
[2022-04-04T14:46:03.080+0800][128.493s] GC(289) Archive regions: 0->0
[2022-04-04T14:46:03.080+0800][128.493s] GC(289) Humongous regions: 16->16
[2022-04-04T14:46:03.080+0800][128.493s] GC(289) Metaspace: 52715K(53456K)->52715K(53456K) NonClass: 46681K(47104K)->46681K(47104K) Class: 6034K(6352K)->6034K(6352K)
[2022-04-04T14:46:03.080+0800][128.493s] GC(289) Pause Young (Normal) (G1 Evacuation Pause) 431M->125M(512M) 1.986ms
[2022-04-04T14:46:03.080+0800][128.493s] GC(289) User=0.00s Sys=0.00s Real=0.00s
[2022-04-04T14:46:04.044+0800][129.457s] GC(290) Pause Young (Normal) (G1 Evacuation Pause)
[2022-04-04T14:46:04.044+0800][129.457s] GC(290) Using 8 workers of 8 for evacuation
[2022-04-04T14:46:04.045+0800][129.459s] GC(290)   Pre Evacuate Collection Set: 0.2ms
[2022-04-04T14:46:04.045+0800][129.459s] GC(290)   Merge Heap Roots: 0.2ms
[2022-04-04T14:46:04.046+0800][129.459s] GC(290)   Evacuate Collection Set: 0.4ms
[2022-04-04T14:46:04.046+0800][129.459s] GC(290)   Post Evacuate Collection Set: 0.8ms
[2022-04-04T14:46:04.046+0800][129.459s] GC(290)   Other: 0.2ms
[2022-04-04T14:46:04.046+0800][129.459s] GC(290) Eden regions: 306->0(306)
[2022-04-04T14:46:04.046+0800][129.459s] GC(290) Survivor regions: 1->1(39)
[2022-04-04T14:46:04.046+0800][129.459s] GC(290) Old regions: 110->110
[2022-04-04T14:46:04.046+0800][129.459s] GC(290) Archive regions: 0->0
[2022-04-04T14:46:04.046+0800][129.459s] GC(290) Humongous regions: 16->16
[2022-04-04T14:46:04.046+0800][129.459s] GC(290) Metaspace: 52715K(53456K)->52715K(53456K) NonClass: 46681K(47104K)->46681K(47104K) Class: 6034K(6352K)->6034K(6352K)
[2022-04-04T14:46:04.046+0800][129.459s] GC(290) Pause Young (Normal) (G1 Evacuation Pause) 431M->125M(512M) 1.973ms
[2022-04-04T14:46:04.046+0800][129.459s] GC(290) User=0.00s Sys=0.00s Real=0.00s
[2022-04-04T14:46:05.008+0800][130.421s] GC(291) Pause Young (Normal) (G1 Evacuation Pause)
[2022-04-04T14:46:05.008+0800][130.421s] GC(291) Using 8 workers of 8 for evacuation
[2022-04-04T14:46:05.009+0800][130.422s] GC(291)   Pre Evacuate Collection Set: 0.1ms
[2022-04-04T14:46:05.009+0800][130.422s] GC(291)   Merge Heap Roots: 0.1ms
[2022-04-04T14:46:05.009+0800][130.423s] GC(291)   Evacuate Collection Set: 0.4ms
[2022-04-04T14:46:05.009+0800][130.423s] GC(291)   Post Evacuate Collection Set: 0.6ms
[2022-04-04T14:46:05.009+0800][130.423s] GC(291)   Other: 0.2ms
[2022-04-04T14:46:05.009+0800][130.423s] GC(291) Eden regions: 306->0(306)
[2022-04-04T14:46:05.009+0800][130.423s] GC(291) Survivor regions: 1->1(39)
[2022-04-04T14:46:05.009+0800][130.423s] GC(291) Old regions: 110->110
[2022-04-04T14:46:05.009+0800][130.423s] GC(291) Archive regions: 0->0
[2022-04-04T14:46:05.009+0800][130.423s] GC(291) Humongous regions: 16->16
[2022-04-04T14:46:05.009+0800][130.423s] GC(291) Metaspace: 52720K(53456K)->52720K(53456K) NonClass: 46686K(47104K)->46686K(47104K) Class: 6034K(6352K)->6034K(6352K)
[2022-04-04T14:46:05.009+0800][130.423s] GC(291) Pause Young (Normal) (G1 Evacuation Pause) 431M->125M(512M) 1.582ms
[2022-04-04T14:46:05.009+0800][130.423s] GC(291) User=0.00s Sys=0.00s Real=0.00s
[2022-04-04T14:46:06.074+0800][131.488s] GC(292) Pause Young (Normal) (G1 Evacuation Pause)
[2022-04-04T14:46:06.075+0800][131.488s] GC(292) Using 8 workers of 8 for evacuation
[2022-04-04T14:46:06.076+0800][131.490s] GC(292)   Pre Evacuate Collection Set: 0.1ms
[2022-04-04T14:46:06.076+0800][131.490s] GC(292)   Merge Heap Roots: 0.1ms
[2022-04-04T14:46:06.076+0800][131.490s] GC(292)   Evacuate Collection Set: 0.5ms
[2022-04-04T14:46:06.076+0800][131.490s] GC(292)   Post Evacuate Collection Set: 0.8ms
[2022-04-04T14:46:06.076+0800][131.490s] GC(292)   Other: 0.2ms
[2022-04-04T14:46:06.076+0800][131.490s] GC(292) Eden regions: 306->0(306)
[2022-04-04T14:46:06.076+0800][131.490s] GC(292) Survivor regions: 1->1(39)
[2022-04-04T14:46:06.076+0800][131.490s] GC(292) Old regions: 110->110
[2022-04-04T14:46:06.077+0800][131.490s] GC(292) Archive regions: 0->0
[2022-04-04T14:46:06.077+0800][131.490s] GC(292) Humongous regions: 16->16
[2022-04-04T14:46:06.077+0800][131.490s] GC(292) Metaspace: 52720K(53456K)->52720K(53456K) NonClass: 46686K(47104K)->46686K(47104K) Class: 6034K(6352K)->6034K(6352K)
[2022-04-04T14:46:06.077+0800][131.490s] GC(292) Pause Young (Normal) (G1 Evacuation Pause) 431M->125M(512M) 2.138ms
[2022-04-04T14:46:06.077+0800][131.490s] GC(292) User=0.00s Sys=0.00s Real=0.00s
[2022-04-04T14:46:07.236+0800][132.650s] GC(293) Pause Young (Normal) (G1 Evacuation Pause)
[2022-04-04T14:46:07.237+0800][132.650s] GC(293) Using 8 workers of 8 for evacuation
[2022-04-04T14:46:07.238+0800][132.652s] GC(293)   Pre Evacuate Collection Set: 0.1ms
[2022-04-04T14:46:07.238+0800][132.652s] GC(293)   Merge Heap Roots: 0.1ms
[2022-04-04T14:46:07.238+0800][132.652s] GC(293)   Evacuate Collection Set: 0.4ms
[2022-04-04T14:46:07.238+0800][132.652s] GC(293)   Post Evacuate Collection Set: 0.8ms
[2022-04-04T14:46:07.238+0800][132.652s] GC(293)   Other: 0.2ms
[2022-04-04T14:46:07.238+0800][132.652s] GC(293) Eden regions: 306->0(306)
[2022-04-04T14:46:07.238+0800][132.652s] GC(293) Survivor regions: 1->1(39)
[2022-04-04T14:46:07.238+0800][132.652s] GC(293) Old regions: 110->110
[2022-04-04T14:46:07.238+0800][132.652s] GC(293) Archive regions: 0->0
[2022-04-04T14:46:07.238+0800][132.652s] GC(293) Humongous regions: 16->16
[2022-04-04T14:46:07.238+0800][132.652s] GC(293) Metaspace: 52727K(53456K)->52727K(53456K) NonClass: 46693K(47104K)->46693K(47104K) Class: 6034K(6352K)->6034K(6352K)
[2022-04-04T14:46:07.238+0800][132.652s] GC(293) Pause Young (Normal) (G1 Evacuation Pause) 431M->125M(512M) 1.863ms
[2022-04-04T14:46:07.238+0800][132.652s] GC(293) User=0.00s Sys=0.00s Real=0.00s
[2022-04-04T14:46:08.340+0800][133.753s] GC(294) Pause Young (Normal) (G1 Evacuation Pause)
[2022-04-04T14:46:08.340+0800][133.753s] GC(294) Using 8 workers of 8 for evacuation
[2022-04-04T14:46:08.344+0800][133.757s] GC(294)   Pre Evacuate Collection Set: 0.2ms
[2022-04-04T14:46:08.344+0800][133.758s] GC(294)   Merge Heap Roots: 0.1ms
[2022-04-04T14:46:08.344+0800][133.758s] GC(294)   Evacuate Collection Set: 2.8ms
[2022-04-04T14:46:08.344+0800][133.758s] GC(294)   Post Evacuate Collection Set: 0.8ms
[2022-04-04T14:46:08.344+0800][133.758s] GC(294)   Other: 0.3ms
[2022-04-04T14:46:08.344+0800][133.758s] GC(294) Eden regions: 306->0(306)
[2022-04-04T14:46:08.344+0800][133.758s] GC(294) Survivor regions: 1->1(39)
[2022-04-04T14:46:08.344+0800][133.758s] GC(294) Old regions: 110->110
[2022-04-04T14:46:08.344+0800][133.758s] GC(294) Archive regions: 0->0
[2022-04-04T14:46:08.344+0800][133.758s] GC(294) Humongous regions: 16->16
[2022-04-04T14:46:08.344+0800][133.758s] GC(294) Metaspace: 53458K(54352K)->53458K(54352K) NonClass: 47310K(47872K)->47310K(47872K) Class: 6148K(6480K)->6148K(6480K)
[2022-04-04T14:46:08.344+0800][133.758s] GC(294) Pause Young (Normal) (G1 Evacuation Pause) 431M->126M(512M) 4.742ms
[2022-04-04T14:46:08.344+0800][133.758s] GC(294) User=0.00s Sys=0.00s Real=0.00s
[2022-04-04T14:47:19.057+0800][204.470s] GC(295) Pause Young (Normal) (G1 Evacuation Pause)
[2022-04-04T14:47:19.057+0800][204.470s] GC(295) Using 8 workers of 8 for evacuation
[2022-04-04T14:47:19.062+0800][204.475s] GC(295)   Pre Evacuate Collection Set: 0.1ms
[2022-04-04T14:47:19.062+0800][204.475s] GC(295)   Merge Heap Roots: 0.1ms
[2022-04-04T14:47:19.062+0800][204.475s] GC(295)   Evacuate Collection Set: 2.9ms
[2022-04-04T14:47:19.062+0800][204.475s] GC(295)   Post Evacuate Collection Set: 0.9ms
[2022-04-04T14:47:19.062+0800][204.475s] GC(295)   Other: 0.2ms
[2022-04-04T14:47:19.062+0800][204.475s] GC(295) Eden regions: 306->0(296)
[2022-04-04T14:47:19.062+0800][204.475s] GC(295) Survivor regions: 1->11(39)
[2022-04-04T14:47:19.062+0800][204.475s] GC(295) Old regions: 110->110
[2022-04-04T14:47:19.062+0800][204.475s] GC(295) Archive regions: 0->0
[2022-04-04T14:47:19.062+0800][204.475s] GC(295) Humongous regions: 43->26
[2022-04-04T14:47:19.062+0800][204.475s] GC(295) Metaspace: 57146K(57936K)->57146K(57936K) NonClass: 50764K(51200K)->50764K(51200K) Class: 6381K(6736K)->6381K(6736K)
[2022-04-04T14:47:19.062+0800][204.475s] GC(295) Pause Young (Normal) (G1 Evacuation Pause) 459M->146M(512M) 4.565ms
[2022-04-04T14:47:19.062+0800][204.475s] GC(295) User=0.02s Sys=0.03s Real=0.01s
[2022-04-04T14:47:22.850+0800][208.263s] GC(296) Pause Young (Normal) (G1 Evacuation Pause)
[2022-04-04T14:47:22.850+0800][208.263s] GC(296) Using 8 workers of 8 for evacuation
[2022-04-04T14:47:22.855+0800][208.268s] GC(296)   Pre Evacuate Collection Set: 0.1ms
[2022-04-04T14:47:22.855+0800][208.268s] GC(296)   Merge Heap Roots: 0.1ms
[2022-04-04T14:47:22.855+0800][208.268s] GC(296)   Evacuate Collection Set: 3.3ms
[2022-04-04T14:47:22.855+0800][208.268s] GC(296)   Post Evacuate Collection Set: 0.8ms
[2022-04-04T14:47:22.855+0800][208.268s] GC(296)   Other: 0.3ms
[2022-04-04T14:47:22.855+0800][208.268s] GC(296) Eden regions: 296->0(302)
[2022-04-04T14:47:22.855+0800][208.268s] GC(296) Survivor regions: 11->5(39)
[2022-04-04T14:47:22.855+0800][208.268s] GC(296) Old regions: 110->110
[2022-04-04T14:47:22.855+0800][208.268s] GC(296) Archive regions: 0->0
[2022-04-04T14:47:22.855+0800][208.268s] GC(296) Humongous regions: 40->16
[2022-04-04T14:47:22.855+0800][208.268s] GC(296) Metaspace: 57413K(58192K)->57413K(58192K) NonClass: 51007K(51456K)->51007K(51456K) Class: 6405K(6736K)->6405K(6736K)
[2022-04-04T14:47:22.855+0800][208.268s] GC(296) Pause Young (Normal) (G1 Evacuation Pause) 456M->130M(512M) 5.142ms
[2022-04-04T14:47:22.855+0800][208.268s] GC(296) User=0.06s Sys=0.00s Real=0.01s
[2022-04-04T14:47:33.237+0800][218.651s] GC(297) Pause Young (Normal) (G1 Evacuation Pause)
[2022-04-04T14:47:33.237+0800][218.651s] GC(297) Using 8 workers of 8 for evacuation
[2022-04-04T14:47:33.242+0800][218.655s] GC(297)   Pre Evacuate Collection Set: 0.1ms
[2022-04-04T14:47:33.242+0800][218.656s] GC(297)   Merge Heap Roots: 0.1ms
[2022-04-04T14:47:33.242+0800][218.656s] GC(297)   Evacuate Collection Set: 3.7ms
[2022-04-04T14:47:33.242+0800][218.656s] GC(297)   Post Evacuate Collection Set: 0.8ms
[2022-04-04T14:47:33.243+0800][218.656s] GC(297)   Other: 0.2ms
[2022-04-04T14:47:33.243+0800][218.656s] GC(297) Eden regions: 302->0(294)
[2022-04-04T14:47:33.243+0800][218.656s] GC(297) Survivor regions: 5->13(39)
[2022-04-04T14:47:33.243+0800][218.656s] GC(297) Old regions: 110->110
[2022-04-04T14:47:33.243+0800][218.656s] GC(297) Archive regions: 0->0
[2022-04-04T14:47:33.243+0800][218.656s] GC(297) Humongous regions: 50->26
[2022-04-04T14:47:33.243+0800][218.656s] GC(297) Metaspace: 57421K(58192K)->57421K(58192K) NonClass: 51013K(51456K)->51013K(51456K) Class: 6407K(6736K)->6407K(6736K)
[2022-04-04T14:47:33.243+0800][218.656s] GC(297) Pause Young (Normal) (G1 Evacuation Pause) 466M->147M(512M) 5.313ms
[2022-04-04T14:47:33.243+0800][218.656s] GC(297) User=0.00s Sys=0.00s Real=0.01s
[2022-04-04T14:47:37.330+0800][222.743s] GC(298) Pause Young (Normal) (G1 Evacuation Pause)
[2022-04-04T14:47:37.330+0800][222.743s] GC(298) Using 8 workers of 8 for evacuation
[2022-04-04T14:47:37.334+0800][222.748s] GC(298)   Pre Evacuate Collection Set: 0.1ms
[2022-04-04T14:47:37.334+0800][222.748s] GC(298)   Merge Heap Roots: 0.1ms
[2022-04-04T14:47:37.334+0800][222.748s] GC(298)   Evacuate Collection Set: 3.4ms
[2022-04-04T14:47:37.334+0800][222.748s] GC(298)   Post Evacuate Collection Set: 0.7ms
[2022-04-04T14:47:37.334+0800][222.748s] GC(298)   Other: 0.2ms
[2022-04-04T14:47:37.335+0800][222.748s] GC(298) Eden regions: 294->0(291)
[2022-04-04T14:47:37.335+0800][222.748s] GC(298) Survivor regions: 13->16(39)
[2022-04-04T14:47:37.335+0800][222.748s] GC(298) Old regions: 110->110
[2022-04-04T14:47:37.335+0800][222.748s] GC(298) Archive regions: 0->0
[2022-04-04T14:47:37.335+0800][222.748s] GC(298) Humongous regions: 33->26
[2022-04-04T14:47:37.335+0800][222.748s] GC(298) Metaspace: 57445K(58192K)->57445K(58192K) NonClass: 51037K(51456K)->51037K(51456K) Class: 6408K(6736K)->6408K(6736K)
[2022-04-04T14:47:37.335+0800][222.748s] GC(298) Pause Young (Normal) (G1 Evacuation Pause) 448M->151M(512M) 4.889ms
[2022-04-04T14:47:37.335+0800][222.748s] GC(298) User=0.00s Sys=0.00s Real=0.01s
[2022-04-04T14:47:45.912+0800][231.325s] GC(299) Pause Young (Normal) (G1 Evacuation Pause)
[2022-04-04T14:47:45.912+0800][231.325s] GC(299) Using 8 workers of 8 for evacuation
[2022-04-04T14:47:45.916+0800][231.329s] GC(299)   Pre Evacuate Collection Set: 0.1ms
[2022-04-04T14:47:45.916+0800][231.329s] GC(299)   Merge Heap Roots: 0.1ms
[2022-04-04T14:47:45.916+0800][231.329s] GC(299)   Evacuate Collection Set: 2.8ms
[2022-04-04T14:47:45.916+0800][231.329s] GC(299)   Post Evacuate Collection Set: 0.8ms
[2022-04-04T14:47:45.916+0800][231.329s] GC(299)   Other: 0.2ms
[2022-04-04T14:47:45.916+0800][231.329s] GC(299) Eden regions: 291->0(296)
[2022-04-04T14:47:45.916+0800][231.329s] GC(299) Survivor regions: 16->11(39)
[2022-04-04T14:47:45.916+0800][231.329s] GC(299) Old regions: 110->110
[2022-04-04T14:47:45.916+0800][231.329s] GC(299) Archive regions: 0->0
[2022-04-04T14:47:45.916+0800][231.330s] GC(299) Humongous regions: 36->25
[2022-04-04T14:47:45.916+0800][231.330s] GC(299) Metaspace: 57544K(58448K)->57544K(58448K) NonClass: 51133K(51712K)->51133K(51712K) Class: 6410K(6736K)->6410K(6736K)
[2022-04-04T14:47:45.916+0800][231.330s] GC(299) Pause Young (Normal) (G1 Evacuation Pause) 452M->144M(512M) 4.400ms
[2022-04-04T14:47:45.916+0800][231.330s] GC(299) User=0.00s Sys=0.00s Real=0.00s
[2022-04-04T14:47:52.126+0800][237.539s] GC(300) Pause Young (Normal) (G1 Evacuation Pause)
[2022-04-04T14:47:52.126+0800][237.539s] GC(300) Using 8 workers of 8 for evacuation
[2022-04-04T14:47:52.131+0800][237.545s] GC(300)   Pre Evacuate Collection Set: 0.1ms
[2022-04-04T14:47:52.131+0800][237.545s] GC(300)   Merge Heap Roots: 0.1ms
[2022-04-04T14:47:52.131+0800][237.545s] GC(300)   Evacuate Collection Set: 4.1ms
[2022-04-04T14:47:52.131+0800][237.545s] GC(300)   Post Evacuate Collection Set: 0.8ms
[2022-04-04T14:47:52.131+0800][237.545s] GC(300)   Other: 0.2ms
[2022-04-04T14:47:52.131+0800][237.545s] GC(300) Eden regions: 296->0(288)
[2022-04-04T14:47:52.132+0800][237.545s] GC(300) Survivor regions: 11->17(39)
[2022-04-04T14:47:52.132+0800][237.545s] GC(300) Old regions: 110->110
[2022-04-04T14:47:52.132+0800][237.545s] GC(300) Archive regions: 0->0
[2022-04-04T14:47:52.132+0800][237.545s] GC(300) Humongous regions: 56->26
[2022-04-04T14:47:52.132+0800][237.545s] GC(300) Metaspace: 57563K(58448K)->57563K(58448K) NonClass: 51152K(51712K)->51152K(51712K) Class: 6411K(6736K)->6411K(6736K)
[2022-04-04T14:47:52.132+0800][237.545s] GC(300) Pause Young (Normal) (G1 Evacuation Pause) 471M->151M(512M) 5.716ms
[2022-04-04T14:47:52.132+0800][237.545s] GC(300) User=0.00s Sys=0.00s Real=0.01s
[2022-04-04T14:47:57.864+0800][243.277s] GC(301) Pause Young (Normal) (G1 Evacuation Pause)
[2022-04-04T14:47:57.864+0800][243.277s] GC(301) Using 8 workers of 8 for evacuation
[2022-04-04T14:47:57.868+0800][243.281s] GC(301)   Pre Evacuate Collection Set: 0.1ms
[2022-04-04T14:47:57.868+0800][243.281s] GC(301)   Merge Heap Roots: 0.1ms
[2022-04-04T14:47:57.868+0800][243.281s] GC(301)   Evacuate Collection Set: 2.6ms
[2022-04-04T14:47:57.868+0800][243.281s] GC(301)   Post Evacuate Collection Set: 0.8ms
[2022-04-04T14:47:57.868+0800][243.281s] GC(301)   Other: 0.2ms
[2022-04-04T14:47:57.868+0800][243.281s] GC(301) Eden regions: 288->0(293)
[2022-04-04T14:47:57.868+0800][243.281s] GC(301) Survivor regions: 17->14(39)
[2022-04-04T14:47:57.868+0800][243.281s] GC(301) Old regions: 110->110
[2022-04-04T14:47:57.868+0800][243.281s] GC(301) Archive regions: 0->0
[2022-04-04T14:47:57.868+0800][243.281s] GC(301) Humongous regions: 29->18
[2022-04-04T14:47:57.868+0800][243.282s] GC(301) Metaspace: 57574K(58448K)->57574K(58448K) NonClass: 51162K(51712K)->51162K(51712K) Class: 6411K(6736K)->6411K(6736K)
[2022-04-04T14:47:57.868+0800][243.282s] GC(301) Pause Young (Normal) (G1 Evacuation Pause) 442M->141M(512M) 4.194ms
[2022-04-04T14:47:57.868+0800][243.282s] GC(301) User=0.00s Sys=0.00s Real=0.00s
[2022-04-04T14:48:02.996+0800][248.410s] GC(302) Pause Young (Normal) (G1 Evacuation Pause)
[2022-04-04T14:48:02.996+0800][248.410s] GC(302) Using 8 workers of 8 for evacuation
[2022-04-04T14:48:03.001+0800][248.414s] GC(302)   Pre Evacuate Collection Set: 0.1ms
[2022-04-04T14:48:03.001+0800][248.414s] GC(302)   Merge Heap Roots: 0.2ms
[2022-04-04T14:48:03.001+0800][248.414s] GC(302)   Evacuate Collection Set: 3.4ms
[2022-04-04T14:48:03.001+0800][248.414s] GC(302)   Post Evacuate Collection Set: 0.9ms
[2022-04-04T14:48:03.001+0800][248.415s] GC(302)   Other: 0.2ms
[2022-04-04T14:48:03.001+0800][248.415s] GC(302) Eden regions: 293->0(289)
[2022-04-04T14:48:03.001+0800][248.415s] GC(302) Survivor regions: 14->14(39)
[2022-04-04T14:48:03.001+0800][248.415s] GC(302) Old regions: 110->110
[2022-04-04T14:48:03.001+0800][248.415s] GC(302) Archive regions: 0->0
[2022-04-04T14:48:03.001+0800][248.415s] GC(302) Humongous regions: 49->26
[2022-04-04T14:48:03.001+0800][248.415s] GC(302) Metaspace: 57587K(58448K)->57587K(58448K) NonClass: 51175K(51712K)->51175K(51712K) Class: 6411K(6736K)->6411K(6736K)
[2022-04-04T14:48:03.001+0800][248.415s] GC(302) Pause Young (Normal) (G1 Evacuation Pause) 465M->148M(512M) 5.085ms
[2022-04-04T14:48:03.001+0800][248.415s] GC(302) User=0.00s Sys=0.00s Real=0.00s
[2022-04-04T14:48:32.960+0800][278.373s] GC(303) Pause Young (Normal) (G1 Evacuation Pause)
[2022-04-04T14:48:32.960+0800][278.373s] GC(303) Using 8 workers of 8 for evacuation
[2022-04-04T14:48:32.963+0800][278.376s] GC(303)   Pre Evacuate Collection Set: 0.1ms
[2022-04-04T14:48:32.963+0800][278.376s] GC(303)   Merge Heap Roots: 0.1ms
[2022-04-04T14:48:32.963+0800][278.376s] GC(303)   Evacuate Collection Set: 2.3ms
[2022-04-04T14:48:32.963+0800][278.376s] GC(303)   Post Evacuate Collection Set: 0.7ms
[2022-04-04T14:48:32.963+0800][278.376s] GC(303)   Other: 0.2ms
[2022-04-04T14:48:32.963+0800][278.376s] GC(303) Eden regions: 289->0(303)
[2022-04-04T14:48:32.963+0800][278.376s] GC(303) Survivor regions: 14->4(38)
[2022-04-04T14:48:32.963+0800][278.376s] GC(303) Old regions: 110->110
[2022-04-04T14:48:32.963+0800][278.376s] GC(303) Archive regions: 0->0
[2022-04-04T14:48:32.963+0800][278.376s] GC(303) Humongous regions: 30->16
[2022-04-04T14:48:32.963+0800][278.376s] GC(303) Metaspace: 58358K(58960K)->58358K(58960K) NonClass: 51868K(52224K)->51868K(52224K) Class: 6490K(6736K)->6490K(6736K)
[2022-04-04T14:48:32.963+0800][278.377s] GC(303) Pause Young (Normal) (G1 Evacuation Pause) 441M->129M(512M) 3.560ms
[2022-04-04T14:48:32.963+0800][278.377s] GC(303) User=0.00s Sys=0.00s Real=0.00s
