[2022-04-04T13:58:35.144+0800][0.025s] Using G1
[2022-04-04T13:58:35.481+0800][0.361s] Version: 15.0.1+9-18 (release)
[2022-04-04T13:58:35.481+0800][0.362s] CPUs: 8 total, 8 available
[2022-04-04T13:58:35.481+0800][0.362s] Memory: 8110M
[2022-04-04T13:58:35.481+0800][0.362s] Large Page Support: Disabled
[2022-04-04T13:58:35.481+0800][0.362s] NUMA Support: Disabled
[2022-04-04T13:58:35.481+0800][0.362s] Compressed Oops: Enabled (32-bit)
[2022-04-04T13:58:35.481+0800][0.362s] Heap Region Size: 1M
[2022-04-04T13:58:35.481+0800][0.362s] Heap Min Capacity: 512M
[2022-04-04T13:58:35.481+0800][0.362s] Heap Initial Capacity: 512M
[2022-04-04T13:58:35.481+0800][0.362s] Heap Max Capacity: 512M
[2022-04-04T13:58:35.481+0800][0.362s] Pre-touch: Enabled
[2022-04-04T13:58:35.481+0800][0.362s] Parallel Workers: 8
[2022-04-04T13:58:35.482+0800][0.362s] Concurrent Workers: 2
[2022-04-04T13:58:35.482+0800][0.362s] Concurrent Refinement Workers: 8
[2022-04-04T13:58:35.482+0800][0.362s] Periodic GC: Disabled
[2022-04-04T13:58:35.483+0800][0.364s] CDS archive(s) mapped at: [0x0000000800000000-0x0000000800b50000-0x0000000800b50000), size 11862016, SharedBaseAddress: 0x0000000800000000, ArchiveRelocationMode: 0.
[2022-04-04T13:58:35.483+0800][0.364s] Compressed class space mapped at: 0x0000000800b50000-0x0000000840b50000, size: 1073741824
[2022-04-04T13:58:35.483+0800][0.364s] Narrow klass base: 0x0000000800000000, Narrow klass shift: 3, Narrow klass range: 0x100000000
[2022-04-04T13:58:36.571+0800][1.452s] GC(0) Pause Young (Normal) (G1 Evacuation Pause)
[2022-04-04T13:58:36.572+0800][1.453s] GC(0) Using 8 workers of 8 for evacuation
[2022-04-04T13:58:36.576+0800][1.457s] GC(0)   Pre Evacuate Collection Set: 0.1ms
[2022-04-04T13:58:36.576+0800][1.457s] GC(0)   Merge Heap Roots: 0.0ms
[2022-04-04T13:58:36.576+0800][1.457s] GC(0)   Evacuate Collection Set: 3.4ms
[2022-04-04T13:58:36.576+0800][1.457s] GC(0)   Post Evacuate Collection Set: 0.4ms
[2022-04-04T13:58:36.577+0800][1.457s] GC(0)   Other: 1.0ms
[2022-04-04T13:58:36.577+0800][1.457s] GC(0) Eden regions: 29->0(41)
[2022-04-04T13:58:36.577+0800][1.457s] GC(0) Survivor regions: 0->4(4)
[2022-04-04T13:58:36.577+0800][1.457s] GC(0) Old regions: 0->0
[2022-04-04T13:58:36.577+0800][1.457s] GC(0) Archive regions: 0->0
[2022-04-04T13:58:36.577+0800][1.457s] GC(0) Humongous regions: 0->0
[2022-04-04T13:58:36.577+0800][1.457s] GC(0) Metaspace: 7182K(8064K)->7182K(8064K) NonClass: 6345K(7168K)->6345K(7168K) Class: 837K(896K)->837K(896K)
[2022-04-04T13:58:36.577+0800][1.458s] GC(0) Pause Young (Normal) (G1 Evacuation Pause) 29M->3M(512M) 5.317ms
[2022-04-04T13:58:36.577+0800][1.458s] GC(0) User=0.03s Sys=0.06s Real=0.01s
[2022-04-04T13:58:37.684+0800][2.565s] GC(1) Pause Young (Normal) (G1 Evacuation Pause)
[2022-04-04T13:58:37.684+0800][2.565s] GC(1) Using 8 workers of 8 for evacuation
[2022-04-04T13:58:37.695+0800][2.576s] GC(1)   Pre Evacuate Collection Set: 0.1ms
[2022-04-04T13:58:37.696+0800][2.576s] GC(1)   Merge Heap Roots: 0.0ms
[2022-04-04T13:58:37.696+0800][2.577s] GC(1)   Evacuate Collection Set: 9.9ms
[2022-04-04T13:58:37.696+0800][2.577s] GC(1)   Post Evacuate Collection Set: 1.1ms
[2022-04-04T13:58:37.696+0800][2.577s] GC(1)   Other: 0.2ms
[2022-04-04T13:58:37.696+0800][2.577s] GC(1) Eden regions: 41->0(147)
[2022-04-04T13:58:37.696+0800][2.577s] GC(1) Survivor regions: 4->6(6)
[2022-04-04T13:58:37.696+0800][2.577s] GC(1) Old regions: 0->10
[2022-04-04T13:58:37.696+0800][2.577s] GC(1) Archive regions: 0->0
[2022-04-04T13:58:37.696+0800][2.577s] GC(1) Humongous regions: 4->4
[2022-04-04T13:58:37.696+0800][2.577s] GC(1) Metaspace: 16096K(16640K)->16096K(16640K) NonClass: 14240K(14592K)->14240K(14592K) Class: 1855K(2048K)->1855K(2048K)
[2022-04-04T13:58:37.696+0800][2.577s] GC(1) Pause Young (Normal) (G1 Evacuation Pause) 48M->19M(512M) 11.593ms
[2022-04-04T13:58:37.696+0800][2.577s] GC(1) User=0.00s Sys=0.00s Real=0.01s
[2022-04-04T13:58:38.190+0800][3.071s] GC(2) Pause Young (Concurrent Start) (Metadata GC Threshold)
[2022-04-04T13:58:38.190+0800][3.071s] GC(2) Using 8 workers of 8 for evacuation
[2022-04-04T13:58:38.196+0800][3.077s] GC(2)   Pre Evacuate Collection Set: 0.2ms
[2022-04-04T13:58:38.196+0800][3.077s] GC(2)   Merge Heap Roots: 0.1ms
[2022-04-04T13:58:38.196+0800][3.077s] GC(2)   Evacuate Collection Set: 5.1ms
[2022-04-04T13:58:38.196+0800][3.077s] GC(2)   Post Evacuate Collection Set: 0.8ms
[2022-04-04T13:58:38.196+0800][3.077s] GC(2)   Other: 0.3ms
[2022-04-04T13:58:38.196+0800][3.077s] GC(2) Eden regions: 40->0(137)
[2022-04-04T13:58:38.196+0800][3.077s] GC(2) Survivor regions: 6->11(20)
[2022-04-04T13:58:38.196+0800][3.077s] GC(2) Old regions: 10->10
[2022-04-04T13:58:38.196+0800][3.077s] GC(2) Archive regions: 0->0
[2022-04-04T13:58:38.196+0800][3.077s] GC(2) Humongous regions: 4->4
[2022-04-04T13:58:38.197+0800][3.077s] GC(2) Metaspace: 20820K(21248K)->20820K(21248K) NonClass: 18490K(18688K)->18490K(18688K) Class: 2330K(2560K)->2330K(2560K)
[2022-04-04T13:58:38.197+0800][3.078s] GC(2) Pause Young (Concurrent Start) (Metadata GC Threshold) 59M->24M(512M) 6.826ms
[2022-04-04T13:58:38.197+0800][3.078s] GC(2) User=0.00s Sys=0.00s Real=0.01s
[2022-04-04T13:58:38.197+0800][3.078s] GC(3) Concurrent Cycle
[2022-04-04T13:58:38.197+0800][3.078s] GC(3) Concurrent Clear Claimed Marks
[2022-04-04T13:58:38.197+0800][3.078s] GC(3) Concurrent Clear Claimed Marks 0.036ms
[2022-04-04T13:58:38.197+0800][3.078s] GC(3) Concurrent Scan Root Regions
[2022-04-04T13:58:38.199+0800][3.080s] GC(3) Concurrent Scan Root Regions 2.414ms
[2022-04-04T13:58:38.199+0800][3.080s] GC(3) Concurrent Mark (3.080s)
[2022-04-04T13:58:38.199+0800][3.080s] GC(3) Concurrent Mark From Roots
[2022-04-04T13:58:38.199+0800][3.080s] GC(3) Using 2 workers of 2 for marking
[2022-04-04T13:58:38.208+0800][3.089s] GC(3) Concurrent Mark From Roots 9.017ms
[2022-04-04T13:58:38.208+0800][3.089s] GC(3) Concurrent Preclean
[2022-04-04T13:58:38.209+0800][3.090s] GC(3) Concurrent Preclean 0.263ms
[2022-04-04T13:58:38.209+0800][3.090s] GC(3) Concurrent Mark (3.080s, 3.090s) 9.394ms
[2022-04-04T13:58:38.209+0800][3.090s] GC(3) Pause Remark
[2022-04-04T13:58:38.211+0800][3.091s] GC(3) Pause Remark 25M->25M(512M) 1.685ms
[2022-04-04T13:58:38.211+0800][3.092s] GC(3) User=0.00s Sys=0.00s Real=0.00s
[2022-04-04T13:58:38.211+0800][3.092s] GC(3) Concurrent Rebuild Remembered Sets
[2022-04-04T13:58:38.216+0800][3.097s] GC(3) Concurrent Rebuild Remembered Sets 4.886ms
[2022-04-04T13:58:38.216+0800][3.097s] GC(3) Pause Cleanup
[2022-04-04T13:58:38.216+0800][3.097s] GC(3) Pause Cleanup 25M->25M(512M) 0.205ms
[2022-04-04T13:58:38.216+0800][3.097s] GC(3) User=0.00s Sys=0.00s Real=0.00s
[2022-04-04T13:58:38.217+0800][3.098s] GC(3) Concurrent Cleanup for Next Mark
[2022-04-04T13:58:38.217+0800][3.098s] GC(3) Concurrent Cleanup for Next Mark 0.476ms
[2022-04-04T13:58:38.217+0800][3.098s] GC(3) Concurrent Cycle 20.453ms
[2022-04-04T13:59:04.696+0800][29.576s] GC(4) Pause Young (Concurrent Start) (Metadata GC Threshold)
[2022-04-04T13:59:04.696+0800][29.576s] GC(4) Using 8 workers of 8 for evacuation
[2022-04-04T13:59:04.704+0800][29.584s] GC(4)   Pre Evacuate Collection Set: 0.2ms
[2022-04-04T13:59:04.704+0800][29.584s] GC(4)   Merge Heap Roots: 0.1ms
[2022-04-04T13:59:04.704+0800][29.584s] GC(4)   Evacuate Collection Set: 6.9ms
[2022-04-04T13:59:04.704+0800][29.584s] GC(4)   Post Evacuate Collection Set: 1.0ms
[2022-04-04T13:59:04.704+0800][29.584s] GC(4)   Other: 0.3ms
[2022-04-04T13:59:04.704+0800][29.584s] GC(4) Eden regions: 76->0(291)
[2022-04-04T13:59:04.704+0800][29.584s] GC(4) Survivor regions: 11->16(20)
[2022-04-04T13:59:04.704+0800][29.584s] GC(4) Old regions: 10->10
[2022-04-04T13:59:04.704+0800][29.584s] GC(4) Archive regions: 0->0
[2022-04-04T13:59:04.704+0800][29.584s] GC(4) Humongous regions: 4->4
[2022-04-04T13:59:04.704+0800][29.585s] GC(4) Metaspace: 35310K(35840K)->35310K(35840K) NonClass: 31296K(31616K)->31296K(31616K) Class: 4014K(4224K)->4014K(4224K)
[2022-04-04T13:59:04.704+0800][29.585s] GC(4) Pause Young (Concurrent Start) (Metadata GC Threshold) 99M->29M(512M) 8.795ms
[2022-04-04T13:59:04.704+0800][29.585s] GC(4) User=0.12s Sys=0.00s Real=0.01s
[2022-04-04T13:59:04.705+0800][29.585s] GC(5) Concurrent Cycle
[2022-04-04T13:59:04.705+0800][29.585s] GC(5) Concurrent Clear Claimed Marks
[2022-04-04T13:59:04.705+0800][29.585s] GC(5) Concurrent Clear Claimed Marks 0.037ms
[2022-04-04T13:59:04.705+0800][29.585s] GC(5) Concurrent Scan Root Regions
[2022-04-04T13:59:04.709+0800][29.589s] GC(5) Concurrent Scan Root Regions 4.456ms
[2022-04-04T13:59:04.709+0800][29.589s] GC(5) Concurrent Mark (29.589s)
[2022-04-04T13:59:04.709+0800][29.589s] GC(5) Concurrent Mark From Roots
[2022-04-04T13:59:04.709+0800][29.589s] GC(5) Using 2 workers of 2 for marking
[2022-04-04T13:59:04.719+0800][29.599s] GC(5) Concurrent Mark From Roots 9.886ms
[2022-04-04T13:59:04.719+0800][29.599s] GC(5) Concurrent Preclean
[2022-04-04T13:59:04.719+0800][29.600s] GC(5) Concurrent Preclean 0.225ms
[2022-04-04T13:59:04.719+0800][29.600s] GC(5) Concurrent Mark (29.589s, 29.600s) 10.216ms
[2022-04-04T13:59:04.720+0800][29.600s] GC(5) Pause Remark
[2022-04-04T13:59:04.721+0800][29.601s] GC(5) Pause Remark 31M->31M(512M) 1.648ms
[2022-04-04T13:59:04.721+0800][29.602s] GC(5) User=0.00s Sys=0.00s Real=0.00s
[2022-04-04T13:59:04.721+0800][29.602s] GC(5) Concurrent Rebuild Remembered Sets
[2022-04-04T13:59:04.729+0800][29.609s] GC(5) Concurrent Rebuild Remembered Sets 7.178ms
[2022-04-04T13:59:04.729+0800][29.609s] GC(5) Pause Cleanup
[2022-04-04T13:59:04.729+0800][29.609s] GC(5) Pause Cleanup 31M->31M(512M) 0.190ms
[2022-04-04T13:59:04.729+0800][29.610s] GC(5) User=0.00s Sys=0.00s Real=0.00s
[2022-04-04T13:59:04.730+0800][29.610s] GC(5) Concurrent Cleanup for Next Mark
[2022-04-04T13:59:04.730+0800][29.610s] GC(5) Concurrent Cleanup for Next Mark 0.497ms
[2022-04-04T13:59:04.730+0800][29.610s] GC(5) Concurrent Cycle 25.529ms
[2022-04-04T14:02:24.643+0800][229.524s] GC(6) Pause Young (Normal) (G1 Evacuation Pause)
[2022-04-04T14:02:24.643+0800][229.524s] GC(6) Using 8 workers of 8 for evacuation
[2022-04-04T14:02:24.655+0800][229.536s] GC(6)   Pre Evacuate Collection Set: 0.1ms
[2022-04-04T14:02:24.655+0800][229.536s] GC(6)   Merge Heap Roots: 0.1ms
[2022-04-04T14:02:24.655+0800][229.536s] GC(6)   Evacuate Collection Set: 10.6ms
[2022-04-04T14:02:24.655+0800][229.536s] GC(6)   Post Evacuate Collection Set: 1.3ms
[2022-04-04T14:02:24.656+0800][229.536s] GC(6)   Other: 0.2ms
[2022-04-04T14:02:24.656+0800][229.536s] GC(6) Eden regions: 291->0(279)
[2022-04-04T14:02:24.656+0800][229.536s] GC(6) Survivor regions: 16->28(39)
[2022-04-04T14:02:24.656+0800][229.536s] GC(6) Old regions: 10->10
[2022-04-04T14:02:24.656+0800][229.536s] GC(6) Archive regions: 0->0
[2022-04-04T14:02:24.656+0800][229.536s] GC(6) Humongous regions: 10->8
[2022-04-04T14:02:24.656+0800][229.536s] GC(6) Metaspace: 51210K(51968K)->51210K(51968K) NonClass: 45362K(45824K)->45362K(45824K) Class: 5847K(6144K)->5847K(6144K)
[2022-04-04T14:02:24.656+0800][229.536s] GC(6) Pause Young (Normal) (G1 Evacuation Pause) 326M->45M(512M) 12.648ms
[2022-04-04T14:02:24.656+0800][229.537s] GC(6) User=0.12s Sys=0.00s Real=0.01s
[2022-04-04T14:02:28.427+0800][233.308s] GC(7) Pause Young (Normal) (G1 Evacuation Pause)
[2022-04-04T14:02:28.427+0800][233.308s] GC(7) Using 8 workers of 8 for evacuation
[2022-04-04T14:02:28.438+0800][233.319s] GC(7)   Pre Evacuate Collection Set: 0.1ms
[2022-04-04T14:02:28.438+0800][233.319s] GC(7)   Merge Heap Roots: 0.1ms
[2022-04-04T14:02:28.438+0800][233.319s] GC(7)   Evacuate Collection Set: 10.0ms
[2022-04-04T14:02:28.438+0800][233.319s] GC(7)   Post Evacuate Collection Set: 1.0ms
[2022-04-04T14:02:28.438+0800][233.319s] GC(7)   Other: 0.2ms
[2022-04-04T14:02:28.438+0800][233.319s] GC(7) Eden regions: 279->0(288)
[2022-04-04T14:02:28.438+0800][233.319s] GC(7) Survivor regions: 28->19(39)
[2022-04-04T14:02:28.438+0800][233.319s] GC(7) Old regions: 10->20
[2022-04-04T14:02:28.438+0800][233.319s] GC(7) Archive regions: 0->0
[2022-04-04T14:02:28.438+0800][233.319s] GC(7) Humongous regions: 8->8
[2022-04-04T14:02:28.439+0800][233.319s] GC(7) Metaspace: 51513K(52224K)->51513K(52224K) NonClass: 45665K(46080K)->45665K(46080K) Class: 5847K(6144K)->5847K(6144K)
[2022-04-04T14:02:28.439+0800][233.319s] GC(7) Pause Young (Normal) (G1 Evacuation Pause) 324M->46M(512M) 11.685ms
[2022-04-04T14:02:28.439+0800][233.319s] GC(7) User=0.12s Sys=0.00s Real=0.01s
[2022-04-04T14:02:32.114+0800][236.994s] GC(8) Pause Young (Normal) (G1 Evacuation Pause)
[2022-04-04T14:02:32.114+0800][236.994s] GC(8) Using 8 workers of 8 for evacuation
[2022-04-04T14:02:32.122+0800][237.003s] GC(8)   Pre Evacuate Collection Set: 0.1ms
[2022-04-04T14:02:32.122+0800][237.003s] GC(8)   Merge Heap Roots: 0.1ms
[2022-04-04T14:02:32.122+0800][237.003s] GC(8)   Evacuate Collection Set: 7.4ms
[2022-04-04T14:02:32.122+0800][237.003s] GC(8)   Post Evacuate Collection Set: 0.8ms
[2022-04-04T14:02:32.122+0800][237.003s] GC(8)   Other: 0.2ms
[2022-04-04T14:02:32.122+0800][237.003s] GC(8) Eden regions: 288->0(289)
[2022-04-04T14:02:32.122+0800][237.003s] GC(8) Survivor regions: 19->18(39)
[2022-04-04T14:02:32.122+0800][237.003s] GC(8) Old regions: 20->20
[2022-04-04T14:02:32.122+0800][237.003s] GC(8) Archive regions: 0->0
[2022-04-04T14:02:32.122+0800][237.003s] GC(8) Humongous regions: 8->8
[2022-04-04T14:02:32.122+0800][237.003s] GC(8) Metaspace: 51513K(52224K)->51513K(52224K) NonClass: 45665K(46080K)->45665K(46080K) Class: 5847K(6144K)->5847K(6144K)
[2022-04-04T14:02:32.122+0800][237.003s] GC(8) Pause Young (Normal) (G1 Evacuation Pause) 334M->45M(512M) 8.890ms
[2022-04-04T14:02:32.122+0800][237.003s] GC(8) User=0.12s Sys=0.00s Real=0.01s
[2022-04-04T14:02:35.817+0800][240.698s] GC(9) Pause Young (Normal) (G1 Evacuation Pause)
[2022-04-04T14:02:35.817+0800][240.698s] GC(9) Using 8 workers of 8 for evacuation
[2022-04-04T14:02:35.826+0800][240.707s] GC(9)   Pre Evacuate Collection Set: 0.1ms
[2022-04-04T14:02:35.826+0800][240.707s] GC(9)   Merge Heap Roots: 0.1ms
[2022-04-04T14:02:35.826+0800][240.707s] GC(9)   Evacuate Collection Set: 7.3ms
[2022-04-04T14:02:35.826+0800][240.707s] GC(9)   Post Evacuate Collection Set: 0.9ms
[2022-04-04T14:02:35.826+0800][240.707s] GC(9)   Other: 0.2ms
[2022-04-04T14:02:35.826+0800][240.707s] GC(9) Eden regions: 289->0(288)
[2022-04-04T14:02:35.826+0800][240.707s] GC(9) Survivor regions: 18->19(39)
[2022-04-04T14:02:35.826+0800][240.707s] GC(9) Old regions: 20->20
[2022-04-04T14:02:35.826+0800][240.707s] GC(9) Archive regions: 0->0
[2022-04-04T14:02:35.826+0800][240.707s] GC(9) Humongous regions: 8->8
[2022-04-04T14:02:35.826+0800][240.707s] GC(9) Metaspace: 51513K(52224K)->51513K(52224K) NonClass: 45665K(46080K)->45665K(46080K) Class: 5847K(6144K)->5847K(6144K)
[2022-04-04T14:02:35.826+0800][240.707s] GC(9) Pause Young (Normal) (G1 Evacuation Pause) 334M->45M(512M) 8.889ms
[2022-04-04T14:02:35.826+0800][240.707s] GC(9) User=0.12s Sys=0.00s Real=0.01s
[2022-04-04T14:02:39.611+0800][244.492s] GC(10) Pause Young (Normal) (G1 Evacuation Pause)
[2022-04-04T14:02:39.611+0800][244.492s] GC(10) Using 8 workers of 8 for evacuation
[2022-04-04T14:02:39.619+0800][244.500s] GC(10)   Pre Evacuate Collection Set: 0.1ms
[2022-04-04T14:02:39.619+0800][244.500s] GC(10)   Merge Heap Roots: 0.1ms
[2022-04-04T14:02:39.619+0800][244.500s] GC(10)   Evacuate Collection Set: 6.9ms
[2022-04-04T14:02:39.619+0800][244.500s] GC(10)   Post Evacuate Collection Set: 1.0ms
[2022-04-04T14:02:39.619+0800][244.500s] GC(10)   Other: 0.2ms
[2022-04-04T14:02:39.619+0800][244.500s] GC(10) Eden regions: 288->0(288)
[2022-04-04T14:02:39.619+0800][244.500s] GC(10) Survivor regions: 19->19(39)
[2022-04-04T14:02:39.620+0800][244.500s] GC(10) Old regions: 20->20
[2022-04-04T14:02:39.620+0800][244.500s] GC(10) Archive regions: 0->0
[2022-04-04T14:02:39.620+0800][244.500s] GC(10) Humongous regions: 8->8
[2022-04-04T14:02:39.620+0800][244.500s] GC(10) Metaspace: 51516K(52224K)->51516K(52224K) NonClass: 45667K(46080K)->45667K(46080K) Class: 5848K(6144K)->5848K(6144K)
[2022-04-04T14:02:39.620+0800][244.500s] GC(10) Pause Young (Normal) (G1 Evacuation Pause) 333M->45M(512M) 8.663ms
[2022-04-04T14:02:39.620+0800][244.500s] GC(10) User=0.02s Sys=0.00s Real=0.01s
[2022-04-04T14:02:43.292+0800][248.172s] GC(11) Pause Young (Normal) (G1 Evacuation Pause)
[2022-04-04T14:02:43.292+0800][248.173s] GC(11) Using 8 workers of 8 for evacuation
[2022-04-04T14:02:43.300+0800][248.181s] GC(11)   Pre Evacuate Collection Set: 0.1ms
[2022-04-04T14:02:43.300+0800][248.181s] GC(11)   Merge Heap Roots: 0.1ms
[2022-04-04T14:02:43.300+0800][248.181s] GC(11)   Evacuate Collection Set: 7.2ms
[2022-04-04T14:02:43.300+0800][248.181s] GC(11)   Post Evacuate Collection Set: 0.9ms
[2022-04-04T14:02:43.300+0800][248.181s] GC(11)   Other: 0.2ms
[2022-04-04T14:02:43.301+0800][248.181s] GC(11) Eden regions: 288->0(288)
[2022-04-04T14:02:43.301+0800][248.181s] GC(11) Survivor regions: 19->19(39)
[2022-04-04T14:02:43.301+0800][248.181s] GC(11) Old regions: 20->20
[2022-04-04T14:02:43.301+0800][248.181s] GC(11) Archive regions: 0->0
[2022-04-04T14:02:43.301+0800][248.181s] GC(11) Humongous regions: 8->8
[2022-04-04T14:02:43.301+0800][248.181s] GC(11) Metaspace: 51516K(52224K)->51516K(52224K) NonClass: 45667K(46080K)->45667K(46080K) Class: 5848K(6144K)->5848K(6144K)
[2022-04-04T14:02:43.301+0800][248.181s] GC(11) Pause Young (Normal) (G1 Evacuation Pause) 333M->45M(512M) 8.932ms
[2022-04-04T14:02:43.301+0800][248.181s] GC(11) User=0.00s Sys=0.00s Real=0.01s
[2022-04-04T14:02:46.936+0800][251.817s] GC(12) Pause Young (Normal) (G1 Evacuation Pause)
[2022-04-04T14:02:46.936+0800][251.817s] GC(12) Using 8 workers of 8 for evacuation
[2022-04-04T14:02:46.944+0800][251.825s] GC(12)   Pre Evacuate Collection Set: 0.1ms
[2022-04-04T14:02:46.944+0800][251.825s] GC(12)   Merge Heap Roots: 0.1ms
[2022-04-04T14:02:46.944+0800][251.825s] GC(12)   Evacuate Collection Set: 6.7ms
[2022-04-04T14:02:46.944+0800][251.825s] GC(12)   Post Evacuate Collection Set: 0.9ms
[2022-04-04T14:02:46.944+0800][251.825s] GC(12)   Other: 0.2ms
[2022-04-04T14:02:46.944+0800][251.825s] GC(12) Eden regions: 288->0(289)
[2022-04-04T14:02:46.944+0800][251.825s] GC(12) Survivor regions: 19->18(39)
[2022-04-04T14:02:46.944+0800][251.825s] GC(12) Old regions: 20->20
[2022-04-04T14:02:46.944+0800][251.825s] GC(12) Archive regions: 0->0
[2022-04-04T14:02:46.944+0800][251.825s] GC(12) Humongous regions: 8->8
[2022-04-04T14:02:46.945+0800][251.825s] GC(12) Metaspace: 51522K(52224K)->51522K(52224K) NonClass: 45673K(46080K)->45673K(46080K) Class: 5848K(6144K)->5848K(6144K)
[2022-04-04T14:02:46.945+0800][251.825s] GC(12) Pause Young (Normal) (G1 Evacuation Pause) 333M->45M(512M) 8.431ms
[2022-04-04T14:02:46.945+0800][251.825s] GC(12) User=0.00s Sys=0.00s Real=0.01s
[2022-04-04T14:02:50.847+0800][255.727s] GC(13) Pause Young (Normal) (G1 Evacuation Pause)
[2022-04-04T14:02:50.847+0800][255.727s] GC(13) Using 8 workers of 8 for evacuation
[2022-04-04T14:02:50.856+0800][255.736s] GC(13)   Pre Evacuate Collection Set: 0.1ms
[2022-04-04T14:02:50.856+0800][255.736s] GC(13)   Merge Heap Roots: 0.1ms
[2022-04-04T14:02:50.856+0800][255.736s] GC(13)   Evacuate Collection Set: 7.8ms
[2022-04-04T14:02:50.856+0800][255.737s] GC(13)   Post Evacuate Collection Set: 0.9ms
[2022-04-04T14:02:50.856+0800][255.737s] GC(13)   Other: 0.2ms
[2022-04-04T14:02:50.856+0800][255.737s] GC(13) Eden regions: 289->0(288)
[2022-04-04T14:02:50.856+0800][255.737s] GC(13) Survivor regions: 18->19(39)
[2022-04-04T14:02:50.856+0800][255.737s] GC(13) Old regions: 20->20
[2022-04-04T14:02:50.856+0800][255.737s] GC(13) Archive regions: 0->0
[2022-04-04T14:02:50.856+0800][255.737s] GC(13) Humongous regions: 8->8
[2022-04-04T14:02:50.856+0800][255.737s] GC(13) Metaspace: 51522K(52224K)->51522K(52224K) NonClass: 45673K(46080K)->45673K(46080K) Class: 5848K(6144K)->5848K(6144K)
[2022-04-04T14:02:50.856+0800][255.737s] GC(13) Pause Young (Normal) (G1 Evacuation Pause) 334M->45M(512M) 9.395ms
[2022-04-04T14:02:50.856+0800][255.737s] GC(13) User=0.09s Sys=0.00s Real=0.01s
[2022-04-04T14:02:54.486+0800][259.367s] GC(14) Pause Young (Normal) (G1 Evacuation Pause)
[2022-04-04T14:02:54.486+0800][259.367s] GC(14) Using 8 workers of 8 for evacuation
[2022-04-04T14:02:54.496+0800][259.376s] GC(14)   Pre Evacuate Collection Set: 0.1ms
[2022-04-04T14:02:54.496+0800][259.376s] GC(14)   Merge Heap Roots: 0.2ms
[2022-04-04T14:02:54.496+0800][259.377s] GC(14)   Evacuate Collection Set: 8.2ms
[2022-04-04T14:02:54.496+0800][259.377s] GC(14)   Post Evacuate Collection Set: 1.1ms
[2022-04-04T14:02:54.496+0800][259.377s] GC(14)   Other: 0.3ms
[2022-04-04T14:02:54.496+0800][259.377s] GC(14) Eden regions: 288->0(288)
[2022-04-04T14:02:54.496+0800][259.377s] GC(14) Survivor regions: 19->19(39)
[2022-04-04T14:02:54.496+0800][259.377s] GC(14) Old regions: 20->20
[2022-04-04T14:02:54.496+0800][259.377s] GC(14) Archive regions: 0->0
[2022-04-04T14:02:54.496+0800][259.377s] GC(14) Humongous regions: 8->8
[2022-04-04T14:02:54.496+0800][259.377s] GC(14) Metaspace: 51536K(52224K)->51536K(52224K) NonClass: 45686K(46080K)->45686K(46080K) Class: 5849K(6144K)->5849K(6144K)
[2022-04-04T14:02:54.496+0800][259.377s] GC(14) Pause Young (Normal) (G1 Evacuation Pause) 333M->45M(512M) 10.205ms
[2022-04-04T14:02:54.496+0800][259.377s] GC(14) User=0.02s Sys=0.00s Real=0.01s
[2022-04-04T14:02:58.696+0800][263.577s] GC(15) Pause Young (Normal) (G1 Evacuation Pause)
[2022-04-04T14:02:58.696+0800][263.577s] GC(15) Using 8 workers of 8 for evacuation
[2022-04-04T14:02:58.705+0800][263.586s] GC(15)   Pre Evacuate Collection Set: 0.1ms
[2022-04-04T14:02:58.705+0800][263.586s] GC(15)   Merge Heap Roots: 0.1ms
[2022-04-04T14:02:58.705+0800][263.586s] GC(15)   Evacuate Collection Set: 8.2ms
[2022-04-04T14:02:58.705+0800][263.586s] GC(15)   Post Evacuate Collection Set: 0.9ms
[2022-04-04T14:02:58.705+0800][263.586s] GC(15)   Other: 0.2ms
[2022-04-04T14:02:58.705+0800][263.586s] GC(15) Eden regions: 288->0(288)
[2022-04-04T14:02:58.706+0800][263.586s] GC(15) Survivor regions: 19->19(39)
[2022-04-04T14:02:58.706+0800][263.586s] GC(15) Old regions: 20->20
[2022-04-04T14:02:58.706+0800][263.586s] GC(15) Archive regions: 0->0
[2022-04-04T14:02:58.706+0800][263.586s] GC(15) Humongous regions: 8->8
[2022-04-04T14:02:58.706+0800][263.586s] GC(15) Metaspace: 51616K(52224K)->51616K(52224K) NonClass: 45765K(46080K)->45765K(46080K) Class: 5850K(6144K)->5850K(6144K)
[2022-04-04T14:02:58.706+0800][263.586s] GC(15) Pause Young (Normal) (G1 Evacuation Pause) 333M->45M(512M) 9.875ms
[2022-04-04T14:02:58.706+0800][263.586s] GC(15) User=0.11s Sys=0.00s Real=0.01s
[2022-04-04T14:03:02.788+0800][267.669s] GC(16) Pause Young (Normal) (G1 Evacuation Pause)
[2022-04-04T14:03:02.788+0800][267.669s] GC(16) Using 8 workers of 8 for evacuation
[2022-04-04T14:03:02.797+0800][267.677s] GC(16)   Pre Evacuate Collection Set: 0.1ms
[2022-04-04T14:03:02.797+0800][267.677s] GC(16)   Merge Heap Roots: 0.1ms
[2022-04-04T14:03:02.797+0800][267.677s] GC(16)   Evacuate Collection Set: 6.8ms
[2022-04-04T14:03:02.797+0800][267.677s] GC(16)   Post Evacuate Collection Set: 1.0ms
[2022-04-04T14:03:02.797+0800][267.678s] GC(16)   Other: 0.3ms
[2022-04-04T14:03:02.797+0800][267.678s] GC(16) Eden regions: 288->0(288)
[2022-04-04T14:03:02.797+0800][267.678s] GC(16) Survivor regions: 19->19(39)
[2022-04-04T14:03:02.797+0800][267.678s] GC(16) Old regions: 20->20
[2022-04-04T14:03:02.797+0800][267.678s] GC(16) Archive regions: 0->0
[2022-04-04T14:03:02.797+0800][267.678s] GC(16) Humongous regions: 8->8
[2022-04-04T14:03:02.797+0800][267.678s] GC(16) Metaspace: 51618K(52224K)->51618K(52224K) NonClass: 45766K(46080K)->45766K(46080K) Class: 5851K(6144K)->5851K(6144K)
[2022-04-04T14:03:02.797+0800][267.678s] GC(16) Pause Young (Normal) (G1 Evacuation Pause) 333M->45M(512M) 8.632ms
[2022-04-04T14:03:02.797+0800][267.678s] GC(16) User=0.12s Sys=0.00s Real=0.01s
[2022-04-04T14:03:06.982+0800][271.862s] GC(17) Pause Young (Normal) (G1 Evacuation Pause)
[2022-04-04T14:03:06.982+0800][271.863s] GC(17) Using 8 workers of 8 for evacuation
[2022-04-04T14:03:06.991+0800][271.872s] GC(17)   Pre Evacuate Collection Set: 0.1ms
[2022-04-04T14:03:06.991+0800][271.872s] GC(17)   Merge Heap Roots: 0.1ms
[2022-04-04T14:03:06.992+0800][271.872s] GC(17)   Evacuate Collection Set: 7.9ms
[2022-04-04T14:03:06.992+0800][271.872s] GC(17)   Post Evacuate Collection Set: 1.4ms
[2022-04-04T14:03:06.992+0800][271.872s] GC(17)   Other: 0.2ms
[2022-04-04T14:03:06.992+0800][271.872s] GC(17) Eden regions: 288->0(288)
[2022-04-04T14:03:06.992+0800][271.872s] GC(17) Survivor regions: 19->19(39)
[2022-04-04T14:03:06.992+0800][271.872s] GC(17) Old regions: 20->20
[2022-04-04T14:03:06.992+0800][271.872s] GC(17) Archive regions: 0->0
[2022-04-04T14:03:06.992+0800][271.872s] GC(17) Humongous regions: 8->8
[2022-04-04T14:03:06.992+0800][271.872s] GC(17) Metaspace: 51618K(52224K)->51618K(52224K) NonClass: 45766K(46080K)->45766K(46080K) Class: 5851K(6144K)->5851K(6144K)
[2022-04-04T14:03:06.992+0800][271.872s] GC(17) Pause Young (Normal) (G1 Evacuation Pause) 333M->45M(512M) 10.041ms
[2022-04-04T14:03:06.992+0800][271.873s] GC(17) User=0.00s Sys=0.00s Real=0.01s
[2022-04-04T14:03:11.357+0800][276.238s] GC(18) Pause Young (Normal) (G1 Evacuation Pause)
[2022-04-04T14:03:11.357+0800][276.238s] GC(18) Using 8 workers of 8 for evacuation
[2022-04-04T14:03:11.366+0800][276.246s] GC(18)   Pre Evacuate Collection Set: 0.1ms
[2022-04-04T14:03:11.366+0800][276.246s] GC(18)   Merge Heap Roots: 0.1ms
[2022-04-04T14:03:11.366+0800][276.247s] GC(18)   Evacuate Collection Set: 7.2ms
[2022-04-04T14:03:11.366+0800][276.247s] GC(18)   Post Evacuate Collection Set: 1.0ms
[2022-04-04T14:03:11.366+0800][276.247s] GC(18)   Other: 0.2ms
[2022-04-04T14:03:11.366+0800][276.247s] GC(18) Eden regions: 288->0(288)
[2022-04-04T14:03:11.366+0800][276.247s] GC(18) Survivor regions: 19->19(39)
[2022-04-04T14:03:11.366+0800][276.247s] GC(18) Old regions: 20->20
[2022-04-04T14:03:11.366+0800][276.247s] GC(18) Archive regions: 0->0
[2022-04-04T14:03:11.366+0800][276.247s] GC(18) Humongous regions: 8->8
[2022-04-04T14:03:11.366+0800][276.247s] GC(18) Metaspace: 51618K(52224K)->51618K(52224K) NonClass: 45766K(46080K)->45766K(46080K) Class: 5851K(6144K)->5851K(6144K)
[2022-04-04T14:03:11.366+0800][276.247s] GC(18) Pause Young (Normal) (G1 Evacuation Pause) 333M->45M(512M) 8.856ms
[2022-04-04T14:03:11.366+0800][276.247s] GC(18) User=0.00s Sys=0.00s Real=0.01s
[2022-04-04T14:03:15.341+0800][280.222s] GC(19) Pause Young (Normal) (G1 Evacuation Pause)
[2022-04-04T14:03:15.341+0800][280.222s] GC(19) Using 8 workers of 8 for evacuation
[2022-04-04T14:03:15.350+0800][280.231s] GC(19)   Pre Evacuate Collection Set: 0.1ms
[2022-04-04T14:03:15.351+0800][280.231s] GC(19)   Merge Heap Roots: 0.1ms
[2022-04-04T14:03:15.351+0800][280.231s] GC(19)   Evacuate Collection Set: 7.1ms
[2022-04-04T14:03:15.351+0800][280.231s] GC(19)   Post Evacuate Collection Set: 1.9ms
[2022-04-04T14:03:15.351+0800][280.231s] GC(19)   Other: 0.2ms
[2022-04-04T14:03:15.351+0800][280.231s] GC(19) Eden regions: 288->0(288)
[2022-04-04T14:03:15.351+0800][280.231s] GC(19) Survivor regions: 19->19(39)
[2022-04-04T14:03:15.351+0800][280.231s] GC(19) Old regions: 20->20
[2022-04-04T14:03:15.351+0800][280.231s] GC(19) Archive regions: 0->0
[2022-04-04T14:03:15.351+0800][280.232s] GC(19) Humongous regions: 8->8
[2022-04-04T14:03:15.351+0800][280.232s] GC(19) Metaspace: 51618K(52224K)->51618K(52224K) NonClass: 45766K(46080K)->45766K(46080K) Class: 5851K(6144K)->5851K(6144K)
[2022-04-04T14:03:15.351+0800][280.232s] GC(19) Pause Young (Normal) (G1 Evacuation Pause) 333M->45M(512M) 9.808ms
[2022-04-04T14:03:15.351+0800][280.232s] GC(19) User=0.00s Sys=0.00s Real=0.01s
[2022-04-04T14:03:19.116+0800][283.997s] GC(20) Pause Young (Normal) (G1 Evacuation Pause)
[2022-04-04T14:03:19.116+0800][283.997s] GC(20) Using 8 workers of 8 for evacuation
[2022-04-04T14:03:19.124+0800][284.005s] GC(20)   Pre Evacuate Collection Set: 0.1ms
[2022-04-04T14:03:19.124+0800][284.005s] GC(20)   Merge Heap Roots: 0.1ms
[2022-04-04T14:03:19.124+0800][284.005s] GC(20)   Evacuate Collection Set: 6.8ms
[2022-04-04T14:03:19.124+0800][284.005s] GC(20)   Post Evacuate Collection Set: 1.0ms
[2022-04-04T14:03:19.124+0800][284.005s] GC(20)   Other: 0.2ms
[2022-04-04T14:03:19.124+0800][284.005s] GC(20) Eden regions: 288->0(293)
[2022-04-04T14:03:19.124+0800][284.005s] GC(20) Survivor regions: 19->14(39)
[2022-04-04T14:03:19.124+0800][284.005s] GC(20) Old regions: 20->25
[2022-04-04T14:03:19.125+0800][284.005s] GC(20) Archive regions: 0->0
[2022-04-04T14:03:19.125+0800][284.005s] GC(20) Humongous regions: 8->8
[2022-04-04T14:03:19.125+0800][284.005s] GC(20) Metaspace: 51620K(52224K)->51620K(52224K) NonClass: 45767K(46080K)->45767K(46080K) Class: 5852K(6144K)->5852K(6144K)
[2022-04-04T14:03:19.125+0800][284.005s] GC(20) Pause Young (Normal) (G1 Evacuation Pause) 333M->45M(512M) 8.494ms
[2022-04-04T14:03:19.125+0800][284.005s] GC(20) User=0.12s Sys=0.00s Real=0.01s
[2022-04-04T14:03:23.033+0800][287.914s] GC(21) Pause Young (Normal) (G1 Evacuation Pause)
[2022-04-04T14:03:23.033+0800][287.914s] GC(21) Using 8 workers of 8 for evacuation
[2022-04-04T14:03:23.039+0800][287.920s] GC(21)   Pre Evacuate Collection Set: 0.1ms
[2022-04-04T14:03:23.039+0800][287.920s] GC(21)   Merge Heap Roots: 0.1ms
[2022-04-04T14:03:23.039+0800][287.920s] GC(21)   Evacuate Collection Set: 4.3ms
[2022-04-04T14:03:23.039+0800][287.920s] GC(21)   Post Evacuate Collection Set: 1.0ms
[2022-04-04T14:03:23.039+0800][287.920s] GC(21)   Other: 0.3ms
[2022-04-04T14:03:23.039+0800][287.920s] GC(21) Eden regions: 293->0(304)
[2022-04-04T14:03:23.039+0800][287.920s] GC(21) Survivor regions: 14->3(39)
[2022-04-04T14:03:23.039+0800][287.920s] GC(21) Old regions: 25->36
[2022-04-04T14:03:23.039+0800][287.920s] GC(21) Archive regions: 0->0
[2022-04-04T14:03:23.039+0800][287.920s] GC(21) Humongous regions: 8->8
[2022-04-04T14:03:23.039+0800][287.920s] GC(21) Metaspace: 51620K(52224K)->51620K(52224K) NonClass: 45767K(46080K)->45767K(46080K) Class: 5852K(6144K)->5852K(6144K)
[2022-04-04T14:03:23.039+0800][287.920s] GC(21) Pause Young (Normal) (G1 Evacuation Pause) 338M->46M(512M) 6.069ms
[2022-04-04T14:03:23.039+0800][287.920s] GC(21) User=0.00s Sys=0.00s Real=0.01s
[2022-04-04T14:36:54.366+0800][2299.289s] GC(22) Pause Young (Normal) (G1 Evacuation Pause)
[2022-04-04T14:36:54.366+0800][2299.289s] GC(22) Using 8 workers of 8 for evacuation
[2022-04-04T14:36:54.368+0800][2299.291s] GC(22)   Pre Evacuate Collection Set: 0.1ms
[2022-04-04T14:36:54.368+0800][2299.291s] GC(22)   Merge Heap Roots: 0.1ms
[2022-04-04T14:36:54.368+0800][2299.291s] GC(22)   Evacuate Collection Set: 1.2ms
[2022-04-04T14:36:54.368+0800][2299.291s] GC(22)   Post Evacuate Collection Set: 0.5ms
[2022-04-04T14:36:54.368+0800][2299.291s] GC(22)   Other: 0.2ms
[2022-04-04T14:36:54.368+0800][2299.291s] GC(22) Eden regions: 304->0(305)
[2022-04-04T14:36:54.368+0800][2299.291s] GC(22) Survivor regions: 3->2(39)
[2022-04-04T14:36:54.368+0800][2299.291s] GC(22) Old regions: 36->37
[2022-04-04T14:36:54.368+0800][2299.291s] GC(22) Archive regions: 0->0
[2022-04-04T14:36:54.368+0800][2299.291s] GC(22) Humongous regions: 8->8
[2022-04-04T14:36:54.368+0800][2299.291s] GC(22) Metaspace: 51798K(52480K)->51798K(52480K) NonClass: 45926K(46336K)->45926K(46336K) Class: 5871K(6144K)->5871K(6144K)
[2022-04-04T14:36:54.368+0800][2299.291s] GC(22) Pause Young (Normal) (G1 Evacuation Pause) 350M->46M(512M) 2.313ms
[2022-04-04T14:36:54.368+0800][2299.291s] GC(22) User=0.00s Sys=0.00s Real=0.00s
[2022-04-04T14:36:58.101+0800][2303.024s] GC(23) Pause Young (Normal) (G1 Evacuation Pause)
[2022-04-04T14:36:58.101+0800][2303.024s] GC(23) Using 8 workers of 8 for evacuation
[2022-04-04T14:36:58.103+0800][2303.026s] GC(23)   Pre Evacuate Collection Set: 0.1ms
[2022-04-04T14:36:58.103+0800][2303.026s] GC(23)   Merge Heap Roots: 0.1ms
[2022-04-04T14:36:58.103+0800][2303.026s] GC(23)   Evacuate Collection Set: 1.1ms
[2022-04-04T14:36:58.103+0800][2303.026s] GC(23)   Post Evacuate Collection Set: 0.7ms
[2022-04-04T14:36:58.103+0800][2303.026s] GC(23)   Other: 0.2ms
[2022-04-04T14:36:58.103+0800][2303.026s] GC(23) Eden regions: 305->0(305)
[2022-04-04T14:36:58.103+0800][2303.026s] GC(23) Survivor regions: 2->2(39)
[2022-04-04T14:36:58.103+0800][2303.026s] GC(23) Old regions: 37->37
[2022-04-04T14:36:58.103+0800][2303.026s] GC(23) Archive regions: 0->0
[2022-04-04T14:36:58.103+0800][2303.026s] GC(23) Humongous regions: 8->8
[2022-04-04T14:36:58.103+0800][2303.026s] GC(23) Metaspace: 51798K(52480K)->51798K(52480K) NonClass: 45926K(46336K)->45926K(46336K) Class: 5871K(6144K)->5871K(6144K)
[2022-04-04T14:36:58.103+0800][2303.026s] GC(23) Pause Young (Normal) (G1 Evacuation Pause) 351M->46M(512M) 2.476ms
[2022-04-04T14:36:58.103+0800][2303.026s] GC(23) User=0.00s Sys=0.00s Real=0.00s
[2022-04-04T14:37:02.190+0800][2307.113s] GC(24) Pause Young (Normal) (G1 Evacuation Pause)
[2022-04-04T14:37:02.190+0800][2307.113s] GC(24) Using 8 workers of 8 for evacuation
[2022-04-04T14:37:02.193+0800][2307.116s] GC(24)   Pre Evacuate Collection Set: 0.1ms
[2022-04-04T14:37:02.193+0800][2307.116s] GC(24)   Merge Heap Roots: 0.1ms
[2022-04-04T14:37:02.193+0800][2307.116s] GC(24)   Evacuate Collection Set: 1.4ms
[2022-04-04T14:37:02.193+0800][2307.116s] GC(24)   Post Evacuate Collection Set: 0.6ms
[2022-04-04T14:37:02.193+0800][2307.116s] GC(24)   Other: 0.3ms
[2022-04-04T14:37:02.193+0800][2307.116s] GC(24) Eden regions: 305->0(305)
[2022-04-04T14:37:02.193+0800][2307.116s] GC(24) Survivor regions: 2->2(39)
[2022-04-04T14:37:02.193+0800][2307.116s] GC(24) Old regions: 37->37
[2022-04-04T14:37:02.193+0800][2307.116s] GC(24) Archive regions: 0->0
[2022-04-04T14:37:02.193+0800][2307.116s] GC(24) Humongous regions: 8->8
[2022-04-04T14:37:02.193+0800][2307.116s] GC(24) Metaspace: 51798K(52480K)->51798K(52480K) NonClass: 45926K(46336K)->45926K(46336K) Class: 5871K(6144K)->5871K(6144K)
[2022-04-04T14:37:02.193+0800][2307.116s] GC(24) Pause Young (Normal) (G1 Evacuation Pause) 351M->46M(512M) 2.833ms
[2022-04-04T14:37:02.193+0800][2307.116s] GC(24) User=0.00s Sys=0.00s Real=0.00s
[2022-04-04T14:37:06.453+0800][2311.376s] GC(25) Pause Young (Normal) (G1 Evacuation Pause)
[2022-04-04T14:37:06.453+0800][2311.376s] GC(25) Using 8 workers of 8 for evacuation
[2022-04-04T14:37:06.455+0800][2311.378s] GC(25)   Pre Evacuate Collection Set: 0.1ms
[2022-04-04T14:37:06.455+0800][2311.378s] GC(25)   Merge Heap Roots: 0.1ms
[2022-04-04T14:37:06.455+0800][2311.378s] GC(25)   Evacuate Collection Set: 1.4ms
[2022-04-04T14:37:06.455+0800][2311.378s] GC(25)   Post Evacuate Collection Set: 0.6ms
[2022-04-04T14:37:06.455+0800][2311.378s] GC(25)   Other: 0.2ms
[2022-04-04T14:37:06.455+0800][2311.378s] GC(25) Eden regions: 305->0(304)
[2022-04-04T14:37:06.456+0800][2311.379s] GC(25) Survivor regions: 2->3(39)
[2022-04-04T14:37:06.456+0800][2311.379s] GC(25) Old regions: 37->37
[2022-04-04T14:37:06.456+0800][2311.379s] GC(25) Archive regions: 0->0
[2022-04-04T14:37:06.456+0800][2311.379s] GC(25) Humongous regions: 8->8
[2022-04-04T14:37:06.456+0800][2311.379s] GC(25) Metaspace: 51798K(52480K)->51798K(52480K) NonClass: 45926K(46336K)->45926K(46336K) Class: 5871K(6144K)->5871K(6144K)
[2022-04-04T14:37:06.456+0800][2311.379s] GC(25) Pause Young (Normal) (G1 Evacuation Pause) 351M->47M(512M) 2.874ms
[2022-04-04T14:37:06.456+0800][2311.379s] GC(25) User=0.00s Sys=0.00s Real=0.00s
[2022-04-04T14:37:10.627+0800][2315.550s] GC(26) Pause Young (Normal) (G1 Evacuation Pause)
[2022-04-04T14:37:10.627+0800][2315.550s] GC(26) Using 8 workers of 8 for evacuation
[2022-04-04T14:37:10.630+0800][2315.553s] GC(26)   Pre Evacuate Collection Set: 0.1ms
[2022-04-04T14:37:10.630+0800][2315.553s] GC(26)   Merge Heap Roots: 0.1ms
[2022-04-04T14:37:10.630+0800][2315.553s] GC(26)   Evacuate Collection Set: 1.5ms
[2022-04-04T14:37:10.630+0800][2315.553s] GC(26)   Post Evacuate Collection Set: 0.6ms
[2022-04-04T14:37:10.630+0800][2315.553s] GC(26)   Other: 0.2ms
[2022-04-04T14:37:10.630+0800][2315.553s] GC(26) Eden regions: 304->0(304)
[2022-04-04T14:37:10.630+0800][2315.553s] GC(26) Survivor regions: 3->3(39)
[2022-04-04T14:37:10.630+0800][2315.553s] GC(26) Old regions: 37->37
[2022-04-04T14:37:10.630+0800][2315.553s] GC(26) Archive regions: 0->0
[2022-04-04T14:37:10.630+0800][2315.553s] GC(26) Humongous regions: 8->8
[2022-04-04T14:37:10.630+0800][2315.553s] GC(26) Metaspace: 51798K(52480K)->51798K(52480K) NonClass: 45926K(46336K)->45926K(46336K) Class: 5871K(6144K)->5871K(6144K)
[2022-04-04T14:37:10.630+0800][2315.553s] GC(26) Pause Young (Normal) (G1 Evacuation Pause) 351M->47M(512M) 2.873ms
[2022-04-04T14:37:10.630+0800][2315.553s] GC(26) User=0.00s Sys=0.00s Real=0.00s
[2022-04-04T14:37:14.551+0800][2319.474s] GC(27) Pause Young (Normal) (G1 Evacuation Pause)
[2022-04-04T14:37:14.551+0800][2319.474s] GC(27) Using 8 workers of 8 for evacuation
[2022-04-04T14:37:14.554+0800][2319.477s] GC(27)   Pre Evacuate Collection Set: 0.1ms
[2022-04-04T14:37:14.554+0800][2319.477s] GC(27)   Merge Heap Roots: 0.1ms
[2022-04-04T14:37:14.554+0800][2319.477s] GC(27)   Evacuate Collection Set: 1.6ms
[2022-04-04T14:37:14.554+0800][2319.477s] GC(27)   Post Evacuate Collection Set: 0.5ms
[2022-04-04T14:37:14.554+0800][2319.477s] GC(27)   Other: 0.2ms
[2022-04-04T14:37:14.554+0800][2319.477s] GC(27) Eden regions: 304->0(304)
[2022-04-04T14:37:14.554+0800][2319.477s] GC(27) Survivor regions: 3->3(39)
[2022-04-04T14:37:14.554+0800][2319.477s] GC(27) Old regions: 37->37
[2022-04-04T14:37:14.554+0800][2319.477s] GC(27) Archive regions: 0->0
[2022-04-04T14:37:14.554+0800][2319.477s] GC(27) Humongous regions: 8->8
[2022-04-04T14:37:14.554+0800][2319.477s] GC(27) Metaspace: 51798K(52480K)->51798K(52480K) NonClass: 45926K(46336K)->45926K(46336K) Class: 5871K(6144K)->5871K(6144K)
[2022-04-04T14:37:14.554+0800][2319.477s] GC(27) Pause Young (Normal) (G1 Evacuation Pause) 351M->47M(512M) 2.792ms
[2022-04-04T14:37:14.554+0800][2319.477s] GC(27) User=0.00s Sys=0.00s Real=0.00s
[2022-04-04T14:37:18.562+0800][2323.485s] GC(28) Pause Young (Normal) (G1 Evacuation Pause)
[2022-04-04T14:37:18.562+0800][2323.485s] GC(28) Using 8 workers of 8 for evacuation
[2022-04-04T14:37:18.564+0800][2323.487s] GC(28)   Pre Evacuate Collection Set: 0.1ms
[2022-04-04T14:37:18.565+0800][2323.488s] GC(28)   Merge Heap Roots: 0.1ms
[2022-04-04T14:37:18.565+0800][2323.488s] GC(28)   Evacuate Collection Set: 1.4ms
[2022-04-04T14:37:18.565+0800][2323.488s] GC(28)   Post Evacuate Collection Set: 0.6ms
[2022-04-04T14:37:18.565+0800][2323.488s] GC(28)   Other: 0.2ms
[2022-04-04T14:37:18.565+0800][2323.488s] GC(28) Eden regions: 304->0(304)
[2022-04-04T14:37:18.565+0800][2323.488s] GC(28) Survivor regions: 3->3(39)
[2022-04-04T14:37:18.565+0800][2323.488s] GC(28) Old regions: 37->38
[2022-04-04T14:37:18.565+0800][2323.488s] GC(28) Archive regions: 0->0
[2022-04-04T14:37:18.565+0800][2323.488s] GC(28) Humongous regions: 8->8
[2022-04-04T14:37:18.565+0800][2323.488s] GC(28) Metaspace: 51798K(52480K)->51798K(52480K) NonClass: 45926K(46336K)->45926K(46336K) Class: 5871K(6144K)->5871K(6144K)
[2022-04-04T14:37:18.565+0800][2323.488s] GC(28) Pause Young (Normal) (G1 Evacuation Pause) 351M->47M(512M) 2.686ms
[2022-04-04T14:37:18.565+0800][2323.488s] GC(28) User=0.00s Sys=0.00s Real=0.00s
[2022-04-04T14:37:22.478+0800][2327.401s] GC(29) Pause Young (Normal) (G1 Evacuation Pause)
[2022-04-04T14:37:22.478+0800][2327.401s] GC(29) Using 8 workers of 8 for evacuation
[2022-04-04T14:37:22.480+0800][2327.403s] GC(29)   Pre Evacuate Collection Set: 0.1ms
[2022-04-04T14:37:22.480+0800][2327.403s] GC(29)   Merge Heap Roots: 0.1ms
[2022-04-04T14:37:22.480+0800][2327.403s] GC(29)   Evacuate Collection Set: 1.8ms
[2022-04-04T14:37:22.480+0800][2327.403s] GC(29)   Post Evacuate Collection Set: 0.6ms
[2022-04-04T14:37:22.480+0800][2327.403s] GC(29)   Other: 0.2ms
[2022-04-04T14:37:22.480+0800][2327.403s] GC(29) Eden regions: 304->0(304)
[2022-04-04T14:37:22.480+0800][2327.403s] GC(29) Survivor regions: 3->3(39)
[2022-04-04T14:37:22.480+0800][2327.403s] GC(29) Old regions: 38->38
[2022-04-04T14:37:22.481+0800][2327.403s] GC(29) Archive regions: 0->0
[2022-04-04T14:37:22.481+0800][2327.404s] GC(29) Humongous regions: 8->8
[2022-04-04T14:37:22.481+0800][2327.404s] GC(29) Metaspace: 51798K(52480K)->51798K(52480K) NonClass: 45926K(46336K)->45926K(46336K) Class: 5871K(6144K)->5871K(6144K)
[2022-04-04T14:37:22.481+0800][2327.404s] GC(29) Pause Young (Normal) (G1 Evacuation Pause) 351M->47M(512M) 3.063ms
[2022-04-04T14:37:22.481+0800][2327.404s] GC(29) User=0.02s Sys=0.08s Real=0.00s
[2022-04-04T14:37:26.502+0800][2331.425s] GC(30) Pause Young (Normal) (G1 Evacuation Pause)
[2022-04-04T14:37:26.502+0800][2331.425s] GC(30) Using 8 workers of 8 for evacuation
[2022-04-04T14:37:26.505+0800][2331.428s] GC(30)   Pre Evacuate Collection Set: 0.1ms
[2022-04-04T14:37:26.505+0800][2331.428s] GC(30)   Merge Heap Roots: 0.1ms
[2022-04-04T14:37:26.505+0800][2331.428s] GC(30)   Evacuate Collection Set: 1.8ms
[2022-04-04T14:37:26.505+0800][2331.428s] GC(30)   Post Evacuate Collection Set: 0.7ms
[2022-04-04T14:37:26.505+0800][2331.428s] GC(30)   Other: 0.2ms
[2022-04-04T14:37:26.505+0800][2331.428s] GC(30) Eden regions: 304->0(304)
[2022-04-04T14:37:26.505+0800][2331.428s] GC(30) Survivor regions: 3->3(39)
[2022-04-04T14:37:26.505+0800][2331.428s] GC(30) Old regions: 38->38
[2022-04-04T14:37:26.505+0800][2331.428s] GC(30) Archive regions: 0->0
[2022-04-04T14:37:26.505+0800][2331.428s] GC(30) Humongous regions: 8->8
[2022-04-04T14:37:26.505+0800][2331.428s] GC(30) Metaspace: 51798K(52480K)->51798K(52480K) NonClass: 45926K(46336K)->45926K(46336K) Class: 5871K(6144K)->5871K(6144K)
[2022-04-04T14:37:26.505+0800][2331.428s] GC(30) Pause Young (Normal) (G1 Evacuation Pause) 351M->47M(512M) 3.156ms
[2022-04-04T14:37:26.505+0800][2331.428s] GC(30) User=0.00s Sys=0.00s Real=0.00s
[2022-04-04T14:37:30.384+0800][2335.307s] GC(31) Pause Young (Normal) (G1 Evacuation Pause)
[2022-04-04T14:37:30.385+0800][2335.308s] GC(31) Using 8 workers of 8 for evacuation
[2022-04-04T14:37:30.388+0800][2335.311s] GC(31)   Pre Evacuate Collection Set: 0.1ms
[2022-04-04T14:37:30.388+0800][2335.311s] GC(31)   Merge Heap Roots: 0.1ms
[2022-04-04T14:37:30.388+0800][2335.311s] GC(31)   Evacuate Collection Set: 2.2ms
[2022-04-04T14:37:30.388+0800][2335.311s] GC(31)   Post Evacuate Collection Set: 0.8ms
[2022-04-04T14:37:30.388+0800][2335.311s] GC(31)   Other: 0.2ms
[2022-04-04T14:37:30.388+0800][2335.311s] GC(31) Eden regions: 304->0(304)
[2022-04-04T14:37:30.388+0800][2335.311s] GC(31) Survivor regions: 3->3(39)
[2022-04-04T14:37:30.388+0800][2335.311s] GC(31) Old regions: 38->38
[2022-04-04T14:37:30.388+0800][2335.311s] GC(31) Archive regions: 0->0
[2022-04-04T14:37:30.388+0800][2335.311s] GC(31) Humongous regions: 8->8
[2022-04-04T14:37:30.388+0800][2335.311s] GC(31) Metaspace: 51798K(52480K)->51798K(52480K) NonClass: 45926K(46336K)->45926K(46336K) Class: 5871K(6144K)->5871K(6144K)
[2022-04-04T14:37:30.388+0800][2335.311s] GC(31) Pause Young (Normal) (G1 Evacuation Pause) 351M->47M(512M) 3.722ms
[2022-04-04T14:37:30.388+0800][2335.311s] GC(31) User=0.09s Sys=0.00s Real=0.00s
[2022-04-04T14:37:34.245+0800][2339.168s] GC(32) Pause Young (Normal) (G1 Evacuation Pause)
[2022-04-04T14:37:34.245+0800][2339.168s] GC(32) Using 8 workers of 8 for evacuation
[2022-04-04T14:37:34.247+0800][2339.170s] GC(32)   Pre Evacuate Collection Set: 0.1ms
[2022-04-04T14:37:34.247+0800][2339.170s] GC(32)   Merge Heap Roots: 0.1ms
[2022-04-04T14:37:34.247+0800][2339.170s] GC(32)   Evacuate Collection Set: 1.6ms
[2022-04-04T14:37:34.247+0800][2339.170s] GC(32)   Post Evacuate Collection Set: 0.6ms
[2022-04-04T14:37:34.248+0800][2339.170s] GC(32)   Other: 0.2ms
[2022-04-04T14:37:34.248+0800][2339.171s] GC(32) Eden regions: 304->0(304)
[2022-04-04T14:37:34.248+0800][2339.171s] GC(32) Survivor regions: 3->3(39)
[2022-04-04T14:37:34.248+0800][2339.171s] GC(32) Old regions: 38->38
[2022-04-04T14:37:34.248+0800][2339.171s] GC(32) Archive regions: 0->0
[2022-04-04T14:37:34.248+0800][2339.171s] GC(32) Humongous regions: 8->8
[2022-04-04T14:37:34.248+0800][2339.171s] GC(32) Metaspace: 51798K(52480K)->51798K(52480K) NonClass: 45926K(46336K)->45926K(46336K) Class: 5871K(6144K)->5871K(6144K)
[2022-04-04T14:37:34.248+0800][2339.171s] GC(32) Pause Young (Normal) (G1 Evacuation Pause) 351M->47M(512M) 2.960ms
[2022-04-04T14:37:34.248+0800][2339.171s] GC(32) User=0.00s Sys=0.00s Real=0.00s
[2022-04-04T14:37:38.254+0800][2343.177s] GC(33) Pause Young (Normal) (G1 Evacuation Pause)
[2022-04-04T14:37:38.254+0800][2343.177s] GC(33) Using 8 workers of 8 for evacuation
[2022-04-04T14:37:38.257+0800][2343.180s] GC(33)   Pre Evacuate Collection Set: 0.1ms
[2022-04-04T14:37:38.257+0800][2343.180s] GC(33)   Merge Heap Roots: 0.1ms
[2022-04-04T14:37:38.257+0800][2343.180s] GC(33)   Evacuate Collection Set: 1.7ms
[2022-04-04T14:37:38.257+0800][2343.180s] GC(33)   Post Evacuate Collection Set: 0.8ms
[2022-04-04T14:37:38.257+0800][2343.180s] GC(33)   Other: 0.2ms
[2022-04-04T14:37:38.257+0800][2343.180s] GC(33) Eden regions: 304->0(304)
[2022-04-04T14:37:38.257+0800][2343.180s] GC(33) Survivor regions: 3->3(39)
[2022-04-04T14:37:38.257+0800][2343.180s] GC(33) Old regions: 38->38
[2022-04-04T14:37:38.257+0800][2343.180s] GC(33) Archive regions: 0->0
[2022-04-04T14:37:38.257+0800][2343.180s] GC(33) Humongous regions: 8->8
[2022-04-04T14:37:38.258+0800][2343.181s] GC(33) Metaspace: 51798K(52480K)->51798K(52480K) NonClass: 45926K(46336K)->45926K(46336K) Class: 5871K(6144K)->5871K(6144K)
[2022-04-04T14:37:38.258+0800][2343.181s] GC(33) Pause Young (Normal) (G1 Evacuation Pause) 351M->47M(512M) 3.164ms
[2022-04-04T14:37:38.258+0800][2343.181s] GC(33) User=0.00s Sys=0.00s Real=0.00s
[2022-04-04T14:37:42.282+0800][2347.205s] GC(34) Pause Young (Normal) (G1 Evacuation Pause)
[2022-04-04T14:37:42.282+0800][2347.205s] GC(34) Using 8 workers of 8 for evacuation
[2022-04-04T14:37:42.285+0800][2347.208s] GC(34)   Pre Evacuate Collection Set: 0.1ms
[2022-04-04T14:37:42.285+0800][2347.208s] GC(34)   Merge Heap Roots: 0.1ms
[2022-04-04T14:37:42.285+0800][2347.208s] GC(34)   Evacuate Collection Set: 2.1ms
[2022-04-04T14:37:42.285+0800][2347.208s] GC(34)   Post Evacuate Collection Set: 0.6ms
[2022-04-04T14:37:42.286+0800][2347.209s] GC(34)   Other: 0.2ms
[2022-04-04T14:37:42.286+0800][2347.209s] GC(34) Eden regions: 304->0(304)
[2022-04-04T14:37:42.286+0800][2347.209s] GC(34) Survivor regions: 3->3(39)
[2022-04-04T14:37:42.286+0800][2347.209s] GC(34) Old regions: 38->38
[2022-04-04T14:37:42.286+0800][2347.209s] GC(34) Archive regions: 0->0
[2022-04-04T14:37:42.286+0800][2347.209s] GC(34) Humongous regions: 8->8
[2022-04-04T14:37:42.286+0800][2347.209s] GC(34) Metaspace: 51798K(52480K)->51798K(52480K) NonClass: 45926K(46336K)->45926K(46336K) Class: 5871K(6144K)->5871K(6144K)
[2022-04-04T14:37:42.286+0800][2347.209s] GC(34) Pause Young (Normal) (G1 Evacuation Pause) 351M->47M(512M) 3.390ms
[2022-04-04T14:37:42.286+0800][2347.209s] GC(34) User=0.00s Sys=0.00s Real=0.00s
[2022-04-04T14:37:46.431+0800][2351.354s] GC(35) Pause Young (Normal) (G1 Evacuation Pause)
[2022-04-04T14:37:46.431+0800][2351.354s] GC(35) Using 8 workers of 8 for evacuation
[2022-04-04T14:37:46.434+0800][2351.357s] GC(35)   Pre Evacuate Collection Set: 0.1ms
[2022-04-04T14:37:46.434+0800][2351.357s] GC(35)   Merge Heap Roots: 0.1ms
[2022-04-04T14:37:46.434+0800][2351.357s] GC(35)   Evacuate Collection Set: 1.8ms
[2022-04-04T14:37:46.434+0800][2351.357s] GC(35)   Post Evacuate Collection Set: 0.8ms
[2022-04-04T14:37:46.434+0800][2351.357s] GC(35)   Other: 0.3ms
[2022-04-04T14:37:46.434+0800][2351.357s] GC(35) Eden regions: 304->0(304)
[2022-04-04T14:37:46.434+0800][2351.357s] GC(35) Survivor regions: 3->3(39)
[2022-04-04T14:37:46.434+0800][2351.357s] GC(35) Old regions: 38->38
[2022-04-04T14:37:46.434+0800][2351.357s] GC(35) Archive regions: 0->0
[2022-04-04T14:37:46.434+0800][2351.357s] GC(35) Humongous regions: 8->8
[2022-04-04T14:37:46.434+0800][2351.357s] GC(35) Metaspace: 51798K(52480K)->51798K(52480K) NonClass: 45926K(46336K)->45926K(46336K) Class: 5871K(6144K)->5871K(6144K)
[2022-04-04T14:37:46.434+0800][2351.357s] GC(35) Pause Young (Normal) (G1 Evacuation Pause) 351M->47M(512M) 3.484ms
[2022-04-04T14:37:46.434+0800][2351.357s] GC(35) User=0.12s Sys=0.00s Real=0.00s
[2022-04-04T14:37:50.583+0800][2355.506s] GC(36) Pause Young (Normal) (G1 Evacuation Pause)
[2022-04-04T14:37:50.583+0800][2355.506s] GC(36) Using 8 workers of 8 for evacuation
[2022-04-04T14:37:50.586+0800][2355.509s] GC(36)   Pre Evacuate Collection Set: 0.1ms
[2022-04-04T14:37:50.586+0800][2355.509s] GC(36)   Merge Heap Roots: 0.1ms
[2022-04-04T14:37:50.586+0800][2355.509s] GC(36)   Evacuate Collection Set: 1.8ms
[2022-04-04T14:37:50.586+0800][2355.509s] GC(36)   Post Evacuate Collection Set: 0.7ms
[2022-04-04T14:37:50.586+0800][2355.509s] GC(36)   Other: 0.2ms
[2022-04-04T14:37:50.586+0800][2355.509s] GC(36) Eden regions: 304->0(304)
[2022-04-04T14:37:50.586+0800][2355.509s] GC(36) Survivor regions: 3->3(39)
[2022-04-04T14:37:50.586+0800][2355.509s] GC(36) Old regions: 38->38
[2022-04-04T14:37:50.586+0800][2355.509s] GC(36) Archive regions: 0->0
[2022-04-04T14:37:50.586+0800][2355.509s] GC(36) Humongous regions: 8->8
[2022-04-04T14:37:50.586+0800][2355.509s] GC(36) Metaspace: 51799K(52480K)->51799K(52480K) NonClass: 45927K(46336K)->45927K(46336K) Class: 5871K(6144K)->5871K(6144K)
[2022-04-04T14:37:50.586+0800][2355.509s] GC(36) Pause Young (Normal) (G1 Evacuation Pause) 351M->47M(512M) 3.299ms
[2022-04-04T14:37:50.586+0800][2355.509s] GC(36) User=0.00s Sys=0.00s Real=0.00s
[2022-04-04T14:37:54.586+0800][2359.509s] GC(37) Pause Young (Normal) (G1 Evacuation Pause)
[2022-04-04T14:37:54.586+0800][2359.509s] GC(37) Using 8 workers of 8 for evacuation
[2022-04-04T14:37:54.588+0800][2359.511s] GC(37)   Pre Evacuate Collection Set: 0.1ms
[2022-04-04T14:37:54.588+0800][2359.511s] GC(37)   Merge Heap Roots: 0.2ms
[2022-04-04T14:37:54.588+0800][2359.511s] GC(37)   Evacuate Collection Set: 1.7ms
[2022-04-04T14:37:54.588+0800][2359.511s] GC(37)   Post Evacuate Collection Set: 0.6ms
[2022-04-04T14:37:54.588+0800][2359.511s] GC(37)   Other: 0.2ms
[2022-04-04T14:37:54.588+0800][2359.511s] GC(37) Eden regions: 304->0(304)
[2022-04-04T14:37:54.589+0800][2359.511s] GC(37) Survivor regions: 3->3(39)
[2022-04-04T14:37:54.589+0800][2359.512s] GC(37) Old regions: 38->38
[2022-04-04T14:37:54.589+0800][2359.512s] GC(37) Archive regions: 0->0
[2022-04-04T14:37:54.589+0800][2359.512s] GC(37) Humongous regions: 8->8
[2022-04-04T14:37:54.589+0800][2359.512s] GC(37) Metaspace: 51799K(52480K)->51799K(52480K) NonClass: 45927K(46336K)->45927K(46336K) Class: 5871K(6144K)->5871K(6144K)
[2022-04-04T14:37:54.589+0800][2359.512s] GC(37) Pause Young (Normal) (G1 Evacuation Pause) 351M->47M(512M) 3.022ms
[2022-04-04T14:37:54.589+0800][2359.512s] GC(37) User=0.02s Sys=0.00s Real=0.00s
[2022-04-04T14:38:10.558+0800][2375.481s] GC(38) Pause Young (Normal) (G1 Evacuation Pause)
[2022-04-04T14:38:10.558+0800][2375.481s] GC(38) Using 8 workers of 8 for evacuation
[2022-04-04T14:38:10.561+0800][2375.484s] GC(38)   Pre Evacuate Collection Set: 0.1ms
[2022-04-04T14:38:10.561+0800][2375.484s] GC(38)   Merge Heap Roots: 0.1ms
[2022-04-04T14:38:10.561+0800][2375.484s] GC(38)   Evacuate Collection Set: 1.6ms
[2022-04-04T14:38:10.561+0800][2375.484s] GC(38)   Post Evacuate Collection Set: 0.6ms
[2022-04-04T14:38:10.561+0800][2375.484s] GC(38)   Other: 0.2ms
[2022-04-04T14:38:10.561+0800][2375.484s] GC(38) Eden regions: 304->0(304)
[2022-04-04T14:38:10.561+0800][2375.484s] GC(38) Survivor regions: 3->3(39)
[2022-04-04T14:38:10.561+0800][2375.484s] GC(38) Old regions: 38->38
[2022-04-04T14:38:10.561+0800][2375.484s] GC(38) Archive regions: 0->0
[2022-04-04T14:38:10.561+0800][2375.484s] GC(38) Humongous regions: 8->8
[2022-04-04T14:38:10.561+0800][2375.484s] GC(38) Metaspace: 51800K(52480K)->51800K(52480K) NonClass: 45928K(46336K)->45928K(46336K) Class: 5871K(6144K)->5871K(6144K)
[2022-04-04T14:38:10.561+0800][2375.484s] GC(38) Pause Young (Normal) (G1 Evacuation Pause) 351M->48M(512M) 3.006ms
[2022-04-04T14:38:10.561+0800][2375.484s] GC(38) User=0.00s Sys=0.00s Real=0.00s
[2022-04-04T14:38:14.528+0800][2379.452s] GC(39) Pause Young (Normal) (G1 Evacuation Pause)
[2022-04-04T14:38:14.528+0800][2379.452s] GC(39) Using 8 workers of 8 for evacuation
[2022-04-04T14:38:14.531+0800][2379.454s] GC(39)   Pre Evacuate Collection Set: 0.2ms
[2022-04-04T14:38:14.531+0800][2379.454s] GC(39)   Merge Heap Roots: 0.1ms
[2022-04-04T14:38:14.531+0800][2379.454s] GC(39)   Evacuate Collection Set: 1.4ms
[2022-04-04T14:38:14.531+0800][2379.454s] GC(39)   Post Evacuate Collection Set: 0.7ms
[2022-04-04T14:38:14.531+0800][2379.454s] GC(39)   Other: 0.2ms
[2022-04-04T14:38:14.531+0800][2379.454s] GC(39) Eden regions: 304->0(305)
[2022-04-04T14:38:14.531+0800][2379.454s] GC(39) Survivor regions: 3->2(39)
[2022-04-04T14:38:14.531+0800][2379.454s] GC(39) Old regions: 38->39
[2022-04-04T14:38:14.531+0800][2379.454s] GC(39) Archive regions: 0->0
[2022-04-04T14:38:14.531+0800][2379.454s] GC(39) Humongous regions: 8->8
[2022-04-04T14:38:14.531+0800][2379.454s] GC(39) Metaspace: 51800K(52480K)->51800K(52480K) NonClass: 45928K(46336K)->45928K(46336K) Class: 5871K(6144K)->5871K(6144K)
[2022-04-04T14:38:14.531+0800][2379.454s] GC(39) Pause Young (Normal) (G1 Evacuation Pause) 352M->48M(512M) 2.830ms
[2022-04-04T14:38:14.531+0800][2379.454s] GC(39) User=0.00s Sys=0.00s Real=0.00s
[2022-04-04T14:38:18.568+0800][2383.492s] GC(40) Pause Young (Normal) (G1 Evacuation Pause)
[2022-04-04T14:38:18.568+0800][2383.492s] GC(40) Using 8 workers of 8 for evacuation
[2022-04-04T14:38:18.571+0800][2383.494s] GC(40)   Pre Evacuate Collection Set: 0.1ms
[2022-04-04T14:38:18.571+0800][2383.494s] GC(40)   Merge Heap Roots: 0.1ms
[2022-04-04T14:38:18.571+0800][2383.494s] GC(40)   Evacuate Collection Set: 1.5ms
[2022-04-04T14:38:18.571+0800][2383.494s] GC(40)   Post Evacuate Collection Set: 0.7ms
[2022-04-04T14:38:18.571+0800][2383.494s] GC(40)   Other: 0.2ms
[2022-04-04T14:38:18.571+0800][2383.494s] GC(40) Eden regions: 305->0(305)
[2022-04-04T14:38:18.571+0800][2383.494s] GC(40) Survivor regions: 2->2(39)
[2022-04-04T14:38:18.571+0800][2383.495s] GC(40) Old regions: 39->39
[2022-04-04T14:38:18.571+0800][2383.495s] GC(40) Archive regions: 0->0
[2022-04-04T14:38:18.571+0800][2383.495s] GC(40) Humongous regions: 8->8
[2022-04-04T14:38:18.571+0800][2383.495s] GC(40) Metaspace: 51800K(52480K)->51800K(52480K) NonClass: 45928K(46336K)->45928K(46336K) Class: 5871K(6144K)->5871K(6144K)
[2022-04-04T14:38:18.571+0800][2383.495s] GC(40) Pause Young (Normal) (G1 Evacuation Pause) 353M->48M(512M) 2.929ms
[2022-04-04T14:38:18.571+0800][2383.495s] GC(40) User=0.00s Sys=0.00s Real=0.00s
[2022-04-04T14:38:22.797+0800][2387.720s] GC(41) Pause Young (Normal) (G1 Evacuation Pause)
[2022-04-04T14:38:22.797+0800][2387.720s] GC(41) Using 8 workers of 8 for evacuation
[2022-04-04T14:38:22.799+0800][2387.722s] GC(41)   Pre Evacuate Collection Set: 0.1ms
[2022-04-04T14:38:22.799+0800][2387.722s] GC(41)   Merge Heap Roots: 0.1ms
[2022-04-04T14:38:22.799+0800][2387.722s] GC(41)   Evacuate Collection Set: 1.3ms
[2022-04-04T14:38:22.799+0800][2387.722s] GC(41)   Post Evacuate Collection Set: 0.7ms
[2022-04-04T14:38:22.799+0800][2387.722s] GC(41)   Other: 0.2ms
[2022-04-04T14:38:22.799+0800][2387.723s] GC(41) Eden regions: 305->0(305)
[2022-04-04T14:38:22.799+0800][2387.723s] GC(41) Survivor regions: 2->2(39)
[2022-04-04T14:38:22.799+0800][2387.723s] GC(41) Old regions: 39->39
[2022-04-04T14:38:22.799+0800][2387.723s] GC(41) Archive regions: 0->0
[2022-04-04T14:38:22.799+0800][2387.723s] GC(41) Humongous regions: 8->8
[2022-04-04T14:38:22.799+0800][2387.723s] GC(41) Metaspace: 51800K(52480K)->51800K(52480K) NonClass: 45928K(46336K)->45928K(46336K) Class: 5871K(6144K)->5871K(6144K)
[2022-04-04T14:38:22.799+0800][2387.723s] GC(41) Pause Young (Normal) (G1 Evacuation Pause) 353M->48M(512M) 2.657ms
[2022-04-04T14:38:22.799+0800][2387.723s] GC(41) User=0.00s Sys=0.00s Real=0.00s
[2022-04-04T14:38:27.019+0800][2391.942s] GC(42) Pause Young (Normal) (G1 Evacuation Pause)
[2022-04-04T14:38:27.019+0800][2391.942s] GC(42) Using 8 workers of 8 for evacuation
[2022-04-04T14:38:27.022+0800][2391.945s] GC(42)   Pre Evacuate Collection Set: 0.1ms
[2022-04-04T14:38:27.022+0800][2391.945s] GC(42)   Merge Heap Roots: 0.1ms
[2022-04-04T14:38:27.022+0800][2391.945s] GC(42)   Evacuate Collection Set: 1.6ms
[2022-04-04T14:38:27.022+0800][2391.945s] GC(42)   Post Evacuate Collection Set: 0.6ms
[2022-04-04T14:38:27.022+0800][2391.945s] GC(42)   Other: 0.2ms
[2022-04-04T14:38:27.022+0800][2391.945s] GC(42) Eden regions: 305->0(305)
[2022-04-04T14:38:27.022+0800][2391.945s] GC(42) Survivor regions: 2->2(39)
[2022-04-04T14:38:27.022+0800][2391.945s] GC(42) Old regions: 39->39
[2022-04-04T14:38:27.022+0800][2391.945s] GC(42) Archive regions: 0->0
[2022-04-04T14:38:27.022+0800][2391.945s] GC(42) Humongous regions: 8->8
[2022-04-04T14:38:27.022+0800][2391.945s] GC(42) Metaspace: 51800K(52480K)->51800K(52480K) NonClass: 45928K(46336K)->45928K(46336K) Class: 5871K(6144K)->5871K(6144K)
[2022-04-04T14:38:27.022+0800][2391.945s] GC(42) Pause Young (Normal) (G1 Evacuation Pause) 353M->48M(512M) 3.017ms
[2022-04-04T14:38:27.022+0800][2391.945s] GC(42) User=0.00s Sys=0.00s Real=0.00s
[2022-04-04T14:38:31.243+0800][2396.167s] GC(43) Pause Young (Normal) (G1 Evacuation Pause)
[2022-04-04T14:38:31.243+0800][2396.167s] GC(43) Using 8 workers of 8 for evacuation
[2022-04-04T14:38:31.245+0800][2396.169s] GC(43)   Pre Evacuate Collection Set: 0.1ms
[2022-04-04T14:38:31.245+0800][2396.169s] GC(43)   Merge Heap Roots: 0.1ms
[2022-04-04T14:38:31.245+0800][2396.169s] GC(43)   Evacuate Collection Set: 1.3ms
[2022-04-04T14:38:31.246+0800][2396.169s] GC(43)   Post Evacuate Collection Set: 0.5ms
[2022-04-04T14:38:31.246+0800][2396.169s] GC(43)   Other: 0.2ms
[2022-04-04T14:38:31.246+0800][2396.169s] GC(43) Eden regions: 305->0(305)
[2022-04-04T14:38:31.246+0800][2396.169s] GC(43) Survivor regions: 2->2(39)
[2022-04-04T14:38:31.246+0800][2396.169s] GC(43) Old regions: 39->39
[2022-04-04T14:38:31.246+0800][2396.169s] GC(43) Archive regions: 0->0
[2022-04-04T14:38:31.246+0800][2396.169s] GC(43) Humongous regions: 8->8
[2022-04-04T14:38:31.246+0800][2396.169s] GC(43) Metaspace: 51800K(52480K)->51800K(52480K) NonClass: 45928K(46336K)->45928K(46336K) Class: 5871K(6144K)->5871K(6144K)
[2022-04-04T14:38:31.246+0800][2396.169s] GC(43) Pause Young (Normal) (G1 Evacuation Pause) 353M->48M(512M) 2.454ms
[2022-04-04T14:38:31.246+0800][2396.169s] GC(43) User=0.12s Sys=0.00s Real=0.00s
[2022-04-04T14:38:35.388+0800][2400.311s] GC(44) Pause Young (Normal) (G1 Evacuation Pause)
[2022-04-04T14:38:35.388+0800][2400.311s] GC(44) Using 8 workers of 8 for evacuation
[2022-04-04T14:38:35.390+0800][2400.313s] GC(44)   Pre Evacuate Collection Set: 0.1ms
[2022-04-04T14:38:35.390+0800][2400.313s] GC(44)   Merge Heap Roots: 0.1ms
[2022-04-04T14:38:35.390+0800][2400.313s] GC(44)   Evacuate Collection Set: 1.2ms
[2022-04-04T14:38:35.390+0800][2400.313s] GC(44)   Post Evacuate Collection Set: 0.7ms
[2022-04-04T14:38:35.390+0800][2400.313s] GC(44)   Other: 0.2ms
[2022-04-04T14:38:35.390+0800][2400.313s] GC(44) Eden regions: 305->0(305)
[2022-04-04T14:38:35.390+0800][2400.313s] GC(44) Survivor regions: 2->2(39)
[2022-04-04T14:38:35.390+0800][2400.314s] GC(44) Old regions: 39->39
[2022-04-04T14:38:35.390+0800][2400.314s] GC(44) Archive regions: 0->0
[2022-04-04T14:38:35.390+0800][2400.314s] GC(44) Humongous regions: 8->8
[2022-04-04T14:38:35.390+0800][2400.314s] GC(44) Metaspace: 51800K(52480K)->51800K(52480K) NonClass: 45928K(46336K)->45928K(46336K) Class: 5871K(6144K)->5871K(6144K)
[2022-04-04T14:38:35.390+0800][2400.314s] GC(44) Pause Young (Normal) (G1 Evacuation Pause) 353M->48M(512M) 2.614ms
[2022-04-04T14:38:35.390+0800][2400.314s] GC(44) User=0.00s Sys=0.00s Real=0.00s
[2022-04-04T14:38:39.496+0800][2404.419s] GC(45) Pause Young (Normal) (G1 Evacuation Pause)
[2022-04-04T14:38:39.496+0800][2404.419s] GC(45) Using 8 workers of 8 for evacuation
[2022-04-04T14:38:39.498+0800][2404.422s] GC(45)   Pre Evacuate Collection Set: 0.1ms
[2022-04-04T14:38:39.498+0800][2404.422s] GC(45)   Merge Heap Roots: 0.1ms
[2022-04-04T14:38:39.499+0800][2404.422s] GC(45)   Evacuate Collection Set: 1.4ms
[2022-04-04T14:38:39.499+0800][2404.422s] GC(45)   Post Evacuate Collection Set: 0.6ms
[2022-04-04T14:38:39.499+0800][2404.422s] GC(45)   Other: 0.2ms
[2022-04-04T14:38:39.499+0800][2404.422s] GC(45) Eden regions: 305->0(305)
[2022-04-04T14:38:39.499+0800][2404.422s] GC(45) Survivor regions: 2->2(39)
[2022-04-04T14:38:39.499+0800][2404.422s] GC(45) Old regions: 39->39
[2022-04-04T14:38:39.499+0800][2404.422s] GC(45) Archive regions: 0->0
[2022-04-04T14:38:39.499+0800][2404.422s] GC(45) Humongous regions: 8->8
[2022-04-04T14:38:39.499+0800][2404.422s] GC(45) Metaspace: 51800K(52480K)->51800K(52480K) NonClass: 45928K(46336K)->45928K(46336K) Class: 5871K(6144K)->5871K(6144K)
[2022-04-04T14:38:39.499+0800][2404.422s] GC(45) Pause Young (Normal) (G1 Evacuation Pause) 353M->48M(512M) 2.750ms
[2022-04-04T14:38:39.499+0800][2404.422s] GC(45) User=0.00s Sys=0.00s Real=0.00s
[2022-04-04T14:38:43.562+0800][2408.485s] GC(46) Pause Young (Normal) (G1 Evacuation Pause)
[2022-04-04T14:38:43.562+0800][2408.485s] GC(46) Using 8 workers of 8 for evacuation
[2022-04-04T14:38:43.564+0800][2408.487s] GC(46)   Pre Evacuate Collection Set: 0.1ms
[2022-04-04T14:38:43.564+0800][2408.488s] GC(46)   Merge Heap Roots: 0.1ms
[2022-04-04T14:38:43.564+0800][2408.488s] GC(46)   Evacuate Collection Set: 1.3ms
[2022-04-04T14:38:43.564+0800][2408.488s] GC(46)   Post Evacuate Collection Set: 0.8ms
[2022-04-04T14:38:43.564+0800][2408.488s] GC(46)   Other: 0.2ms
[2022-04-04T14:38:43.564+0800][2408.488s] GC(46) Eden regions: 305->0(305)
[2022-04-04T14:38:43.564+0800][2408.488s] GC(46) Survivor regions: 2->2(39)
[2022-04-04T14:38:43.564+0800][2408.488s] GC(46) Old regions: 39->40
[2022-04-04T14:38:43.564+0800][2408.488s] GC(46) Archive regions: 0->0
[2022-04-04T14:38:43.564+0800][2408.488s] GC(46) Humongous regions: 8->8
[2022-04-04T14:38:43.564+0800][2408.488s] GC(46) Metaspace: 51800K(52480K)->51800K(52480K) NonClass: 45928K(46336K)->45928K(46336K) Class: 5871K(6144K)->5871K(6144K)
[2022-04-04T14:38:43.565+0800][2408.488s] GC(46) Pause Young (Normal) (G1 Evacuation Pause) 353M->48M(512M) 2.807ms
[2022-04-04T14:38:43.565+0800][2408.488s] GC(46) User=0.00s Sys=0.00s Real=0.00s
[2022-04-04T14:38:47.636+0800][2412.559s] GC(47) Pause Young (Normal) (G1 Evacuation Pause)
[2022-04-04T14:38:47.636+0800][2412.559s] GC(47) Using 8 workers of 8 for evacuation
[2022-04-04T14:38:47.638+0800][2412.562s] GC(47)   Pre Evacuate Collection Set: 0.1ms
[2022-04-04T14:38:47.638+0800][2412.562s] GC(47)   Merge Heap Roots: 0.1ms
[2022-04-04T14:38:47.638+0800][2412.562s] GC(47)   Evacuate Collection Set: 1.3ms
[2022-04-04T14:38:47.638+0800][2412.562s] GC(47)   Post Evacuate Collection Set: 0.7ms
[2022-04-04T14:38:47.638+0800][2412.562s] GC(47)   Other: 0.2ms
[2022-04-04T14:38:47.638+0800][2412.562s] GC(47) Eden regions: 305->0(305)
[2022-04-04T14:38:47.638+0800][2412.562s] GC(47) Survivor regions: 2->2(39)
[2022-04-04T14:38:47.638+0800][2412.562s] GC(47) Old regions: 40->40
[2022-04-04T14:38:47.638+0800][2412.562s] GC(47) Archive regions: 0->0
[2022-04-04T14:38:47.638+0800][2412.562s] GC(47) Humongous regions: 8->8
[2022-04-04T14:38:47.639+0800][2412.562s] GC(47) Metaspace: 51800K(52480K)->51800K(52480K) NonClass: 45928K(46336K)->45928K(46336K) Class: 5871K(6144K)->5871K(6144K)
[2022-04-04T14:38:47.639+0800][2412.562s] GC(47) Pause Young (Normal) (G1 Evacuation Pause) 353M->48M(512M) 2.846ms
[2022-04-04T14:38:47.639+0800][2412.562s] GC(47) User=0.00s Sys=0.00s Real=0.00s
[2022-04-04T14:38:51.727+0800][2416.650s] GC(48) Pause Young (Normal) (G1 Evacuation Pause)
[2022-04-04T14:38:51.727+0800][2416.650s] GC(48) Using 8 workers of 8 for evacuation
[2022-04-04T14:38:51.729+0800][2416.652s] GC(48)   Pre Evacuate Collection Set: 0.1ms
[2022-04-04T14:38:51.729+0800][2416.652s] GC(48)   Merge Heap Roots: 0.1ms
[2022-04-04T14:38:51.729+0800][2416.652s] GC(48)   Evacuate Collection Set: 1.2ms
[2022-04-04T14:38:51.729+0800][2416.653s] GC(48)   Post Evacuate Collection Set: 0.6ms
[2022-04-04T14:38:51.729+0800][2416.653s] GC(48)   Other: 0.2ms
[2022-04-04T14:38:51.729+0800][2416.653s] GC(48) Eden regions: 305->0(305)
[2022-04-04T14:38:51.729+0800][2416.653s] GC(48) Survivor regions: 2->2(39)
[2022-04-04T14:38:51.729+0800][2416.653s] GC(48) Old regions: 40->40
[2022-04-04T14:38:51.729+0800][2416.653s] GC(48) Archive regions: 0->0
[2022-04-04T14:38:51.729+0800][2416.653s] GC(48) Humongous regions: 8->8
[2022-04-04T14:38:51.729+0800][2416.653s] GC(48) Metaspace: 51800K(52480K)->51800K(52480K) NonClass: 45928K(46336K)->45928K(46336K) Class: 5871K(6144K)->5871K(6144K)
[2022-04-04T14:38:51.730+0800][2416.653s] GC(48) Pause Young (Normal) (G1 Evacuation Pause) 353M->48M(512M) 2.627ms
[2022-04-04T14:38:51.730+0800][2416.653s] GC(48) User=0.00s Sys=0.02s Real=0.00s
