[2022-03-21T17:51:43.934+0800][0.042s] Using G1
[2022-03-21T17:51:44.308+0800][0.416s] Version: 15.0.1+9-18 (release)
[2022-03-21T17:51:44.308+0800][0.416s] CPUs: 8 total, 8 available
[2022-03-21T17:51:44.308+0800][0.416s] Memory: 8110M
[2022-03-21T17:51:44.309+0800][0.416s] Large Page Support: Disabled
[2022-03-21T17:51:44.309+0800][0.416s] NUMA Support: Disabled
[2022-03-21T17:51:44.309+0800][0.416s] Compressed Oops: Enabled (32-bit)
[2022-03-21T17:51:44.309+0800][0.416s] Heap Region Size: 1M
[2022-03-21T17:51:44.309+0800][0.416s] Heap Min Capacity: 512M
[2022-03-21T17:51:44.309+0800][0.417s] Heap Initial Capacity: 512M
[2022-03-21T17:51:44.309+0800][0.417s] Heap Max Capacity: 512M
[2022-03-21T17:51:44.309+0800][0.417s] Pre-touch: Enabled
[2022-03-21T17:51:44.310+0800][0.417s] Parallel Workers: 8
[2022-03-21T17:51:44.310+0800][0.417s] Concurrent Workers: 2
[2022-03-21T17:51:44.310+0800][0.417s] Concurrent Refinement Workers: 8
[2022-03-21T17:51:44.310+0800][0.417s] Periodic GC: Disabled
[2022-03-21T17:51:44.311+0800][0.419s] CDS archive(s) mapped at: [0x0000000800000000-0x0000000800b50000-0x0000000800b50000), size 11862016, SharedBaseAddress: 0x0000000800000000, ArchiveRelocationMode: 0.
[2022-03-21T17:51:44.311+0800][0.419s] Compressed class space mapped at: 0x0000000800b50000-0x0000000840b50000, size: 1073741824
[2022-03-21T17:51:44.311+0800][0.419s] Narrow klass base: 0x0000000800000000, Narrow klass shift: 3, Narrow klass range: 0x100000000
[2022-03-21T17:51:48.392+0800][4.500s] GC(0) Pause Young (Normal) (G1 Evacuation Pause)
[2022-03-21T17:51:48.393+0800][4.501s] GC(0) Using 8 workers of 8 for evacuation
[2022-03-21T17:51:48.399+0800][4.506s] GC(0)   Pre Evacuate Collection Set: 0.1ms
[2022-03-21T17:51:48.399+0800][4.506s] GC(0)   Merge Heap Roots: 0.1ms
[2022-03-21T17:51:48.399+0800][4.506s] GC(0)   Evacuate Collection Set: 3.8ms
[2022-03-21T17:51:48.399+0800][4.506s] GC(0)   Post Evacuate Collection Set: 1.1ms
[2022-03-21T17:51:48.399+0800][4.507s] GC(0)   Other: 1.0ms
[2022-03-21T17:51:48.399+0800][4.507s] GC(0) Eden regions: 29->0(41)
[2022-03-21T17:51:48.399+0800][4.507s] GC(0) Survivor regions: 0->4(4)
[2022-03-21T17:51:48.399+0800][4.507s] GC(0) Old regions: 0->0
[2022-03-21T17:51:48.399+0800][4.507s] GC(0) Archive regions: 0->0
[2022-03-21T17:51:48.399+0800][4.507s] GC(0) Humongous regions: 0->0
[2022-03-21T17:51:48.399+0800][4.507s] GC(0) Metaspace: 7131K(8064K)->7131K(8064K) NonClass: 6297K(7168K)->6297K(7168K) Class: 833K(896K)->833K(896K)
[2022-03-21T17:51:48.399+0800][4.507s] GC(0) Pause Young (Normal) (G1 Evacuation Pause) 29M->3M(512M) 6.581ms
[2022-03-21T17:51:48.399+0800][4.507s] GC(0) User=0.00s Sys=0.00s Real=0.01s
[2022-03-21T17:52:00.437+0800][16.544s] GC(1) Pause Young (Normal) (G1 Evacuation Pause)
[2022-03-21T17:52:00.437+0800][16.545s] GC(1) Using 8 workers of 8 for evacuation
[2022-03-21T17:52:00.449+0800][16.556s] GC(1)   Pre Evacuate Collection Set: 0.1ms
[2022-03-21T17:52:00.449+0800][16.556s] GC(1)   Merge Heap Roots: 0.1ms
[2022-03-21T17:52:00.449+0800][16.556s] GC(1)   Evacuate Collection Set: 10.6ms
[2022-03-21T17:52:00.449+0800][16.557s] GC(1)   Post Evacuate Collection Set: 0.8ms
[2022-03-21T17:52:00.449+0800][16.557s] GC(1)   Other: 0.3ms
[2022-03-21T17:52:00.449+0800][16.557s] GC(1) Eden regions: 41->0(189)
[2022-03-21T17:52:00.449+0800][16.557s] GC(1) Survivor regions: 4->6(6)
[2022-03-21T17:52:00.449+0800][16.557s] GC(1) Old regions: 0->10
[2022-03-21T17:52:00.449+0800][16.557s] GC(1) Archive regions: 0->0
[2022-03-21T17:52:00.449+0800][16.557s] GC(1) Humongous regions: 4->4
[2022-03-21T17:52:00.449+0800][16.557s] GC(1) Metaspace: 16110K(16640K)->16110K(16640K) NonClass: 14266K(14592K)->14266K(14592K) Class: 1844K(2048K)->1844K(2048K)
[2022-03-21T17:52:00.449+0800][16.557s] GC(1) Pause Young (Normal) (G1 Evacuation Pause) 48M->19M(512M) 12.445ms
[2022-03-21T17:52:00.449+0800][16.557s] GC(1) User=0.12s Sys=0.00s Real=0.01s
[2022-03-21T17:52:01.461+0800][17.569s] GC(2) Pause Young (Concurrent Start) (Metadata GC Threshold)
[2022-03-21T17:52:01.461+0800][17.569s] GC(2) Using 8 workers of 8 for evacuation
[2022-03-21T17:52:01.467+0800][17.575s] GC(2)   Pre Evacuate Collection Set: 0.1ms
[2022-03-21T17:52:01.468+0800][17.575s] GC(2)   Merge Heap Roots: 0.1ms
[2022-03-21T17:52:01.468+0800][17.575s] GC(2)   Evacuate Collection Set: 5.1ms
[2022-03-21T17:52:01.468+0800][17.575s] GC(2)   Post Evacuate Collection Set: 0.8ms
[2022-03-21T17:52:01.468+0800][17.575s] GC(2)   Other: 0.4ms
[2022-03-21T17:52:01.468+0800][17.576s] GC(2) Eden regions: 40->0(147)
[2022-03-21T17:52:01.468+0800][17.576s] GC(2) Survivor regions: 6->11(25)
[2022-03-21T17:52:01.468+0800][17.576s] GC(2) Old regions: 10->10
[2022-03-21T17:52:01.468+0800][17.576s] GC(2) Archive regions: 0->0
[2022-03-21T17:52:01.468+0800][17.576s] GC(2) Humongous regions: 4->4
[2022-03-21T17:52:01.468+0800][17.576s] GC(2) Metaspace: 20935K(21296K)->20935K(21296K) NonClass: 18613K(18864K)->18613K(18864K) Class: 2322K(2432K)->2322K(2432K)
[2022-03-21T17:52:01.468+0800][17.576s] GC(2) Pause Young (Concurrent Start) (Metadata GC Threshold) 59M->24M(512M) 6.742ms
[2022-03-21T17:52:01.468+0800][17.576s] GC(2) User=0.09s Sys=0.00s Real=0.01s
[2022-03-21T17:52:01.468+0800][17.576s] GC(3) Concurrent Cycle
[2022-03-21T17:52:01.468+0800][17.576s] GC(3) Concurrent Clear Claimed Marks
[2022-03-21T17:52:01.468+0800][17.576s] GC(3) Concurrent Clear Claimed Marks 0.047ms
[2022-03-21T17:52:01.468+0800][17.576s] GC(3) Concurrent Scan Root Regions
[2022-03-21T17:52:01.473+0800][17.581s] GC(3) Concurrent Scan Root Regions 4.539ms
[2022-03-21T17:52:01.473+0800][17.581s] GC(3) Concurrent Mark (17.581s)
[2022-03-21T17:52:01.473+0800][17.581s] GC(3) Concurrent Mark From Roots
[2022-03-21T17:52:01.473+0800][17.581s] GC(3) Using 2 workers of 2 for marking
[2022-03-21T17:52:01.492+0800][17.600s] GC(3) Concurrent Mark From Roots 19.524ms
[2022-03-21T17:52:01.492+0800][17.600s] GC(3) Concurrent Preclean
[2022-03-21T17:52:01.493+0800][17.601s] GC(3) Concurrent Preclean 0.467ms
[2022-03-21T17:52:01.493+0800][17.601s] GC(3) Concurrent Mark (17.581s, 17.601s) 20.215ms
[2022-03-21T17:52:01.494+0800][17.601s] GC(3) Pause Remark
[2022-03-21T17:52:01.495+0800][17.603s] GC(3) Pause Remark 25M->25M(512M) 1.811ms
[2022-03-21T17:52:01.495+0800][17.603s] GC(3) User=0.00s Sys=0.00s Real=0.00s
[2022-03-21T17:52:01.496+0800][17.603s] GC(3) Concurrent Rebuild Remembered Sets
[2022-03-21T17:52:01.508+0800][17.615s] GC(3) Concurrent Rebuild Remembered Sets 11.917ms
[2022-03-21T17:52:01.508+0800][17.616s] GC(3) Pause Cleanup
[2022-03-21T17:52:01.508+0800][17.616s] GC(3) Pause Cleanup 26M->26M(512M) 0.177ms
[2022-03-21T17:52:01.508+0800][17.616s] GC(3) User=0.00s Sys=0.00s Real=0.00s
[2022-03-21T17:52:01.509+0800][17.616s] GC(3) Concurrent Cleanup for Next Mark
[2022-03-21T17:52:01.510+0800][17.617s] GC(3) Concurrent Cleanup for Next Mark 1.113ms
[2022-03-21T17:52:01.510+0800][17.618s] GC(3) Concurrent Cycle 41.802ms
[2022-03-21T17:52:35.138+0800][51.246s] GC(4) Pause Young (Concurrent Start) (GCLocker Initiated GC)
[2022-03-21T17:52:35.138+0800][51.246s] GC(4) Using 8 workers of 8 for evacuation
[2022-03-21T17:52:35.151+0800][51.259s] GC(4)   Pre Evacuate Collection Set: 0.2ms
[2022-03-21T17:52:35.151+0800][51.259s] GC(4)   Merge Heap Roots: 0.1ms
[2022-03-21T17:52:35.151+0800][51.259s] GC(4)   Evacuate Collection Set: 10.2ms
[2022-03-21T17:52:35.151+0800][51.259s] GC(4)   Post Evacuate Collection Set: 2.3ms
[2022-03-21T17:52:35.151+0800][51.259s] GC(4)   Other: 0.5ms
[2022-03-21T17:52:35.151+0800][51.259s] GC(4) Eden regions: 77->0(289)
[2022-03-21T17:52:35.151+0800][51.259s] GC(4) Survivor regions: 11->18(21)
[2022-03-21T17:52:35.152+0800][51.259s] GC(4) Old regions: 10->10
[2022-03-21T17:52:35.152+0800][51.260s] GC(4) Archive regions: 0->0
[2022-03-21T17:52:35.152+0800][51.260s] GC(4) Humongous regions: 4->4
[2022-03-21T17:52:35.152+0800][51.260s] GC(4) Metaspace: 35380K(36144K)->35380K(36144K) NonClass: 31378K(31920K)->31378K(31920K) Class: 4001K(4224K)->4001K(4224K)
[2022-03-21T17:52:35.152+0800][51.260s] GC(4) Pause Young (Concurrent Start) (GCLocker Initiated GC) 100M->30M(512M) 13.988ms
[2022-03-21T17:52:35.152+0800][51.260s] GC(4) User=0.06s Sys=0.00s Real=0.01s
[2022-03-21T17:52:35.152+0800][51.260s] GC(5) Concurrent Cycle
[2022-03-21T17:52:35.153+0800][51.260s] GC(5) Concurrent Clear Claimed Marks
[2022-03-21T17:52:35.153+0800][51.260s] GC(5) Concurrent Clear Claimed Marks 0.054ms
[2022-03-21T17:52:35.153+0800][51.260s] GC(5) Concurrent Scan Root Regions
[2022-03-21T17:52:35.160+0800][51.268s] GC(5) Concurrent Scan Root Regions 7.660ms
[2022-03-21T17:52:35.160+0800][51.268s] GC(5) Concurrent Mark (51.268s)
[2022-03-21T17:52:35.160+0800][51.268s] GC(5) Concurrent Mark From Roots
[2022-03-21T17:52:35.160+0800][51.268s] GC(5) Using 2 workers of 2 for marking
[2022-03-21T17:52:35.185+0800][51.293s] GC(5) Concurrent Mark From Roots 24.704ms
[2022-03-21T17:52:35.185+0800][51.293s] GC(5) Concurrent Preclean
[2022-03-21T17:52:35.186+0800][51.293s] GC(5) Concurrent Preclean 0.451ms
[2022-03-21T17:52:35.186+0800][51.293s] GC(5) Concurrent Mark (51.268s, 51.293s) 25.355ms
[2022-03-21T17:52:35.186+0800][51.293s] GC(5) Pause Remark
[2022-03-21T17:52:35.189+0800][51.297s] GC(5) Pause Remark 36M->36M(512M) 3.588ms
[2022-03-21T17:52:35.190+0800][51.297s] GC(5) User=0.00s Sys=0.00s Real=0.00s
[2022-03-21T17:52:35.192+0800][51.300s] GC(5) Concurrent Rebuild Remembered Sets
[2022-03-21T17:52:35.207+0800][51.314s] GC(5) Concurrent Rebuild Remembered Sets 14.768ms
[2022-03-21T17:52:35.219+0800][51.327s] GC(5) Pause Cleanup
[2022-03-21T17:52:35.219+0800][51.327s] GC(5) Pause Cleanup 37M->37M(512M) 0.251ms
[2022-03-21T17:52:35.219+0800][51.327s] GC(5) User=0.00s Sys=0.00s Real=0.00s
[2022-03-21T17:52:35.222+0800][51.330s] GC(5) Concurrent Cleanup for Next Mark
[2022-03-21T17:52:35.224+0800][51.332s] GC(5) Concurrent Cleanup for Next Mark 1.286ms
[2022-03-21T17:52:35.224+0800][51.332s] GC(5) Concurrent Cycle 71.752ms
