[2022-04-04T17:53:37.793+0800][0.066s] Using G1
[2022-04-04T17:53:38.289+0800][0.560s] Version: 15.0.1+9-18 (release)
[2022-04-04T17:53:38.289+0800][0.561s] CPUs: 8 total, 8 available
[2022-04-04T17:53:38.289+0800][0.561s] Memory: 8110M
[2022-04-04T17:53:38.289+0800][0.561s] Large Page Support: Disabled
[2022-04-04T17:53:38.289+0800][0.561s] NUMA Support: Disabled
[2022-04-04T17:53:38.289+0800][0.561s] Compressed Oops: Enabled (32-bit)
[2022-04-04T17:53:38.289+0800][0.561s] Heap Region Size: 1M
[2022-04-04T17:53:38.289+0800][0.561s] Heap Min Capacity: 512M
[2022-04-04T17:53:38.289+0800][0.561s] Heap Initial Capacity: 512M
[2022-04-04T17:53:38.289+0800][0.561s] Heap Max Capacity: 512M
[2022-04-04T17:53:38.290+0800][0.561s] Pre-touch: Enabled
[2022-04-04T17:53:38.290+0800][0.562s] Parallel Workers: 8
[2022-04-04T17:53:38.290+0800][0.562s] Concurrent Workers: 2
[2022-04-04T17:53:38.290+0800][0.562s] Concurrent Refinement Workers: 8
[2022-04-04T17:53:38.290+0800][0.562s] Periodic GC: Disabled
[2022-04-04T17:53:38.292+0800][0.564s] CDS archive(s) mapped at: [0x0000000800000000-0x0000000800b50000-0x0000000800b50000), size 11862016, SharedBaseAddress: 0x0000000800000000, ArchiveRelocationMode: 0.
[2022-04-04T17:53:38.292+0800][0.564s] Compressed class space mapped at: 0x0000000800b50000-0x0000000840b50000, size: 1073741824
[2022-04-04T17:53:38.292+0800][0.564s] Narrow klass base: 0x0000000800000000, Narrow klass shift: 3, Narrow klass range: 0x100000000
[2022-04-04T17:53:45.646+0800][7.917s] GC(0) Pause Young (Normal) (G1 Evacuation Pause)
[2022-04-04T17:53:45.647+0800][7.918s] GC(0) Using 8 workers of 8 for evacuation
[2022-04-04T17:53:45.654+0800][7.925s] GC(0)   Pre Evacuate Collection Set: 1.0ms
[2022-04-04T17:53:45.654+0800][7.925s] GC(0)   Merge Heap Roots: 0.1ms
[2022-04-04T17:53:45.654+0800][7.925s] GC(0)   Evacuate Collection Set: 3.4ms
[2022-04-04T17:53:45.654+0800][7.925s] GC(0)   Post Evacuate Collection Set: 1.3ms
[2022-04-04T17:53:45.654+0800][7.925s] GC(0)   Other: 2.7ms
[2022-04-04T17:53:45.655+0800][7.926s] GC(0) Eden regions: 29->0(41)
[2022-04-04T17:53:45.655+0800][7.926s] GC(0) Survivor regions: 0->4(4)
[2022-04-04T17:53:45.655+0800][7.926s] GC(0) Old regions: 0->0
[2022-04-04T17:53:45.655+0800][7.926s] GC(0) Archive regions: 0->0
[2022-04-04T17:53:45.655+0800][7.926s] GC(0) Humongous regions: 0->0
[2022-04-04T17:53:45.655+0800][7.926s] GC(0) Metaspace: 7184K(8064K)->7184K(8064K) NonClass: 6346K(7168K)->6346K(7168K) Class: 837K(896K)->837K(896K)
[2022-04-04T17:53:45.655+0800][7.926s] GC(0) Pause Young (Normal) (G1 Evacuation Pause) 29M->3M(512M) 8.806ms
[2022-04-04T17:53:45.655+0800][7.926s] GC(0) User=0.11s Sys=0.00s Real=0.01s
[2022-04-04T17:54:04.136+0800][26.408s] GC(1) Pause Young (Normal) (G1 Evacuation Pause)
[2022-04-04T17:54:04.136+0800][26.408s] GC(1) Using 8 workers of 8 for evacuation
[2022-04-04T17:54:04.147+0800][26.419s] GC(1)   Pre Evacuate Collection Set: 0.1ms
[2022-04-04T17:54:04.147+0800][26.419s] GC(1)   Merge Heap Roots: 0.1ms
[2022-04-04T17:54:04.147+0800][26.419s] GC(1)   Evacuate Collection Set: 9.8ms
[2022-04-04T17:54:04.147+0800][26.419s] GC(1)   Post Evacuate Collection Set: 0.7ms
[2022-04-04T17:54:04.147+0800][26.419s] GC(1)   Other: 0.2ms
[2022-04-04T17:54:04.147+0800][26.419s] GC(1) Eden regions: 41->0(145)
[2022-04-04T17:54:04.147+0800][26.419s] GC(1) Survivor regions: 4->6(6)
[2022-04-04T17:54:04.147+0800][26.419s] GC(1) Old regions: 0->10
[2022-04-04T17:54:04.147+0800][26.419s] GC(1) Archive regions: 0->0
[2022-04-04T17:54:04.147+0800][26.419s] GC(1) Humongous regions: 4->4
[2022-04-04T17:54:04.147+0800][26.419s] GC(1) Metaspace: 16123K(16640K)->16123K(16640K) NonClass: 14269K(14592K)->14269K(14592K) Class: 1854K(2048K)->1854K(2048K)
[2022-04-04T17:54:04.147+0800][26.419s] GC(1) Pause Young (Normal) (G1 Evacuation Pause) 48M->19M(512M) 11.159ms
[2022-04-04T17:54:04.147+0800][26.419s] GC(1) User=0.00s Sys=0.00s Real=0.01s
[2022-04-04T17:54:05.008+0800][27.280s] GC(2) Pause Young (Concurrent Start) (Metadata GC Threshold)
[2022-04-04T17:54:05.008+0800][27.280s] GC(2) Using 8 workers of 8 for evacuation
[2022-04-04T17:54:05.014+0800][27.286s] GC(2)   Pre Evacuate Collection Set: 0.1ms
[2022-04-04T17:54:05.014+0800][27.286s] GC(2)   Merge Heap Roots: 0.1ms
[2022-04-04T17:54:05.014+0800][27.286s] GC(2)   Evacuate Collection Set: 4.5ms
[2022-04-04T17:54:05.014+0800][27.286s] GC(2)   Post Evacuate Collection Set: 0.8ms
[2022-04-04T17:54:05.014+0800][27.286s] GC(2)   Other: 0.7ms
[2022-04-04T17:54:05.014+0800][27.286s] GC(2) Eden regions: 40->0(145)
[2022-04-04T17:54:05.015+0800][27.286s] GC(2) Survivor regions: 6->11(19)
[2022-04-04T17:54:05.015+0800][27.286s] GC(2) Old regions: 10->10
[2022-04-04T17:54:05.015+0800][27.286s] GC(2) Archive regions: 0->0
[2022-04-04T17:54:05.015+0800][27.286s] GC(2) Humongous regions: 4->4
[2022-04-04T17:54:05.015+0800][27.286s] GC(2) Metaspace: 20862K(21296K)->20862K(21296K) NonClass: 18533K(18864K)->18533K(18864K) Class: 2328K(2432K)->2328K(2432K)
[2022-04-04T17:54:05.015+0800][27.286s] GC(2) Pause Young (Concurrent Start) (Metadata GC Threshold) 59M->23M(512M) 6.650ms
[2022-04-04T17:54:05.015+0800][27.286s] GC(2) User=0.12s Sys=0.00s Real=0.01s
[2022-04-04T17:54:05.015+0800][27.286s] GC(3) Concurrent Cycle
[2022-04-04T17:54:05.015+0800][27.286s] GC(3) Concurrent Clear Claimed Marks
[2022-04-04T17:54:05.015+0800][27.286s] GC(3) Concurrent Clear Claimed Marks 0.045ms
[2022-04-04T17:54:05.015+0800][27.287s] GC(3) Concurrent Scan Root Regions
[2022-04-04T17:54:05.018+0800][27.290s] GC(3) Concurrent Scan Root Regions 3.040ms
[2022-04-04T17:54:05.018+0800][27.290s] GC(3) Concurrent Mark (27.290s)
[2022-04-04T17:54:05.018+0800][27.290s] GC(3) Concurrent Mark From Roots
[2022-04-04T17:54:05.018+0800][27.290s] GC(3) Using 2 workers of 2 for marking
[2022-04-04T17:54:05.036+0800][27.308s] GC(3) Concurrent Mark From Roots 18.177ms
[2022-04-04T17:54:05.037+0800][27.308s] GC(3) Concurrent Preclean
[2022-04-04T17:54:05.037+0800][27.308s] GC(3) Concurrent Preclean 0.338ms
[2022-04-04T17:54:05.037+0800][27.308s] GC(3) Concurrent Mark (27.290s, 27.308s) 18.678ms
[2022-04-04T17:54:05.037+0800][27.309s] GC(3) Pause Remark
[2022-04-04T17:54:05.039+0800][27.310s] GC(3) Pause Remark 25M->25M(512M) 1.844ms
[2022-04-04T17:54:05.039+0800][27.310s] GC(3) User=0.00s Sys=0.00s Real=0.00s
[2022-04-04T17:54:05.039+0800][27.311s] GC(3) Concurrent Rebuild Remembered Sets
[2022-04-04T17:54:05.050+0800][27.322s] GC(3) Concurrent Rebuild Remembered Sets 11.140ms
[2022-04-04T17:54:05.068+0800][27.339s] GC(3) Pause Cleanup
[2022-04-04T17:54:05.068+0800][27.339s] GC(3) Pause Cleanup 25M->25M(512M) 0.244ms
[2022-04-04T17:54:05.068+0800][27.339s] GC(3) User=0.00s Sys=0.00s Real=0.00s
[2022-04-04T17:54:05.069+0800][27.340s] GC(3) Concurrent Cleanup for Next Mark
[2022-04-04T17:54:05.069+0800][27.341s] GC(3) Concurrent Cleanup for Next Mark 0.762ms
[2022-04-04T17:54:05.069+0800][27.341s] GC(3) Concurrent Cycle 54.576ms
[2022-04-04T17:54:11.997+0800][34.269s] GC(4) Pause Young (Concurrent Start) (Metadata GC Threshold)
[2022-04-04T17:54:11.997+0800][34.269s] GC(4) Using 8 workers of 8 for evacuation
[2022-04-04T17:54:12.006+0800][34.277s] GC(4)   Pre Evacuate Collection Set: 0.1ms
[2022-04-04T17:54:12.006+0800][34.277s] GC(4)   Merge Heap Roots: 0.1ms
[2022-04-04T17:54:12.006+0800][34.277s] GC(4)   Evacuate Collection Set: 6.8ms
[2022-04-04T17:54:12.006+0800][34.277s] GC(4)   Post Evacuate Collection Set: 1.0ms
[2022-04-04T17:54:12.006+0800][34.277s] GC(4)   Other: 0.2ms
[2022-04-04T17:54:12.006+0800][34.277s] GC(4) Eden regions: 76->0(291)
[2022-04-04T17:54:12.006+0800][34.277s] GC(4) Survivor regions: 11->16(21)
[2022-04-04T17:54:12.006+0800][34.277s] GC(4) Old regions: 10->10
[2022-04-04T17:54:12.006+0800][34.277s] GC(4) Archive regions: 0->0
[2022-04-04T17:54:12.006+0800][34.277s] GC(4) Humongous regions: 4->4
[2022-04-04T17:54:12.006+0800][34.277s] GC(4) Metaspace: 35392K(35888K)->35392K(35888K) NonClass: 31344K(31664K)->31344K(31664K) Class: 4047K(4224K)->4047K(4224K)
[2022-04-04T17:54:12.006+0800][34.277s] GC(4) Pause Young (Concurrent Start) (Metadata GC Threshold) 99M->29M(512M) 8.689ms
[2022-04-04T17:54:12.006+0800][34.277s] GC(4) User=0.00s Sys=0.00s Real=0.01s
[2022-04-04T17:54:12.006+0800][34.278s] GC(5) Concurrent Cycle
[2022-04-04T17:54:12.006+0800][34.278s] GC(5) Concurrent Clear Claimed Marks
[2022-04-04T17:54:12.006+0800][34.278s] GC(5) Concurrent Clear Claimed Marks 0.059ms
[2022-04-04T17:54:12.006+0800][34.278s] GC(5) Concurrent Scan Root Regions
[2022-04-04T17:54:12.013+0800][34.284s] GC(5) Concurrent Scan Root Regions 6.235ms
[2022-04-04T17:54:12.013+0800][34.284s] GC(5) Concurrent Mark (34.284s)
[2022-04-04T17:54:12.013+0800][34.284s] GC(5) Concurrent Mark From Roots
[2022-04-04T17:54:12.013+0800][34.284s] GC(5) Using 2 workers of 2 for marking
[2022-04-04T17:54:12.025+0800][34.297s] GC(5) Concurrent Mark From Roots 13.297ms
[2022-04-04T17:54:12.025+0800][34.297s] GC(5) Concurrent Preclean
[2022-04-04T17:54:12.026+0800][34.298s] GC(5) Concurrent Preclean 0.363ms
[2022-04-04T17:54:12.026+0800][34.298s] GC(5) Concurrent Mark (34.284s, 34.298s) 13.809ms
[2022-04-04T17:54:12.026+0800][34.298s] GC(5) Pause Remark
[2022-04-04T17:54:12.029+0800][34.300s] GC(5) Pause Remark 31M->31M(512M) 1.938ms
[2022-04-04T17:54:12.029+0800][34.300s] GC(5) User=0.00s Sys=0.00s Real=0.00s
[2022-04-04T17:54:12.029+0800][34.300s] GC(5) Concurrent Rebuild Remembered Sets
[2022-04-04T17:54:12.035+0800][34.307s] GC(5) Concurrent Rebuild Remembered Sets 6.998ms
[2022-04-04T17:54:12.036+0800][34.308s] GC(5) Pause Cleanup
[2022-04-04T17:54:12.036+0800][34.308s] GC(5) Pause Cleanup 31M->31M(512M) 0.148ms
[2022-04-04T17:54:12.036+0800][34.308s] GC(5) User=0.00s Sys=0.00s Real=0.00s
[2022-04-04T17:54:12.036+0800][34.308s] GC(5) Concurrent Cleanup for Next Mark
[2022-04-04T17:54:12.037+0800][34.309s] GC(5) Concurrent Cleanup for Next Mark 0.490ms
[2022-04-04T17:54:12.037+0800][34.309s] GC(5) Concurrent Cycle 31.312ms
[2022-04-04T17:54:19.812+0800][42.083s] GC(6) Pause Young (Normal) (G1 Evacuation Pause)
[2022-04-04T17:54:19.812+0800][42.083s] GC(6) Using 8 workers of 8 for evacuation
[2022-04-04T17:54:19.826+0800][42.097s] GC(6)   Pre Evacuate Collection Set: 0.1ms
[2022-04-04T17:54:19.826+0800][42.097s] GC(6)   Merge Heap Roots: 0.1ms
[2022-04-04T17:54:19.826+0800][42.098s] GC(6)   Evacuate Collection Set: 12.9ms
[2022-04-04T17:54:19.826+0800][42.098s] GC(6)   Post Evacuate Collection Set: 0.9ms
[2022-04-04T17:54:19.826+0800][42.098s] GC(6)   Other: 0.3ms
[2022-04-04T17:54:19.826+0800][42.098s] GC(6) Eden regions: 291->0(281)
[2022-04-04T17:54:19.826+0800][42.098s] GC(6) Survivor regions: 16->26(39)
[2022-04-04T17:54:19.826+0800][42.098s] GC(6) Old regions: 10->10
[2022-04-04T17:54:19.826+0800][42.098s] GC(6) Archive regions: 0->0
[2022-04-04T17:54:19.826+0800][42.098s] GC(6) Humongous regions: 8->7
[2022-04-04T17:54:19.826+0800][42.098s] GC(6) Metaspace: 49641K(50224K)->49641K(50224K) NonClass: 43859K(44208K)->43859K(44208K) Class: 5782K(6016K)->5782K(6016K)
[2022-04-04T17:54:19.826+0800][42.098s] GC(6) Pause Young (Normal) (G1 Evacuation Pause) 324M->42M(512M) 14.737ms
[2022-04-04T17:54:19.826+0800][42.098s] GC(6) User=0.12s Sys=0.00s Real=0.01s
[2022-04-04T17:54:20.095+0800][42.367s] GC(7) Pause Young (Normal) (G1 Evacuation Pause)
[2022-04-04T17:54:20.096+0800][42.367s] GC(7) Using 8 workers of 8 for evacuation
[2022-04-04T17:54:20.108+0800][42.380s] GC(7)   Pre Evacuate Collection Set: 0.1ms
[2022-04-04T17:54:20.108+0800][42.380s] GC(7)   Merge Heap Roots: 0.1ms
[2022-04-04T17:54:20.108+0800][42.380s] GC(7)   Evacuate Collection Set: 11.6ms
[2022-04-04T17:54:20.108+0800][42.380s] GC(7)   Post Evacuate Collection Set: 0.9ms
[2022-04-04T17:54:20.109+0800][42.381s] GC(7)   Other: 0.2ms
[2022-04-04T17:54:20.109+0800][42.381s] GC(7) Eden regions: 281->0(284)
[2022-04-04T17:54:20.109+0800][42.381s] GC(7) Survivor regions: 26->23(39)
[2022-04-04T17:54:20.109+0800][42.381s] GC(7) Old regions: 10->16
[2022-04-04T17:54:20.109+0800][42.381s] GC(7) Archive regions: 0->0
[2022-04-04T17:54:20.109+0800][42.381s] GC(7) Humongous regions: 7->7
[2022-04-04T17:54:20.109+0800][42.381s] GC(7) Metaspace: 49650K(50224K)->49650K(50224K) NonClass: 43868K(44208K)->43868K(44208K) Class: 5782K(6016K)->5782K(6016K)
[2022-04-04T17:54:20.109+0800][42.381s] GC(7) Pause Young (Normal) (G1 Evacuation Pause) 323M->44M(512M) 13.534ms
[2022-04-04T17:54:20.109+0800][42.381s] GC(7) User=0.12s Sys=0.00s Real=0.01s
[2022-04-04T17:54:20.336+0800][42.608s] GC(8) Pause Young (Normal) (G1 Evacuation Pause)
[2022-04-04T17:54:20.336+0800][42.608s] GC(8) Using 8 workers of 8 for evacuation
[2022-04-04T17:54:20.346+0800][42.617s] GC(8)   Pre Evacuate Collection Set: 0.1ms
[2022-04-04T17:54:20.346+0800][42.617s] GC(8)   Merge Heap Roots: 0.1ms
[2022-04-04T17:54:20.346+0800][42.617s] GC(8)   Evacuate Collection Set: 8.0ms
[2022-04-04T17:54:20.346+0800][42.617s] GC(8)   Post Evacuate Collection Set: 1.2ms
[2022-04-04T17:54:20.346+0800][42.617s] GC(8)   Other: 0.2ms
[2022-04-04T17:54:20.346+0800][42.617s] GC(8) Eden regions: 284->0(287)
[2022-04-04T17:54:20.346+0800][42.617s] GC(8) Survivor regions: 23->20(39)
[2022-04-04T17:54:20.346+0800][42.617s] GC(8) Old regions: 16->20
[2022-04-04T17:54:20.346+0800][42.618s] GC(8) Archive regions: 0->0
[2022-04-04T17:54:20.346+0800][42.618s] GC(8) Humongous regions: 7->7
[2022-04-04T17:54:20.346+0800][42.618s] GC(8) Metaspace: 49655K(50224K)->49655K(50224K) NonClass: 43873K(44208K)->43873K(44208K) Class: 5782K(6016K)->5782K(6016K)
[2022-04-04T17:54:20.346+0800][42.618s] GC(8) Pause Young (Normal) (G1 Evacuation Pause) 328M->45M(512M) 9.992ms
[2022-04-04T17:54:20.346+0800][42.618s] GC(8) User=0.12s Sys=0.00s Real=0.01s
[2022-04-04T17:54:20.593+0800][42.864s] GC(9) Pause Young (Normal) (G1 Evacuation Pause)
[2022-04-04T17:54:20.593+0800][42.865s] GC(9) Using 8 workers of 8 for evacuation
[2022-04-04T17:54:20.601+0800][42.873s] GC(9)   Pre Evacuate Collection Set: 0.1ms
[2022-04-04T17:54:20.601+0800][42.873s] GC(9)   Merge Heap Roots: 0.1ms
[2022-04-04T17:54:20.601+0800][42.873s] GC(9)   Evacuate Collection Set: 7.2ms
[2022-04-04T17:54:20.601+0800][42.873s] GC(9)   Post Evacuate Collection Set: 0.9ms
[2022-04-04T17:54:20.601+0800][42.873s] GC(9)   Other: 0.2ms
[2022-04-04T17:54:20.601+0800][42.873s] GC(9) Eden regions: 287->0(286)
[2022-04-04T17:54:20.601+0800][42.873s] GC(9) Survivor regions: 20->21(39)
[2022-04-04T17:54:20.601+0800][42.873s] GC(9) Old regions: 20->20
[2022-04-04T17:54:20.601+0800][42.873s] GC(9) Archive regions: 0->0
[2022-04-04T17:54:20.601+0800][42.873s] GC(9) Humongous regions: 7->7
[2022-04-04T17:54:20.602+0800][42.873s] GC(9) Metaspace: 49677K(50480K)->49677K(50480K) NonClass: 43895K(44464K)->43895K(44464K) Class: 5782K(6016K)->5782K(6016K)
[2022-04-04T17:54:20.602+0800][42.873s] GC(9) Pause Young (Normal) (G1 Evacuation Pause) 332M->46M(512M) 8.819ms
[2022-04-04T17:54:20.602+0800][42.873s] GC(9) User=0.00s Sys=0.00s Real=0.01s
[2022-04-04T17:54:20.800+0800][43.072s] GC(10) Pause Young (Normal) (G1 Evacuation Pause)
[2022-04-04T17:54:20.800+0800][43.072s] GC(10) Using 8 workers of 8 for evacuation
[2022-04-04T17:54:20.811+0800][43.083s] GC(10)   Pre Evacuate Collection Set: 0.1ms
[2022-04-04T17:54:20.811+0800][43.083s] GC(10)   Merge Heap Roots: 0.1ms
[2022-04-04T17:54:20.811+0800][43.083s] GC(10)   Evacuate Collection Set: 9.8ms
[2022-04-04T17:54:20.811+0800][43.083s] GC(10)   Post Evacuate Collection Set: 0.8ms
[2022-04-04T17:54:20.811+0800][43.083s] GC(10)   Other: 0.2ms
[2022-04-04T17:54:20.811+0800][43.083s] GC(10) Eden regions: 286->0(285)
[2022-04-04T17:54:20.811+0800][43.083s] GC(10) Survivor regions: 21->22(39)
[2022-04-04T17:54:20.811+0800][43.083s] GC(10) Old regions: 20->20
[2022-04-04T17:54:20.811+0800][43.083s] GC(10) Archive regions: 0->0
[2022-04-04T17:54:20.811+0800][43.083s] GC(10) Humongous regions: 8->8
[2022-04-04T17:54:20.812+0800][43.083s] GC(10) Metaspace: 49678K(50480K)->49678K(50480K) NonClass: 43896K(44464K)->43896K(44464K) Class: 5782K(6016K)->5782K(6016K)
[2022-04-04T17:54:20.812+0800][43.083s] GC(10) Pause Young (Normal) (G1 Evacuation Pause) 333M->48M(512M) 11.598ms
[2022-04-04T17:54:20.812+0800][43.083s] GC(10) User=0.11s Sys=0.00s Real=0.01s
[2022-04-04T17:54:21.043+0800][43.315s] GC(11) Pause Young (Normal) (G1 Evacuation Pause)
[2022-04-04T17:54:21.043+0800][43.315s] GC(11) Using 8 workers of 8 for evacuation
[2022-04-04T17:54:21.053+0800][43.324s] GC(11)   Pre Evacuate Collection Set: 0.1ms
[2022-04-04T17:54:21.053+0800][43.324s] GC(11)   Merge Heap Roots: 0.1ms
[2022-04-04T17:54:21.053+0800][43.324s] GC(11)   Evacuate Collection Set: 8.3ms
[2022-04-04T17:54:21.053+0800][43.324s] GC(11)   Post Evacuate Collection Set: 0.9ms
[2022-04-04T17:54:21.053+0800][43.324s] GC(11)   Other: 0.2ms
[2022-04-04T17:54:21.053+0800][43.324s] GC(11) Eden regions: 285->0(289)
[2022-04-04T17:54:21.053+0800][43.324s] GC(11) Survivor regions: 22->18(39)
[2022-04-04T17:54:21.053+0800][43.324s] GC(11) Old regions: 20->25
[2022-04-04T17:54:21.053+0800][43.324s] GC(11) Archive regions: 0->0
[2022-04-04T17:54:21.053+0800][43.324s] GC(11) Humongous regions: 8->8
[2022-04-04T17:54:21.053+0800][43.325s] GC(11) Metaspace: 49688K(50480K)->49688K(50480K) NonClass: 43905K(44464K)->43905K(44464K) Class: 5782K(6016K)->5782K(6016K)
[2022-04-04T17:54:21.053+0800][43.325s] GC(11) Pause Young (Normal) (G1 Evacuation Pause) 333M->49M(512M) 9.901ms
[2022-04-04T17:54:21.053+0800][43.325s] GC(11) User=0.00s Sys=0.00s Real=0.01s
[2022-04-04T17:54:21.207+0800][43.479s] GC(12) Pause Young (Normal) (G1 Evacuation Pause)
[2022-04-04T17:54:21.207+0800][43.479s] GC(12) Using 8 workers of 8 for evacuation
[2022-04-04T17:54:21.215+0800][43.487s] GC(12)   Pre Evacuate Collection Set: 0.2ms
[2022-04-04T17:54:21.216+0800][43.487s] GC(12)   Merge Heap Roots: 0.1ms
[2022-04-04T17:54:21.216+0800][43.487s] GC(12)   Evacuate Collection Set: 6.6ms
[2022-04-04T17:54:21.216+0800][43.487s] GC(12)   Post Evacuate Collection Set: 1.1ms
[2022-04-04T17:54:21.216+0800][43.487s] GC(12)   Other: 0.3ms
[2022-04-04T17:54:21.216+0800][43.487s] GC(12) Eden regions: 289->0(288)
[2022-04-04T17:54:21.216+0800][43.487s] GC(12) Survivor regions: 18->19(39)
[2022-04-04T17:54:21.216+0800][43.487s] GC(12) Old regions: 25->25
[2022-04-04T17:54:21.216+0800][43.487s] GC(12) Archive regions: 0->0
[2022-04-04T17:54:21.216+0800][43.488s] GC(12) Humongous regions: 8->8
[2022-04-04T17:54:21.216+0800][43.488s] GC(12) Metaspace: 49688K(50480K)->49688K(50480K) NonClass: 43906K(44464K)->43906K(44464K) Class: 5782K(6016K)->5782K(6016K)
[2022-04-04T17:54:21.216+0800][43.488s] GC(12) Pause Young (Normal) (G1 Evacuation Pause) 338M->51M(512M) 8.814ms
[2022-04-04T17:54:21.216+0800][43.488s] GC(12) User=0.12s Sys=0.00s Real=0.01s
[2022-04-04T17:54:21.462+0800][43.734s] GC(13) Pause Young (Normal) (G1 Evacuation Pause)
[2022-04-04T17:54:21.462+0800][43.734s] GC(13) Using 8 workers of 8 for evacuation
[2022-04-04T17:54:21.472+0800][43.744s] GC(13)   Pre Evacuate Collection Set: 0.2ms
[2022-04-04T17:54:21.472+0800][43.744s] GC(13)   Merge Heap Roots: 0.2ms
[2022-04-04T17:54:21.472+0800][43.744s] GC(13)   Evacuate Collection Set: 8.0ms
[2022-04-04T17:54:21.472+0800][43.744s] GC(13)   Post Evacuate Collection Set: 1.2ms
[2022-04-04T17:54:21.472+0800][43.744s] GC(13)   Other: 0.3ms
[2022-04-04T17:54:21.472+0800][43.744s] GC(13) Eden regions: 288->0(287)
[2022-04-04T17:54:21.472+0800][43.744s] GC(13) Survivor regions: 19->20(39)
[2022-04-04T17:54:21.472+0800][43.744s] GC(13) Old regions: 25->25
[2022-04-04T17:54:21.472+0800][43.744s] GC(13) Archive regions: 0->0
[2022-04-04T17:54:21.472+0800][43.744s] GC(13) Humongous regions: 8->8
[2022-04-04T17:54:21.472+0800][43.744s] GC(13) Metaspace: 49697K(50480K)->49697K(50480K) NonClass: 43915K(44464K)->43915K(44464K) Class: 5782K(6016K)->5782K(6016K)
[2022-04-04T17:54:21.472+0800][43.744s] GC(13) Pause Young (Normal) (G1 Evacuation Pause) 339M->52M(512M) 10.381ms
[2022-04-04T17:54:21.472+0800][43.744s] GC(13) User=0.12s Sys=0.00s Real=0.01s
[2022-04-04T17:54:21.661+0800][43.932s] GC(14) Pause Young (Normal) (G1 Evacuation Pause)
[2022-04-04T17:54:21.661+0800][43.932s] GC(14) Using 8 workers of 8 for evacuation
[2022-04-04T17:54:21.668+0800][43.940s] GC(14)   Pre Evacuate Collection Set: 0.1ms
[2022-04-04T17:54:21.668+0800][43.940s] GC(14)   Merge Heap Roots: 0.1ms
[2022-04-04T17:54:21.668+0800][43.940s] GC(14)   Evacuate Collection Set: 6.4ms
[2022-04-04T17:54:21.668+0800][43.940s] GC(14)   Post Evacuate Collection Set: 0.9ms
[2022-04-04T17:54:21.668+0800][43.940s] GC(14)   Other: 0.3ms
[2022-04-04T17:54:21.668+0800][43.940s] GC(14) Eden regions: 287->0(287)
[2022-04-04T17:54:21.668+0800][43.940s] GC(14) Survivor regions: 20->20(39)
[2022-04-04T17:54:21.668+0800][43.940s] GC(14) Old regions: 25->25
[2022-04-04T17:54:21.668+0800][43.940s] GC(14) Archive regions: 0->0
[2022-04-04T17:54:21.668+0800][43.940s] GC(14) Humongous regions: 10->9
[2022-04-04T17:54:21.669+0800][43.940s] GC(14) Metaspace: 49697K(50480K)->49697K(50480K) NonClass: 43915K(44464K)->43915K(44464K) Class: 5782K(6016K)->5782K(6016K)
[2022-04-04T17:54:21.669+0800][43.941s] GC(14) Pause Young (Normal) (G1 Evacuation Pause) 341M->53M(512M) 8.338ms
[2022-04-04T17:54:21.669+0800][43.941s] GC(14) User=0.12s Sys=0.00s Real=0.01s
[2022-04-04T17:54:21.831+0800][44.103s] GC(15) Pause Young (Normal) (G1 Evacuation Pause)
[2022-04-04T17:54:21.831+0800][44.103s] GC(15) Using 8 workers of 8 for evacuation
[2022-04-04T17:54:21.839+0800][44.111s] GC(15)   Pre Evacuate Collection Set: 0.1ms
[2022-04-04T17:54:21.839+0800][44.111s] GC(15)   Merge Heap Roots: 0.1ms
[2022-04-04T17:54:21.839+0800][44.111s] GC(15)   Evacuate Collection Set: 6.4ms
[2022-04-04T17:54:21.839+0800][44.111s] GC(15)   Post Evacuate Collection Set: 0.8ms
[2022-04-04T17:54:21.839+0800][44.111s] GC(15)   Other: 0.2ms
[2022-04-04T17:54:21.839+0800][44.111s] GC(15) Eden regions: 287->0(286)
[2022-04-04T17:54:21.839+0800][44.111s] GC(15) Survivor regions: 20->21(39)
[2022-04-04T17:54:21.839+0800][44.111s] GC(15) Old regions: 25->25
[2022-04-04T17:54:21.839+0800][44.111s] GC(15) Archive regions: 0->0
[2022-04-04T17:54:21.839+0800][44.111s] GC(15) Humongous regions: 10->10
[2022-04-04T17:54:21.840+0800][44.111s] GC(15) Metaspace: 49699K(50480K)->49699K(50480K) NonClass: 43917K(44464K)->43917K(44464K) Class: 5782K(6016K)->5782K(6016K)
[2022-04-04T17:54:21.840+0800][44.111s] GC(15) Pause Young (Normal) (G1 Evacuation Pause) 341M->54M(512M) 8.260ms
[2022-04-04T17:54:21.840+0800][44.111s] GC(15) User=0.05s Sys=0.00s Real=0.01s
[2022-04-04T17:54:22.039+0800][44.310s] GC(16) Pause Young (Normal) (G1 Evacuation Pause)
[2022-04-04T17:54:22.039+0800][44.310s] GC(16) Using 8 workers of 8 for evacuation
[2022-04-04T17:54:22.046+0800][44.318s] GC(16)   Pre Evacuate Collection Set: 0.1ms
[2022-04-04T17:54:22.046+0800][44.318s] GC(16)   Merge Heap Roots: 0.2ms
[2022-04-04T17:54:22.046+0800][44.318s] GC(16)   Evacuate Collection Set: 6.3ms
[2022-04-04T17:54:22.046+0800][44.318s] GC(16)   Post Evacuate Collection Set: 1.1ms
[2022-04-04T17:54:22.046+0800][44.318s] GC(16)   Other: 0.3ms
[2022-04-04T17:54:22.046+0800][44.318s] GC(16) Eden regions: 286->0(284)
[2022-04-04T17:54:22.046+0800][44.318s] GC(16) Survivor regions: 21->23(39)
[2022-04-04T17:54:22.046+0800][44.318s] GC(16) Old regions: 25->25
[2022-04-04T17:54:22.046+0800][44.318s] GC(16) Archive regions: 0->0
[2022-04-04T17:54:22.046+0800][44.318s] GC(16) Humongous regions: 10->10
[2022-04-04T17:54:22.046+0800][44.318s] GC(16) Metaspace: 49700K(50480K)->49700K(50480K) NonClass: 43918K(44464K)->43918K(44464K) Class: 5782K(6016K)->5782K(6016K)
[2022-04-04T17:54:22.046+0800][44.319s] GC(16) Pause Young (Normal) (G1 Evacuation Pause) 340M->57M(512M) 8.423ms
[2022-04-04T17:54:22.047+0800][44.319s] GC(16) User=0.12s Sys=0.00s Real=0.01s
[2022-04-04T17:54:22.259+0800][44.531s] GC(17) Pause Young (Normal) (G1 Evacuation Pause)
[2022-04-04T17:54:22.259+0800][44.531s] GC(17) Using 8 workers of 8 for evacuation
[2022-04-04T17:54:22.269+0800][44.541s] GC(17)   Pre Evacuate Collection Set: 0.2ms
[2022-04-04T17:54:22.269+0800][44.541s] GC(17)   Merge Heap Roots: 0.2ms
[2022-04-04T17:54:22.269+0800][44.541s] GC(17)   Evacuate Collection Set: 8.2ms
[2022-04-04T17:54:22.269+0800][44.541s] GC(17)   Post Evacuate Collection Set: 1.2ms
[2022-04-04T17:54:22.269+0800][44.541s] GC(17)   Other: 0.3ms
[2022-04-04T17:54:22.269+0800][44.541s] GC(17) Eden regions: 284->0(293)
[2022-04-04T17:54:22.269+0800][44.541s] GC(17) Survivor regions: 23->14(39)
[2022-04-04T17:54:22.269+0800][44.541s] GC(17) Old regions: 25->35
[2022-04-04T17:54:22.269+0800][44.541s] GC(17) Archive regions: 0->0
[2022-04-04T17:54:22.269+0800][44.542s] GC(17) Humongous regions: 10->10
[2022-04-04T17:54:22.270+0800][44.542s] GC(17) Metaspace: 49700K(50480K)->49700K(50480K) NonClass: 43918K(44464K)->43918K(44464K) Class: 5782K(6016K)->5782K(6016K)
[2022-04-04T17:54:22.270+0800][44.542s] GC(17) Pause Young (Normal) (G1 Evacuation Pause) 341M->58M(512M) 10.782ms
[2022-04-04T17:54:22.270+0800][44.542s] GC(17) User=0.12s Sys=0.00s Real=0.01s
[2022-04-04T17:54:22.478+0800][44.749s] GC(18) Pause Young (Normal) (G1 Evacuation Pause)
[2022-04-04T17:54:22.478+0800][44.749s] GC(18) Using 8 workers of 8 for evacuation
[2022-04-04T17:54:22.481+0800][44.752s] GC(18)   Pre Evacuate Collection Set: 0.1ms
[2022-04-04T17:54:22.481+0800][44.753s] GC(18)   Merge Heap Roots: 0.2ms
[2022-04-04T17:54:22.481+0800][44.753s] GC(18)   Evacuate Collection Set: 1.8ms
[2022-04-04T17:54:22.481+0800][44.753s] GC(18)   Post Evacuate Collection Set: 0.8ms
[2022-04-04T17:54:22.481+0800][44.753s] GC(18)   Other: 0.2ms
[2022-04-04T17:54:22.481+0800][44.753s] GC(18) Eden regions: 293->0(294)
[2022-04-04T17:54:22.481+0800][44.753s] GC(18) Survivor regions: 14->13(39)
[2022-04-04T17:54:22.481+0800][44.753s] GC(18) Old regions: 35->35
[2022-04-04T17:54:22.481+0800][44.753s] GC(18) Archive regions: 0->0
[2022-04-04T17:54:22.481+0800][44.753s] GC(18) Humongous regions: 10->10
[2022-04-04T17:54:22.481+0800][44.753s] GC(18) Metaspace: 49700K(50480K)->49700K(50480K) NonClass: 43918K(44464K)->43918K(44464K) Class: 5782K(6016K)->5782K(6016K)
[2022-04-04T17:54:22.481+0800][44.753s] GC(18) Pause Young (Normal) (G1 Evacuation Pause) 351M->57M(512M) 3.509ms
[2022-04-04T17:54:22.481+0800][44.753s] GC(18) User=0.12s Sys=0.00s Real=0.00s
[2022-04-04T17:54:22.642+0800][44.913s] GC(19) Pause Young (Normal) (G1 Evacuation Pause)
[2022-04-04T17:54:22.642+0800][44.913s] GC(19) Using 8 workers of 8 for evacuation
[2022-04-04T17:54:22.645+0800][44.917s] GC(19)   Pre Evacuate Collection Set: 0.1ms
[2022-04-04T17:54:22.645+0800][44.917s] GC(19)   Merge Heap Roots: 0.2ms
[2022-04-04T17:54:22.645+0800][44.917s] GC(19)   Evacuate Collection Set: 1.9ms
[2022-04-04T17:54:22.645+0800][44.917s] GC(19)   Post Evacuate Collection Set: 0.7ms
[2022-04-04T17:54:22.645+0800][44.917s] GC(19)   Other: 0.2ms
[2022-04-04T17:54:22.645+0800][44.917s] GC(19) Eden regions: 294->0(293)
[2022-04-04T17:54:22.645+0800][44.917s] GC(19) Survivor regions: 13->14(39)
[2022-04-04T17:54:22.645+0800][44.917s] GC(19) Old regions: 35->35
[2022-04-04T17:54:22.645+0800][44.917s] GC(19) Archive regions: 0->0
[2022-04-04T17:54:22.645+0800][44.917s] GC(19) Humongous regions: 10->10
[2022-04-04T17:54:22.645+0800][44.917s] GC(19) Metaspace: 49700K(50480K)->49700K(50480K) NonClass: 43918K(44464K)->43918K(44464K) Class: 5782K(6016K)->5782K(6016K)
[2022-04-04T17:54:22.645+0800][44.917s] GC(19) Pause Young (Normal) (G1 Evacuation Pause) 351M->58M(512M) 3.540ms
[2022-04-04T17:54:22.645+0800][44.917s] GC(19) User=0.00s Sys=0.00s Real=0.00s
[2022-04-04T17:54:22.820+0800][45.092s] GC(20) Pause Young (Normal) (G1 Evacuation Pause)
[2022-04-04T17:54:22.820+0800][45.092s] GC(20) Using 8 workers of 8 for evacuation
[2022-04-04T17:54:22.823+0800][45.095s] GC(20)   Pre Evacuate Collection Set: 0.1ms
[2022-04-04T17:54:22.823+0800][45.095s] GC(20)   Merge Heap Roots: 0.2ms
[2022-04-04T17:54:22.823+0800][45.095s] GC(20)   Evacuate Collection Set: 2.2ms
[2022-04-04T17:54:22.823+0800][45.095s] GC(20)   Post Evacuate Collection Set: 0.9ms
[2022-04-04T17:54:22.823+0800][45.095s] GC(20)   Other: 0.2ms
[2022-04-04T17:54:22.823+0800][45.095s] GC(20) Eden regions: 293->0(292)
[2022-04-04T17:54:22.823+0800][45.095s] GC(20) Survivor regions: 14->15(39)
[2022-04-04T17:54:22.823+0800][45.095s] GC(20) Old regions: 35->35
[2022-04-04T17:54:22.823+0800][45.095s] GC(20) Archive regions: 0->0
[2022-04-04T17:54:22.823+0800][45.095s] GC(20) Humongous regions: 10->10
[2022-04-04T17:54:22.823+0800][45.095s] GC(20) Metaspace: 49701K(50480K)->49701K(50480K) NonClass: 43918K(44464K)->43918K(44464K) Class: 5782K(6016K)->5782K(6016K)
[2022-04-04T17:54:22.823+0800][45.095s] GC(20) Pause Young (Normal) (G1 Evacuation Pause) 351M->59M(512M) 3.859ms
[2022-04-04T17:54:22.823+0800][45.096s] GC(20) User=0.12s Sys=0.00s Real=0.00s
[2022-04-04T17:54:25.799+0800][48.071s] GC(21) Pause Young (Normal) (G1 Evacuation Pause)
[2022-04-04T17:54:25.799+0800][48.071s] GC(21) Using 8 workers of 8 for evacuation
[2022-04-04T17:54:25.803+0800][48.075s] GC(21)   Pre Evacuate Collection Set: 0.2ms
[2022-04-04T17:54:25.803+0800][48.075s] GC(21)   Merge Heap Roots: 0.2ms
[2022-04-04T17:54:25.803+0800][48.075s] GC(21)   Evacuate Collection Set: 2.7ms
[2022-04-04T17:54:25.803+0800][48.075s] GC(21)   Post Evacuate Collection Set: 1.2ms
[2022-04-04T17:54:25.804+0800][48.076s] GC(21)   Other: 0.4ms
[2022-04-04T17:54:25.804+0800][48.076s] GC(21) Eden regions: 292->0(291)
[2022-04-04T17:54:25.804+0800][48.076s] GC(21) Survivor regions: 15->16(39)
[2022-04-04T17:54:25.804+0800][48.076s] GC(21) Old regions: 35->35
[2022-04-04T17:54:25.804+0800][48.076s] GC(21) Archive regions: 0->0
[2022-04-04T17:54:25.804+0800][48.076s] GC(21) Humongous regions: 10->10
[2022-04-04T17:54:25.804+0800][48.076s] GC(21) Metaspace: 50097K(50736K)->50097K(50736K) NonClass: 44289K(44720K)->44289K(44720K) Class: 5808K(6016K)->5808K(6016K)
[2022-04-04T17:54:25.804+0800][48.076s] GC(21) Pause Young (Normal) (G1 Evacuation Pause) 351M->60M(512M) 5.303ms
[2022-04-04T17:54:25.804+0800][48.076s] GC(21) User=0.00s Sys=0.00s Real=0.00s
[2022-04-04T17:54:27.285+0800][49.556s] GC(22) Pause Young (Normal) (G1 Evacuation Pause)
[2022-04-04T17:54:27.285+0800][49.556s] GC(22) Using 8 workers of 8 for evacuation
[2022-04-04T17:54:27.287+0800][49.560s] GC(22)   Pre Evacuate Collection Set: 0.1ms
[2022-04-04T17:54:27.287+0800][49.560s] GC(22)   Merge Heap Roots: 0.1ms
[2022-04-04T17:54:27.287+0800][49.560s] GC(22)   Evacuate Collection Set: 2.4ms
[2022-04-04T17:54:27.287+0800][49.560s] GC(22)   Post Evacuate Collection Set: 0.8ms
[2022-04-04T17:54:27.289+0800][49.560s] GC(22)   Other: 0.2ms
[2022-04-04T17:54:27.289+0800][49.560s] GC(22) Eden regions: 291->0(292)
[2022-04-04T17:54:27.289+0800][49.560s] GC(22) Survivor regions: 16->15(39)
[2022-04-04T17:54:27.289+0800][49.560s] GC(22) Old regions: 35->36
[2022-04-04T17:54:27.289+0800][49.560s] GC(22) Archive regions: 0->0
[2022-04-04T17:54:27.289+0800][49.560s] GC(22) Humongous regions: 10->10
[2022-04-04T17:54:27.289+0800][49.560s] GC(22) Metaspace: 50099K(50736K)->50099K(50736K) NonClass: 44291K(44720K)->44291K(44720K) Class: 5808K(6016K)->5808K(6016K)
[2022-04-04T17:54:27.289+0800][49.560s] GC(22) Pause Young (Normal) (G1 Evacuation Pause) 351M->59M(512M) 4.003ms
[2022-04-04T17:54:27.289+0800][49.560s] GC(22) User=0.00s Sys=0.00s Real=0.00s
[2022-04-04T17:54:29.057+0800][51.328s] GC(23) Pause Young (Normal) (G1 Evacuation Pause)
[2022-04-04T17:54:29.057+0800][51.328s] GC(23) Using 8 workers of 8 for evacuation
[2022-04-04T17:54:29.060+0800][51.332s] GC(23)   Pre Evacuate Collection Set: 0.1ms
[2022-04-04T17:54:29.060+0800][51.332s] GC(23)   Merge Heap Roots: 0.1ms
[2022-04-04T17:54:29.060+0800][51.332s] GC(23)   Evacuate Collection Set: 2.3ms
[2022-04-04T17:54:29.060+0800][51.332s] GC(23)   Post Evacuate Collection Set: 0.8ms
[2022-04-04T17:54:29.060+0800][51.332s] GC(23)   Other: 0.3ms
[2022-04-04T17:54:29.060+0800][51.332s] GC(23) Eden regions: 292->0(292)
[2022-04-04T17:54:29.060+0800][51.332s] GC(23) Survivor regions: 15->15(39)
[2022-04-04T17:54:29.060+0800][51.332s] GC(23) Old regions: 36->36
[2022-04-04T17:54:29.060+0800][51.332s] GC(23) Archive regions: 0->0
[2022-04-04T17:54:29.060+0800][51.332s] GC(23) Humongous regions: 10->10
[2022-04-04T17:54:29.060+0800][51.332s] GC(23) Metaspace: 50633K(51248K)->50633K(51248K) NonClass: 44791K(45232K)->44791K(45232K) Class: 5842K(6016K)->5842K(6016K)
[2022-04-04T17:54:29.060+0800][51.332s] GC(23) Pause Young (Normal) (G1 Evacuation Pause) 351M->60M(512M) 3.989ms
[2022-04-04T17:54:29.060+0800][51.332s] GC(23) User=0.09s Sys=0.02s Real=0.00s
[2022-04-04T17:54:30.327+0800][52.599s] GC(24) Pause Young (Normal) (G1 Evacuation Pause)
[2022-04-04T17:54:30.327+0800][52.599s] GC(24) Using 8 workers of 8 for evacuation
[2022-04-04T17:54:30.330+0800][52.602s] GC(24)   Pre Evacuate Collection Set: 0.1ms
[2022-04-04T17:54:30.330+0800][52.602s] GC(24)   Merge Heap Roots: 0.1ms
[2022-04-04T17:54:30.330+0800][52.602s] GC(24)   Evacuate Collection Set: 2.2ms
[2022-04-04T17:54:30.330+0800][52.602s] GC(24)   Post Evacuate Collection Set: 0.6ms
[2022-04-04T17:54:30.330+0800][52.602s] GC(24)   Other: 0.3ms
[2022-04-04T17:54:30.330+0800][52.602s] GC(24) Eden regions: 292->0(293)
[2022-04-04T17:54:30.330+0800][52.602s] GC(24) Survivor regions: 15->14(39)
[2022-04-04T17:54:30.330+0800][52.602s] GC(24) Old regions: 36->37
[2022-04-04T17:54:30.331+0800][52.602s] GC(24) Archive regions: 0->0
[2022-04-04T17:54:30.331+0800][52.602s] GC(24) Humongous regions: 10->10
[2022-04-04T17:54:30.331+0800][52.603s] GC(24) Metaspace: 50671K(51376K)->50671K(51376K) NonClass: 44821K(45232K)->44821K(45232K) Class: 5850K(6144K)->5850K(6144K)
[2022-04-04T17:54:30.331+0800][52.603s] GC(24) Pause Young (Normal) (G1 Evacuation Pause) 352M->60M(512M) 3.667ms
[2022-04-04T17:54:30.331+0800][52.603s] GC(24) User=0.00s Sys=0.00s Real=0.00s
[2022-04-04T17:54:30.524+0800][52.795s] GC(25) Pause Young (Normal) (G1 Evacuation Pause)
[2022-04-04T17:54:30.524+0800][52.795s] GC(25) Using 8 workers of 8 for evacuation
[2022-04-04T17:54:30.527+0800][52.799s] GC(25)   Pre Evacuate Collection Set: 0.1ms
[2022-04-04T17:54:30.527+0800][52.799s] GC(25)   Merge Heap Roots: 0.1ms
[2022-04-04T17:54:30.527+0800][52.799s] GC(25)   Evacuate Collection Set: 2.3ms
[2022-04-04T17:54:30.527+0800][52.799s] GC(25)   Post Evacuate Collection Set: 0.8ms
[2022-04-04T17:54:30.527+0800][52.799s] GC(25)   Other: 0.3ms
[2022-04-04T17:54:30.527+0800][52.799s] GC(25) Eden regions: 293->0(292)
[2022-04-04T17:54:30.527+0800][52.799s] GC(25) Survivor regions: 14->15(39)
[2022-04-04T17:54:30.527+0800][52.799s] GC(25) Old regions: 37->38
[2022-04-04T17:54:30.527+0800][52.799s] GC(25) Archive regions: 0->0
[2022-04-04T17:54:30.528+0800][52.799s] GC(25) Humongous regions: 10->10
[2022-04-04T17:54:30.528+0800][52.800s] GC(25) Metaspace: 50674K(51376K)->50674K(51376K) NonClass: 44824K(45232K)->44824K(45232K) Class: 5850K(6144K)->5850K(6144K)
[2022-04-04T17:54:30.528+0800][52.800s] GC(25) Pause Young (Normal) (G1 Evacuation Pause) 353M->62M(512M) 4.447ms
[2022-04-04T17:54:30.528+0800][52.800s] GC(25) User=0.12s Sys=0.00s Real=0.00s
[2022-04-04T17:54:30.724+0800][52.995s] GC(26) Pause Young (Normal) (G1 Evacuation Pause)
[2022-04-04T17:54:30.724+0800][52.995s] GC(26) Using 8 workers of 8 for evacuation
[2022-04-04T17:54:30.726+0800][52.998s] GC(26)   Pre Evacuate Collection Set: 0.1ms
[2022-04-04T17:54:30.727+0800][52.998s] GC(26)   Merge Heap Roots: 0.1ms
[2022-04-04T17:54:30.727+0800][52.999s] GC(26)   Evacuate Collection Set: 2.3ms
[2022-04-04T17:54:30.727+0800][52.999s] GC(26)   Post Evacuate Collection Set: 0.7ms
[2022-04-04T17:54:30.727+0800][52.999s] GC(26)   Other: 0.2ms
[2022-04-04T17:54:30.727+0800][52.999s] GC(26) Eden regions: 292->0(291)
[2022-04-04T17:54:30.727+0800][52.999s] GC(26) Survivor regions: 15->16(39)
[2022-04-04T17:54:30.727+0800][52.999s] GC(26) Old regions: 38->39
[2022-04-04T17:54:30.727+0800][52.999s] GC(26) Archive regions: 0->0
[2022-04-04T17:54:30.727+0800][52.999s] GC(26) Humongous regions: 10->10
[2022-04-04T17:54:30.727+0800][52.999s] GC(26) Metaspace: 50675K(51376K)->50675K(51376K) NonClass: 44824K(45232K)->44824K(45232K) Class: 5850K(6144K)->5850K(6144K)
[2022-04-04T17:54:30.727+0800][52.999s] GC(26) Pause Young (Normal) (G1 Evacuation Pause) 354M->63M(512M) 3.813ms
[2022-04-04T17:54:30.727+0800][52.999s] GC(26) User=0.00s Sys=0.00s Real=0.00s
[2022-04-04T17:54:30.924+0800][53.195s] GC(27) Pause Young (Normal) (G1 Evacuation Pause)
[2022-04-04T17:54:30.924+0800][53.196s] GC(27) Using 8 workers of 8 for evacuation
[2022-04-04T17:54:30.927+0800][53.199s] GC(27)   Pre Evacuate Collection Set: 0.1ms
[2022-04-04T17:54:30.927+0800][53.199s] GC(27)   Merge Heap Roots: 0.1ms
[2022-04-04T17:54:30.927+0800][53.199s] GC(27)   Evacuate Collection Set: 2.3ms
[2022-04-04T17:54:30.927+0800][53.199s] GC(27)   Post Evacuate Collection Set: 0.6ms
[2022-04-04T17:54:30.927+0800][53.199s] GC(27)   Other: 0.2ms
[2022-04-04T17:54:30.927+0800][53.199s] GC(27) Eden regions: 291->0(290)
[2022-04-04T17:54:30.927+0800][53.199s] GC(27) Survivor regions: 16->17(39)
[2022-04-04T17:54:30.927+0800][53.199s] GC(27) Old regions: 39->39
[2022-04-04T17:54:30.927+0800][53.199s] GC(27) Archive regions: 0->0
[2022-04-04T17:54:30.927+0800][53.199s] GC(27) Humongous regions: 11->11
[2022-04-04T17:54:30.927+0800][53.199s] GC(27) Metaspace: 50676K(51376K)->50676K(51376K) NonClass: 44825K(45232K)->44825K(45232K) Class: 5850K(6144K)->5850K(6144K)
[2022-04-04T17:54:30.927+0800][53.199s] GC(27) Pause Young (Normal) (G1 Evacuation Pause) 355M->65M(512M) 3.623ms
[2022-04-04T17:54:30.927+0800][53.199s] GC(27) User=0.00s Sys=0.00s Real=0.00s
[2022-04-04T17:54:31.125+0800][53.396s] GC(28) Pause Young (Normal) (G1 Evacuation Pause)
[2022-04-04T17:54:31.125+0800][53.396s] GC(28) Using 8 workers of 8 for evacuation
[2022-04-04T17:54:31.127+0800][53.400s] GC(28)   Pre Evacuate Collection Set: 0.1ms
[2022-04-04T17:54:31.127+0800][53.400s] GC(28)   Merge Heap Roots: 0.1ms
[2022-04-04T17:54:31.128+0800][53.400s] GC(28)   Evacuate Collection Set: 2.2ms
[2022-04-04T17:54:31.128+0800][53.400s] GC(28)   Post Evacuate Collection Set: 0.8ms
[2022-04-04T17:54:31.128+0800][53.400s] GC(28)   Other: 0.2ms
[2022-04-04T17:54:31.128+0800][53.400s] GC(28) Eden regions: 290->0(290)
[2022-04-04T17:54:31.128+0800][53.400s] GC(28) Survivor regions: 17->17(39)
[2022-04-04T17:54:31.128+0800][53.400s] GC(28) Old regions: 39->40
[2022-04-04T17:54:31.128+0800][53.400s] GC(28) Archive regions: 0->0
[2022-04-04T17:54:31.128+0800][53.400s] GC(28) Humongous regions: 11->11
[2022-04-04T17:54:31.128+0800][53.400s] GC(28) Metaspace: 50676K(51376K)->50676K(51376K) NonClass: 44825K(45232K)->44825K(45232K) Class: 5850K(6144K)->5850K(6144K)
[2022-04-04T17:54:31.128+0800][53.400s] GC(28) Pause Young (Normal) (G1 Evacuation Pause) 355M->67M(512M) 3.786ms
[2022-04-04T17:54:31.128+0800][53.400s] GC(28) User=0.00s Sys=0.00s Real=0.00s
[2022-04-04T17:54:31.301+0800][53.574s] GC(29) Pause Young (Normal) (G1 Evacuation Pause)
[2022-04-04T17:54:31.302+0800][53.574s] GC(29) Using 8 workers of 8 for evacuation
[2022-04-04T17:54:31.305+0800][53.577s] GC(29)   Pre Evacuate Collection Set: 0.1ms
[2022-04-04T17:54:31.305+0800][53.577s] GC(29)   Merge Heap Roots: 0.1ms
[2022-04-04T17:54:31.305+0800][53.577s] GC(29)   Evacuate Collection Set: 2.4ms
[2022-04-04T17:54:31.305+0800][53.578s] GC(29)   Post Evacuate Collection Set: 0.7ms
[2022-04-04T17:54:31.305+0800][53.578s] GC(29)   Other: 0.2ms
[2022-04-04T17:54:31.305+0800][53.578s] GC(29) Eden regions: 290->0(289)
[2022-04-04T17:54:31.305+0800][53.578s] GC(29) Survivor regions: 17->18(39)
[2022-04-04T17:54:31.305+0800][53.578s] GC(29) Old regions: 40->41
[2022-04-04T17:54:31.306+0800][53.578s] GC(29) Archive regions: 0->0
[2022-04-04T17:54:31.306+0800][53.578s] GC(29) Humongous regions: 11->11
[2022-04-04T17:54:31.306+0800][53.578s] GC(29) Metaspace: 50678K(51376K)->50678K(51376K) NonClass: 44827K(45232K)->44827K(45232K) Class: 5850K(6144K)->5850K(6144K)
[2022-04-04T17:54:31.306+0800][53.578s] GC(29) Pause Young (Normal) (G1 Evacuation Pause) 357M->68M(512M) 4.177ms
[2022-04-04T17:54:31.306+0800][53.578s] GC(29) User=0.00s Sys=0.00s Real=0.00s
[2022-04-04T17:54:31.477+0800][53.749s] GC(30) Pause Young (Normal) (G1 Evacuation Pause)
[2022-04-04T17:54:31.477+0800][53.749s] GC(30) Using 8 workers of 8 for evacuation
[2022-04-04T17:54:31.481+0800][53.752s] GC(30)   Pre Evacuate Collection Set: 0.1ms
[2022-04-04T17:54:31.481+0800][53.752s] GC(30)   Merge Heap Roots: 0.1ms
[2022-04-04T17:54:31.481+0800][53.753s] GC(30)   Evacuate Collection Set: 2.4ms
[2022-04-04T17:54:31.481+0800][53.753s] GC(30)   Post Evacuate Collection Set: 0.8ms
[2022-04-04T17:54:31.481+0800][53.753s] GC(30)   Other: 0.2ms
[2022-04-04T17:54:31.481+0800][53.753s] GC(30) Eden regions: 289->0(290)
[2022-04-04T17:54:31.481+0800][53.753s] GC(30) Survivor regions: 18->17(39)
[2022-04-04T17:54:31.481+0800][53.753s] GC(30) Old regions: 41->42
[2022-04-04T17:54:31.481+0800][53.753s] GC(30) Archive regions: 0->0
[2022-04-04T17:54:31.481+0800][53.753s] GC(30) Humongous regions: 11->11
[2022-04-04T17:54:31.481+0800][53.753s] GC(30) Metaspace: 50678K(51376K)->50678K(51376K) NonClass: 44827K(45232K)->44827K(45232K) Class: 5850K(6144K)->5850K(6144K)
[2022-04-04T17:54:31.481+0800][53.753s] GC(30) Pause Young (Normal) (G1 Evacuation Pause) 357M->68M(512M) 4.034ms
[2022-04-04T17:54:31.481+0800][53.753s] GC(30) User=0.12s Sys=0.00s Real=0.00s
[2022-04-04T17:54:31.662+0800][53.934s] GC(31) Pause Young (Normal) (G1 Evacuation Pause)
[2022-04-04T17:54:31.662+0800][53.934s] GC(31) Using 8 workers of 8 for evacuation
[2022-04-04T17:54:31.666+0800][53.937s] GC(31)   Pre Evacuate Collection Set: 0.1ms
[2022-04-04T17:54:31.666+0800][53.938s] GC(31)   Merge Heap Roots: 0.1ms
[2022-04-04T17:54:31.666+0800][53.938s] GC(31)   Evacuate Collection Set: 2.6ms
[2022-04-04T17:54:31.666+0800][53.938s] GC(31)   Post Evacuate Collection Set: 0.7ms
[2022-04-04T17:54:31.666+0800][53.938s] GC(31)   Other: 0.3ms
[2022-04-04T17:54:31.666+0800][53.938s] GC(31) Eden regions: 290->0(289)
[2022-04-04T17:54:31.666+0800][53.938s] GC(31) Survivor regions: 17->18(39)
[2022-04-04T17:54:31.666+0800][53.938s] GC(31) Old regions: 42->42
[2022-04-04T17:54:31.666+0800][53.938s] GC(31) Archive regions: 0->0
[2022-04-04T17:54:31.666+0800][53.938s] GC(31) Humongous regions: 11->11
[2022-04-04T17:54:31.666+0800][53.938s] GC(31) Metaspace: 50678K(51376K)->50678K(51376K) NonClass: 44827K(45232K)->44827K(45232K) Class: 5850K(6144K)->5850K(6144K)
[2022-04-04T17:54:31.666+0800][53.938s] GC(31) Pause Young (Normal) (G1 Evacuation Pause) 358M->70M(512M) 4.120ms
[2022-04-04T17:54:31.666+0800][53.938s] GC(31) User=0.00s Sys=0.00s Real=0.00s
[2022-04-04T17:54:31.841+0800][54.112s] GC(32) Pause Young (Normal) (G1 Evacuation Pause)
[2022-04-04T17:54:31.841+0800][54.112s] GC(32) Using 8 workers of 8 for evacuation
[2022-04-04T17:54:31.844+0800][54.116s] GC(32)   Pre Evacuate Collection Set: 0.1ms
[2022-04-04T17:54:31.844+0800][54.116s] GC(32)   Merge Heap Roots: 0.1ms
[2022-04-04T17:54:31.844+0800][54.116s] GC(32)   Evacuate Collection Set: 2.6ms
[2022-04-04T17:54:31.844+0800][54.116s] GC(32)   Post Evacuate Collection Set: 0.8ms
[2022-04-04T17:54:31.844+0800][54.116s] GC(32)   Other: 0.2ms
[2022-04-04T17:54:31.844+0800][54.116s] GC(32) Eden regions: 289->0(290)
[2022-04-04T17:54:31.845+0800][54.116s] GC(32) Survivor regions: 18->17(39)
[2022-04-04T17:54:31.845+0800][54.116s] GC(32) Old regions: 42->43
[2022-04-04T17:54:31.845+0800][54.116s] GC(32) Archive regions: 0->0
[2022-04-04T17:54:31.845+0800][54.116s] GC(32) Humongous regions: 13->12
[2022-04-04T17:54:31.845+0800][54.116s] GC(32) Metaspace: 50678K(51376K)->50678K(51376K) NonClass: 44827K(45232K)->44827K(45232K) Class: 5850K(6144K)->5850K(6144K)
[2022-04-04T17:54:31.845+0800][54.117s] GC(32) Pause Young (Normal) (G1 Evacuation Pause) 361M->71M(512M) 4.309ms
[2022-04-04T17:54:31.845+0800][54.117s] GC(32) User=0.00s Sys=0.00s Real=0.00s
[2022-04-04T17:54:32.111+0800][54.382s] GC(33) Pause Young (Normal) (G1 Evacuation Pause)
[2022-04-04T17:54:32.111+0800][54.382s] GC(33) Using 8 workers of 8 for evacuation
[2022-04-04T17:54:32.113+0800][54.385s] GC(33)   Pre Evacuate Collection Set: 0.1ms
[2022-04-04T17:54:32.114+0800][54.385s] GC(33)   Merge Heap Roots: 0.1ms
[2022-04-04T17:54:32.114+0800][54.386s] GC(33)   Evacuate Collection Set: 2.4ms
[2022-04-04T17:54:32.114+0800][54.386s] GC(33)   Post Evacuate Collection Set: 0.6ms
[2022-04-04T17:54:32.114+0800][54.386s] GC(33)   Other: 0.2ms
[2022-04-04T17:54:32.114+0800][54.386s] GC(33) Eden regions: 290->0(289)
[2022-04-04T17:54:32.114+0800][54.386s] GC(33) Survivor regions: 17->18(39)
[2022-04-04T17:54:32.114+0800][54.386s] GC(33) Old regions: 43->44
[2022-04-04T17:54:32.114+0800][54.386s] GC(33) Archive regions: 0->0
[2022-04-04T17:54:32.114+0800][54.386s] GC(33) Humongous regions: 13->13
[2022-04-04T17:54:32.114+0800][54.386s] GC(33) Metaspace: 50678K(51376K)->50678K(51376K) NonClass: 44827K(45232K)->44827K(45232K) Class: 5850K(6144K)->5850K(6144K)
[2022-04-04T17:54:32.114+0800][54.386s] GC(33) Pause Young (Normal) (G1 Evacuation Pause) 362M->73M(512M) 3.932ms
[2022-04-04T17:54:32.114+0800][54.386s] GC(33) User=0.00s Sys=0.00s Real=0.00s
[2022-04-04T17:54:32.305+0800][54.576s] GC(34) Pause Young (Normal) (G1 Evacuation Pause)
[2022-04-04T17:54:32.305+0800][54.576s] GC(34) Using 8 workers of 8 for evacuation
[2022-04-04T17:54:32.310+0800][54.582s] GC(34)   Pre Evacuate Collection Set: 0.2ms
[2022-04-04T17:54:32.310+0800][54.582s] GC(34)   Merge Heap Roots: 0.2ms
[2022-04-04T17:54:32.310+0800][54.582s] GC(34)   Evacuate Collection Set: 3.1ms
[2022-04-04T17:54:32.310+0800][54.582s] GC(34)   Post Evacuate Collection Set: 1.3ms
[2022-04-04T17:54:32.310+0800][54.582s] GC(34)   Other: 0.4ms
[2022-04-04T17:54:32.310+0800][54.582s] GC(34) Eden regions: 289->0(289)
[2022-04-04T17:54:32.310+0800][54.582s] GC(34) Survivor regions: 18->18(39)
[2022-04-04T17:54:32.310+0800][54.582s] GC(34) Old regions: 44->44
[2022-04-04T17:54:32.310+0800][54.582s] GC(34) Archive regions: 0->0
[2022-04-04T17:54:32.310+0800][54.582s] GC(34) Humongous regions: 13->13
[2022-04-04T17:54:32.310+0800][54.582s] GC(34) Metaspace: 50678K(51376K)->50678K(51376K) NonClass: 44827K(45232K)->44827K(45232K) Class: 5850K(6144K)->5850K(6144K)
[2022-04-04T17:54:32.310+0800][54.582s] GC(34) Pause Young (Normal) (G1 Evacuation Pause) 362M->74M(512M) 5.926ms
[2022-04-04T17:54:32.310+0800][54.582s] GC(34) User=0.11s Sys=0.02s Real=0.00s
[2022-04-04T17:54:32.561+0800][54.833s] GC(35) Pause Young (Normal) (G1 Evacuation Pause)
[2022-04-04T17:54:32.561+0800][54.833s] GC(35) Using 8 workers of 8 for evacuation
[2022-04-04T17:54:32.565+0800][54.836s] GC(35)   Pre Evacuate Collection Set: 0.1ms
[2022-04-04T17:54:32.565+0800][54.836s] GC(35)   Merge Heap Roots: 0.2ms
[2022-04-04T17:54:32.565+0800][54.837s] GC(35)   Evacuate Collection Set: 2.5ms
[2022-04-04T17:54:32.565+0800][54.837s] GC(35)   Post Evacuate Collection Set: 0.9ms
[2022-04-04T17:54:32.565+0800][54.837s] GC(35)   Other: 0.2ms
[2022-04-04T17:54:32.565+0800][54.837s] GC(35) Eden regions: 289->0(294)
[2022-04-04T17:54:32.565+0800][54.837s] GC(35) Survivor regions: 18->13(39)
[2022-04-04T17:54:32.565+0800][54.837s] GC(35) Old regions: 44->50
[2022-04-04T17:54:32.565+0800][54.837s] GC(35) Archive regions: 0->0
[2022-04-04T17:54:32.565+0800][54.837s] GC(35) Humongous regions: 13->13
[2022-04-04T17:54:32.565+0800][54.837s] GC(35) Metaspace: 50678K(51376K)->50678K(51376K) NonClass: 44827K(45232K)->44827K(45232K) Class: 5850K(6144K)->5850K(6144K)
[2022-04-04T17:54:32.565+0800][54.837s] GC(35) Pause Young (Normal) (G1 Evacuation Pause) 363M->75M(512M) 4.187ms
[2022-04-04T17:54:32.565+0800][54.837s] GC(35) User=0.00s Sys=0.00s Real=0.00s
[2022-04-04T17:54:32.706+0800][54.978s] GC(36) Pause Young (Normal) (G1 Evacuation Pause)
[2022-04-04T17:54:32.706+0800][54.978s] GC(36) Using 8 workers of 8 for evacuation
[2022-04-04T17:54:32.710+0800][54.981s] GC(36)   Pre Evacuate Collection Set: 0.1ms
[2022-04-04T17:54:32.710+0800][54.981s] GC(36)   Merge Heap Roots: 0.1ms
[2022-04-04T17:54:32.710+0800][54.981s] GC(36)   Evacuate Collection Set: 2.0ms
[2022-04-04T17:54:32.710+0800][54.981s] GC(36)   Post Evacuate Collection Set: 0.8ms
[2022-04-04T17:54:32.710+0800][54.981s] GC(36)   Other: 0.2ms
[2022-04-04T17:54:32.710+0800][54.981s] GC(36) Eden regions: 294->0(292)
[2022-04-04T17:54:32.710+0800][54.981s] GC(36) Survivor regions: 13->15(39)
[2022-04-04T17:54:32.710+0800][54.981s] GC(36) Old regions: 50->51
[2022-04-04T17:54:32.710+0800][54.981s] GC(36) Archive regions: 0->0
[2022-04-04T17:54:32.710+0800][54.981s] GC(36) Humongous regions: 13->13
[2022-04-04T17:54:32.710+0800][54.981s] GC(36) Metaspace: 50678K(51376K)->50678K(51376K) NonClass: 44827K(45232K)->44827K(45232K) Class: 5850K(6144K)->5850K(6144K)
[2022-04-04T17:54:32.710+0800][54.981s] GC(36) Pause Young (Normal) (G1 Evacuation Pause) 369M->77M(512M) 3.665ms
[2022-04-04T17:54:32.710+0800][54.981s] GC(36) User=0.00s Sys=0.00s Real=0.00s
[2022-04-04T17:54:32.861+0800][55.133s] GC(37) Pause Young (Normal) (G1 Evacuation Pause)
[2022-04-04T17:54:32.861+0800][55.133s] GC(37) Using 8 workers of 8 for evacuation
[2022-04-04T17:54:32.865+0800][55.136s] GC(37)   Pre Evacuate Collection Set: 0.1ms
[2022-04-04T17:54:32.865+0800][55.136s] GC(37)   Merge Heap Roots: 0.1ms
[2022-04-04T17:54:32.865+0800][55.136s] GC(37)   Evacuate Collection Set: 2.1ms
[2022-04-04T17:54:32.865+0800][55.137s] GC(37)   Post Evacuate Collection Set: 0.9ms
[2022-04-04T17:54:32.865+0800][55.137s] GC(37)   Other: 0.2ms
[2022-04-04T17:54:32.865+0800][55.137s] GC(37) Eden regions: 292->0(292)
[2022-04-04T17:54:32.865+0800][55.137s] GC(37) Survivor regions: 15->15(39)
[2022-04-04T17:54:32.865+0800][55.137s] GC(37) Old regions: 51->51
[2022-04-04T17:54:32.865+0800][55.137s] GC(37) Archive regions: 0->0
[2022-04-04T17:54:32.865+0800][55.137s] GC(37) Humongous regions: 13->13
[2022-04-04T17:54:32.866+0800][55.137s] GC(37) Metaspace: 50678K(51376K)->50678K(51376K) NonClass: 44827K(45232K)->44827K(45232K) Class: 5850K(6144K)->5850K(6144K)
[2022-04-04T17:54:32.866+0800][55.137s] GC(37) Pause Young (Normal) (G1 Evacuation Pause) 369M->78M(512M) 4.025ms
[2022-04-04T17:54:32.866+0800][55.137s] GC(37) User=0.00s Sys=0.00s Real=0.00s
[2022-04-04T17:54:33.325+0800][55.596s] GC(38) Pause Young (Normal) (G1 Evacuation Pause)
[2022-04-04T17:54:33.325+0800][55.597s] GC(38) Using 8 workers of 8 for evacuation
[2022-04-04T17:54:33.327+0800][55.600s] GC(38)   Pre Evacuate Collection Set: 0.1ms
[2022-04-04T17:54:33.327+0800][55.600s] GC(38)   Merge Heap Roots: 0.1ms
[2022-04-04T17:54:33.327+0800][55.600s] GC(38)   Evacuate Collection Set: 2.1ms
[2022-04-04T17:54:33.327+0800][55.600s] GC(38)   Post Evacuate Collection Set: 0.8ms
[2022-04-04T17:54:33.327+0800][55.600s] GC(38)   Other: 0.2ms
[2022-04-04T17:54:33.329+0800][55.600s] GC(38) Eden regions: 292->0(292)
[2022-04-04T17:54:33.329+0800][55.600s] GC(38) Survivor regions: 15->15(39)
[2022-04-04T17:54:33.329+0800][55.600s] GC(38) Old regions: 51->51
[2022-04-04T17:54:33.329+0800][55.600s] GC(38) Archive regions: 0->0
[2022-04-04T17:54:33.329+0800][55.600s] GC(38) Humongous regions: 13->13
[2022-04-04T17:54:33.329+0800][55.600s] GC(38) Metaspace: 50694K(51376K)->50694K(51376K) NonClass: 44843K(45232K)->44843K(45232K) Class: 5851K(6144K)->5851K(6144K)
[2022-04-04T17:54:33.329+0800][55.600s] GC(38) Pause Young (Normal) (G1 Evacuation Pause) 370M->78M(512M) 3.690ms
[2022-04-04T17:54:33.329+0800][55.600s] GC(38) User=0.00s Sys=0.00s Real=0.00s
[2022-04-04T17:54:35.389+0800][57.660s] GC(39) Pause Young (Normal) (G1 Evacuation Pause)
[2022-04-04T17:54:35.389+0800][57.660s] GC(39) Using 8 workers of 8 for evacuation
[2022-04-04T17:54:35.393+0800][57.664s] GC(39)   Pre Evacuate Collection Set: 0.1ms
[2022-04-04T17:54:35.393+0800][57.664s] GC(39)   Merge Heap Roots: 0.2ms
[2022-04-04T17:54:35.393+0800][57.664s] GC(39)   Evacuate Collection Set: 2.4ms
[2022-04-04T17:54:35.393+0800][57.664s] GC(39)   Post Evacuate Collection Set: 1.0ms
[2022-04-04T17:54:35.393+0800][57.664s] GC(39)   Other: 0.3ms
[2022-04-04T17:54:35.393+0800][57.664s] GC(39) Eden regions: 292->0(293)
[2022-04-04T17:54:35.393+0800][57.664s] GC(39) Survivor regions: 15->14(39)
[2022-04-04T17:54:35.393+0800][57.664s] GC(39) Old regions: 51->51
[2022-04-04T17:54:35.393+0800][57.664s] GC(39) Archive regions: 0->0
[2022-04-04T17:54:35.393+0800][57.665s] GC(39) Humongous regions: 13->13
[2022-04-04T17:54:35.393+0800][57.665s] GC(39) Metaspace: 50697K(51376K)->50697K(51376K) NonClass: 44846K(45232K)->44846K(45232K) Class: 5851K(6144K)->5851K(6144K)
[2022-04-04T17:54:35.393+0800][57.665s] GC(39) Pause Young (Normal) (G1 Evacuation Pause) 370M->77M(512M) 4.327ms
[2022-04-04T17:54:35.393+0800][57.665s] GC(39) User=0.00s Sys=0.00s Real=0.00s
[2022-04-04T17:54:37.164+0800][59.435s] GC(40) Pause Young (Normal) (G1 Evacuation Pause)
[2022-04-04T17:54:37.164+0800][59.435s] GC(40) Using 8 workers of 8 for evacuation
[2022-04-04T17:54:37.168+0800][59.439s] GC(40)   Pre Evacuate Collection Set: 0.2ms
[2022-04-04T17:54:37.168+0800][59.439s] GC(40)   Merge Heap Roots: 0.1ms
[2022-04-04T17:54:37.168+0800][59.439s] GC(40)   Evacuate Collection Set: 2.4ms
[2022-04-04T17:54:37.168+0800][59.439s] GC(40)   Post Evacuate Collection Set: 0.9ms
[2022-04-04T17:54:37.168+0800][59.439s] GC(40)   Other: 0.2ms
[2022-04-04T17:54:37.168+0800][59.439s] GC(40) Eden regions: 293->0(293)
[2022-04-04T17:54:37.168+0800][59.439s] GC(40) Survivor regions: 14->14(39)
[2022-04-04T17:54:37.168+0800][59.439s] GC(40) Old regions: 51->52
[2022-04-04T17:54:37.168+0800][59.439s] GC(40) Archive regions: 0->0
[2022-04-04T17:54:37.168+0800][59.439s] GC(40) Humongous regions: 13->13
[2022-04-04T17:54:37.168+0800][59.439s] GC(40) Metaspace: 50697K(51376K)->50697K(51376K) NonClass: 44846K(45232K)->44846K(45232K) Class: 5851K(6144K)->5851K(6144K)
[2022-04-04T17:54:37.168+0800][59.440s] GC(40) Pause Young (Normal) (G1 Evacuation Pause) 370M->77M(512M) 4.193ms
[2022-04-04T17:54:37.168+0800][59.440s] GC(40) User=0.00s Sys=0.00s Real=0.00s
[2022-04-04T17:54:39.223+0800][61.495s] GC(41) Pause Young (Normal) (G1 Evacuation Pause)
[2022-04-04T17:54:39.223+0800][61.495s] GC(41) Using 8 workers of 8 for evacuation
[2022-04-04T17:54:39.226+0800][61.498s] GC(41)   Pre Evacuate Collection Set: 0.1ms
[2022-04-04T17:54:39.226+0800][61.498s] GC(41)   Merge Heap Roots: 0.1ms
[2022-04-04T17:54:39.226+0800][61.498s] GC(41)   Evacuate Collection Set: 2.0ms
[2022-04-04T17:54:39.226+0800][61.498s] GC(41)   Post Evacuate Collection Set: 0.6ms
[2022-04-04T17:54:39.226+0800][61.498s] GC(41)   Other: 0.2ms
[2022-04-04T17:54:39.226+0800][61.498s] GC(41) Eden regions: 293->0(293)
[2022-04-04T17:54:39.226+0800][61.498s] GC(41) Survivor regions: 14->14(39)
[2022-04-04T17:54:39.227+0800][61.498s] GC(41) Old regions: 52->53
[2022-04-04T17:54:39.227+0800][61.498s] GC(41) Archive regions: 0->0
[2022-04-04T17:54:39.227+0800][61.498s] GC(41) Humongous regions: 13->13
[2022-04-04T17:54:39.227+0800][61.498s] GC(41) Metaspace: 50701K(51376K)->50701K(51376K) NonClass: 44850K(45232K)->44850K(45232K) Class: 5851K(6144K)->5851K(6144K)
[2022-04-04T17:54:39.227+0800][61.499s] GC(41) Pause Young (Normal) (G1 Evacuation Pause) 370M->78M(512M) 3.642ms
[2022-04-04T17:54:39.227+0800][61.499s] GC(41) User=0.00s Sys=0.00s Real=0.00s
[2022-04-04T17:54:39.418+0800][61.689s] GC(42) Pause Young (Normal) (G1 Evacuation Pause)
[2022-04-04T17:54:39.418+0800][61.689s] GC(42) Using 8 workers of 8 for evacuation
[2022-04-04T17:54:39.421+0800][61.692s] GC(42)   Pre Evacuate Collection Set: 0.1ms
[2022-04-04T17:54:39.421+0800][61.692s] GC(42)   Merge Heap Roots: 0.1ms
[2022-04-04T17:54:39.421+0800][61.692s] GC(42)   Evacuate Collection Set: 2.2ms
[2022-04-04T17:54:39.421+0800][61.693s] GC(42)   Post Evacuate Collection Set: 0.7ms
[2022-04-04T17:54:39.421+0800][61.693s] GC(42)   Other: 0.2ms
[2022-04-04T17:54:39.421+0800][61.693s] GC(42) Eden regions: 293->0(293)
[2022-04-04T17:54:39.421+0800][61.693s] GC(42) Survivor regions: 14->14(39)
[2022-04-04T17:54:39.421+0800][61.693s] GC(42) Old regions: 53->53
[2022-04-04T17:54:39.421+0800][61.693s] GC(42) Archive regions: 0->0
[2022-04-04T17:54:39.421+0800][61.693s] GC(42) Humongous regions: 13->13
[2022-04-04T17:54:39.421+0800][61.693s] GC(42) Metaspace: 50703K(51376K)->50703K(51376K) NonClass: 44852K(45232K)->44852K(45232K) Class: 5851K(6144K)->5851K(6144K)
[2022-04-04T17:54:39.421+0800][61.693s] GC(42) Pause Young (Normal) (G1 Evacuation Pause) 371M->79M(512M) 3.727ms
[2022-04-04T17:54:39.421+0800][61.693s] GC(42) User=0.00s Sys=0.00s Real=0.00s
[2022-04-04T17:54:39.631+0800][61.903s] GC(43) Pause Young (Normal) (G1 Evacuation Pause)
[2022-04-04T17:54:39.631+0800][61.903s] GC(43) Using 8 workers of 8 for evacuation
[2022-04-04T17:54:39.634+0800][61.906s] GC(43)   Pre Evacuate Collection Set: 0.1ms
[2022-04-04T17:54:39.634+0800][61.906s] GC(43)   Merge Heap Roots: 0.1ms
[2022-04-04T17:54:39.634+0800][61.906s] GC(43)   Evacuate Collection Set: 2.1ms
[2022-04-04T17:54:39.635+0800][61.906s] GC(43)   Post Evacuate Collection Set: 0.8ms
[2022-04-04T17:54:39.635+0800][61.906s] GC(43)   Other: 0.2ms
[2022-04-04T17:54:39.635+0800][61.906s] GC(43) Eden regions: 293->0(292)
[2022-04-04T17:54:39.635+0800][61.907s] GC(43) Survivor regions: 14->15(39)
[2022-04-04T17:54:39.635+0800][61.907s] GC(43) Old regions: 53->54
[2022-04-04T17:54:39.635+0800][61.907s] GC(43) Archive regions: 0->0
[2022-04-04T17:54:39.635+0800][61.907s] GC(43) Humongous regions: 13->13
[2022-04-04T17:54:39.635+0800][61.907s] GC(43) Metaspace: 50703K(51376K)->50703K(51376K) NonClass: 44852K(45232K)->44852K(45232K) Class: 5851K(6144K)->5851K(6144K)
[2022-04-04T17:54:39.635+0800][61.907s] GC(43) Pause Young (Normal) (G1 Evacuation Pause) 372M->80M(512M) 3.761ms
[2022-04-04T17:54:39.635+0800][61.907s] GC(43) User=0.00s Sys=0.00s Real=0.00s
[2022-04-04T17:54:39.803+0800][62.074s] GC(44) Pause Young (Normal) (G1 Evacuation Pause)
[2022-04-04T17:54:39.803+0800][62.074s] GC(44) Using 8 workers of 8 for evacuation
[2022-04-04T17:54:39.806+0800][62.078s] GC(44)   Pre Evacuate Collection Set: 0.1ms
[2022-04-04T17:54:39.806+0800][62.078s] GC(44)   Merge Heap Roots: 0.1ms
[2022-04-04T17:54:39.806+0800][62.078s] GC(44)   Evacuate Collection Set: 2.3ms
[2022-04-04T17:54:39.806+0800][62.078s] GC(44)   Post Evacuate Collection Set: 0.8ms
[2022-04-04T17:54:39.806+0800][62.078s] GC(44)   Other: 0.2ms
[2022-04-04T17:54:39.806+0800][62.078s] GC(44) Eden regions: 292->0(292)
[2022-04-04T17:54:39.806+0800][62.078s] GC(44) Survivor regions: 15->15(39)
[2022-04-04T17:54:39.806+0800][62.078s] GC(44) Old regions: 54->55
[2022-04-04T17:54:39.806+0800][62.078s] GC(44) Archive regions: 0->0
[2022-04-04T17:54:39.806+0800][62.078s] GC(44) Humongous regions: 13->13
[2022-04-04T17:54:39.806+0800][62.078s] GC(44) Metaspace: 50703K(51376K)->50703K(51376K) NonClass: 44852K(45232K)->44852K(45232K) Class: 5851K(6144K)->5851K(6144K)
[2022-04-04T17:54:39.806+0800][62.078s] GC(44) Pause Young (Normal) (G1 Evacuation Pause) 372M->82M(512M) 4.148ms
[2022-04-04T17:54:39.806+0800][62.078s] GC(44) User=0.00s Sys=0.00s Real=0.00s
[2022-04-04T17:54:39.981+0800][62.252s] GC(45) Pause Young (Normal) (G1 Evacuation Pause)
[2022-04-04T17:54:39.981+0800][62.252s] GC(45) Using 8 workers of 8 for evacuation
[2022-04-04T17:54:39.984+0800][62.256s] GC(45)   Pre Evacuate Collection Set: 0.2ms
[2022-04-04T17:54:39.984+0800][62.256s] GC(45)   Merge Heap Roots: 0.2ms
[2022-04-04T17:54:39.984+0800][62.256s] GC(45)   Evacuate Collection Set: 2.2ms
[2022-04-04T17:54:39.984+0800][62.256s] GC(45)   Post Evacuate Collection Set: 0.8ms
[2022-04-04T17:54:39.984+0800][62.256s] GC(45)   Other: 0.3ms
[2022-04-04T17:54:39.984+0800][62.256s] GC(45) Eden regions: 292->0(291)
[2022-04-04T17:54:39.984+0800][62.256s] GC(45) Survivor regions: 15->16(39)
[2022-04-04T17:54:39.984+0800][62.256s] GC(45) Old regions: 55->55
[2022-04-04T17:54:39.984+0800][62.256s] GC(45) Archive regions: 0->0
[2022-04-04T17:54:39.984+0800][62.256s] GC(45) Humongous regions: 14->14
[2022-04-04T17:54:39.984+0800][62.256s] GC(45) Metaspace: 50703K(51376K)->50703K(51376K) NonClass: 44852K(45232K)->44852K(45232K) Class: 5851K(6144K)->5851K(6144K)
[2022-04-04T17:54:39.984+0800][62.256s] GC(45) Pause Young (Normal) (G1 Evacuation Pause) 375M->84M(512M) 4.083ms
[2022-04-04T17:54:39.984+0800][62.256s] GC(45) User=0.00s Sys=0.00s Real=0.00s
[2022-04-04T17:54:40.240+0800][62.511s] GC(46) Pause Young (Normal) (G1 Evacuation Pause)
[2022-04-04T17:54:40.240+0800][62.512s] GC(46) Using 8 workers of 8 for evacuation
[2022-04-04T17:54:40.244+0800][62.516s] GC(46)   Pre Evacuate Collection Set: 0.2ms
[2022-04-04T17:54:40.244+0800][62.516s] GC(46)   Merge Heap Roots: 0.2ms
[2022-04-04T17:54:40.244+0800][62.516s] GC(46)   Evacuate Collection Set: 2.5ms
[2022-04-04T17:54:40.244+0800][62.516s] GC(46)   Post Evacuate Collection Set: 1.1ms
[2022-04-04T17:54:40.244+0800][62.516s] GC(46)   Other: 0.4ms
[2022-04-04T17:54:40.244+0800][62.516s] GC(46) Eden regions: 291->0(291)
[2022-04-04T17:54:40.244+0800][62.516s] GC(46) Survivor regions: 16->16(39)
[2022-04-04T17:54:40.244+0800][62.516s] GC(46) Old regions: 55->56
[2022-04-04T17:54:40.244+0800][62.516s] GC(46) Archive regions: 0->0
[2022-04-04T17:54:40.244+0800][62.516s] GC(46) Humongous regions: 14->14
[2022-04-04T17:54:40.244+0800][62.516s] GC(46) Metaspace: 50703K(51376K)->50703K(51376K) NonClass: 44852K(45232K)->44852K(45232K) Class: 5851K(6144K)->5851K(6144K)
[2022-04-04T17:54:40.244+0800][62.516s] GC(46) Pause Young (Normal) (G1 Evacuation Pause) 375M->84M(512M) 4.991ms
[2022-04-04T17:54:40.244+0800][62.516s] GC(46) User=0.00s Sys=0.00s Real=0.00s
[2022-04-04T17:54:40.558+0800][62.830s] GC(47) Pause Young (Normal) (G1 Evacuation Pause)
[2022-04-04T17:54:40.558+0800][62.830s] GC(47) Using 8 workers of 8 for evacuation
[2022-04-04T17:54:40.563+0800][62.834s] GC(47)   Pre Evacuate Collection Set: 0.3ms
[2022-04-04T17:54:40.563+0800][62.835s] GC(47)   Merge Heap Roots: 0.2ms
[2022-04-04T17:54:40.563+0800][62.835s] GC(47)   Evacuate Collection Set: 2.7ms
[2022-04-04T17:54:40.563+0800][62.835s] GC(47)   Post Evacuate Collection Set: 1.3ms
[2022-04-04T17:54:40.563+0800][62.835s] GC(47)   Other: 0.4ms
[2022-04-04T17:54:40.563+0800][62.835s] GC(47) Eden regions: 291->0(291)
[2022-04-04T17:54:40.564+0800][62.835s] GC(47) Survivor regions: 16->16(39)
[2022-04-04T17:54:40.564+0800][62.835s] GC(47) Old regions: 56->56
[2022-04-04T17:54:40.564+0800][62.835s] GC(47) Archive regions: 0->0
[2022-04-04T17:54:40.564+0800][62.835s] GC(47) Humongous regions: 14->14
[2022-04-04T17:54:40.564+0800][62.835s] GC(47) Metaspace: 50703K(51376K)->50703K(51376K) NonClass: 44852K(45232K)->44852K(45232K) Class: 5851K(6144K)->5851K(6144K)
[2022-04-04T17:54:40.564+0800][62.835s] GC(47) Pause Young (Normal) (G1 Evacuation Pause) 375M->85M(512M) 5.728ms
[2022-04-04T17:54:40.564+0800][62.836s] GC(47) User=0.00s Sys=0.00s Real=0.01s
[2022-04-04T17:54:40.836+0800][63.108s] GC(48) Pause Young (Normal) (G1 Evacuation Pause)
[2022-04-04T17:54:40.836+0800][63.108s] GC(48) Using 8 workers of 8 for evacuation
[2022-04-04T17:54:40.841+0800][63.112s] GC(48)   Pre Evacuate Collection Set: 0.2ms
[2022-04-04T17:54:40.841+0800][63.112s] GC(48)   Merge Heap Roots: 0.2ms
[2022-04-04T17:54:40.841+0800][63.112s] GC(48)   Evacuate Collection Set: 2.6ms
[2022-04-04T17:54:40.841+0800][63.113s] GC(48)   Post Evacuate Collection Set: 1.2ms
[2022-04-04T17:54:40.841+0800][63.113s] GC(48)   Other: 0.3ms
[2022-04-04T17:54:40.841+0800][63.113s] GC(48) Eden regions: 291->0(291)
[2022-04-04T17:54:40.841+0800][63.113s] GC(48) Survivor regions: 16->16(39)
[2022-04-04T17:54:40.841+0800][63.113s] GC(48) Old regions: 56->57
[2022-04-04T17:54:40.841+0800][63.113s] GC(48) Archive regions: 0->0
[2022-04-04T17:54:40.841+0800][63.113s] GC(48) Humongous regions: 14->14
[2022-04-04T17:54:40.841+0800][63.113s] GC(48) Metaspace: 50703K(51376K)->50703K(51376K) NonClass: 44852K(45232K)->44852K(45232K) Class: 5851K(6144K)->5851K(6144K)
[2022-04-04T17:54:40.841+0800][63.113s] GC(48) Pause Young (Normal) (G1 Evacuation Pause) 376M->86M(512M) 5.108ms
[2022-04-04T17:54:40.842+0800][63.113s] GC(48) User=0.12s Sys=0.00s Real=0.01s
[2022-04-04T17:54:41.068+0800][63.339s] GC(49) Pause Young (Normal) (G1 Evacuation Pause)
[2022-04-04T17:54:41.068+0800][63.339s] GC(49) Using 8 workers of 8 for evacuation
[2022-04-04T17:54:41.072+0800][63.344s] GC(49)   Pre Evacuate Collection Set: 0.1ms
[2022-04-04T17:54:41.072+0800][63.344s] GC(49)   Merge Heap Roots: 0.2ms
[2022-04-04T17:54:41.072+0800][63.344s] GC(49)   Evacuate Collection Set: 3.0ms
[2022-04-04T17:54:41.072+0800][63.344s] GC(49)   Post Evacuate Collection Set: 1.1ms
[2022-04-04T17:54:41.072+0800][63.344s] GC(49)   Other: 0.3ms
[2022-04-04T17:54:41.072+0800][63.344s] GC(49) Eden regions: 291->0(290)
[2022-04-04T17:54:41.073+0800][63.344s] GC(49) Survivor regions: 16->17(39)
[2022-04-04T17:54:41.073+0800][63.344s] GC(49) Old regions: 57->58
[2022-04-04T17:54:41.073+0800][63.344s] GC(49) Archive regions: 0->0
[2022-04-04T17:54:41.073+0800][63.344s] GC(49) Humongous regions: 14->14
[2022-04-04T17:54:41.073+0800][63.344s] GC(49) Metaspace: 50703K(51376K)->50703K(51376K) NonClass: 44852K(45232K)->44852K(45232K) Class: 5851K(6144K)->5851K(6144K)
[2022-04-04T17:54:41.073+0800][63.344s] GC(49) Pause Young (Normal) (G1 Evacuation Pause) 377M->88M(512M) 5.294ms
[2022-04-04T17:54:41.073+0800][63.344s] GC(49) User=0.00s Sys=0.00s Real=0.00s
[2022-04-04T17:54:41.268+0800][63.539s] GC(50) Pause Young (Normal) (G1 Evacuation Pause)
[2022-04-04T17:54:41.268+0800][63.539s] GC(50) Using 8 workers of 8 for evacuation
[2022-04-04T17:54:41.271+0800][63.543s] GC(50)   Pre Evacuate Collection Set: 0.2ms
[2022-04-04T17:54:41.271+0800][63.543s] GC(50)   Merge Heap Roots: 0.2ms
[2022-04-04T17:54:41.271+0800][63.543s] GC(50)   Evacuate Collection Set: 2.5ms
[2022-04-04T17:54:41.271+0800][63.543s] GC(50)   Post Evacuate Collection Set: 0.9ms
[2022-04-04T17:54:41.271+0800][63.543s] GC(50)   Other: 0.2ms
[2022-04-04T17:54:41.271+0800][63.543s] GC(50) Eden regions: 290->0(289)
[2022-04-04T17:54:41.271+0800][63.543s] GC(50) Survivor regions: 17->18(39)
[2022-04-04T17:54:41.272+0800][63.543s] GC(50) Old regions: 58->58
[2022-04-04T17:54:41.272+0800][63.543s] GC(50) Archive regions: 0->0
[2022-04-04T17:54:41.272+0800][63.543s] GC(50) Humongous regions: 17->16
[2022-04-04T17:54:41.272+0800][63.543s] GC(50) Metaspace: 50703K(51376K)->50703K(51376K) NonClass: 44852K(45232K)->44852K(45232K) Class: 5851K(6144K)->5851K(6144K)
[2022-04-04T17:54:41.272+0800][63.543s] GC(50) Pause Young (Normal) (G1 Evacuation Pause) 381M->91M(512M) 4.272ms
[2022-04-04T17:54:41.272+0800][63.543s] GC(50) User=0.00s Sys=0.00s Real=0.00s
[2022-04-04T17:54:41.505+0800][63.777s] GC(51) Pause Young (Normal) (G1 Evacuation Pause)
[2022-04-04T17:54:41.505+0800][63.777s] GC(51) Using 8 workers of 8 for evacuation
[2022-04-04T17:54:41.509+0800][63.781s] GC(51)   Pre Evacuate Collection Set: 0.1ms
[2022-04-04T17:54:41.509+0800][63.781s] GC(51)   Merge Heap Roots: 0.1ms
[2022-04-04T17:54:41.509+0800][63.781s] GC(51)   Evacuate Collection Set: 2.4ms
[2022-04-04T17:54:41.509+0800][63.781s] GC(51)   Post Evacuate Collection Set: 0.8ms
[2022-04-04T17:54:41.509+0800][63.781s] GC(51)   Other: 0.2ms
[2022-04-04T17:54:41.509+0800][63.781s] GC(51) Eden regions: 289->0(290)
[2022-04-04T17:54:41.509+0800][63.781s] GC(51) Survivor regions: 18->17(39)
[2022-04-04T17:54:41.509+0800][63.781s] GC(51) Old regions: 58->59
[2022-04-04T17:54:41.509+0800][63.781s] GC(51) Archive regions: 0->0
[2022-04-04T17:54:41.509+0800][63.781s] GC(51) Humongous regions: 16->16
[2022-04-04T17:54:41.509+0800][63.781s] GC(51) Metaspace: 50703K(51376K)->50703K(51376K) NonClass: 44852K(45232K)->44852K(45232K) Class: 5851K(6144K)->5851K(6144K)
[2022-04-04T17:54:41.509+0800][63.781s] GC(51) Pause Young (Normal) (G1 Evacuation Pause) 380M->91M(512M) 4.168ms
[2022-04-04T17:54:41.509+0800][63.781s] GC(51) User=0.00s Sys=0.00s Real=0.00s
[2022-04-04T17:54:41.704+0800][63.976s] GC(52) Pause Young (Normal) (G1 Evacuation Pause)
[2022-04-04T17:54:41.704+0800][63.976s] GC(52) Using 8 workers of 8 for evacuation
[2022-04-04T17:54:41.710+0800][63.982s] GC(52)   Pre Evacuate Collection Set: 0.3ms
[2022-04-04T17:54:41.710+0800][63.982s] GC(52)   Merge Heap Roots: 0.3ms
[2022-04-04T17:54:41.710+0800][63.982s] GC(52)   Evacuate Collection Set: 3.7ms
[2022-04-04T17:54:41.710+0800][63.982s] GC(52)   Post Evacuate Collection Set: 1.5ms
[2022-04-04T17:54:41.710+0800][63.982s] GC(52)   Other: 0.5ms
[2022-04-04T17:54:41.710+0800][63.982s] GC(52) Eden regions: 290->0(289)
[2022-04-04T17:54:41.710+0800][63.982s] GC(52) Survivor regions: 17->18(39)
[2022-04-04T17:54:41.710+0800][63.982s] GC(52) Old regions: 59->60
[2022-04-04T17:54:41.710+0800][63.983s] GC(52) Archive regions: 0->0
[2022-04-04T17:54:41.710+0800][63.983s] GC(52) Humongous regions: 16->16
[2022-04-04T17:54:41.710+0800][63.983s] GC(52) Metaspace: 50703K(51376K)->50703K(51376K) NonClass: 44852K(45232K)->44852K(45232K) Class: 5851K(6144K)->5851K(6144K)
[2022-04-04T17:54:41.711+0800][63.983s] GC(52) Pause Young (Normal) (G1 Evacuation Pause) 381M->92M(512M) 7.134ms
[2022-04-04T17:54:41.711+0800][63.983s] GC(52) User=0.00s Sys=0.00s Real=0.01s
[2022-04-04T17:54:41.923+0800][64.194s] GC(53) Pause Young (Normal) (G1 Evacuation Pause)
[2022-04-04T17:54:41.923+0800][64.194s] GC(53) Using 8 workers of 8 for evacuation
[2022-04-04T17:54:41.926+0800][64.198s] GC(53)   Pre Evacuate Collection Set: 0.2ms
[2022-04-04T17:54:41.926+0800][64.198s] GC(53)   Merge Heap Roots: 0.2ms
[2022-04-04T17:54:41.926+0800][64.198s] GC(53)   Evacuate Collection Set: 2.6ms
[2022-04-04T17:54:41.926+0800][64.198s] GC(53)   Post Evacuate Collection Set: 0.8ms
[2022-04-04T17:54:41.926+0800][64.198s] GC(53)   Other: 0.2ms
[2022-04-04T17:54:41.926+0800][64.198s] GC(53) Eden regions: 289->0(294)
[2022-04-04T17:54:41.926+0800][64.198s] GC(53) Survivor regions: 18->13(39)
[2022-04-04T17:54:41.926+0800][64.198s] GC(53) Old regions: 60->65
[2022-04-04T17:54:41.926+0800][64.198s] GC(53) Archive regions: 0->0
[2022-04-04T17:54:41.926+0800][64.198s] GC(53) Humongous regions: 16->16
[2022-04-04T17:54:41.926+0800][64.198s] GC(53) Metaspace: 50703K(51376K)->50703K(51376K) NonClass: 44852K(45232K)->44852K(45232K) Class: 5851K(6144K)->5851K(6144K)
[2022-04-04T17:54:41.926+0800][64.198s] GC(53) Pause Young (Normal) (G1 Evacuation Pause) 381M->93M(512M) 4.343ms
[2022-04-04T17:54:41.926+0800][64.198s] GC(53) User=0.00s Sys=0.00s Real=0.00s
[2022-04-04T17:54:42.120+0800][64.391s] GC(54) Pause Young (Normal) (G1 Evacuation Pause)
[2022-04-04T17:54:42.120+0800][64.391s] GC(54) Using 8 workers of 8 for evacuation
[2022-04-04T17:54:42.123+0800][64.395s] GC(54)   Pre Evacuate Collection Set: 0.2ms
[2022-04-04T17:54:42.123+0800][64.395s] GC(54)   Merge Heap Roots: 0.2ms
[2022-04-04T17:54:42.123+0800][64.395s] GC(54)   Evacuate Collection Set: 2.2ms
[2022-04-04T17:54:42.123+0800][64.396s] GC(54)   Post Evacuate Collection Set: 1.1ms
[2022-04-04T17:54:42.123+0800][64.396s] GC(54)   Other: 0.3ms
[2022-04-04T17:54:42.124+0800][64.396s] GC(54) Eden regions: 294->0(293)
[2022-04-04T17:54:42.124+0800][64.396s] GC(54) Survivor regions: 13->14(39)
[2022-04-04T17:54:42.124+0800][64.396s] GC(54) Old regions: 65->65
[2022-04-04T17:54:42.124+0800][64.396s] GC(54) Archive regions: 0->0
[2022-04-04T17:54:42.124+0800][64.396s] GC(54) Humongous regions: 16->16
[2022-04-04T17:54:42.124+0800][64.396s] GC(54) Metaspace: 50703K(51376K)->50703K(51376K) NonClass: 44852K(45232K)->44852K(45232K) Class: 5851K(6144K)->5851K(6144K)
[2022-04-04T17:54:42.124+0800][64.396s] GC(54) Pause Young (Normal) (G1 Evacuation Pause) 387M->94M(512M) 4.608ms
[2022-04-04T17:54:42.124+0800][64.396s] GC(54) User=0.00s Sys=0.00s Real=0.00s
[2022-04-04T17:54:42.327+0800][64.598s] GC(55) Pause Young (Normal) (G1 Evacuation Pause)
[2022-04-04T17:54:42.327+0800][64.598s] GC(55) Using 8 workers of 8 for evacuation
[2022-04-04T17:54:42.330+0800][64.602s] GC(55)   Pre Evacuate Collection Set: 0.2ms
[2022-04-04T17:54:42.330+0800][64.602s] GC(55)   Merge Heap Roots: 0.2ms
[2022-04-04T17:54:42.330+0800][64.602s] GC(55)   Evacuate Collection Set: 2.0ms
[2022-04-04T17:54:42.330+0800][64.602s] GC(55)   Post Evacuate Collection Set: 0.9ms
[2022-04-04T17:54:42.330+0800][64.602s] GC(55)   Other: 0.2ms
[2022-04-04T17:54:42.330+0800][64.602s] GC(55) Eden regions: 293->0(292)
[2022-04-04T17:54:42.330+0800][64.602s] GC(55) Survivor regions: 14->15(39)
[2022-04-04T17:54:42.330+0800][64.602s] GC(55) Old regions: 65->65
[2022-04-04T17:54:42.330+0800][64.602s] GC(55) Archive regions: 0->0
[2022-04-04T17:54:42.330+0800][64.602s] GC(55) Humongous regions: 16->16
[2022-04-04T17:54:42.330+0800][64.602s] GC(55) Metaspace: 50703K(51376K)->50703K(51376K) NonClass: 44852K(45232K)->44852K(45232K) Class: 5851K(6144K)->5851K(6144K)
[2022-04-04T17:54:42.330+0800][64.602s] GC(55) Pause Young (Normal) (G1 Evacuation Pause) 387M->95M(512M) 3.830ms
[2022-04-04T17:54:42.330+0800][64.602s] GC(55) User=0.00s Sys=0.00s Real=0.00s
[2022-04-04T17:54:43.059+0800][65.330s] GC(56) Pause Young (Normal) (G1 Evacuation Pause)
[2022-04-04T17:54:43.059+0800][65.330s] GC(56) Using 8 workers of 8 for evacuation
[2022-04-04T17:54:43.062+0800][65.333s] GC(56)   Pre Evacuate Collection Set: 0.1ms
[2022-04-04T17:54:43.062+0800][65.334s] GC(56)   Merge Heap Roots: 0.2ms
[2022-04-04T17:54:43.062+0800][65.334s] GC(56)   Evacuate Collection Set: 2.4ms
[2022-04-04T17:54:43.062+0800][65.334s] GC(56)   Post Evacuate Collection Set: 0.7ms
[2022-04-04T17:54:43.062+0800][65.334s] GC(56)   Other: 0.2ms
[2022-04-04T17:54:43.062+0800][65.334s] GC(56) Eden regions: 292->0(292)
[2022-04-04T17:54:43.062+0800][65.334s] GC(56) Survivor regions: 15->15(39)
[2022-04-04T17:54:43.062+0800][65.334s] GC(56) Old regions: 65->66
[2022-04-04T17:54:43.062+0800][65.334s] GC(56) Archive regions: 0->0
[2022-04-04T17:54:43.062+0800][65.334s] GC(56) Humongous regions: 16->16
[2022-04-04T17:54:43.062+0800][65.334s] GC(56) Metaspace: 50720K(51376K)->50720K(51376K) NonClass: 44869K(45232K)->44869K(45232K) Class: 5851K(6144K)->5851K(6144K)
[2022-04-04T17:54:43.062+0800][65.334s] GC(56) Pause Young (Normal) (G1 Evacuation Pause) 387M->95M(512M) 3.927ms
[2022-04-04T17:54:43.062+0800][65.334s] GC(56) User=0.00s Sys=0.00s Real=0.00s
[2022-04-04T17:54:44.861+0800][67.133s] GC(57) Pause Young (Normal) (G1 Evacuation Pause)
[2022-04-04T17:54:44.861+0800][67.133s] GC(57) Using 8 workers of 8 for evacuation
[2022-04-04T17:54:44.864+0800][67.136s] GC(57)   Pre Evacuate Collection Set: 0.1ms
[2022-04-04T17:54:44.864+0800][67.136s] GC(57)   Merge Heap Roots: 0.2ms
[2022-04-04T17:54:44.864+0800][67.136s] GC(57)   Evacuate Collection Set: 2.1ms
[2022-04-04T17:54:44.864+0800][67.136s] GC(57)   Post Evacuate Collection Set: 0.8ms
[2022-04-04T17:54:44.864+0800][67.136s] GC(57)   Other: 0.2ms
[2022-04-04T17:54:44.864+0800][67.136s] GC(57) Eden regions: 292->0(293)
[2022-04-04T17:54:44.865+0800][67.136s] GC(57) Survivor regions: 15->14(39)
[2022-04-04T17:54:44.865+0800][67.137s] GC(57) Old regions: 66->66
[2022-04-04T17:54:44.865+0800][67.137s] GC(57) Archive regions: 0->0
[2022-04-04T17:54:44.865+0800][67.137s] GC(57) Humongous regions: 16->16
[2022-04-04T17:54:44.865+0800][67.137s] GC(57) Metaspace: 50720K(51376K)->50720K(51376K) NonClass: 44869K(45232K)->44869K(45232K) Class: 5851K(6144K)->5851K(6144K)
[2022-04-04T17:54:44.865+0800][67.137s] GC(57) Pause Young (Normal) (G1 Evacuation Pause) 387M->95M(512M) 3.825ms
[2022-04-04T17:54:44.865+0800][67.137s] GC(57) User=0.00s Sys=0.00s Real=0.00s
[2022-04-04T17:54:46.397+0800][68.668s] GC(58) Pause Young (Normal) (G1 Evacuation Pause)
[2022-04-04T17:54:46.397+0800][68.668s] GC(58) Using 8 workers of 8 for evacuation
[2022-04-04T17:54:46.400+0800][68.671s] GC(58)   Pre Evacuate Collection Set: 0.1ms
[2022-04-04T17:54:46.400+0800][68.671s] GC(58)   Merge Heap Roots: 0.1ms
[2022-04-04T17:54:46.400+0800][68.671s] GC(58)   Evacuate Collection Set: 1.9ms
[2022-04-04T17:54:46.400+0800][68.671s] GC(58)   Post Evacuate Collection Set: 0.6ms
[2022-04-04T17:54:46.400+0800][68.671s] GC(58)   Other: 0.2ms
[2022-04-04T17:54:46.400+0800][68.671s] GC(58) Eden regions: 293->0(293)
[2022-04-04T17:54:46.400+0800][68.671s] GC(58) Survivor regions: 14->14(39)
[2022-04-04T17:54:46.400+0800][68.671s] GC(58) Old regions: 66->67
[2022-04-04T17:54:46.400+0800][68.671s] GC(58) Archive regions: 0->0
[2022-04-04T17:54:46.400+0800][68.671s] GC(58) Humongous regions: 16->16
[2022-04-04T17:54:46.400+0800][68.671s] GC(58) Metaspace: 50721K(51376K)->50721K(51376K) NonClass: 44870K(45232K)->44870K(45232K) Class: 5851K(6144K)->5851K(6144K)
[2022-04-04T17:54:46.400+0800][68.672s] GC(58) Pause Young (Normal) (G1 Evacuation Pause) 388M->96M(512M) 3.556ms
[2022-04-04T17:54:46.400+0800][68.672s] GC(58) User=0.00s Sys=0.00s Real=0.00s
[2022-04-04T17:54:47.230+0800][69.501s] GC(59) Pause Young (Normal) (G1 Evacuation Pause)
[2022-04-04T17:54:47.230+0800][69.501s] GC(59) Using 8 workers of 8 for evacuation
[2022-04-04T17:54:47.232+0800][69.504s] GC(59)   Pre Evacuate Collection Set: 0.1ms
[2022-04-04T17:54:47.232+0800][69.504s] GC(59)   Merge Heap Roots: 0.1ms
[2022-04-04T17:54:47.232+0800][69.504s] GC(59)   Evacuate Collection Set: 2.0ms
[2022-04-04T17:54:47.232+0800][69.504s] GC(59)   Post Evacuate Collection Set: 0.8ms
[2022-04-04T17:54:47.232+0800][69.505s] GC(59)   Other: 0.3ms
[2022-04-04T17:54:47.232+0800][69.505s] GC(59) Eden regions: 293->0(293)
[2022-04-04T17:54:47.232+0800][69.505s] GC(59) Survivor regions: 14->14(39)
[2022-04-04T17:54:47.232+0800][69.505s] GC(59) Old regions: 67->68
[2022-04-04T17:54:47.232+0800][69.505s] GC(59) Archive regions: 0->0
[2022-04-04T17:54:47.233+0800][69.505s] GC(59) Humongous regions: 16->16
[2022-04-04T17:54:47.233+0800][69.505s] GC(59) Metaspace: 50734K(51376K)->50734K(51376K) NonClass: 44882K(45232K)->44882K(45232K) Class: 5851K(6144K)->5851K(6144K)
[2022-04-04T17:54:47.233+0800][69.505s] GC(59) Pause Young (Normal) (G1 Evacuation Pause) 389M->96M(512M) 3.839ms
[2022-04-04T17:54:47.233+0800][69.505s] GC(59) User=0.00s Sys=0.00s Real=0.00s
[2022-04-04T17:54:47.400+0800][69.671s] GC(60) Pause Young (Normal) (G1 Evacuation Pause)
[2022-04-04T17:54:47.400+0800][69.671s] GC(60) Using 8 workers of 8 for evacuation
[2022-04-04T17:54:47.403+0800][69.674s] GC(60)   Pre Evacuate Collection Set: 0.1ms
[2022-04-04T17:54:47.403+0800][69.674s] GC(60)   Merge Heap Roots: 0.1ms
[2022-04-04T17:54:47.403+0800][69.675s] GC(60)   Evacuate Collection Set: 1.9ms
[2022-04-04T17:54:47.403+0800][69.675s] GC(60)   Post Evacuate Collection Set: 0.8ms
[2022-04-04T17:54:47.403+0800][69.675s] GC(60)   Other: 0.2ms
[2022-04-04T17:54:47.403+0800][69.675s] GC(60) Eden regions: 293->0(293)
[2022-04-04T17:54:47.403+0800][69.675s] GC(60) Survivor regions: 14->14(39)
[2022-04-04T17:54:47.403+0800][69.675s] GC(60) Old regions: 68->68
[2022-04-04T17:54:47.403+0800][69.675s] GC(60) Archive regions: 0->0
[2022-04-04T17:54:47.403+0800][69.675s] GC(60) Humongous regions: 16->16
[2022-04-04T17:54:47.403+0800][69.675s] GC(60) Metaspace: 50734K(51376K)->50734K(51376K) NonClass: 44882K(45232K)->44882K(45232K) Class: 5851K(6144K)->5851K(6144K)
[2022-04-04T17:54:47.403+0800][69.675s] GC(60) Pause Young (Normal) (G1 Evacuation Pause) 389M->97M(512M) 3.610ms
[2022-04-04T17:54:47.403+0800][69.675s] GC(60) User=0.09s Sys=0.00s Real=0.00s
[2022-04-04T17:54:47.561+0800][69.833s] GC(61) Pause Young (Normal) (G1 Evacuation Pause)
[2022-04-04T17:54:47.561+0800][69.833s] GC(61) Using 8 workers of 8 for evacuation
[2022-04-04T17:54:47.565+0800][69.837s] GC(61)   Pre Evacuate Collection Set: 0.1ms
[2022-04-04T17:54:47.565+0800][69.837s] GC(61)   Merge Heap Roots: 0.2ms
[2022-04-04T17:54:47.565+0800][69.837s] GC(61)   Evacuate Collection Set: 2.5ms
[2022-04-04T17:54:47.565+0800][69.837s] GC(61)   Post Evacuate Collection Set: 0.8ms
[2022-04-04T17:54:47.565+0800][69.837s] GC(61)   Other: 0.2ms
[2022-04-04T17:54:47.565+0800][69.837s] GC(61) Eden regions: 293->0(292)
[2022-04-04T17:54:47.565+0800][69.837s] GC(61) Survivor regions: 14->15(39)
[2022-04-04T17:54:47.565+0800][69.837s] GC(61) Old regions: 68->69
[2022-04-04T17:54:47.565+0800][69.837s] GC(61) Archive regions: 0->0
[2022-04-04T17:54:47.565+0800][69.837s] GC(61) Humongous regions: 16->16
[2022-04-04T17:54:47.566+0800][69.837s] GC(61) Metaspace: 50734K(51376K)->50734K(51376K) NonClass: 44882K(45232K)->44882K(45232K) Class: 5851K(6144K)->5851K(6144K)
[2022-04-04T17:54:47.566+0800][69.837s] GC(61) Pause Young (Normal) (G1 Evacuation Pause) 390M->99M(512M) 4.191ms
[2022-04-04T17:54:47.566+0800][69.837s] GC(61) User=0.00s Sys=0.00s Real=0.00s
[2022-04-04T17:54:47.717+0800][69.989s] GC(62) Pause Young (Normal) (G1 Evacuation Pause)
[2022-04-04T17:54:47.717+0800][69.989s] GC(62) Using 8 workers of 8 for evacuation
[2022-04-04T17:54:47.721+0800][69.992s] GC(62)   Pre Evacuate Collection Set: 0.1ms
[2022-04-04T17:54:47.721+0800][69.992s] GC(62)   Merge Heap Roots: 0.1ms
[2022-04-04T17:54:47.721+0800][69.992s] GC(62)   Evacuate Collection Set: 2.1ms
[2022-04-04T17:54:47.721+0800][69.992s] GC(62)   Post Evacuate Collection Set: 0.9ms
[2022-04-04T17:54:47.721+0800][69.992s] GC(62)   Other: 0.2ms
[2022-04-04T17:54:47.721+0800][69.992s] GC(62) Eden regions: 292->0(291)
[2022-04-04T17:54:47.721+0800][69.992s] GC(62) Survivor regions: 15->16(39)
[2022-04-04T17:54:47.721+0800][69.992s] GC(62) Old regions: 69->69
[2022-04-04T17:54:47.721+0800][69.992s] GC(62) Archive regions: 0->0
[2022-04-04T17:54:47.721+0800][69.992s] GC(62) Humongous regions: 16->16
[2022-04-04T17:54:47.721+0800][69.992s] GC(62) Metaspace: 50734K(51376K)->50734K(51376K) NonClass: 44882K(45232K)->44882K(45232K) Class: 5851K(6144K)->5851K(6144K)
[2022-04-04T17:54:47.721+0800][69.992s] GC(62) Pause Young (Normal) (G1 Evacuation Pause) 391M->100M(512M) 3.782ms
[2022-04-04T17:54:47.721+0800][69.992s] GC(62) User=0.00s Sys=0.00s Real=0.00s
[2022-04-04T17:54:47.871+0800][70.142s] GC(63) Pause Young (Normal) (G1 Evacuation Pause)
[2022-04-04T17:54:47.871+0800][70.142s] GC(63) Using 8 workers of 8 for evacuation
[2022-04-04T17:54:47.874+0800][70.146s] GC(63)   Pre Evacuate Collection Set: 0.1ms
[2022-04-04T17:54:47.874+0800][70.146s] GC(63)   Merge Heap Roots: 0.1ms
[2022-04-04T17:54:47.874+0800][70.146s] GC(63)   Evacuate Collection Set: 2.2ms
[2022-04-04T17:54:47.874+0800][70.146s] GC(63)   Post Evacuate Collection Set: 1.1ms
[2022-04-04T17:54:47.874+0800][70.146s] GC(63)   Other: 0.2ms
[2022-04-04T17:54:47.874+0800][70.146s] GC(63) Eden regions: 291->0(291)
[2022-04-04T17:54:47.874+0800][70.146s] GC(63) Survivor regions: 16->16(39)
[2022-04-04T17:54:47.874+0800][70.146s] GC(63) Old regions: 69->70
[2022-04-04T17:54:47.875+0800][70.146s] GC(63) Archive regions: 0->0
[2022-04-04T17:54:47.875+0800][70.146s] GC(63) Humongous regions: 17->17
[2022-04-04T17:54:47.875+0800][70.146s] GC(63) Metaspace: 50734K(51376K)->50734K(51376K) NonClass: 44882K(45232K)->44882K(45232K) Class: 5851K(6144K)->5851K(6144K)
[2022-04-04T17:54:47.875+0800][70.146s] GC(63) Pause Young (Normal) (G1 Evacuation Pause) 392M->101M(512M) 4.160ms
[2022-04-04T17:54:47.875+0800][70.146s] GC(63) User=0.00s Sys=0.00s Real=0.00s
[2022-04-04T17:54:48.026+0800][70.297s] GC(64) Pause Young (Normal) (G1 Evacuation Pause)
[2022-04-04T17:54:48.026+0800][70.297s] GC(64) Using 8 workers of 8 for evacuation
[2022-04-04T17:54:48.029+0800][70.301s] GC(64)   Pre Evacuate Collection Set: 0.1ms
[2022-04-04T17:54:48.029+0800][70.301s] GC(64)   Merge Heap Roots: 0.1ms
[2022-04-04T17:54:48.029+0800][70.301s] GC(64)   Evacuate Collection Set: 2.1ms
[2022-04-04T17:54:48.029+0800][70.301s] GC(64)   Post Evacuate Collection Set: 0.8ms
[2022-04-04T17:54:48.029+0800][70.301s] GC(64)   Other: 0.2ms
[2022-04-04T17:54:48.029+0800][70.301s] GC(64) Eden regions: 291->0(291)
[2022-04-04T17:54:48.029+0800][70.301s] GC(64) Survivor regions: 16->16(39)
[2022-04-04T17:54:48.029+0800][70.301s] GC(64) Old regions: 70->71
[2022-04-04T17:54:48.029+0800][70.301s] GC(64) Archive regions: 0->0
[2022-04-04T17:54:48.029+0800][70.301s] GC(64) Humongous regions: 17->17
[2022-04-04T17:54:48.029+0800][70.301s] GC(64) Metaspace: 50734K(51376K)->50734K(51376K) NonClass: 44882K(45232K)->44882K(45232K) Class: 5851K(6144K)->5851K(6144K)
[2022-04-04T17:54:48.029+0800][70.301s] GC(64) Pause Young (Normal) (G1 Evacuation Pause) 392M->102M(512M) 3.821ms
[2022-04-04T17:54:48.029+0800][70.301s] GC(64) User=0.12s Sys=0.00s Real=0.00s
[2022-04-04T17:54:48.192+0800][70.464s] GC(65) Pause Young (Normal) (G1 Evacuation Pause)
[2022-04-04T17:54:48.192+0800][70.464s] GC(65) Using 8 workers of 8 for evacuation
[2022-04-04T17:54:48.197+0800][70.469s] GC(65)   Pre Evacuate Collection Set: 0.2ms
[2022-04-04T17:54:48.197+0800][70.469s] GC(65)   Merge Heap Roots: 0.2ms
[2022-04-04T17:54:48.197+0800][70.469s] GC(65)   Evacuate Collection Set: 3.0ms
[2022-04-04T17:54:48.197+0800][70.469s] GC(65)   Post Evacuate Collection Set: 1.2ms
[2022-04-04T17:54:48.197+0800][70.469s] GC(65)   Other: 0.3ms
[2022-04-04T17:54:48.197+0800][70.469s] GC(65) Eden regions: 291->0(291)
[2022-04-04T17:54:48.197+0800][70.469s] GC(65) Survivor regions: 16->16(39)
[2022-04-04T17:54:48.197+0800][70.469s] GC(65) Old regions: 71->71
[2022-04-04T17:54:48.198+0800][70.469s] GC(65) Archive regions: 0->0
[2022-04-04T17:54:48.198+0800][70.469s] GC(65) Humongous regions: 17->17
[2022-04-04T17:54:48.198+0800][70.469s] GC(65) Metaspace: 50734K(51376K)->50734K(51376K) NonClass: 44882K(45232K)->44882K(45232K) Class: 5851K(6144K)->5851K(6144K)
[2022-04-04T17:54:48.198+0800][70.469s] GC(65) Pause Young (Normal) (G1 Evacuation Pause) 393M->103M(512M) 5.507ms
[2022-04-04T17:54:48.198+0800][70.469s] GC(65) User=0.00s Sys=0.00s Real=0.01s
[2022-04-04T17:54:48.443+0800][70.714s] GC(66) Pause Young (Normal) (G1 Evacuation Pause)
[2022-04-04T17:54:48.443+0800][70.714s] GC(66) Using 8 workers of 8 for evacuation
[2022-04-04T17:54:48.447+0800][70.718s] GC(66)   Pre Evacuate Collection Set: 0.1ms
[2022-04-04T17:54:48.447+0800][70.718s] GC(66)   Merge Heap Roots: 0.1ms
[2022-04-04T17:54:48.447+0800][70.718s] GC(66)   Evacuate Collection Set: 2.4ms
[2022-04-04T17:54:48.447+0800][70.718s] GC(66)   Post Evacuate Collection Set: 0.9ms
[2022-04-04T17:54:48.447+0800][70.718s] GC(66)   Other: 0.2ms
[2022-04-04T17:54:48.447+0800][70.718s] GC(66) Eden regions: 291->0(290)
[2022-04-04T17:54:48.447+0800][70.718s] GC(66) Survivor regions: 16->17(39)
[2022-04-04T17:54:48.447+0800][70.718s] GC(66) Old regions: 71->72
[2022-04-04T17:54:48.447+0800][70.718s] GC(66) Archive regions: 0->0
[2022-04-04T17:54:48.447+0800][70.719s] GC(66) Humongous regions: 17->17
[2022-04-04T17:54:48.447+0800][70.719s] GC(66) Metaspace: 50735K(51376K)->50735K(51376K) NonClass: 44883K(45232K)->44883K(45232K) Class: 5851K(6144K)->5851K(6144K)
[2022-04-04T17:54:48.447+0800][70.719s] GC(66) Pause Young (Normal) (G1 Evacuation Pause) 394M->104M(512M) 4.255ms
[2022-04-04T17:54:48.447+0800][70.719s] GC(66) User=0.00s Sys=0.00s Real=0.00s
[2022-04-04T17:54:48.698+0800][70.970s] GC(67) Pause Young (Normal) (G1 Evacuation Pause)
[2022-04-04T17:54:48.698+0800][70.970s] GC(67) Using 8 workers of 8 for evacuation
[2022-04-04T17:54:48.703+0800][70.975s] GC(67)   Pre Evacuate Collection Set: 0.3ms
[2022-04-04T17:54:48.703+0800][70.975s] GC(67)   Merge Heap Roots: 0.2ms
[2022-04-04T17:54:48.703+0800][70.975s] GC(67)   Evacuate Collection Set: 3.1ms
[2022-04-04T17:54:48.703+0800][70.975s] GC(67)   Post Evacuate Collection Set: 1.4ms
[2022-04-04T17:54:48.703+0800][70.976s] GC(67)   Other: 0.4ms
[2022-04-04T17:54:48.704+0800][70.976s] GC(67) Eden regions: 290->0(289)
[2022-04-04T17:54:48.704+0800][70.976s] GC(67) Survivor regions: 17->18(39)
[2022-04-04T17:54:48.704+0800][70.976s] GC(67) Old regions: 72->72
[2022-04-04T17:54:48.704+0800][70.976s] GC(67) Archive regions: 0->0
[2022-04-04T17:54:48.704+0800][70.976s] GC(67) Humongous regions: 17->17
[2022-04-04T17:54:48.704+0800][70.976s] GC(67) Metaspace: 50735K(51376K)->50735K(51376K) NonClass: 44883K(45232K)->44883K(45232K) Class: 5851K(6144K)->5851K(6144K)
[2022-04-04T17:54:48.704+0800][70.976s] GC(67) Pause Young (Normal) (G1 Evacuation Pause) 394M->106M(512M) 6.162ms
[2022-04-04T17:54:48.704+0800][70.976s] GC(67) User=0.00s Sys=0.00s Real=0.01s
[2022-04-04T17:54:48.969+0800][71.241s] GC(68) Pause Young (Normal) (G1 Evacuation Pause)
[2022-04-04T17:54:48.969+0800][71.241s] GC(68) Using 8 workers of 8 for evacuation
[2022-04-04T17:54:48.972+0800][71.244s] GC(68)   Pre Evacuate Collection Set: 0.1ms
[2022-04-04T17:54:48.972+0800][71.244s] GC(68)   Merge Heap Roots: 0.2ms
[2022-04-04T17:54:48.972+0800][71.244s] GC(68)   Evacuate Collection Set: 2.4ms
[2022-04-04T17:54:48.972+0800][71.244s] GC(68)   Post Evacuate Collection Set: 0.8ms
[2022-04-04T17:54:48.972+0800][71.245s] GC(68)   Other: 0.2ms
[2022-04-04T17:54:48.972+0800][71.245s] GC(68) Eden regions: 289->0(289)
[2022-04-04T17:54:48.973+0800][71.245s] GC(68) Survivor regions: 18->18(39)
[2022-04-04T17:54:48.973+0800][71.245s] GC(68) Old regions: 72->73
[2022-04-04T17:54:48.973+0800][71.245s] GC(68) Archive regions: 0->0
[2022-04-04T17:54:48.973+0800][71.245s] GC(68) Humongous regions: 20->19
[2022-04-04T17:54:48.973+0800][71.245s] GC(68) Metaspace: 50735K(51376K)->50735K(51376K) NonClass: 44883K(45232K)->44883K(45232K) Class: 5851K(6144K)->5851K(6144K)
[2022-04-04T17:54:48.973+0800][71.245s] GC(68) Pause Young (Normal) (G1 Evacuation Pause) 398M->108M(512M) 4.187ms
[2022-04-04T17:54:48.973+0800][71.245s] GC(68) User=0.00s Sys=0.00s Real=0.00s
[2022-04-04T17:54:49.207+0800][71.478s] GC(69) Pause Young (Normal) (G1 Evacuation Pause)
[2022-04-04T17:54:49.207+0800][71.478s] GC(69) Using 8 workers of 8 for evacuation
[2022-04-04T17:54:49.210+0800][71.482s] GC(69)   Pre Evacuate Collection Set: 0.1ms
[2022-04-04T17:54:49.210+0800][71.482s] GC(69)   Merge Heap Roots: 0.2ms
[2022-04-04T17:54:49.210+0800][71.482s] GC(69)   Evacuate Collection Set: 2.5ms
[2022-04-04T17:54:49.210+0800][71.482s] GC(69)   Post Evacuate Collection Set: 0.9ms
[2022-04-04T17:54:49.210+0800][71.482s] GC(69)   Other: 0.2ms
[2022-04-04T17:54:49.210+0800][71.482s] GC(69) Eden regions: 289->0(290)
[2022-04-04T17:54:49.210+0800][71.482s] GC(69) Survivor regions: 18->17(39)
[2022-04-04T17:54:49.210+0800][71.482s] GC(69) Old regions: 73->74
[2022-04-04T17:54:49.210+0800][71.482s] GC(69) Archive regions: 0->0
[2022-04-04T17:54:49.210+0800][71.482s] GC(69) Humongous regions: 19->19
[2022-04-04T17:54:49.210+0800][71.482s] GC(69) Metaspace: 50735K(51376K)->50735K(51376K) NonClass: 44883K(45232K)->44883K(45232K) Class: 5851K(6144K)->5851K(6144K)
[2022-04-04T17:54:49.210+0800][71.482s] GC(69) Pause Young (Normal) (G1 Evacuation Pause) 397M->109M(512M) 4.230ms
[2022-04-04T17:54:49.210+0800][71.482s] GC(69) User=0.00s Sys=0.00s Real=0.00s
[2022-04-04T17:54:49.481+0800][71.753s] GC(70) Pause Young (Normal) (G1 Evacuation Pause)
[2022-04-04T17:54:49.481+0800][71.753s] GC(70) Using 8 workers of 8 for evacuation
[2022-04-04T17:54:49.485+0800][71.757s] GC(70)   Pre Evacuate Collection Set: 0.2ms
[2022-04-04T17:54:49.485+0800][71.757s] GC(70)   Merge Heap Roots: 0.2ms
[2022-04-04T17:54:49.485+0800][71.757s] GC(70)   Evacuate Collection Set: 2.8ms
[2022-04-04T17:54:49.485+0800][71.757s] GC(70)   Post Evacuate Collection Set: 1.2ms
[2022-04-04T17:54:49.486+0800][71.757s] GC(70)   Other: 0.3ms
[2022-04-04T17:54:49.486+0800][71.758s] GC(70) Eden regions: 290->0(291)
[2022-04-04T17:54:49.486+0800][71.758s] GC(70) Survivor regions: 17->16(39)
[2022-04-04T17:54:49.486+0800][71.758s] GC(70) Old regions: 74->76
[2022-04-04T17:54:49.486+0800][71.758s] GC(70) Archive regions: 0->0
[2022-04-04T17:54:49.486+0800][71.758s] GC(70) Humongous regions: 19->19
[2022-04-04T17:54:49.486+0800][71.758s] GC(70) Metaspace: 50735K(51376K)->50735K(51376K) NonClass: 44883K(45232K)->44883K(45232K) Class: 5851K(6144K)->5851K(6144K)
[2022-04-04T17:54:49.486+0800][71.758s] GC(70) Pause Young (Normal) (G1 Evacuation Pause) 399M->110M(512M) 5.287ms
[2022-04-04T17:54:49.486+0800][71.758s] GC(70) User=0.00s Sys=0.00s Real=0.01s
[2022-04-04T17:54:49.701+0800][71.974s] GC(71) Pause Young (Normal) (G1 Evacuation Pause)
[2022-04-04T17:54:49.701+0800][71.974s] GC(71) Using 8 workers of 8 for evacuation
[2022-04-04T17:54:49.705+0800][71.977s] GC(71)   Pre Evacuate Collection Set: 0.1ms
[2022-04-04T17:54:49.705+0800][71.977s] GC(71)   Merge Heap Roots: 0.1ms
[2022-04-04T17:54:49.705+0800][71.977s] GC(71)   Evacuate Collection Set: 2.2ms
[2022-04-04T17:54:49.705+0800][71.977s] GC(71)   Post Evacuate Collection Set: 0.7ms
[2022-04-04T17:54:49.705+0800][71.977s] GC(71)   Other: 0.3ms
[2022-04-04T17:54:49.705+0800][71.977s] GC(71) Eden regions: 291->0(293)
[2022-04-04T17:54:49.705+0800][71.977s] GC(71) Survivor regions: 16->14(39)
[2022-04-04T17:54:49.705+0800][71.977s] GC(71) Old regions: 76->80
[2022-04-04T17:54:49.705+0800][71.977s] GC(71) Archive regions: 0->0
[2022-04-04T17:54:49.705+0800][71.977s] GC(71) Humongous regions: 19->19
[2022-04-04T17:54:49.705+0800][71.977s] GC(71) Metaspace: 50735K(51376K)->50735K(51376K) NonClass: 44883K(45232K)->44883K(45232K) Class: 5851K(6144K)->5851K(6144K)
[2022-04-04T17:54:49.705+0800][71.977s] GC(71) Pause Young (Normal) (G1 Evacuation Pause) 401M->111M(512M) 3.851ms
[2022-04-04T17:54:49.705+0800][71.978s] GC(71) User=0.00s Sys=0.00s Real=0.00s
[2022-04-04T17:54:49.886+0800][72.157s] GC(72) Pause Young (Normal) (G1 Evacuation Pause)
[2022-04-04T17:54:49.886+0800][72.157s] GC(72) Using 8 workers of 8 for evacuation
[2022-04-04T17:54:49.889+0800][72.161s] GC(72)   Pre Evacuate Collection Set: 0.1ms
[2022-04-04T17:54:49.889+0800][72.161s] GC(72)   Merge Heap Roots: 0.1ms
[2022-04-04T17:54:49.889+0800][72.161s] GC(72)   Evacuate Collection Set: 2.1ms
[2022-04-04T17:54:49.889+0800][72.161s] GC(72)   Post Evacuate Collection Set: 0.8ms
[2022-04-04T17:54:49.889+0800][72.161s] GC(72)   Other: 0.2ms
[2022-04-04T17:54:49.889+0800][72.161s] GC(72) Eden regions: 293->0(292)
[2022-04-04T17:54:49.889+0800][72.161s] GC(72) Survivor regions: 14->15(39)
[2022-04-04T17:54:49.889+0800][72.161s] GC(72) Old regions: 80->80
[2022-04-04T17:54:49.889+0800][72.161s] GC(72) Archive regions: 0->0
[2022-04-04T17:54:49.889+0800][72.161s] GC(72) Humongous regions: 19->19
[2022-04-04T17:54:49.889+0800][72.161s] GC(72) Metaspace: 50735K(51376K)->50735K(51376K) NonClass: 44883K(45232K)->44883K(45232K) Class: 5851K(6144K)->5851K(6144K)
[2022-04-04T17:54:49.889+0800][72.161s] GC(72) Pause Young (Normal) (G1 Evacuation Pause) 404M->112M(512M) 3.668ms
[2022-04-04T17:54:49.889+0800][72.161s] GC(72) User=0.00s Sys=0.00s Real=0.00s
[2022-04-04T17:54:50.131+0800][72.403s] GC(73) Pause Young (Normal) (G1 Evacuation Pause)
[2022-04-04T17:54:50.131+0800][72.403s] GC(73) Using 8 workers of 8 for evacuation
[2022-04-04T17:54:50.135+0800][72.407s] GC(73)   Pre Evacuate Collection Set: 0.2ms
[2022-04-04T17:54:50.135+0800][72.407s] GC(73)   Merge Heap Roots: 0.2ms
[2022-04-04T17:54:50.135+0800][72.407s] GC(73)   Evacuate Collection Set: 2.4ms
[2022-04-04T17:54:50.135+0800][72.407s] GC(73)   Post Evacuate Collection Set: 1.1ms
[2022-04-04T17:54:50.135+0800][72.407s] GC(73)   Other: 0.3ms
[2022-04-04T17:54:50.135+0800][72.407s] GC(73) Eden regions: 292->0(292)
[2022-04-04T17:54:50.135+0800][72.407s] GC(73) Survivor regions: 15->15(39)
[2022-04-04T17:54:50.135+0800][72.407s] GC(73) Old regions: 80->80
[2022-04-04T17:54:50.135+0800][72.407s] GC(73) Archive regions: 0->0
[2022-04-04T17:54:50.135+0800][72.407s] GC(73) Humongous regions: 19->19
[2022-04-04T17:54:50.136+0800][72.407s] GC(73) Metaspace: 50735K(51376K)->50735K(51376K) NonClass: 44883K(45232K)->44883K(45232K) Class: 5851K(6144K)->5851K(6144K)
[2022-04-04T17:54:50.136+0800][72.407s] GC(73) Pause Young (Normal) (G1 Evacuation Pause) 404M->113M(512M) 4.857ms
[2022-04-04T17:54:50.136+0800][72.407s] GC(73) User=0.00s Sys=0.02s Real=0.00s
[2022-04-04T17:54:51.918+0800][74.190s] GC(74) Pause Young (Normal) (G1 Evacuation Pause)
[2022-04-04T17:54:51.918+0800][74.190s] GC(74) Using 8 workers of 8 for evacuation
[2022-04-04T17:54:51.922+0800][74.194s] GC(74)   Pre Evacuate Collection Set: 0.2ms
[2022-04-04T17:54:51.922+0800][74.194s] GC(74)   Merge Heap Roots: 0.2ms
[2022-04-04T17:54:51.922+0800][74.194s] GC(74)   Evacuate Collection Set: 2.3ms
[2022-04-04T17:54:51.922+0800][74.194s] GC(74)   Post Evacuate Collection Set: 0.6ms
[2022-04-04T17:54:51.922+0800][74.194s] GC(74)   Other: 0.2ms
[2022-04-04T17:54:51.922+0800][74.194s] GC(74) Eden regions: 292->0(292)
[2022-04-04T17:54:51.922+0800][74.194s] GC(74) Survivor regions: 15->15(39)
[2022-04-04T17:54:51.922+0800][74.194s] GC(74) Old regions: 80->80
[2022-04-04T17:54:51.922+0800][74.194s] GC(74) Archive regions: 0->0
[2022-04-04T17:54:51.922+0800][74.194s] GC(74) Humongous regions: 19->19
[2022-04-04T17:54:51.922+0800][74.194s] GC(74) Metaspace: 50739K(51376K)->50739K(51376K) NonClass: 44887K(45232K)->44887K(45232K) Class: 5851K(6144K)->5851K(6144K)
[2022-04-04T17:54:51.922+0800][74.194s] GC(74) Pause Young (Normal) (G1 Evacuation Pause) 405M->113M(512M) 3.949ms
[2022-04-04T17:54:51.922+0800][74.194s] GC(74) User=0.00s Sys=0.00s Real=0.00s
[2022-04-04T17:54:53.683+0800][75.954s] GC(75) Pause Young (Normal) (G1 Evacuation Pause)
[2022-04-04T17:54:53.683+0800][75.954s] GC(75) Using 8 workers of 8 for evacuation
[2022-04-04T17:54:53.686+0800][75.958s] GC(75)   Pre Evacuate Collection Set: 0.1ms
[2022-04-04T17:54:53.686+0800][75.958s] GC(75)   Merge Heap Roots: 0.2ms
[2022-04-04T17:54:53.686+0800][75.958s] GC(75)   Evacuate Collection Set: 2.3ms
[2022-04-04T17:54:53.686+0800][75.958s] GC(75)   Post Evacuate Collection Set: 0.8ms
[2022-04-04T17:54:53.686+0800][75.958s] GC(75)   Other: 0.2ms
[2022-04-04T17:54:53.686+0800][75.958s] GC(75) Eden regions: 292->0(293)
[2022-04-04T17:54:53.686+0800][75.958s] GC(75) Survivor regions: 15->14(39)
[2022-04-04T17:54:53.686+0800][75.958s] GC(75) Old regions: 80->81
[2022-04-04T17:54:53.686+0800][75.958s] GC(75) Archive regions: 0->0
[2022-04-04T17:54:53.686+0800][75.958s] GC(75) Humongous regions: 19->19
[2022-04-04T17:54:53.686+0800][75.958s] GC(75) Metaspace: 50739K(51376K)->50739K(51376K) NonClass: 44887K(45232K)->44887K(45232K) Class: 5851K(6144K)->5851K(6144K)
[2022-04-04T17:54:53.686+0800][75.958s] GC(75) Pause Young (Normal) (G1 Evacuation Pause) 405M->113M(512M) 3.891ms
[2022-04-04T17:54:53.686+0800][75.958s] GC(75) User=0.00s Sys=0.00s Real=0.00s
[2022-04-04T17:54:55.051+0800][77.322s] GC(76) Pause Young (Normal) (G1 Evacuation Pause)
[2022-04-04T17:54:55.051+0800][77.322s] GC(76) Using 8 workers of 8 for evacuation
[2022-04-04T17:54:55.054+0800][77.326s] GC(76)   Pre Evacuate Collection Set: 0.2ms
[2022-04-04T17:54:55.055+0800][77.326s] GC(76)   Merge Heap Roots: 0.2ms
[2022-04-04T17:54:55.055+0800][77.326s] GC(76)   Evacuate Collection Set: 2.6ms
[2022-04-04T17:54:55.055+0800][77.327s] GC(76)   Post Evacuate Collection Set: 1.1ms
[2022-04-04T17:54:55.055+0800][77.327s] GC(76)   Other: 0.3ms
[2022-04-04T17:54:55.055+0800][77.327s] GC(76) Eden regions: 293->0(293)
[2022-04-04T17:54:55.055+0800][77.327s] GC(76) Survivor regions: 14->14(39)
[2022-04-04T17:54:55.055+0800][77.327s] GC(76) Old regions: 81->82
[2022-04-04T17:54:55.055+0800][77.327s] GC(76) Archive regions: 0->0
[2022-04-04T17:54:55.055+0800][77.327s] GC(76) Humongous regions: 19->19
[2022-04-04T17:54:55.055+0800][77.327s] GC(76) Metaspace: 50739K(51376K)->50739K(51376K) NonClass: 44888K(45232K)->44888K(45232K) Class: 5851K(6144K)->5851K(6144K)
[2022-04-04T17:54:55.055+0800][77.327s] GC(76) Pause Young (Normal) (G1 Evacuation Pause) 406M->113M(512M) 4.991ms
[2022-04-04T17:54:55.055+0800][77.327s] GC(76) User=0.00s Sys=0.00s Real=0.00s
[2022-04-04T17:54:55.780+0800][78.052s] GC(77) Pause Young (Normal) (G1 Evacuation Pause)
[2022-04-04T17:54:55.780+0800][78.052s] GC(77) Using 8 workers of 8 for evacuation
[2022-04-04T17:54:55.784+0800][78.056s] GC(77)   Pre Evacuate Collection Set: 0.2ms
[2022-04-04T17:54:55.784+0800][78.056s] GC(77)   Merge Heap Roots: 0.2ms
[2022-04-04T17:54:55.784+0800][78.056s] GC(77)   Evacuate Collection Set: 2.1ms
[2022-04-04T17:54:55.784+0800][78.056s] GC(77)   Post Evacuate Collection Set: 0.9ms
[2022-04-04T17:54:55.784+0800][78.056s] GC(77)   Other: 0.5ms
[2022-04-04T17:54:55.784+0800][78.056s] GC(77) Eden regions: 293->0(293)
[2022-04-04T17:54:55.784+0800][78.056s] GC(77) Survivor regions: 14->14(39)
[2022-04-04T17:54:55.784+0800][78.056s] GC(77) Old regions: 82->82
[2022-04-04T17:54:55.784+0800][78.056s] GC(77) Archive regions: 0->0
[2022-04-04T17:54:55.784+0800][78.056s] GC(77) Humongous regions: 19->19
[2022-04-04T17:54:55.784+0800][78.056s] GC(77) Metaspace: 50741K(51376K)->50741K(51376K) NonClass: 44890K(45232K)->44890K(45232K) Class: 5851K(6144K)->5851K(6144K)
[2022-04-04T17:54:55.785+0800][78.057s] GC(77) Pause Young (Normal) (G1 Evacuation Pause) 406M->114M(512M) 4.761ms
[2022-04-04T17:54:55.785+0800][78.057s] GC(77) User=0.00s Sys=0.00s Real=0.01s
[2022-04-04T17:54:56.021+0800][78.293s] GC(78) Pause Young (Normal) (G1 Evacuation Pause)
[2022-04-04T17:54:56.021+0800][78.293s] GC(78) Using 8 workers of 8 for evacuation
[2022-04-04T17:54:56.024+0800][78.296s] GC(78)   Pre Evacuate Collection Set: 0.1ms
[2022-04-04T17:54:56.024+0800][78.296s] GC(78)   Merge Heap Roots: 0.1ms
[2022-04-04T17:54:56.024+0800][78.296s] GC(78)   Evacuate Collection Set: 2.0ms
[2022-04-04T17:54:56.024+0800][78.296s] GC(78)   Post Evacuate Collection Set: 0.7ms
[2022-04-04T17:54:56.024+0800][78.296s] GC(78)   Other: 0.2ms
[2022-04-04T17:54:56.024+0800][78.296s] GC(78) Eden regions: 293->0(292)
[2022-04-04T17:54:56.024+0800][78.296s] GC(78) Survivor regions: 14->15(39)
[2022-04-04T17:54:56.024+0800][78.296s] GC(78) Old regions: 82->83
[2022-04-04T17:54:56.024+0800][78.296s] GC(78) Archive regions: 0->0
[2022-04-04T17:54:56.024+0800][78.296s] GC(78) Humongous regions: 19->19
[2022-04-04T17:54:56.024+0800][78.296s] GC(78) Metaspace: 50741K(51376K)->50741K(51376K) NonClass: 44890K(45232K)->44890K(45232K) Class: 5851K(6144K)->5851K(6144K)
[2022-04-04T17:54:56.024+0800][78.296s] GC(78) Pause Young (Normal) (G1 Evacuation Pause) 407M->115M(512M) 3.595ms
[2022-04-04T17:54:56.024+0800][78.296s] GC(78) User=0.00s Sys=0.00s Real=0.00s
[2022-04-04T17:54:56.266+0800][78.537s] GC(79) Pause Young (Normal) (G1 Evacuation Pause)
[2022-04-04T17:54:56.266+0800][78.537s] GC(79) Using 8 workers of 8 for evacuation
[2022-04-04T17:54:56.270+0800][78.542s] GC(79)   Pre Evacuate Collection Set: 0.2ms
[2022-04-04T17:54:56.270+0800][78.542s] GC(79)   Merge Heap Roots: 0.2ms
[2022-04-04T17:54:56.270+0800][78.542s] GC(79)   Evacuate Collection Set: 2.4ms
[2022-04-04T17:54:56.270+0800][78.542s] GC(79)   Post Evacuate Collection Set: 1.4ms
[2022-04-04T17:54:56.270+0800][78.542s] GC(79)   Other: 0.3ms
[2022-04-04T17:54:56.270+0800][78.542s] GC(79) Eden regions: 292->0(292)
[2022-04-04T17:54:56.270+0800][78.542s] GC(79) Survivor regions: 15->15(39)
[2022-04-04T17:54:56.270+0800][78.542s] GC(79) Old regions: 83->83
[2022-04-04T17:54:56.270+0800][78.542s] GC(79) Archive regions: 0->0
[2022-04-04T17:54:56.270+0800][78.542s] GC(79) Humongous regions: 19->19
[2022-04-04T17:54:56.270+0800][78.542s] GC(79) Metaspace: 50746K(51376K)->50746K(51376K) NonClass: 44893K(45232K)->44893K(45232K) Class: 5852K(6144K)->5852K(6144K)
[2022-04-04T17:54:56.270+0800][78.542s] GC(79) Pause Young (Normal) (G1 Evacuation Pause) 407M->116M(512M) 5.097ms
[2022-04-04T17:54:56.271+0800][78.542s] GC(79) User=0.00s Sys=0.00s Real=0.00s
[2022-04-04T17:54:56.531+0800][78.802s] GC(80) Pause Young (Normal) (G1 Evacuation Pause)
[2022-04-04T17:54:56.531+0800][78.802s] GC(80) Using 8 workers of 8 for evacuation
[2022-04-04T17:54:56.535+0800][78.806s] GC(80)   Pre Evacuate Collection Set: 0.2ms
[2022-04-04T17:54:56.535+0800][78.807s] GC(80)   Merge Heap Roots: 0.2ms
[2022-04-04T17:54:56.535+0800][78.807s] GC(80)   Evacuate Collection Set: 2.5ms
[2022-04-04T17:54:56.535+0800][78.807s] GC(80)   Post Evacuate Collection Set: 1.3ms
[2022-04-04T17:54:56.535+0800][78.807s] GC(80)   Other: 0.4ms
[2022-04-04T17:54:56.535+0800][78.807s] GC(80) Eden regions: 292->0(292)
[2022-04-04T17:54:56.535+0800][78.807s] GC(80) Survivor regions: 15->15(39)
[2022-04-04T17:54:56.535+0800][78.807s] GC(80) Old regions: 83->84
[2022-04-04T17:54:56.535+0800][78.807s] GC(80) Archive regions: 0->0
[2022-04-04T17:54:56.535+0800][78.807s] GC(80) Humongous regions: 19->19
[2022-04-04T17:54:56.535+0800][78.807s] GC(80) Metaspace: 50746K(51376K)->50746K(51376K) NonClass: 44893K(45232K)->44893K(45232K) Class: 5852K(6144K)->5852K(6144K)
[2022-04-04T17:54:56.535+0800][78.807s] GC(80) Pause Young (Normal) (G1 Evacuation Pause) 408M->117M(512M) 5.189ms
[2022-04-04T17:54:56.535+0800][78.807s] GC(80) User=0.00s Sys=0.00s Real=0.00s
[2022-04-04T17:54:56.771+0800][79.042s] GC(81) Pause Young (Normal) (G1 Evacuation Pause)
[2022-04-04T17:54:56.771+0800][79.042s] GC(81) Using 8 workers of 8 for evacuation
[2022-04-04T17:54:56.776+0800][79.048s] GC(81)   Pre Evacuate Collection Set: 0.2ms
[2022-04-04T17:54:56.776+0800][79.048s] GC(81)   Merge Heap Roots: 0.2ms
[2022-04-04T17:54:56.776+0800][79.048s] GC(81)   Evacuate Collection Set: 3.2ms
[2022-04-04T17:54:56.776+0800][79.048s] GC(81)   Post Evacuate Collection Set: 1.2ms
[2022-04-04T17:54:56.776+0800][79.048s] GC(81)   Other: 0.4ms
[2022-04-04T17:54:56.776+0800][79.048s] GC(81) Eden regions: 292->0(291)
[2022-04-04T17:54:56.776+0800][79.048s] GC(81) Survivor regions: 15->16(39)
[2022-04-04T17:54:56.776+0800][79.048s] GC(81) Old regions: 84->85
[2022-04-04T17:54:56.776+0800][79.048s] GC(81) Archive regions: 0->0
[2022-04-04T17:54:56.776+0800][79.048s] GC(81) Humongous regions: 20->20
[2022-04-04T17:54:56.776+0800][79.048s] GC(81) Metaspace: 50746K(51376K)->50746K(51376K) NonClass: 44893K(45232K)->44893K(45232K) Class: 5852K(6144K)->5852K(6144K)
[2022-04-04T17:54:56.776+0800][79.048s] GC(81) Pause Young (Normal) (G1 Evacuation Pause) 410M->119M(512M) 5.939ms
[2022-04-04T17:54:56.777+0800][79.048s] GC(81) User=0.00s Sys=0.02s Real=0.01s
[2022-04-04T17:54:57.006+0800][79.277s] GC(82) Pause Young (Normal) (G1 Evacuation Pause)
[2022-04-04T17:54:57.006+0800][79.277s] GC(82) Using 8 workers of 8 for evacuation
[2022-04-04T17:54:57.010+0800][79.282s] GC(82)   Pre Evacuate Collection Set: 0.2ms
[2022-04-04T17:54:57.010+0800][79.282s] GC(82)   Merge Heap Roots: 0.2ms
[2022-04-04T17:54:57.010+0800][79.282s] GC(82)   Evacuate Collection Set: 2.5ms
[2022-04-04T17:54:57.010+0800][79.282s] GC(82)   Post Evacuate Collection Set: 1.1ms
[2022-04-04T17:54:57.010+0800][79.282s] GC(82)   Other: 0.4ms
[2022-04-04T17:54:57.010+0800][79.282s] GC(82) Eden regions: 291->0(291)
[2022-04-04T17:54:57.010+0800][79.282s] GC(82) Survivor regions: 16->16(39)
[2022-04-04T17:54:57.010+0800][79.282s] GC(82) Old regions: 85->85
[2022-04-04T17:54:57.010+0800][79.282s] GC(82) Archive regions: 0->0
[2022-04-04T17:54:57.010+0800][79.282s] GC(82) Humongous regions: 20->20
[2022-04-04T17:54:57.010+0800][79.282s] GC(82) Metaspace: 50746K(51376K)->50746K(51376K) NonClass: 44893K(45232K)->44893K(45232K) Class: 5852K(6144K)->5852K(6144K)
[2022-04-04T17:54:57.010+0800][79.282s] GC(82) Pause Young (Normal) (G1 Evacuation Pause) 410M->120M(512M) 4.956ms
[2022-04-04T17:54:57.010+0800][79.282s] GC(82) User=0.00s Sys=0.00s Real=0.00s
[2022-04-04T17:54:57.260+0800][79.531s] GC(83) Pause Young (Normal) (G1 Evacuation Pause)
[2022-04-04T17:54:57.260+0800][79.531s] GC(83) Using 8 workers of 8 for evacuation
[2022-04-04T17:54:57.264+0800][79.536s] GC(83)   Pre Evacuate Collection Set: 0.2ms
[2022-04-04T17:54:57.264+0800][79.536s] GC(83)   Merge Heap Roots: 0.2ms
[2022-04-04T17:54:57.264+0800][79.536s] GC(83)   Evacuate Collection Set: 2.8ms
[2022-04-04T17:54:57.264+0800][79.536s] GC(83)   Post Evacuate Collection Set: 1.2ms
[2022-04-04T17:54:57.264+0800][79.536s] GC(83)   Other: 0.4ms
[2022-04-04T17:54:57.264+0800][79.536s] GC(83) Eden regions: 291->0(290)
[2022-04-04T17:54:57.264+0800][79.536s] GC(83) Survivor regions: 16->17(39)
[2022-04-04T17:54:57.264+0800][79.536s] GC(83) Old regions: 85->86
[2022-04-04T17:54:57.264+0800][79.536s] GC(83) Archive regions: 0->0
[2022-04-04T17:54:57.264+0800][79.536s] GC(83) Humongous regions: 20->20
[2022-04-04T17:54:57.264+0800][79.536s] GC(83) Metaspace: 50746K(51376K)->50746K(51376K) NonClass: 44893K(45232K)->44893K(45232K) Class: 5852K(6144K)->5852K(6144K)
[2022-04-04T17:54:57.264+0800][79.536s] GC(83) Pause Young (Normal) (G1 Evacuation Pause) 411M->122M(512M) 5.271ms
[2022-04-04T17:54:57.265+0800][79.536s] GC(83) User=0.11s Sys=0.00s Real=0.01s
[2022-04-04T17:54:57.485+0800][79.757s] GC(84) Pause Young (Normal) (G1 Evacuation Pause)
[2022-04-04T17:54:57.485+0800][79.757s] GC(84) Using 8 workers of 8 for evacuation
[2022-04-04T17:54:57.489+0800][79.761s] GC(84)   Pre Evacuate Collection Set: 0.2ms
[2022-04-04T17:54:57.489+0800][79.761s] GC(84)   Merge Heap Roots: 0.1ms
[2022-04-04T17:54:57.489+0800][79.761s] GC(84)   Evacuate Collection Set: 2.5ms
[2022-04-04T17:54:57.489+0800][79.761s] GC(84)   Post Evacuate Collection Set: 1.0ms
[2022-04-04T17:54:57.489+0800][79.761s] GC(84)   Other: 0.4ms
[2022-04-04T17:54:57.489+0800][79.761s] GC(84) Eden regions: 290->0(289)
[2022-04-04T17:54:57.489+0800][79.761s] GC(84) Survivor regions: 17->18(39)
[2022-04-04T17:54:57.489+0800][79.761s] GC(84) Old regions: 86->86
[2022-04-04T17:54:57.489+0800][79.761s] GC(84) Archive regions: 0->0
[2022-04-04T17:54:57.489+0800][79.761s] GC(84) Humongous regions: 20->20
[2022-04-04T17:54:57.489+0800][79.761s] GC(84) Metaspace: 50746K(51376K)->50746K(51376K) NonClass: 44893K(45232K)->44893K(45232K) Class: 5852K(6144K)->5852K(6144K)
[2022-04-04T17:54:57.489+0800][79.761s] GC(84) Pause Young (Normal) (G1 Evacuation Pause) 412M->123M(512M) 4.758ms
[2022-04-04T17:54:57.489+0800][79.761s] GC(84) User=0.00s Sys=0.00s Real=0.00s
[2022-04-04T17:54:57.691+0800][79.963s] GC(85) Pause Young (Normal) (G1 Evacuation Pause)
[2022-04-04T17:54:57.691+0800][79.963s] GC(85) Using 8 workers of 8 for evacuation
[2022-04-04T17:54:57.696+0800][79.967s] GC(85)   Pre Evacuate Collection Set: 0.2ms
[2022-04-04T17:54:57.696+0800][79.967s] GC(85)   Merge Heap Roots: 0.2ms
[2022-04-04T17:54:57.696+0800][79.967s] GC(85)   Evacuate Collection Set: 2.9ms
[2022-04-04T17:54:57.696+0800][79.967s] GC(85)   Post Evacuate Collection Set: 1.0ms
[2022-04-04T17:54:57.696+0800][79.968s] GC(85)   Other: 0.3ms
[2022-04-04T17:54:57.696+0800][79.968s] GC(85) Eden regions: 289->0(290)
[2022-04-04T17:54:57.696+0800][79.968s] GC(85) Survivor regions: 18->17(39)
[2022-04-04T17:54:57.696+0800][79.968s] GC(85) Old regions: 86->87
[2022-04-04T17:54:57.696+0800][79.968s] GC(85) Archive regions: 0->0
[2022-04-04T17:54:57.696+0800][79.968s] GC(85) Humongous regions: 22->21
[2022-04-04T17:54:57.696+0800][79.968s] GC(85) Metaspace: 50746K(51376K)->50746K(51376K) NonClass: 44893K(45232K)->44893K(45232K) Class: 5852K(6144K)->5852K(6144K)
[2022-04-04T17:54:57.696+0800][79.968s] GC(85) Pause Young (Normal) (G1 Evacuation Pause) 414M->124M(512M) 4.962ms
[2022-04-04T17:54:57.696+0800][79.968s] GC(85) User=0.00s Sys=0.00s Real=0.01s
[2022-04-04T17:54:57.940+0800][80.211s] GC(86) Pause Young (Normal) (G1 Evacuation Pause)
[2022-04-04T17:54:57.940+0800][80.211s] GC(86) Using 8 workers of 8 for evacuation
[2022-04-04T17:54:57.945+0800][80.216s] GC(86)   Pre Evacuate Collection Set: 0.2ms
[2022-04-04T17:54:57.945+0800][80.217s] GC(86)   Merge Heap Roots: 0.2ms
[2022-04-04T17:54:57.945+0800][80.217s] GC(86)   Evacuate Collection Set: 3.2ms
[2022-04-04T17:54:57.945+0800][80.217s] GC(86)   Post Evacuate Collection Set: 1.3ms
[2022-04-04T17:54:57.945+0800][80.217s] GC(86)   Other: 0.5ms
[2022-04-04T17:54:57.946+0800][80.217s] GC(86) Eden regions: 290->0(288)
[2022-04-04T17:54:57.946+0800][80.217s] GC(86) Survivor regions: 17->19(39)
[2022-04-04T17:54:57.946+0800][80.217s] GC(86) Old regions: 87->88
[2022-04-04T17:54:57.946+0800][80.217s] GC(86) Archive regions: 0->0
[2022-04-04T17:54:57.946+0800][80.217s] GC(86) Humongous regions: 22->22
[2022-04-04T17:54:57.946+0800][80.217s] GC(86) Metaspace: 50746K(51376K)->50746K(51376K) NonClass: 44893K(45232K)->44893K(45232K) Class: 5852K(6144K)->5852K(6144K)
[2022-04-04T17:54:57.946+0800][80.217s] GC(86) Pause Young (Normal) (G1 Evacuation Pause) 415M->127M(512M) 6.152ms
[2022-04-04T17:54:57.946+0800][80.217s] GC(86) User=0.00s Sys=0.00s Real=0.01s
[2022-04-04T17:54:58.135+0800][80.407s] GC(87) Pause Young (Normal) (G1 Evacuation Pause)
[2022-04-04T17:54:58.135+0800][80.407s] GC(87) Using 8 workers of 8 for evacuation
[2022-04-04T17:54:58.139+0800][80.411s] GC(87)   Pre Evacuate Collection Set: 0.1ms
[2022-04-04T17:54:58.139+0800][80.411s] GC(87)   Merge Heap Roots: 0.2ms
[2022-04-04T17:54:58.139+0800][80.411s] GC(87)   Evacuate Collection Set: 2.4ms
[2022-04-04T17:54:58.139+0800][80.411s] GC(87)   Post Evacuate Collection Set: 0.8ms
[2022-04-04T17:54:58.139+0800][80.411s] GC(87)   Other: 0.2ms
[2022-04-04T17:54:58.139+0800][80.411s] GC(87) Eden regions: 288->0(288)
[2022-04-04T17:54:58.139+0800][80.411s] GC(87) Survivor regions: 19->19(39)
[2022-04-04T17:54:58.139+0800][80.411s] GC(87) Old regions: 88->88
[2022-04-04T17:54:58.139+0800][80.411s] GC(87) Archive regions: 0->0
[2022-04-04T17:54:58.139+0800][80.411s] GC(87) Humongous regions: 22->22
[2022-04-04T17:54:58.139+0800][80.411s] GC(87) Metaspace: 50746K(51376K)->50746K(51376K) NonClass: 44893K(45232K)->44893K(45232K) Class: 5852K(6144K)->5852K(6144K)
[2022-04-04T17:54:58.139+0800][80.411s] GC(87) Pause Young (Normal) (G1 Evacuation Pause) 415M->128M(512M) 4.149ms
[2022-04-04T17:54:58.139+0800][80.411s] GC(87) User=0.00s Sys=0.08s Real=0.00s
[2022-04-04T17:54:58.355+0800][80.626s] GC(88) Pause Young (Normal) (G1 Evacuation Pause)
[2022-04-04T17:54:58.355+0800][80.626s] GC(88) Using 8 workers of 8 for evacuation
[2022-04-04T17:54:58.360+0800][80.632s] GC(88)   Pre Evacuate Collection Set: 0.2ms
[2022-04-04T17:54:58.360+0800][80.632s] GC(88)   Merge Heap Roots: 0.2ms
[2022-04-04T17:54:58.360+0800][80.632s] GC(88)   Evacuate Collection Set: 3.4ms
[2022-04-04T17:54:58.360+0800][80.632s] GC(88)   Post Evacuate Collection Set: 1.4ms
[2022-04-04T17:54:58.360+0800][80.632s] GC(88)   Other: 0.4ms
[2022-04-04T17:54:58.361+0800][80.632s] GC(88) Eden regions: 288->0(290)
[2022-04-04T17:54:58.361+0800][80.632s] GC(88) Survivor regions: 19->17(39)
[2022-04-04T17:54:58.361+0800][80.632s] GC(88) Old regions: 88->90
[2022-04-04T17:54:58.361+0800][80.632s] GC(88) Archive regions: 0->0
[2022-04-04T17:54:58.361+0800][80.632s] GC(88) Humongous regions: 22->22
[2022-04-04T17:54:58.361+0800][80.633s] GC(88) Metaspace: 50746K(51376K)->50746K(51376K) NonClass: 44894K(45232K)->44894K(45232K) Class: 5852K(6144K)->5852K(6144K)
[2022-04-04T17:54:58.361+0800][80.633s] GC(88) Pause Young (Normal) (G1 Evacuation Pause) 416M->128M(512M) 6.522ms
[2022-04-04T17:54:58.361+0800][80.633s] GC(88) User=0.00s Sys=0.00s Real=0.01s
[2022-04-04T17:54:58.612+0800][80.884s] GC(89) Pause Young (Normal) (G1 Evacuation Pause)
[2022-04-04T17:54:58.612+0800][80.884s] GC(89) Using 8 workers of 8 for evacuation
[2022-04-04T17:54:58.616+0800][80.888s] GC(89)   Pre Evacuate Collection Set: 0.3ms
[2022-04-04T17:54:58.616+0800][80.888s] GC(89)   Merge Heap Roots: 0.2ms
[2022-04-04T17:54:58.616+0800][80.888s] GC(89)   Evacuate Collection Set: 2.6ms
[2022-04-04T17:54:58.616+0800][80.888s] GC(89)   Post Evacuate Collection Set: 1.0ms
[2022-04-04T17:54:58.616+0800][80.888s] GC(89)   Other: 0.3ms
[2022-04-04T17:54:58.617+0800][80.888s] GC(89) Eden regions: 290->0(292)
[2022-04-04T17:54:58.617+0800][80.888s] GC(89) Survivor regions: 17->15(39)
[2022-04-04T17:54:58.617+0800][80.888s] GC(89) Old regions: 90->94
[2022-04-04T17:54:58.617+0800][80.888s] GC(89) Archive regions: 0->0
[2022-04-04T17:54:58.617+0800][80.888s] GC(89) Humongous regions: 22->22
[2022-04-04T17:54:58.617+0800][80.888s] GC(89) Metaspace: 50746K(51376K)->50746K(51376K) NonClass: 44894K(45232K)->44894K(45232K) Class: 5852K(6144K)->5852K(6144K)
[2022-04-04T17:54:58.617+0800][80.889s] GC(89) Pause Young (Normal) (G1 Evacuation Pause) 418M->130M(512M) 4.973ms
[2022-04-04T17:54:58.617+0800][80.889s] GC(89) User=0.00s Sys=0.00s Real=0.01s
[2022-04-04T17:54:59.058+0800][81.330s] GC(90) Pause Young (Normal) (G1 Evacuation Pause)
[2022-04-04T17:54:59.058+0800][81.330s] GC(90) Using 8 workers of 8 for evacuation
[2022-04-04T17:54:59.062+0800][81.333s] GC(90)   Pre Evacuate Collection Set: 0.1ms
[2022-04-04T17:54:59.062+0800][81.333s] GC(90)   Merge Heap Roots: 0.1ms
[2022-04-04T17:54:59.062+0800][81.333s] GC(90)   Evacuate Collection Set: 2.1ms
[2022-04-04T17:54:59.062+0800][81.333s] GC(90)   Post Evacuate Collection Set: 0.8ms
[2022-04-04T17:54:59.062+0800][81.333s] GC(90)   Other: 0.3ms
[2022-04-04T17:54:59.062+0800][81.334s] GC(90) Eden regions: 292->0(292)
[2022-04-04T17:54:59.062+0800][81.334s] GC(90) Survivor regions: 15->15(39)
[2022-04-04T17:54:59.062+0800][81.334s] GC(90) Old regions: 94->94
[2022-04-04T17:54:59.062+0800][81.334s] GC(90) Archive regions: 0->0
[2022-04-04T17:54:59.062+0800][81.334s] GC(90) Humongous regions: 22->22
[2022-04-04T17:54:59.062+0800][81.334s] GC(90) Metaspace: 50753K(51376K)->50753K(51376K) NonClass: 44900K(45232K)->44900K(45232K) Class: 5852K(6144K)->5852K(6144K)
[2022-04-04T17:54:59.062+0800][81.334s] GC(90) Pause Young (Normal) (G1 Evacuation Pause) 422M->130M(512M) 3.856ms
[2022-04-04T17:54:59.062+0800][81.334s] GC(90) User=0.00s Sys=0.00s Real=0.00s
[2022-04-04T17:55:00.861+0800][83.133s] GC(91) Pause Young (Normal) (G1 Evacuation Pause)
[2022-04-04T17:55:00.861+0800][83.133s] GC(91) Using 8 workers of 8 for evacuation
[2022-04-04T17:55:00.865+0800][83.137s] GC(91)   Pre Evacuate Collection Set: 0.2ms
[2022-04-04T17:55:00.865+0800][83.137s] GC(91)   Merge Heap Roots: 0.1ms
[2022-04-04T17:55:00.865+0800][83.137s] GC(91)   Evacuate Collection Set: 2.3ms
[2022-04-04T17:55:00.865+0800][83.137s] GC(91)   Post Evacuate Collection Set: 0.8ms
[2022-04-04T17:55:00.865+0800][83.137s] GC(91)   Other: 0.3ms
[2022-04-04T17:55:00.865+0800][83.137s] GC(91) Eden regions: 292->0(292)
[2022-04-04T17:55:00.865+0800][83.137s] GC(91) Survivor regions: 15->15(39)
[2022-04-04T17:55:00.865+0800][83.137s] GC(91) Old regions: 94->94
[2022-04-04T17:55:00.865+0800][83.137s] GC(91) Archive regions: 0->0
[2022-04-04T17:55:00.865+0800][83.137s] GC(91) Humongous regions: 22->22
[2022-04-04T17:55:00.865+0800][83.137s] GC(91) Metaspace: 50753K(51376K)->50753K(51376K) NonClass: 44900K(45232K)->44900K(45232K) Class: 5852K(6144K)->5852K(6144K)
[2022-04-04T17:55:00.865+0800][83.137s] GC(91) Pause Young (Normal) (G1 Evacuation Pause) 422M->130M(512M) 3.978ms
[2022-04-04T17:55:00.865+0800][83.137s] GC(91) User=0.00s Sys=0.00s Real=0.00s
[2022-04-04T17:55:02.569+0800][84.841s] GC(92) Pause Young (Normal) (G1 Evacuation Pause)
[2022-04-04T17:55:02.570+0800][84.841s] GC(92) Using 8 workers of 8 for evacuation
[2022-04-04T17:55:02.575+0800][84.846s] GC(92)   Pre Evacuate Collection Set: 0.3ms
[2022-04-04T17:55:02.575+0800][84.846s] GC(92)   Merge Heap Roots: 0.2ms
[2022-04-04T17:55:02.575+0800][84.846s] GC(92)   Evacuate Collection Set: 2.9ms
[2022-04-04T17:55:02.575+0800][84.846s] GC(92)   Post Evacuate Collection Set: 1.4ms
[2022-04-04T17:55:02.575+0800][84.846s] GC(92)   Other: 0.4ms
[2022-04-04T17:55:02.575+0800][84.846s] GC(92) Eden regions: 292->0(291)
[2022-04-04T17:55:02.575+0800][84.846s] GC(92) Survivor regions: 15->16(39)
[2022-04-04T17:55:02.575+0800][84.847s] GC(92) Old regions: 94->95
[2022-04-04T17:55:02.575+0800][84.847s] GC(92) Archive regions: 0->0
[2022-04-04T17:55:02.575+0800][84.847s] GC(92) Humongous regions: 22->22
[2022-04-04T17:55:02.575+0800][84.847s] GC(92) Metaspace: 50753K(51376K)->50753K(51376K) NonClass: 44900K(45232K)->44900K(45232K) Class: 5852K(6144K)->5852K(6144K)
[2022-04-04T17:55:02.575+0800][84.847s] GC(92) Pause Young (Normal) (G1 Evacuation Pause) 422M->131M(512M) 5.864ms
[2022-04-04T17:55:02.575+0800][84.847s] GC(92) User=0.02s Sys=0.00s Real=0.01s
[2022-04-04T17:55:03.258+0800][85.530s] GC(93) Pause Young (Normal) (G1 Evacuation Pause)
[2022-04-04T17:55:03.258+0800][85.530s] GC(93) Using 8 workers of 8 for evacuation
[2022-04-04T17:55:03.261+0800][85.533s] GC(93)   Pre Evacuate Collection Set: 0.1ms
[2022-04-04T17:55:03.261+0800][85.533s] GC(93)   Merge Heap Roots: 0.1ms
[2022-04-04T17:55:03.261+0800][85.533s] GC(93)   Evacuate Collection Set: 1.9ms
[2022-04-04T17:55:03.261+0800][85.533s] GC(93)   Post Evacuate Collection Set: 0.8ms
[2022-04-04T17:55:03.261+0800][85.533s] GC(93)   Other: 0.3ms
[2022-04-04T17:55:03.261+0800][85.533s] GC(93) Eden regions: 291->0(291)
[2022-04-04T17:55:03.261+0800][85.533s] GC(93) Survivor regions: 16->16(39)
[2022-04-04T17:55:03.261+0800][85.533s] GC(93) Old regions: 95->96
[2022-04-04T17:55:03.261+0800][85.533s] GC(93) Archive regions: 0->0
[2022-04-04T17:55:03.261+0800][85.533s] GC(93) Humongous regions: 22->22
[2022-04-04T17:55:03.261+0800][85.533s] GC(93) Metaspace: 50763K(51376K)->50763K(51376K) NonClass: 44910K(45232K)->44910K(45232K) Class: 5852K(6144K)->5852K(6144K)
[2022-04-04T17:55:03.261+0800][85.533s] GC(93) Pause Young (Normal) (G1 Evacuation Pause) 422M->132M(512M) 3.555ms
[2022-04-04T17:55:03.261+0800][85.533s] GC(93) User=0.02s Sys=0.00s Real=0.00s
[2022-04-04T17:55:03.491+0800][85.762s] GC(94) Pause Young (Normal) (G1 Evacuation Pause)
[2022-04-04T17:55:03.491+0800][85.762s] GC(94) Using 8 workers of 8 for evacuation
[2022-04-04T17:55:03.494+0800][85.766s] GC(94)   Pre Evacuate Collection Set: 0.2ms
[2022-04-04T17:55:03.494+0800][85.766s] GC(94)   Merge Heap Roots: 0.2ms
[2022-04-04T17:55:03.494+0800][85.766s] GC(94)   Evacuate Collection Set: 2.2ms
[2022-04-04T17:55:03.494+0800][85.766s] GC(94)   Post Evacuate Collection Set: 0.8ms
[2022-04-04T17:55:03.494+0800][85.766s] GC(94)   Other: 0.3ms
[2022-04-04T17:55:03.494+0800][85.766s] GC(94) Eden regions: 291->0(292)
[2022-04-04T17:55:03.494+0800][85.766s] GC(94) Survivor regions: 16->15(39)
[2022-04-04T17:55:03.494+0800][85.766s] GC(94) Old regions: 96->96
[2022-04-04T17:55:03.494+0800][85.766s] GC(94) Archive regions: 0->0
[2022-04-04T17:55:03.494+0800][85.766s] GC(94) Humongous regions: 22->22
[2022-04-04T17:55:03.494+0800][85.766s] GC(94) Metaspace: 50763K(51376K)->50763K(51376K) NonClass: 44910K(45232K)->44910K(45232K) Class: 5852K(6144K)->5852K(6144K)
[2022-04-04T17:55:03.494+0800][85.766s] GC(94) Pause Young (Normal) (G1 Evacuation Pause) 423M->132M(512M) 3.999ms
[2022-04-04T17:55:03.494+0800][85.766s] GC(94) User=0.00s Sys=0.00s Real=0.00s
[2022-04-04T17:55:03.712+0800][85.984s] GC(95) Pause Young (Normal) (G1 Evacuation Pause)
[2022-04-04T17:55:03.712+0800][85.984s] GC(95) Using 8 workers of 8 for evacuation
[2022-04-04T17:55:03.716+0800][85.988s] GC(95)   Pre Evacuate Collection Set: 0.2ms
[2022-04-04T17:55:03.716+0800][85.988s] GC(95)   Merge Heap Roots: 0.2ms
[2022-04-04T17:55:03.716+0800][85.988s] GC(95)   Evacuate Collection Set: 2.7ms
[2022-04-04T17:55:03.716+0800][85.988s] GC(95)   Post Evacuate Collection Set: 1.0ms
[2022-04-04T17:55:03.716+0800][85.988s] GC(95)   Other: 0.3ms
[2022-04-04T17:55:03.716+0800][85.988s] GC(95) Eden regions: 292->0(291)
[2022-04-04T17:55:03.716+0800][85.988s] GC(95) Survivor regions: 15->16(39)
[2022-04-04T17:55:03.716+0800][85.988s] GC(95) Old regions: 96->97
[2022-04-04T17:55:03.717+0800][85.989s] GC(95) Archive regions: 0->0
[2022-04-04T17:55:03.717+0800][85.989s] GC(95) Humongous regions: 22->22
[2022-04-04T17:55:03.717+0800][85.989s] GC(95) Metaspace: 50763K(51376K)->50763K(51376K) NonClass: 44910K(45232K)->44910K(45232K) Class: 5852K(6144K)->5852K(6144K)
[2022-04-04T17:55:03.717+0800][85.989s] GC(95) Pause Young (Normal) (G1 Evacuation Pause) 424M->133M(512M) 4.936ms
[2022-04-04T17:55:03.717+0800][85.989s] GC(95) User=0.12s Sys=0.00s Real=0.01s
[2022-04-04T17:55:03.990+0800][86.262s] GC(96) Pause Young (Normal) (G1 Evacuation Pause)
[2022-04-04T17:55:03.990+0800][86.262s] GC(96) Using 8 workers of 8 for evacuation
[2022-04-04T17:55:03.993+0800][86.265s] GC(96)   Pre Evacuate Collection Set: 0.1ms
[2022-04-04T17:55:03.993+0800][86.265s] GC(96)   Merge Heap Roots: 0.1ms
[2022-04-04T17:55:03.993+0800][86.265s] GC(96)   Evacuate Collection Set: 2.2ms
[2022-04-04T17:55:03.993+0800][86.265s] GC(96)   Post Evacuate Collection Set: 0.5ms
[2022-04-04T17:55:03.993+0800][86.265s] GC(96)   Other: 0.3ms
[2022-04-04T17:55:03.993+0800][86.265s] GC(96) Eden regions: 291->0(291)
[2022-04-04T17:55:03.993+0800][86.265s] GC(96) Survivor regions: 16->16(39)
[2022-04-04T17:55:03.994+0800][86.266s] GC(96) Old regions: 97->97
[2022-04-04T17:55:03.994+0800][86.266s] GC(96) Archive regions: 0->0
[2022-04-04T17:55:03.994+0800][86.266s] GC(96) Humongous regions: 22->22
[2022-04-04T17:55:03.994+0800][86.266s] GC(96) Metaspace: 50763K(51376K)->50763K(51376K) NonClass: 44910K(45232K)->44910K(45232K) Class: 5852K(6144K)->5852K(6144K)
[2022-04-04T17:55:03.994+0800][86.266s] GC(96) Pause Young (Normal) (G1 Evacuation Pause) 424M->134M(512M) 3.717ms
[2022-04-04T17:55:03.994+0800][86.266s] GC(96) User=0.00s Sys=0.00s Real=0.00s
[2022-04-04T17:55:04.159+0800][86.430s] GC(97) Pause Young (Normal) (G1 Evacuation Pause)
[2022-04-04T17:55:04.159+0800][86.430s] GC(97) Using 8 workers of 8 for evacuation
[2022-04-04T17:55:04.161+0800][86.434s] GC(97)   Pre Evacuate Collection Set: 0.1ms
[2022-04-04T17:55:04.161+0800][86.434s] GC(97)   Merge Heap Roots: 0.2ms
[2022-04-04T17:55:04.161+0800][86.434s] GC(97)   Evacuate Collection Set: 2.2ms
[2022-04-04T17:55:04.161+0800][86.434s] GC(97)   Post Evacuate Collection Set: 0.7ms
[2022-04-04T17:55:04.161+0800][86.434s] GC(97)   Other: 0.3ms
[2022-04-04T17:55:04.161+0800][86.434s] GC(97) Eden regions: 291->0(289)
[2022-04-04T17:55:04.161+0800][86.434s] GC(97) Survivor regions: 16->18(39)
[2022-04-04T17:55:04.162+0800][86.434s] GC(97) Old regions: 97->98
[2022-04-04T17:55:04.162+0800][86.434s] GC(97) Archive regions: 0->0
[2022-04-04T17:55:04.162+0800][86.434s] GC(97) Humongous regions: 23->23
[2022-04-04T17:55:04.162+0800][86.434s] GC(97) Metaspace: 50763K(51376K)->50763K(51376K) NonClass: 44910K(45232K)->44910K(45232K) Class: 5852K(6144K)->5852K(6144K)
[2022-04-04T17:55:04.162+0800][86.434s] GC(97) Pause Young (Normal) (G1 Evacuation Pause) 426M->137M(512M) 3.843ms
[2022-04-04T17:55:04.162+0800][86.434s] GC(97) User=0.00s Sys=0.00s Real=0.00s
[2022-04-04T17:55:04.467+0800][86.739s] GC(98) Pause Young (Normal) (G1 Evacuation Pause)
[2022-04-04T17:55:04.467+0800][86.739s] GC(98) Using 8 workers of 8 for evacuation
[2022-04-04T17:55:04.472+0800][86.744s] GC(98)   Pre Evacuate Collection Set: 0.2ms
[2022-04-04T17:55:04.472+0800][86.744s] GC(98)   Merge Heap Roots: 0.2ms
[2022-04-04T17:55:04.472+0800][86.744s] GC(98)   Evacuate Collection Set: 2.7ms
[2022-04-04T17:55:04.472+0800][86.744s] GC(98)   Post Evacuate Collection Set: 1.3ms
[2022-04-04T17:55:04.472+0800][86.744s] GC(98)   Other: 0.3ms
[2022-04-04T17:55:04.472+0800][86.744s] GC(98) Eden regions: 289->0(289)
[2022-04-04T17:55:04.472+0800][86.744s] GC(98) Survivor regions: 18->18(39)
[2022-04-04T17:55:04.472+0800][86.745s] GC(98) Old regions: 98->99
[2022-04-04T17:55:04.472+0800][86.745s] GC(98) Archive regions: 0->0
[2022-04-04T17:55:04.472+0800][86.745s] GC(98) Humongous regions: 23->23
[2022-04-04T17:55:04.472+0800][86.745s] GC(98) Metaspace: 50763K(51376K)->50763K(51376K) NonClass: 44910K(45232K)->44910K(45232K) Class: 5852K(6144K)->5852K(6144K)
[2022-04-04T17:55:04.472+0800][86.745s] GC(98) Pause Young (Normal) (G1 Evacuation Pause) 426M->138M(512M) 5.419ms
[2022-04-04T17:55:04.472+0800][86.745s] GC(98) User=0.00s Sys=0.00s Real=0.00s
[2022-04-04T17:55:04.676+0800][86.947s] GC(99) Pause Young (Normal) (G1 Evacuation Pause)
[2022-04-04T17:55:04.676+0800][86.947s] GC(99) Using 8 workers of 8 for evacuation
[2022-04-04T17:55:04.679+0800][86.951s] GC(99)   Pre Evacuate Collection Set: 0.1ms
[2022-04-04T17:55:04.679+0800][86.951s] GC(99)   Merge Heap Roots: 0.1ms
[2022-04-04T17:55:04.679+0800][86.951s] GC(99)   Evacuate Collection Set: 2.5ms
[2022-04-04T17:55:04.679+0800][86.951s] GC(99)   Post Evacuate Collection Set: 0.8ms
[2022-04-04T17:55:04.679+0800][86.951s] GC(99)   Other: 0.2ms
[2022-04-04T17:55:04.679+0800][86.951s] GC(99) Eden regions: 289->0(289)
[2022-04-04T17:55:04.679+0800][86.951s] GC(99) Survivor regions: 18->18(39)
[2022-04-04T17:55:04.679+0800][86.951s] GC(99) Old regions: 99->99
[2022-04-04T17:55:04.679+0800][86.951s] GC(99) Archive regions: 0->0
[2022-04-04T17:55:04.679+0800][86.951s] GC(99) Humongous regions: 23->23
[2022-04-04T17:55:04.679+0800][86.951s] GC(99) Metaspace: 50763K(51376K)->50763K(51376K) NonClass: 44910K(45232K)->44910K(45232K) Class: 5852K(6144K)->5852K(6144K)
[2022-04-04T17:55:04.679+0800][86.951s] GC(99) Pause Young (Normal) (G1 Evacuation Pause) 427M->139M(512M) 4.084ms
[2022-04-04T17:55:04.679+0800][86.952s] GC(99) User=0.00s Sys=0.00s Real=0.00s
[2022-04-04T17:55:04.892+0800][87.163s] GC(100) Pause Young (Normal) (G1 Evacuation Pause)
[2022-04-04T17:55:04.892+0800][87.163s] GC(100) Using 8 workers of 8 for evacuation
[2022-04-04T17:55:04.896+0800][87.168s] GC(100)   Pre Evacuate Collection Set: 0.1ms
[2022-04-04T17:55:04.896+0800][87.168s] GC(100)   Merge Heap Roots: 0.2ms
[2022-04-04T17:55:04.896+0800][87.168s] GC(100)   Evacuate Collection Set: 2.6ms
[2022-04-04T17:55:04.896+0800][87.168s] GC(100)   Post Evacuate Collection Set: 1.0ms
[2022-04-04T17:55:04.896+0800][87.168s] GC(100)   Other: 0.3ms
[2022-04-04T17:55:04.896+0800][87.168s] GC(100) Eden regions: 289->0(288)
[2022-04-04T17:55:04.896+0800][87.168s] GC(100) Survivor regions: 18->19(39)
[2022-04-04T17:55:04.896+0800][87.168s] GC(100) Old regions: 99->100
[2022-04-04T17:55:04.896+0800][87.168s] GC(100) Archive regions: 0->0
[2022-04-04T17:55:04.896+0800][87.168s] GC(100) Humongous regions: 23->23
[2022-04-04T17:55:04.896+0800][87.168s] GC(100) Metaspace: 50763K(51376K)->50763K(51376K) NonClass: 44910K(45232K)->44910K(45232K) Class: 5852K(6144K)->5852K(6144K)
[2022-04-04T17:55:04.896+0800][87.168s] GC(100) Pause Young (Normal) (G1 Evacuation Pause) 428M->140M(512M) 4.862ms
[2022-04-04T17:55:04.896+0800][87.168s] GC(100) User=0.00s Sys=0.00s Real=0.00s
[2022-04-04T17:55:05.085+0800][87.357s] GC(101) Pause Young (Normal) (G1 Evacuation Pause)
[2022-04-04T17:55:05.085+0800][87.357s] GC(101) Using 8 workers of 8 for evacuation
[2022-04-04T17:55:05.090+0800][87.361s] GC(101)   Pre Evacuate Collection Set: 0.1ms
[2022-04-04T17:55:05.090+0800][87.361s] GC(101)   Merge Heap Roots: 0.2ms
[2022-04-04T17:55:05.090+0800][87.361s] GC(101)   Evacuate Collection Set: 2.6ms
[2022-04-04T17:55:05.090+0800][87.361s] GC(101)   Post Evacuate Collection Set: 1.1ms
[2022-04-04T17:55:05.090+0800][87.362s] GC(101)   Other: 0.3ms
[2022-04-04T17:55:05.090+0800][87.362s] GC(101) Eden regions: 288->0(288)
[2022-04-04T17:55:05.090+0800][87.362s] GC(101) Survivor regions: 19->19(39)
[2022-04-04T17:55:05.090+0800][87.362s] GC(101) Old regions: 100->100
[2022-04-04T17:55:05.091+0800][87.362s] GC(101) Archive regions: 0->0
[2022-04-04T17:55:05.091+0800][87.362s] GC(101) Humongous regions: 25->24
[2022-04-04T17:55:05.091+0800][87.362s] GC(101) Metaspace: 50763K(51376K)->50763K(51376K) NonClass: 44910K(45232K)->44910K(45232K) Class: 5852K(6144K)->5852K(6144K)
[2022-04-04T17:55:05.091+0800][87.362s] GC(101) Pause Young (Normal) (G1 Evacuation Pause) 430M->142M(512M) 5.469ms
[2022-04-04T17:55:05.091+0800][87.362s] GC(101) User=0.00s Sys=0.00s Real=0.01s
[2022-04-04T17:55:05.371+0800][87.642s] GC(102) Pause Young (Normal) (G1 Evacuation Pause)
[2022-04-04T17:55:05.371+0800][87.642s] GC(102) Using 8 workers of 8 for evacuation
[2022-04-04T17:55:05.375+0800][87.647s] GC(102)   Pre Evacuate Collection Set: 0.2ms
[2022-04-04T17:55:05.375+0800][87.647s] GC(102)   Merge Heap Roots: 0.2ms
[2022-04-04T17:55:05.375+0800][87.647s] GC(102)   Evacuate Collection Set: 2.7ms
[2022-04-04T17:55:05.375+0800][87.647s] GC(102)   Post Evacuate Collection Set: 1.2ms
[2022-04-04T17:55:05.376+0800][87.647s] GC(102)   Other: 0.3ms
[2022-04-04T17:55:05.376+0800][87.647s] GC(102) Eden regions: 288->0(288)
[2022-04-04T17:55:05.376+0800][87.647s] GC(102) Survivor regions: 19->19(39)
[2022-04-04T17:55:05.376+0800][87.647s] GC(102) Old regions: 100->101
[2022-04-04T17:55:05.376+0800][87.647s] GC(102) Archive regions: 0->0
[2022-04-04T17:55:05.376+0800][87.647s] GC(102) Humongous regions: 25->25
[2022-04-04T17:55:05.376+0800][87.647s] GC(102) Metaspace: 50763K(51376K)->50763K(51376K) NonClass: 44910K(45232K)->44910K(45232K) Class: 5852K(6144K)->5852K(6144K)
[2022-04-04T17:55:05.376+0800][87.647s] GC(102) Pause Young (Normal) (G1 Evacuation Pause) 431M->143M(512M) 5.154ms
[2022-04-04T17:55:05.376+0800][87.647s] GC(102) User=0.00s Sys=0.00s Real=0.00s
[2022-04-04T17:55:05.598+0800][87.869s] GC(103) Pause Young (Normal) (G1 Evacuation Pause)
[2022-04-04T17:55:05.598+0800][87.869s] GC(103) Using 8 workers of 8 for evacuation
[2022-04-04T17:55:05.603+0800][87.874s] GC(103)   Pre Evacuate Collection Set: 0.2ms
[2022-04-04T17:55:05.603+0800][87.875s] GC(103)   Merge Heap Roots: 0.2ms
[2022-04-04T17:55:05.603+0800][87.875s] GC(103)   Evacuate Collection Set: 3.7ms
[2022-04-04T17:55:05.603+0800][87.875s] GC(103)   Post Evacuate Collection Set: 1.0ms
[2022-04-04T17:55:05.603+0800][87.875s] GC(103)   Other: 0.4ms
[2022-04-04T17:55:05.603+0800][87.875s] GC(103) Eden regions: 288->0(288)
[2022-04-04T17:55:05.603+0800][87.875s] GC(103) Survivor regions: 19->19(39)
[2022-04-04T17:55:05.603+0800][87.875s] GC(103) Old regions: 101->102
[2022-04-04T17:55:05.603+0800][87.875s] GC(103) Archive regions: 0->0
[2022-04-04T17:55:05.604+0800][87.875s] GC(103) Humongous regions: 25->25
[2022-04-04T17:55:05.604+0800][87.875s] GC(103) Metaspace: 50763K(51376K)->50763K(51376K) NonClass: 44910K(45232K)->44910K(45232K) Class: 5852K(6144K)->5852K(6144K)
[2022-04-04T17:55:05.604+0800][87.875s] GC(103) Pause Young (Normal) (G1 Evacuation Pause) 431M->144M(512M) 6.166ms
[2022-04-04T17:55:05.604+0800][87.875s] GC(103) User=0.00s Sys=0.00s Real=0.01s
[2022-04-04T17:55:05.808+0800][88.080s] GC(104) Pause Young (Normal) (G1 Evacuation Pause)
[2022-04-04T17:55:05.808+0800][88.080s] GC(104) Using 8 workers of 8 for evacuation
[2022-04-04T17:55:05.812+0800][88.084s] GC(104)   Pre Evacuate Collection Set: 0.1ms
[2022-04-04T17:55:05.812+0800][88.084s] GC(104)   Merge Heap Roots: 0.2ms
[2022-04-04T17:55:05.812+0800][88.084s] GC(104)   Evacuate Collection Set: 2.7ms
[2022-04-04T17:55:05.812+0800][88.084s] GC(104)   Post Evacuate Collection Set: 0.9ms
[2022-04-04T17:55:05.812+0800][88.084s] GC(104)   Other: 0.2ms
[2022-04-04T17:55:05.812+0800][88.084s] GC(104) Eden regions: 288->0(289)
[2022-04-04T17:55:05.812+0800][88.084s] GC(104) Survivor regions: 19->18(39)
[2022-04-04T17:55:05.812+0800][88.084s] GC(104) Old regions: 102->104
[2022-04-04T17:55:05.812+0800][88.084s] GC(104) Archive regions: 0->0
[2022-04-04T17:55:05.812+0800][88.084s] GC(104) Humongous regions: 25->25
[2022-04-04T17:55:05.812+0800][88.084s] GC(104) Metaspace: 50763K(51376K)->50763K(51376K) NonClass: 44910K(45232K)->44910K(45232K) Class: 5852K(6144K)->5852K(6144K)
[2022-04-04T17:55:05.812+0800][88.084s] GC(104) Pause Young (Normal) (G1 Evacuation Pause) 432M->145M(512M) 4.554ms
[2022-04-04T17:55:05.812+0800][88.084s] GC(104) User=0.00s Sys=0.00s Real=0.00s
[2022-04-04T17:55:06.007+0800][88.278s] GC(105) Pause Young (Normal) (G1 Evacuation Pause)
[2022-04-04T17:55:06.007+0800][88.278s] GC(105) Using 8 workers of 8 for evacuation
[2022-04-04T17:55:06.010+0800][88.282s] GC(105)   Pre Evacuate Collection Set: 0.1ms
[2022-04-04T17:55:06.010+0800][88.282s] GC(105)   Merge Heap Roots: 0.1ms
[2022-04-04T17:55:06.010+0800][88.282s] GC(105)   Evacuate Collection Set: 2.6ms
[2022-04-04T17:55:06.010+0800][88.282s] GC(105)   Post Evacuate Collection Set: 0.8ms
[2022-04-04T17:55:06.010+0800][88.282s] GC(105)   Other: 0.2ms
[2022-04-04T17:55:06.010+0800][88.282s] GC(105) Eden regions: 289->0(292)
[2022-04-04T17:55:06.010+0800][88.282s] GC(105) Survivor regions: 18->15(39)
[2022-04-04T17:55:06.010+0800][88.282s] GC(105) Old regions: 104->108
[2022-04-04T17:55:06.010+0800][88.282s] GC(105) Archive regions: 0->0
[2022-04-04T17:55:06.010+0800][88.282s] GC(105) Humongous regions: 25->25
[2022-04-04T17:55:06.010+0800][88.282s] GC(105) Metaspace: 50763K(51376K)->50763K(51376K) NonClass: 44910K(45232K)->44910K(45232K) Class: 5852K(6144K)->5852K(6144K)
[2022-04-04T17:55:06.010+0800][88.282s] GC(105) Pause Young (Normal) (G1 Evacuation Pause) 434M->147M(512M) 4.224ms
[2022-04-04T17:55:06.010+0800][88.282s] GC(105) User=0.00s Sys=0.00s Real=0.00s
[2022-04-04T17:55:06.254+0800][88.526s] GC(106) Pause Young (Normal) (G1 Evacuation Pause)
[2022-04-04T17:55:06.254+0800][88.526s] GC(106) Using 8 workers of 8 for evacuation
[2022-04-04T17:55:06.258+0800][88.530s] GC(106)   Pre Evacuate Collection Set: 0.2ms
[2022-04-04T17:55:06.258+0800][88.530s] GC(106)   Merge Heap Roots: 0.2ms
[2022-04-04T17:55:06.258+0800][88.530s] GC(106)   Evacuate Collection Set: 2.4ms
[2022-04-04T17:55:06.258+0800][88.530s] GC(106)   Post Evacuate Collection Set: 1.1ms
[2022-04-04T17:55:06.258+0800][88.530s] GC(106)   Other: 0.3ms
[2022-04-04T17:55:06.258+0800][88.530s] GC(106) Eden regions: 292->0(292)
[2022-04-04T17:55:06.258+0800][88.530s] GC(106) Survivor regions: 15->15(39)
[2022-04-04T17:55:06.258+0800][88.530s] GC(106) Old regions: 108->108
[2022-04-04T17:55:06.258+0800][88.531s] GC(106) Archive regions: 0->0
[2022-04-04T17:55:06.258+0800][88.531s] GC(106) Humongous regions: 25->25
[2022-04-04T17:55:06.259+0800][88.531s] GC(106) Metaspace: 50763K(51376K)->50763K(51376K) NonClass: 44910K(45232K)->44910K(45232K) Class: 5852K(6144K)->5852K(6144K)
[2022-04-04T17:55:06.259+0800][88.531s] GC(106) Pause Young (Normal) (G1 Evacuation Pause) 439M->147M(512M) 4.907ms
[2022-04-04T17:55:06.259+0800][88.531s] GC(106) User=0.00s Sys=0.00s Real=0.01s
[2022-04-04T17:55:06.452+0800][88.723s] GC(107) Pause Young (Normal) (G1 Evacuation Pause)
[2022-04-04T17:55:06.452+0800][88.723s] GC(107) Using 8 workers of 8 for evacuation
[2022-04-04T17:55:06.456+0800][88.728s] GC(107)   Pre Evacuate Collection Set: 0.2ms
[2022-04-04T17:55:06.456+0800][88.728s] GC(107)   Merge Heap Roots: 0.1ms
[2022-04-04T17:55:06.456+0800][88.728s] GC(107)   Evacuate Collection Set: 2.5ms
[2022-04-04T17:55:06.456+0800][88.728s] GC(107)   Post Evacuate Collection Set: 1.2ms
[2022-04-04T17:55:06.457+0800][88.728s] GC(107)   Other: 0.3ms
[2022-04-04T17:55:06.457+0800][88.728s] GC(107) Eden regions: 292->0(291)
[2022-04-04T17:55:06.457+0800][88.728s] GC(107) Survivor regions: 15->16(39)
[2022-04-04T17:55:06.457+0800][88.728s] GC(107) Old regions: 108->108
[2022-04-04T17:55:06.457+0800][88.728s] GC(107) Archive regions: 0->0
[2022-04-04T17:55:06.457+0800][88.728s] GC(107) Humongous regions: 25->25
[2022-04-04T17:55:06.457+0800][88.728s] GC(107) Metaspace: 50763K(51376K)->50763K(51376K) NonClass: 44910K(45232K)->44910K(45232K) Class: 5852K(6144K)->5852K(6144K)
[2022-04-04T17:55:06.457+0800][88.728s] GC(107) Pause Young (Normal) (G1 Evacuation Pause) 439M->148M(512M) 4.905ms
[2022-04-04T17:55:06.457+0800][88.728s] GC(107) User=0.00s Sys=0.00s Real=0.01s
[2022-04-04T17:55:08.132+0800][90.404s] GC(108) Pause Young (Normal) (G1 Evacuation Pause)
[2022-04-04T17:55:08.132+0800][90.404s] GC(108) Using 8 workers of 8 for evacuation
[2022-04-04T17:55:08.135+0800][90.407s] GC(108)   Pre Evacuate Collection Set: 0.1ms
[2022-04-04T17:55:08.135+0800][90.407s] GC(108)   Merge Heap Roots: 0.2ms
[2022-04-04T17:55:08.135+0800][90.407s] GC(108)   Evacuate Collection Set: 2.4ms
[2022-04-04T17:55:08.135+0800][90.407s] GC(108)   Post Evacuate Collection Set: 0.8ms
[2022-04-04T17:55:08.135+0800][90.407s] GC(108)   Other: 0.2ms
[2022-04-04T17:55:08.135+0800][90.407s] GC(108) Eden regions: 291->0(292)
[2022-04-04T17:55:08.135+0800][90.407s] GC(108) Survivor regions: 16->15(39)
[2022-04-04T17:55:08.135+0800][90.408s] GC(108) Old regions: 108->109
[2022-04-04T17:55:08.135+0800][90.408s] GC(108) Archive regions: 0->0
[2022-04-04T17:55:08.135+0800][90.408s] GC(108) Humongous regions: 25->25
[2022-04-04T17:55:08.135+0800][90.408s] GC(108) Metaspace: 50770K(51376K)->50770K(51376K) NonClass: 44917K(45232K)->44917K(45232K) Class: 5852K(6144K)->5852K(6144K)
[2022-04-04T17:55:08.135+0800][90.408s] GC(108) Pause Young (Normal) (G1 Evacuation Pause) 439M->148M(512M) 3.944ms
[2022-04-04T17:55:08.135+0800][90.408s] GC(108) User=0.12s Sys=0.00s Real=0.00s
[2022-04-04T17:55:10.021+0800][92.292s] GC(109) Pause Young (Normal) (G1 Evacuation Pause)
[2022-04-04T17:55:10.021+0800][92.293s] GC(109) Using 8 workers of 8 for evacuation
[2022-04-04T17:55:10.025+0800][92.296s] GC(109)   Pre Evacuate Collection Set: 0.1ms
[2022-04-04T17:55:10.025+0800][92.296s] GC(109)   Merge Heap Roots: 0.1ms
[2022-04-04T17:55:10.025+0800][92.296s] GC(109)   Evacuate Collection Set: 2.5ms
[2022-04-04T17:55:10.025+0800][92.296s] GC(109)   Post Evacuate Collection Set: 0.8ms
[2022-04-04T17:55:10.025+0800][92.296s] GC(109)   Other: 0.2ms
[2022-04-04T17:55:10.025+0800][92.296s] GC(109) Eden regions: 292->0(292)
[2022-04-04T17:55:10.025+0800][92.297s] GC(109) Survivor regions: 15->15(39)
[2022-04-04T17:55:10.025+0800][92.297s] GC(109) Old regions: 109->109
[2022-04-04T17:55:10.025+0800][92.297s] GC(109) Archive regions: 0->0
[2022-04-04T17:55:10.025+0800][92.297s] GC(109) Humongous regions: 25->25
[2022-04-04T17:55:10.025+0800][92.297s] GC(109) Metaspace: 50770K(51376K)->50770K(51376K) NonClass: 44917K(45232K)->44917K(45232K) Class: 5852K(6144K)->5852K(6144K)
[2022-04-04T17:55:10.025+0800][92.297s] GC(109) Pause Young (Normal) (G1 Evacuation Pause) 440M->147M(512M) 4.191ms
[2022-04-04T17:55:10.025+0800][92.297s] GC(109) User=0.00s Sys=0.00s Real=0.00s
[2022-04-04T17:55:11.125+0800][93.396s] GC(110) Pause Young (Normal) (G1 Evacuation Pause)
[2022-04-04T17:55:11.125+0800][93.397s] GC(110) Using 8 workers of 8 for evacuation
[2022-04-04T17:55:11.128+0800][93.400s] GC(110)   Pre Evacuate Collection Set: 0.2ms
[2022-04-04T17:55:11.128+0800][93.400s] GC(110)   Merge Heap Roots: 0.2ms
[2022-04-04T17:55:11.128+0800][93.400s] GC(110)   Evacuate Collection Set: 2.1ms
[2022-04-04T17:55:11.128+0800][93.400s] GC(110)   Post Evacuate Collection Set: 0.8ms
[2022-04-04T17:55:11.128+0800][93.400s] GC(110)   Other: 0.2ms
[2022-04-04T17:55:11.128+0800][93.400s] GC(110) Eden regions: 292->0(293)
[2022-04-04T17:55:11.128+0800][93.400s] GC(110) Survivor regions: 15->14(39)
[2022-04-04T17:55:11.128+0800][93.400s] GC(110) Old regions: 109->110
[2022-04-04T17:55:11.129+0800][93.400s] GC(110) Archive regions: 0->0
[2022-04-04T17:55:11.129+0800][93.400s] GC(110) Humongous regions: 25->25
[2022-04-04T17:55:11.129+0800][93.400s] GC(110) Metaspace: 50771K(51376K)->50771K(51376K) NonClass: 44918K(45232K)->44918K(45232K) Class: 5852K(6144K)->5852K(6144K)
[2022-04-04T17:55:11.129+0800][93.400s] GC(110) Pause Young (Normal) (G1 Evacuation Pause) 439M->148M(512M) 3.786ms
[2022-04-04T17:55:11.129+0800][93.400s] GC(110) User=0.00s Sys=0.00s Real=0.00s
[2022-04-04T17:55:11.797+0800][94.069s] GC(111) Pause Young (Normal) (G1 Evacuation Pause)
[2022-04-04T17:55:11.797+0800][94.069s] GC(111) Using 8 workers of 8 for evacuation
[2022-04-04T17:55:11.801+0800][94.073s] GC(111)   Pre Evacuate Collection Set: 0.2ms
[2022-04-04T17:55:11.801+0800][94.073s] GC(111)   Merge Heap Roots: 0.2ms
[2022-04-04T17:55:11.801+0800][94.073s] GC(111)   Evacuate Collection Set: 2.4ms
[2022-04-04T17:55:11.801+0800][94.073s] GC(111)   Post Evacuate Collection Set: 1.1ms
[2022-04-04T17:55:11.801+0800][94.073s] GC(111)   Other: 0.4ms
[2022-04-04T17:55:11.801+0800][94.073s] GC(111) Eden regions: 293->0(292)
[2022-04-04T17:55:11.801+0800][94.073s] GC(111) Survivor regions: 14->15(39)
[2022-04-04T17:55:11.801+0800][94.073s] GC(111) Old regions: 110->111
[2022-04-04T17:55:11.801+0800][94.073s] GC(111) Archive regions: 0->0
[2022-04-04T17:55:11.801+0800][94.073s] GC(111) Humongous regions: 25->25
[2022-04-04T17:55:11.801+0800][94.073s] GC(111) Metaspace: 51159K(51888K)->51159K(51888K) NonClass: 45256K(45744K)->45256K(45744K) Class: 5902K(6144K)->5902K(6144K)
[2022-04-04T17:55:11.801+0800][94.073s] GC(111) Pause Young (Normal) (G1 Evacuation Pause) 441M->149M(512M) 4.701ms
[2022-04-04T17:55:11.802+0800][94.073s] GC(111) User=0.00s Sys=0.00s Real=0.01s
[2022-04-04T17:55:12.026+0800][94.297s] GC(112) Pause Young (Normal) (G1 Evacuation Pause)
[2022-04-04T17:55:12.026+0800][94.298s] GC(112) Using 8 workers of 8 for evacuation
[2022-04-04T17:55:12.029+0800][94.301s] GC(112)   Pre Evacuate Collection Set: 0.1ms
[2022-04-04T17:55:12.029+0800][94.301s] GC(112)   Merge Heap Roots: 0.1ms
[2022-04-04T17:55:12.029+0800][94.301s] GC(112)   Evacuate Collection Set: 2.1ms
[2022-04-04T17:55:12.029+0800][94.301s] GC(112)   Post Evacuate Collection Set: 0.7ms
[2022-04-04T17:55:12.029+0800][94.301s] GC(112)   Other: 0.2ms
[2022-04-04T17:55:12.029+0800][94.301s] GC(112) Eden regions: 292->0(292)
[2022-04-04T17:55:12.029+0800][94.301s] GC(112) Survivor regions: 15->15(39)
[2022-04-04T17:55:12.029+0800][94.301s] GC(112) Old regions: 111->111
[2022-04-04T17:55:12.029+0800][94.301s] GC(112) Archive regions: 0->0
[2022-04-04T17:55:12.029+0800][94.301s] GC(112) Humongous regions: 25->25
[2022-04-04T17:55:12.030+0800][94.301s] GC(112) Metaspace: 51159K(51888K)->51159K(51888K) NonClass: 45256K(45744K)->45256K(45744K) Class: 5902K(6144K)->5902K(6144K)
[2022-04-04T17:55:12.030+0800][94.301s] GC(112) Pause Young (Normal) (G1 Evacuation Pause) 441M->150M(512M) 3.999ms
[2022-04-04T17:55:12.030+0800][94.302s] GC(112) User=0.00s Sys=0.00s Real=0.00s
[2022-04-04T17:55:12.226+0800][94.497s] GC(113) Pause Young (Normal) (G1 Evacuation Pause)
[2022-04-04T17:55:12.226+0800][94.497s] GC(113) Using 8 workers of 8 for evacuation
[2022-04-04T17:55:12.229+0800][94.501s] GC(113)   Pre Evacuate Collection Set: 0.1ms
[2022-04-04T17:55:12.229+0800][94.501s] GC(113)   Merge Heap Roots: 0.1ms
[2022-04-04T17:55:12.229+0800][94.501s] GC(113)   Evacuate Collection Set: 2.2ms
[2022-04-04T17:55:12.229+0800][94.501s] GC(113)   Post Evacuate Collection Set: 0.9ms
[2022-04-04T17:55:12.229+0800][94.501s] GC(113)   Other: 0.2ms
[2022-04-04T17:55:12.229+0800][94.501s] GC(113) Eden regions: 292->0(291)
[2022-04-04T17:55:12.229+0800][94.501s] GC(113) Survivor regions: 15->16(39)
[2022-04-04T17:55:12.229+0800][94.501s] GC(113) Old regions: 111->112
[2022-04-04T17:55:12.229+0800][94.501s] GC(113) Archive regions: 0->0
[2022-04-04T17:55:12.229+0800][94.501s] GC(113) Humongous regions: 25->25
[2022-04-04T17:55:12.229+0800][94.501s] GC(113) Metaspace: 51159K(51888K)->51159K(51888K) NonClass: 45256K(45744K)->45256K(45744K) Class: 5902K(6144K)->5902K(6144K)
[2022-04-04T17:55:12.229+0800][94.501s] GC(113) Pause Young (Normal) (G1 Evacuation Pause) 442M->152M(512M) 3.853ms
[2022-04-04T17:55:12.229+0800][94.501s] GC(113) User=0.00s Sys=0.00s Real=0.00s
[2022-04-04T17:55:12.396+0800][94.668s] GC(114) Pause Young (Normal) (G1 Evacuation Pause)
[2022-04-04T17:55:12.396+0800][94.668s] GC(114) Using 8 workers of 8 for evacuation
[2022-04-04T17:55:12.400+0800][94.672s] GC(114)   Pre Evacuate Collection Set: 0.2ms
[2022-04-04T17:55:12.400+0800][94.672s] GC(114)   Merge Heap Roots: 0.2ms
[2022-04-04T17:55:12.400+0800][94.672s] GC(114)   Evacuate Collection Set: 2.3ms
[2022-04-04T17:55:12.400+0800][94.672s] GC(114)   Post Evacuate Collection Set: 0.9ms
[2022-04-04T17:55:12.400+0800][94.672s] GC(114)   Other: 0.2ms
[2022-04-04T17:55:12.400+0800][94.672s] GC(114) Eden regions: 291->0(290)
[2022-04-04T17:55:12.400+0800][94.672s] GC(114) Survivor regions: 16->16(39)
[2022-04-04T17:55:12.400+0800][94.672s] GC(114) Old regions: 112->113
[2022-04-04T17:55:12.400+0800][94.672s] GC(114) Archive regions: 0->0
[2022-04-04T17:55:12.400+0800][94.672s] GC(114) Humongous regions: 25->25
[2022-04-04T17:55:12.400+0800][94.672s] GC(114) Metaspace: 51159K(51888K)->51159K(51888K) NonClass: 45256K(45744K)->45256K(45744K) Class: 5902K(6144K)->5902K(6144K)
[2022-04-04T17:55:12.400+0800][94.672s] GC(114) Pause Young (Normal) (G1 Evacuation Pause) 443M->152M(512M) 4.066ms
[2022-04-04T17:55:12.400+0800][94.672s] GC(114) User=0.00s Sys=0.00s Real=0.00s
[2022-04-04T17:55:12.639+0800][94.910s] GC(115) Pause Young (Normal) (G1 Evacuation Pause)
[2022-04-04T17:55:12.639+0800][94.910s] GC(115) Using 8 workers of 8 for evacuation
[2022-04-04T17:55:12.643+0800][94.915s] GC(115)   Pre Evacuate Collection Set: 0.2ms
[2022-04-04T17:55:12.643+0800][94.915s] GC(115)   Merge Heap Roots: 0.2ms
[2022-04-04T17:55:12.643+0800][94.915s] GC(115)   Evacuate Collection Set: 3.0ms
[2022-04-04T17:55:12.644+0800][94.915s] GC(115)   Post Evacuate Collection Set: 1.2ms
[2022-04-04T17:55:12.644+0800][94.915s] GC(115)   Other: 0.3ms
[2022-04-04T17:55:12.644+0800][94.916s] GC(115) Eden regions: 290->0(289)
[2022-04-04T17:55:12.644+0800][94.916s] GC(115) Survivor regions: 16->16(39)
[2022-04-04T17:55:12.644+0800][94.916s] GC(115) Old regions: 113->113
[2022-04-04T17:55:12.644+0800][94.916s] GC(115) Archive regions: 0->0
[2022-04-04T17:55:12.644+0800][94.916s] GC(115) Humongous regions: 26->26
[2022-04-04T17:55:12.644+0800][94.916s] GC(115) Metaspace: 51159K(51888K)->51159K(51888K) NonClass: 45256K(45744K)->45256K(45744K) Class: 5902K(6144K)->5902K(6144K)
[2022-04-04T17:55:12.644+0800][94.916s] GC(115) Pause Young (Normal) (G1 Evacuation Pause) 443M->154M(512M) 5.611ms
[2022-04-04T17:55:12.644+0800][94.916s] GC(115) User=0.00s Sys=0.00s Real=0.01s
[2022-04-04T17:55:12.851+0800][95.122s] GC(116) Pause Young (Normal) (G1 Evacuation Pause)
[2022-04-04T17:55:12.851+0800][95.122s] GC(116) Using 8 workers of 8 for evacuation
[2022-04-04T17:55:12.854+0800][95.126s] GC(116)   Pre Evacuate Collection Set: 0.1ms
[2022-04-04T17:55:12.854+0800][95.126s] GC(116)   Merge Heap Roots: 0.2ms
[2022-04-04T17:55:12.855+0800][95.126s] GC(116)   Evacuate Collection Set: 2.3ms
[2022-04-04T17:55:12.855+0800][95.126s] GC(116)   Post Evacuate Collection Set: 0.9ms
[2022-04-04T17:55:12.855+0800][95.126s] GC(116)   Other: 0.2ms
[2022-04-04T17:55:12.855+0800][95.126s] GC(116) Eden regions: 289->0(286)
[2022-04-04T17:55:12.855+0800][95.126s] GC(116) Survivor regions: 16->17(39)
[2022-04-04T17:55:12.855+0800][95.126s] GC(116) Old regions: 113->114
[2022-04-04T17:55:12.855+0800][95.126s] GC(116) Archive regions: 0->0
[2022-04-04T17:55:12.855+0800][95.126s] GC(116) Humongous regions: 26->26
[2022-04-04T17:55:12.855+0800][95.126s] GC(116) Metaspace: 51159K(51888K)->51159K(51888K) NonClass: 45256K(45744K)->45256K(45744K) Class: 5902K(6144K)->5902K(6144K)
[2022-04-04T17:55:12.855+0800][95.126s] GC(116) Pause Young (Normal) (G1 Evacuation Pause) 443M->156M(512M) 4.072ms
[2022-04-04T17:55:12.855+0800][95.126s] GC(116) User=0.00s Sys=0.02s Real=0.00s
[2022-04-04T17:55:13.066+0800][95.337s] GC(117) Pause Young (Normal) (G1 Evacuation Pause)
[2022-04-04T17:55:13.066+0800][95.337s] GC(117) Using 8 workers of 8 for evacuation
[2022-04-04T17:55:13.070+0800][95.342s] GC(117)   Pre Evacuate Collection Set: 0.2ms
[2022-04-04T17:55:13.071+0800][95.342s] GC(117)   Merge Heap Roots: 0.2ms
[2022-04-04T17:55:13.071+0800][95.342s] GC(117)   Evacuate Collection Set: 2.9ms
[2022-04-04T17:55:13.071+0800][95.342s] GC(117)   Post Evacuate Collection Set: 1.3ms
[2022-04-04T17:55:13.071+0800][95.342s] GC(117)   Other: 0.4ms
[2022-04-04T17:55:13.071+0800][95.342s] GC(117) Eden regions: 286->0(285)
[2022-04-04T17:55:13.071+0800][95.343s] GC(117) Survivor regions: 17->17(38)
[2022-04-04T17:55:13.071+0800][95.343s] GC(117) Old regions: 114->115
[2022-04-04T17:55:13.071+0800][95.343s] GC(117) Archive regions: 0->0
[2022-04-04T17:55:13.071+0800][95.343s] GC(117) Humongous regions: 26->26
[2022-04-04T17:55:13.071+0800][95.343s] GC(117) Metaspace: 51159K(51888K)->51159K(51888K) NonClass: 45256K(45744K)->45256K(45744K) Class: 5902K(6144K)->5902K(6144K)
[2022-04-04T17:55:13.071+0800][95.343s] GC(117) Pause Young (Normal) (G1 Evacuation Pause) 442M->156M(512M) 5.662ms
[2022-04-04T17:55:13.071+0800][95.343s] GC(117) User=0.00s Sys=0.00s Real=0.01s
[2022-04-04T17:55:13.330+0800][95.602s] GC(118) Pause Young (Normal) (G1 Evacuation Pause)
[2022-04-04T17:55:13.330+0800][95.602s] GC(118) Using 8 workers of 8 for evacuation
[2022-04-04T17:55:13.335+0800][95.607s] GC(118)   Pre Evacuate Collection Set: 0.2ms
[2022-04-04T17:55:13.335+0800][95.607s] GC(118)   Merge Heap Roots: 0.2ms
[2022-04-04T17:55:13.335+0800][95.607s] GC(118)   Evacuate Collection Set: 3.0ms
[2022-04-04T17:55:13.335+0800][95.607s] GC(118)   Post Evacuate Collection Set: 1.3ms
[2022-04-04T17:55:13.335+0800][95.607s] GC(118)   Other: 0.4ms
[2022-04-04T17:55:13.335+0800][95.607s] GC(118) Eden regions: 285->0(283)
[2022-04-04T17:55:13.335+0800][95.607s] GC(118) Survivor regions: 17->18(38)
[2022-04-04T17:55:13.335+0800][95.607s] GC(118) Old regions: 115->115
[2022-04-04T17:55:13.335+0800][95.607s] GC(118) Archive regions: 0->0
[2022-04-04T17:55:13.336+0800][95.607s] GC(118) Humongous regions: 26->26
[2022-04-04T17:55:13.336+0800][95.608s] GC(118) Metaspace: 51159K(51888K)->51159K(51888K) NonClass: 45256K(45744K)->45256K(45744K) Class: 5902K(6144K)->5902K(6144K)
[2022-04-04T17:55:13.336+0800][95.608s] GC(118) Pause Young (Normal) (G1 Evacuation Pause) 441M->158M(512M) 5.976ms
[2022-04-04T17:55:13.336+0800][95.608s] GC(118) User=0.00s Sys=0.00s Real=0.01s
[2022-04-04T17:55:13.579+0800][95.851s] GC(119) Pause Young (Normal) (G1 Evacuation Pause)
[2022-04-04T17:55:13.579+0800][95.851s] GC(119) Using 8 workers of 8 for evacuation
[2022-04-04T17:55:13.583+0800][95.855s] GC(119)   Pre Evacuate Collection Set: 0.1ms
[2022-04-04T17:55:13.583+0800][95.855s] GC(119)   Merge Heap Roots: 0.2ms
[2022-04-04T17:55:13.583+0800][95.855s] GC(119)   Evacuate Collection Set: 2.5ms
[2022-04-04T17:55:13.583+0800][95.855s] GC(119)   Post Evacuate Collection Set: 0.9ms
[2022-04-04T17:55:13.583+0800][95.855s] GC(119)   Other: 0.2ms
[2022-04-04T17:55:13.583+0800][95.855s] GC(119) Eden regions: 283->0(281)
[2022-04-04T17:55:13.583+0800][95.855s] GC(119) Survivor regions: 18->18(38)
[2022-04-04T17:55:13.583+0800][95.855s] GC(119) Old regions: 115->116
[2022-04-04T17:55:13.583+0800][95.855s] GC(119) Archive regions: 0->0
[2022-04-04T17:55:13.583+0800][95.855s] GC(119) Humongous regions: 28->27
[2022-04-04T17:55:13.583+0800][95.855s] GC(119) Metaspace: 51159K(51888K)->51159K(51888K) NonClass: 45256K(45744K)->45256K(45744K) Class: 5902K(6144K)->5902K(6144K)
[2022-04-04T17:55:13.583+0800][95.855s] GC(119) Pause Young (Normal) (G1 Evacuation Pause) 443M->159M(512M) 4.254ms
[2022-04-04T17:55:13.583+0800][95.855s] GC(119) User=0.00s Sys=0.00s Real=0.00s
[2022-04-04T17:55:13.817+0800][96.089s] GC(120) Pause Young (Normal) (G1 Evacuation Pause)
[2022-04-04T17:55:13.817+0800][96.089s] GC(120) Using 8 workers of 8 for evacuation
[2022-04-04T17:55:13.822+0800][96.094s] GC(120)   Pre Evacuate Collection Set: 0.2ms
[2022-04-04T17:55:13.822+0800][96.094s] GC(120)   Merge Heap Roots: 0.2ms
[2022-04-04T17:55:13.822+0800][96.094s] GC(120)   Evacuate Collection Set: 2.9ms
[2022-04-04T17:55:13.822+0800][96.094s] GC(120)   Post Evacuate Collection Set: 1.3ms
[2022-04-04T17:55:13.822+0800][96.094s] GC(120)   Other: 0.4ms
[2022-04-04T17:55:13.822+0800][96.094s] GC(120) Eden regions: 281->0(280)
[2022-04-04T17:55:13.822+0800][96.094s] GC(120) Survivor regions: 18->18(38)
[2022-04-04T17:55:13.822+0800][96.094s] GC(120) Old regions: 116->116
[2022-04-04T17:55:13.822+0800][96.094s] GC(120) Archive regions: 0->0
[2022-04-04T17:55:13.822+0800][96.094s] GC(120) Humongous regions: 28->28
[2022-04-04T17:55:13.822+0800][96.094s] GC(120) Metaspace: 51159K(51888K)->51159K(51888K) NonClass: 45256K(45744K)->45256K(45744K) Class: 5902K(6144K)->5902K(6144K)
[2022-04-04T17:55:13.822+0800][96.094s] GC(120) Pause Young (Normal) (G1 Evacuation Pause) 441M->161M(512M) 5.635ms
[2022-04-04T17:55:13.822+0800][96.094s] GC(120) User=0.00s Sys=0.00s Real=0.01s
[2022-04-04T17:55:14.057+0800][96.328s] GC(121) Pause Young (Normal) (G1 Evacuation Pause)
[2022-04-04T17:55:14.057+0800][96.328s] GC(121) Using 8 workers of 8 for evacuation
[2022-04-04T17:55:14.061+0800][96.333s] GC(121)   Pre Evacuate Collection Set: 0.2ms
[2022-04-04T17:55:14.061+0800][96.333s] GC(121)   Merge Heap Roots: 0.2ms
[2022-04-04T17:55:14.061+0800][96.333s] GC(121)   Evacuate Collection Set: 3.3ms
[2022-04-04T17:55:14.061+0800][96.333s] GC(121)   Post Evacuate Collection Set: 0.8ms
[2022-04-04T17:55:14.061+0800][96.333s] GC(121)   Other: 0.2ms
[2022-04-04T17:55:14.061+0800][96.333s] GC(121) Eden regions: 280->0(279)
[2022-04-04T17:55:14.061+0800][96.333s] GC(121) Survivor regions: 18->18(38)
[2022-04-04T17:55:14.061+0800][96.333s] GC(121) Old regions: 116->117
[2022-04-04T17:55:14.061+0800][96.333s] GC(121) Archive regions: 0->0
[2022-04-04T17:55:14.061+0800][96.333s] GC(121) Humongous regions: 28->28
[2022-04-04T17:55:14.061+0800][96.333s] GC(121) Metaspace: 51159K(51888K)->51159K(51888K) NonClass: 45256K(45744K)->45256K(45744K) Class: 5902K(6144K)->5902K(6144K)
[2022-04-04T17:55:14.062+0800][96.334s] GC(121) Pause Young (Normal) (G1 Evacuation Pause) 441M->162M(512M) 5.388ms
[2022-04-04T17:55:14.062+0800][96.334s] GC(121) User=0.12s Sys=0.00s Real=0.01s
[2022-04-04T17:55:14.280+0800][96.552s] GC(122) Pause Young (Normal) (G1 Evacuation Pause)
[2022-04-04T17:55:14.281+0800][96.552s] GC(122) Using 8 workers of 8 for evacuation
[2022-04-04T17:55:14.284+0800][96.556s] GC(122)   Pre Evacuate Collection Set: 0.2ms
[2022-04-04T17:55:14.284+0800][96.556s] GC(122)   Merge Heap Roots: 0.2ms
[2022-04-04T17:55:14.284+0800][96.556s] GC(122)   Evacuate Collection Set: 2.5ms
[2022-04-04T17:55:14.284+0800][96.556s] GC(122)   Post Evacuate Collection Set: 0.8ms
[2022-04-04T17:55:14.284+0800][96.556s] GC(122)   Other: 0.2ms
[2022-04-04T17:55:14.284+0800][96.556s] GC(122) Eden regions: 279->0(281)
[2022-04-04T17:55:14.284+0800][96.556s] GC(122) Survivor regions: 18->13(38)
[2022-04-04T17:55:14.284+0800][96.556s] GC(122) Old regions: 117->123
[2022-04-04T17:55:14.285+0800][96.556s] GC(122) Archive regions: 0->0
[2022-04-04T17:55:14.285+0800][96.556s] GC(122) Humongous regions: 28->28
[2022-04-04T17:55:14.285+0800][96.556s] GC(122) Metaspace: 51159K(51888K)->51159K(51888K) NonClass: 45256K(45744K)->45256K(45744K) Class: 5902K(6144K)->5902K(6144K)
[2022-04-04T17:55:14.285+0800][96.556s] GC(122) Pause Young (Normal) (G1 Evacuation Pause) 441M->163M(512M) 4.221ms
[2022-04-04T17:55:14.285+0800][96.556s] GC(122) User=0.00s Sys=0.00s Real=0.01s
[2022-04-04T17:55:14.490+0800][96.762s] GC(123) Pause Young (Normal) (G1 Evacuation Pause)
[2022-04-04T17:55:14.490+0800][96.762s] GC(123) Using 8 workers of 8 for evacuation
[2022-04-04T17:55:14.493+0800][96.765s] GC(123)   Pre Evacuate Collection Set: 0.1ms
[2022-04-04T17:55:14.493+0800][96.765s] GC(123)   Merge Heap Roots: 0.2ms
[2022-04-04T17:55:14.493+0800][96.765s] GC(123)   Evacuate Collection Set: 2.0ms
[2022-04-04T17:55:14.493+0800][96.765s] GC(123)   Post Evacuate Collection Set: 0.8ms
[2022-04-04T17:55:14.493+0800][96.765s] GC(123)   Other: 0.2ms
[2022-04-04T17:55:14.493+0800][96.765s] GC(123) Eden regions: 281->0(281)
[2022-04-04T17:55:14.493+0800][96.765s] GC(123) Survivor regions: 13->14(37)
[2022-04-04T17:55:14.493+0800][96.765s] GC(123) Old regions: 123->123
[2022-04-04T17:55:14.493+0800][96.765s] GC(123) Archive regions: 0->0
[2022-04-04T17:55:14.493+0800][96.765s] GC(123) Humongous regions: 28->28
[2022-04-04T17:55:14.493+0800][96.765s] GC(123) Metaspace: 51159K(51888K)->51159K(51888K) NonClass: 45256K(45744K)->45256K(45744K) Class: 5902K(6144K)->5902K(6144K)
[2022-04-04T17:55:14.493+0800][96.765s] GC(123) Pause Young (Normal) (G1 Evacuation Pause) 444M->164M(512M) 3.661ms
[2022-04-04T17:55:14.493+0800][96.765s] GC(123) User=0.00s Sys=0.00s Real=0.00s
[2022-04-04T17:55:14.647+0800][96.918s] GC(124) Pause Young (Normal) (G1 Evacuation Pause)
[2022-04-04T17:55:14.647+0800][96.918s] GC(124) Using 8 workers of 8 for evacuation
[2022-04-04T17:55:14.650+0800][96.922s] GC(124)   Pre Evacuate Collection Set: 0.1ms
[2022-04-04T17:55:14.650+0800][96.922s] GC(124)   Merge Heap Roots: 0.2ms
[2022-04-04T17:55:14.650+0800][96.922s] GC(124)   Evacuate Collection Set: 2.1ms
[2022-04-04T17:55:14.650+0800][96.922s] GC(124)   Post Evacuate Collection Set: 0.9ms
[2022-04-04T17:55:14.650+0800][96.922s] GC(124)   Other: 0.2ms
[2022-04-04T17:55:14.650+0800][96.922s] GC(124) Eden regions: 281->0(279)
[2022-04-04T17:55:14.650+0800][96.922s] GC(124) Survivor regions: 14->15(37)
[2022-04-04T17:55:14.650+0800][96.922s] GC(124) Old regions: 123->123
[2022-04-04T17:55:14.650+0800][96.922s] GC(124) Archive regions: 0->0
[2022-04-04T17:55:14.650+0800][96.922s] GC(124) Humongous regions: 28->28
[2022-04-04T17:55:14.650+0800][96.922s] GC(124) Metaspace: 51159K(51888K)->51159K(51888K) NonClass: 45256K(45744K)->45256K(45744K) Class: 5902K(6144K)->5902K(6144K)
[2022-04-04T17:55:14.650+0800][96.922s] GC(124) Pause Young (Normal) (G1 Evacuation Pause) 445M->165M(512M) 3.961ms
[2022-04-04T17:55:14.650+0800][96.922s] GC(124) User=0.00s Sys=0.00s Real=0.00s
[2022-04-04T17:55:14.788+0800][97.059s] GC(125) Pause Young (Normal) (G1 Evacuation Pause)
[2022-04-04T17:55:14.788+0800][97.059s] GC(125) Using 8 workers of 8 for evacuation
[2022-04-04T17:55:14.791+0800][97.063s] GC(125)   Pre Evacuate Collection Set: 0.1ms
[2022-04-04T17:55:14.791+0800][97.063s] GC(125)   Merge Heap Roots: 0.1ms
[2022-04-04T17:55:14.791+0800][97.063s] GC(125)   Evacuate Collection Set: 2.4ms
[2022-04-04T17:55:14.791+0800][97.063s] GC(125)   Post Evacuate Collection Set: 1.0ms
[2022-04-04T17:55:14.791+0800][97.063s] GC(125)   Other: 0.3ms
[2022-04-04T17:55:14.791+0800][97.063s] GC(125) Eden regions: 279->0(279)
[2022-04-04T17:55:14.791+0800][97.063s] GC(125) Survivor regions: 15->15(37)
[2022-04-04T17:55:14.791+0800][97.063s] GC(125) Old regions: 123->123
[2022-04-04T17:55:14.791+0800][97.063s] GC(125) Archive regions: 0->0
[2022-04-04T17:55:14.791+0800][97.063s] GC(125) Humongous regions: 28->28
[2022-04-04T17:55:14.791+0800][97.063s] GC(125) Metaspace: 51159K(51888K)->51159K(51888K) NonClass: 45256K(45744K)->45256K(45744K) Class: 5902K(6144K)->5902K(6144K)
[2022-04-04T17:55:14.792+0800][97.064s] GC(125) Pause Young (Normal) (G1 Evacuation Pause) 444M->165M(512M) 4.225ms
[2022-04-04T17:55:14.792+0800][97.064s] GC(125) User=0.00s Sys=0.02s Real=0.00s
[2022-04-04T17:55:16.338+0800][98.610s] GC(126) Pause Young (Normal) (G1 Evacuation Pause)
[2022-04-04T17:55:16.338+0800][98.611s] GC(126) Using 8 workers of 8 for evacuation
[2022-04-04T17:55:16.341+0800][98.613s] GC(126)   Pre Evacuate Collection Set: 0.1ms
[2022-04-04T17:55:16.341+0800][98.613s] GC(126)   Merge Heap Roots: 0.1ms
[2022-04-04T17:55:16.341+0800][98.613s] GC(126)   Evacuate Collection Set: 1.9ms
[2022-04-04T17:55:16.341+0800][98.613s] GC(126)   Post Evacuate Collection Set: 0.5ms
[2022-04-04T17:55:16.341+0800][98.613s] GC(126)   Other: 0.2ms
[2022-04-04T17:55:16.341+0800][98.613s] GC(126) Eden regions: 279->0(280)
[2022-04-04T17:55:16.341+0800][98.613s] GC(126) Survivor regions: 15->14(37)
[2022-04-04T17:55:16.341+0800][98.614s] GC(126) Old regions: 123->124
[2022-04-04T17:55:16.341+0800][98.614s] GC(126) Archive regions: 0->0
[2022-04-04T17:55:16.341+0800][98.614s] GC(126) Humongous regions: 28->28
[2022-04-04T17:55:16.341+0800][98.614s] GC(126) Metaspace: 51160K(51888K)->51160K(51888K) NonClass: 45258K(45744K)->45258K(45744K) Class: 5902K(6144K)->5902K(6144K)
[2022-04-04T17:55:16.341+0800][98.614s] GC(126) Pause Young (Normal) (G1 Evacuation Pause) 444M->165M(512M) 3.180ms
[2022-04-04T17:55:16.341+0800][98.614s] GC(126) User=0.12s Sys=0.00s Real=0.00s
[2022-04-04T17:55:17.869+0800][100.140s] GC(127) Pause Young (Normal) (G1 Evacuation Pause)
[2022-04-04T17:55:17.869+0800][100.140s] GC(127) Using 8 workers of 8 for evacuation
[2022-04-04T17:55:17.872+0800][100.144s] GC(127)   Pre Evacuate Collection Set: 0.2ms
[2022-04-04T17:55:17.872+0800][100.144s] GC(127)   Merge Heap Roots: 0.2ms
[2022-04-04T17:55:17.872+0800][100.144s] GC(127)   Evacuate Collection Set: 2.2ms
[2022-04-04T17:55:17.873+0800][100.144s] GC(127)   Post Evacuate Collection Set: 0.9ms
[2022-04-04T17:55:17.873+0800][100.144s] GC(127)   Other: 0.2ms
[2022-04-04T17:55:17.873+0800][100.144s] GC(127) Eden regions: 280->0(277)
[2022-04-04T17:55:17.873+0800][100.144s] GC(127) Survivor regions: 14->15(37)
[2022-04-04T17:55:17.873+0800][100.144s] GC(127) Old regions: 124->125
[2022-04-04T17:55:17.873+0800][100.144s] GC(127) Archive regions: 0->0
[2022-04-04T17:55:17.873+0800][100.144s] GC(127) Humongous regions: 28->28
[2022-04-04T17:55:17.873+0800][100.144s] GC(127) Metaspace: 51160K(51888K)->51160K(51888K) NonClass: 45258K(45744K)->45258K(45744K) Class: 5902K(6144K)->5902K(6144K)
[2022-04-04T17:55:17.873+0800][100.144s] GC(127) Pause Young (Normal) (G1 Evacuation Pause) 445M->166M(512M) 4.107ms
[2022-04-04T17:55:17.873+0800][100.144s] GC(127) User=0.12s Sys=0.00s Real=0.00s
[2022-04-04T17:55:19.144+0800][101.416s] GC(128) Pause Young (Normal) (G1 Evacuation Pause)
[2022-04-04T17:55:19.144+0800][101.416s] GC(128) Using 8 workers of 8 for evacuation
[2022-04-04T17:55:19.148+0800][101.420s] GC(128)   Pre Evacuate Collection Set: 0.2ms
[2022-04-04T17:55:19.148+0800][101.420s] GC(128)   Merge Heap Roots: 0.2ms
[2022-04-04T17:55:19.149+0800][101.420s] GC(128)   Evacuate Collection Set: 2.5ms
[2022-04-04T17:55:19.149+0800][101.420s] GC(128)   Post Evacuate Collection Set: 1.3ms
[2022-04-04T17:55:19.149+0800][101.420s] GC(128)   Other: 0.4ms
[2022-04-04T17:55:19.149+0800][101.420s] GC(128) Eden regions: 277->0(279)
[2022-04-04T17:55:19.149+0800][101.420s] GC(128) Survivor regions: 15->14(37)
[2022-04-04T17:55:19.149+0800][101.421s] GC(128) Old regions: 125->125
[2022-04-04T17:55:19.149+0800][101.421s] GC(128) Archive regions: 0->0
[2022-04-04T17:55:19.149+0800][101.421s] GC(128) Humongous regions: 28->28
[2022-04-04T17:55:19.149+0800][101.421s] GC(128) Metaspace: 51160K(51888K)->51160K(51888K) NonClass: 45258K(45744K)->45258K(45744K) Class: 5902K(6144K)->5902K(6144K)
[2022-04-04T17:55:19.149+0800][101.421s] GC(128) Pause Young (Normal) (G1 Evacuation Pause) 443M->166M(512M) 5.188ms
[2022-04-04T17:55:19.149+0800][101.421s] GC(128) User=0.00s Sys=0.00s Real=0.00s
[2022-04-04T17:55:20.023+0800][102.295s] GC(129) Pause Young (Normal) (G1 Evacuation Pause)
[2022-04-04T17:55:20.023+0800][102.295s] GC(129) Using 8 workers of 8 for evacuation
[2022-04-04T17:55:20.028+0800][102.300s] GC(129)   Pre Evacuate Collection Set: 0.3ms
[2022-04-04T17:55:20.028+0800][102.300s] GC(129)   Merge Heap Roots: 0.2ms
[2022-04-04T17:55:20.028+0800][102.300s] GC(129)   Evacuate Collection Set: 2.7ms
[2022-04-04T17:55:20.028+0800][102.300s] GC(129)   Post Evacuate Collection Set: 1.3ms
[2022-04-04T17:55:20.028+0800][102.300s] GC(129)   Other: 0.5ms
[2022-04-04T17:55:20.028+0800][102.301s] GC(129) Eden regions: 279->0(276)
[2022-04-04T17:55:20.028+0800][102.301s] GC(129) Survivor regions: 14->15(37)
[2022-04-04T17:55:20.029+0800][102.301s] GC(129) Old regions: 125->126
[2022-04-04T17:55:20.029+0800][102.301s] GC(129) Archive regions: 0->0
[2022-04-04T17:55:20.029+0800][102.301s] GC(129) Humongous regions: 28->28
[2022-04-04T17:55:20.029+0800][102.301s] GC(129) Metaspace: 51171K(51888K)->51171K(51888K) NonClass: 45269K(45744K)->45269K(45744K) Class: 5902K(6144K)->5902K(6144K)
[2022-04-04T17:55:20.030+0800][102.301s] GC(129) Pause Young (Normal) (G1 Evacuation Pause) 445M->167M(512M) 6.535ms
[2022-04-04T17:55:20.030+0800][102.301s] GC(129) User=0.11s Sys=0.00s Real=0.01s
[2022-04-04T17:55:20.473+0800][102.745s] GC(130) Pause Young (Normal) (G1 Evacuation Pause)
[2022-04-04T17:55:20.473+0800][102.745s] GC(130) Using 8 workers of 8 for evacuation
[2022-04-04T17:55:20.477+0800][102.749s] GC(130)   Pre Evacuate Collection Set: 0.2ms
[2022-04-04T17:55:20.477+0800][102.749s] GC(130)   Merge Heap Roots: 0.2ms
[2022-04-04T17:55:20.477+0800][102.750s] GC(130)   Evacuate Collection Set: 2.5ms
[2022-04-04T17:55:20.478+0800][102.750s] GC(130)   Post Evacuate Collection Set: 1.2ms
[2022-04-04T17:55:20.478+0800][102.750s] GC(130)   Other: 0.6ms
[2022-04-04T17:55:20.478+0800][102.750s] GC(130) Eden regions: 276->0(278)
[2022-04-04T17:55:20.478+0800][102.750s] GC(130) Survivor regions: 15->14(37)
[2022-04-04T17:55:20.478+0800][102.750s] GC(130) Old regions: 126->126
[2022-04-04T17:55:20.478+0800][102.750s] GC(130) Archive regions: 0->0
[2022-04-04T17:55:20.478+0800][102.750s] GC(130) Humongous regions: 28->28
[2022-04-04T17:55:20.478+0800][102.750s] GC(130) Metaspace: 51171K(51888K)->51171K(51888K) NonClass: 45269K(45744K)->45269K(45744K) Class: 5902K(6144K)->5902K(6144K)
[2022-04-04T17:55:20.478+0800][102.751s] GC(130) Pause Young (Normal) (G1 Evacuation Pause) 443M->167M(512M) 5.829ms
[2022-04-04T17:55:20.479+0800][102.751s] GC(130) User=0.02s Sys=0.00s Real=0.01s
[2022-04-04T17:55:20.909+0800][103.180s] GC(131) Pause Young (Normal) (G1 Evacuation Pause)
[2022-04-04T17:55:20.909+0800][103.180s] GC(131) Using 8 workers of 8 for evacuation
[2022-04-04T17:55:20.914+0800][103.185s] GC(131)   Pre Evacuate Collection Set: 0.2ms
[2022-04-04T17:55:20.914+0800][103.185s] GC(131)   Merge Heap Roots: 0.2ms
[2022-04-04T17:55:20.914+0800][103.185s] GC(131)   Evacuate Collection Set: 2.9ms
[2022-04-04T17:55:20.914+0800][103.185s] GC(131)   Post Evacuate Collection Set: 1.1ms
[2022-04-04T17:55:20.914+0800][103.186s] GC(131)   Other: 0.5ms
[2022-04-04T17:55:20.914+0800][103.186s] GC(131) Eden regions: 278->0(275)
[2022-04-04T17:55:20.914+0800][103.186s] GC(131) Survivor regions: 14->15(37)
[2022-04-04T17:55:20.914+0800][103.186s] GC(131) Old regions: 126->127
[2022-04-04T17:55:20.914+0800][103.186s] GC(131) Archive regions: 0->0
[2022-04-04T17:55:20.914+0800][103.186s] GC(131) Humongous regions: 28->28
[2022-04-04T17:55:20.914+0800][103.186s] GC(131) Metaspace: 51171K(51888K)->51171K(51888K) NonClass: 45269K(45744K)->45269K(45744K) Class: 5902K(6144K)->5902K(6144K)
[2022-04-04T17:55:20.915+0800][103.186s] GC(131) Pause Young (Normal) (G1 Evacuation Pause) 445M->168M(512M) 5.675ms
[2022-04-04T17:55:20.915+0800][103.186s] GC(131) User=0.00s Sys=0.00s Real=0.01s
[2022-04-04T17:55:21.227+0800][103.498s] GC(132) Pause Young (Normal) (G1 Evacuation Pause)
[2022-04-04T17:55:21.227+0800][103.498s] GC(132) Using 8 workers of 8 for evacuation
[2022-04-04T17:55:21.232+0800][103.504s] GC(132)   Pre Evacuate Collection Set: 0.1ms
[2022-04-04T17:55:21.232+0800][103.504s] GC(132)   Merge Heap Roots: 0.1ms
[2022-04-04T17:55:21.232+0800][103.504s] GC(132)   Evacuate Collection Set: 2.1ms
[2022-04-04T17:55:21.233+0800][103.504s] GC(132)   Post Evacuate Collection Set: 3.5ms
[2022-04-04T17:55:21.233+0800][103.504s] GC(132)   Other: 0.2ms
[2022-04-04T17:55:21.233+0800][103.504s] GC(132) Eden regions: 275->0(272)
[2022-04-04T17:55:21.233+0800][103.504s] GC(132) Survivor regions: 15->16(37)
[2022-04-04T17:55:21.233+0800][103.504s] GC(132) Old regions: 127->128
[2022-04-04T17:55:21.233+0800][103.504s] GC(132) Archive regions: 0->0
[2022-04-04T17:55:21.233+0800][103.504s] GC(132) Humongous regions: 28->28
[2022-04-04T17:55:21.233+0800][103.504s] GC(132) Metaspace: 51171K(51888K)->51171K(51888K) NonClass: 45269K(45744K)->45269K(45744K) Class: 5902K(6144K)->5902K(6144K)
[2022-04-04T17:55:21.233+0800][103.505s] GC(132) Pause Young (Normal) (G1 Evacuation Pause) 443M->170M(512M) 6.398ms
[2022-04-04T17:55:21.233+0800][103.505s] GC(132) User=0.00s Sys=0.00s Real=0.01s
[2022-04-04T17:55:21.437+0800][103.709s] GC(133) Pause Young (Normal) (G1 Evacuation Pause)
[2022-04-04T17:55:21.437+0800][103.709s] GC(133) Using 8 workers of 8 for evacuation
[2022-04-04T17:55:21.440+0800][103.712s] GC(133)   Pre Evacuate Collection Set: 0.1ms
[2022-04-04T17:55:21.441+0800][103.713s] GC(133)   Merge Heap Roots: 0.1ms
[2022-04-04T17:55:21.441+0800][103.713s] GC(133)   Evacuate Collection Set: 2.1ms
[2022-04-04T17:55:21.441+0800][103.713s] GC(133)   Post Evacuate Collection Set: 0.6ms
[2022-04-04T17:55:21.441+0800][103.713s] GC(133)   Other: 0.2ms
[2022-04-04T17:55:21.441+0800][103.713s] GC(133) Eden regions: 272->0(273)
[2022-04-04T17:55:21.441+0800][103.713s] GC(133) Survivor regions: 16->15(36)
[2022-04-04T17:55:21.441+0800][103.713s] GC(133) Old regions: 128->128
[2022-04-04T17:55:21.441+0800][103.713s] GC(133) Archive regions: 0->0
[2022-04-04T17:55:21.441+0800][103.713s] GC(133) Humongous regions: 29->29
[2022-04-04T17:55:21.441+0800][103.713s] GC(133) Metaspace: 51171K(51888K)->51171K(51888K) NonClass: 45269K(45744K)->45269K(45744K) Class: 5902K(6144K)->5902K(6144K)
[2022-04-04T17:55:21.441+0800][103.713s] GC(133) Pause Young (Normal) (G1 Evacuation Pause) 443M->171M(512M) 3.688ms
[2022-04-04T17:55:21.441+0800][103.713s] GC(133) User=0.00s Sys=0.00s Real=0.00s
[2022-04-04T17:55:21.580+0800][103.852s] GC(134) Pause Young (Normal) (G1 Evacuation Pause)
[2022-04-04T17:55:21.580+0800][103.852s] GC(134) Using 8 workers of 8 for evacuation
[2022-04-04T17:55:21.584+0800][103.856s] GC(134)   Pre Evacuate Collection Set: 0.1ms
[2022-04-04T17:55:21.584+0800][103.856s] GC(134)   Merge Heap Roots: 0.2ms
[2022-04-04T17:55:21.584+0800][103.856s] GC(134)   Evacuate Collection Set: 2.8ms
[2022-04-04T17:55:21.584+0800][103.856s] GC(134)   Post Evacuate Collection Set: 0.9ms
[2022-04-04T17:55:21.584+0800][103.856s] GC(134)   Other: 0.2ms
[2022-04-04T17:55:21.584+0800][103.856s] GC(134) Eden regions: 273->0(270)
[2022-04-04T17:55:21.584+0800][103.856s] GC(134) Survivor regions: 15->16(36)
[2022-04-04T17:55:21.584+0800][103.856s] GC(134) Old regions: 128->129
[2022-04-04T17:55:21.584+0800][103.856s] GC(134) Archive regions: 0->0
[2022-04-04T17:55:21.584+0800][103.856s] GC(134) Humongous regions: 29->29
[2022-04-04T17:55:21.584+0800][103.856s] GC(134) Metaspace: 51171K(51888K)->51171K(51888K) NonClass: 45269K(45744K)->45269K(45744K) Class: 5902K(6144K)->5902K(6144K)
[2022-04-04T17:55:21.584+0800][103.856s] GC(134) Pause Young (Normal) (G1 Evacuation Pause) 444M->172M(512M) 4.572ms
[2022-04-04T17:55:21.584+0800][103.856s] GC(134) User=0.00s Sys=0.00s Real=0.00s
[2022-04-04T17:55:21.774+0800][104.045s] GC(135) Pause Young (Normal) (G1 Evacuation Pause)
[2022-04-04T17:55:21.774+0800][104.045s] GC(135) Using 8 workers of 8 for evacuation
[2022-04-04T17:55:21.778+0800][104.050s] GC(135)   Pre Evacuate Collection Set: 0.2ms
[2022-04-04T17:55:21.778+0800][104.050s] GC(135)   Merge Heap Roots: 0.2ms
[2022-04-04T17:55:21.778+0800][104.050s] GC(135)   Evacuate Collection Set: 2.5ms
[2022-04-04T17:55:21.778+0800][104.050s] GC(135)   Post Evacuate Collection Set: 1.2ms
[2022-04-04T17:55:21.778+0800][104.050s] GC(135)   Other: 0.3ms
[2022-04-04T17:55:21.778+0800][104.050s] GC(135) Eden regions: 270->0(268)
[2022-04-04T17:55:21.778+0800][104.050s] GC(135) Survivor regions: 16->17(36)
[2022-04-04T17:55:21.778+0800][104.050s] GC(135) Old regions: 129->129
[2022-04-04T17:55:21.778+0800][104.050s] GC(135) Archive regions: 0->0
[2022-04-04T17:55:21.778+0800][104.050s] GC(135) Humongous regions: 29->29
[2022-04-04T17:55:21.778+0800][104.050s] GC(135) Metaspace: 51171K(51888K)->51171K(51888K) NonClass: 45269K(45744K)->45269K(45744K) Class: 5902K(6144K)->5902K(6144K)
[2022-04-04T17:55:21.778+0800][104.050s] GC(135) Pause Young (Normal) (G1 Evacuation Pause) 442M->174M(512M) 4.885ms
[2022-04-04T17:55:21.778+0800][104.050s] GC(135) User=0.12s Sys=0.00s Real=0.00s
[2022-04-04T17:55:21.951+0800][104.222s] GC(136) Pause Young (Normal) (G1 Evacuation Pause)
[2022-04-04T17:55:21.951+0800][104.222s] GC(136) Using 8 workers of 8 for evacuation
[2022-04-04T17:55:21.954+0800][104.226s] GC(136)   Pre Evacuate Collection Set: 0.1ms
[2022-04-04T17:55:21.955+0800][104.226s] GC(136)   Merge Heap Roots: 0.1ms
[2022-04-04T17:55:21.955+0800][104.226s] GC(136)   Evacuate Collection Set: 2.4ms
[2022-04-04T17:55:21.955+0800][104.226s] GC(136)   Post Evacuate Collection Set: 0.7ms
[2022-04-04T17:55:21.955+0800][104.226s] GC(136)   Other: 0.2ms
[2022-04-04T17:55:21.955+0800][104.226s] GC(136) Eden regions: 268->0(269)
[2022-04-04T17:55:21.955+0800][104.226s] GC(136) Survivor regions: 17->16(36)
[2022-04-04T17:55:21.955+0800][104.226s] GC(136) Old regions: 129->130
[2022-04-04T17:55:21.955+0800][104.226s] GC(136) Archive regions: 0->0
[2022-04-04T17:55:21.955+0800][104.226s] GC(136) Humongous regions: 29->29
[2022-04-04T17:55:21.955+0800][104.226s] GC(136) Metaspace: 51171K(51888K)->51171K(51888K) NonClass: 45269K(45744K)->45269K(45744K) Class: 5902K(6144K)->5902K(6144K)
[2022-04-04T17:55:21.955+0800][104.226s] GC(136) Pause Young (Normal) (G1 Evacuation Pause) 442M->174M(512M) 3.888ms
[2022-04-04T17:55:21.955+0800][104.226s] GC(136) User=0.00s Sys=0.00s Real=0.00s
[2022-04-04T17:55:22.134+0800][104.405s] GC(137) Pause Young (Normal) (G1 Evacuation Pause)
[2022-04-04T17:55:22.134+0800][104.405s] GC(137) Using 8 workers of 8 for evacuation
[2022-04-04T17:55:22.137+0800][104.408s] GC(137)   Pre Evacuate Collection Set: 0.1ms
[2022-04-04T17:55:22.137+0800][104.408s] GC(137)   Merge Heap Roots: 0.1ms
[2022-04-04T17:55:22.137+0800][104.408s] GC(137)   Evacuate Collection Set: 2.1ms
[2022-04-04T17:55:22.137+0800][104.408s] GC(137)   Post Evacuate Collection Set: 0.7ms
[2022-04-04T17:55:22.137+0800][104.408s] GC(137)   Other: 0.2ms
[2022-04-04T17:55:22.137+0800][104.409s] GC(137) Eden regions: 269->0(265)
[2022-04-04T17:55:22.137+0800][104.409s] GC(137) Survivor regions: 16->17(36)
[2022-04-04T17:55:22.137+0800][104.409s] GC(137) Old regions: 130->131
[2022-04-04T17:55:22.137+0800][104.409s] GC(137) Archive regions: 0->0
[2022-04-04T17:55:22.137+0800][104.409s] GC(137) Humongous regions: 31->30
[2022-04-04T17:55:22.137+0800][104.409s] GC(137) Metaspace: 51171K(51888K)->51171K(51888K) NonClass: 45269K(45744K)->45269K(45744K) Class: 5902K(6144K)->5902K(6144K)
[2022-04-04T17:55:22.137+0800][104.409s] GC(137) Pause Young (Normal) (G1 Evacuation Pause) 445M->176M(512M) 3.604ms
[2022-04-04T17:55:22.137+0800][104.409s] GC(137) User=0.12s Sys=0.00s Real=0.00s
[2022-04-04T17:55:22.363+0800][104.634s] GC(138) Pause Young (Normal) (G1 Evacuation Pause)
[2022-04-04T17:55:22.363+0800][104.634s] GC(138) Using 8 workers of 8 for evacuation
[2022-04-04T17:55:22.368+0800][104.639s] GC(138)   Pre Evacuate Collection Set: 0.2ms
[2022-04-04T17:55:22.368+0800][104.639s] GC(138)   Merge Heap Roots: 0.2ms
[2022-04-04T17:55:22.368+0800][104.639s] GC(138)   Evacuate Collection Set: 3.0ms
[2022-04-04T17:55:22.368+0800][104.639s] GC(138)   Post Evacuate Collection Set: 1.3ms
[2022-04-04T17:55:22.368+0800][104.639s] GC(138)   Other: 0.3ms
[2022-04-04T17:55:22.368+0800][104.640s] GC(138) Eden regions: 265->0(262)
[2022-04-04T17:55:22.368+0800][104.640s] GC(138) Survivor regions: 17->18(36)
[2022-04-04T17:55:22.368+0800][104.640s] GC(138) Old regions: 131->131
[2022-04-04T17:55:22.368+0800][104.640s] GC(138) Archive regions: 0->0
[2022-04-04T17:55:22.368+0800][104.640s] GC(138) Humongous regions: 31->31
[2022-04-04T17:55:22.368+0800][104.640s] GC(138) Metaspace: 51171K(51888K)->51171K(51888K) NonClass: 45269K(45744K)->45269K(45744K) Class: 5902K(6144K)->5902K(6144K)
[2022-04-04T17:55:22.369+0800][104.640s] GC(138) Pause Young (Normal) (G1 Evacuation Pause) 442M->178M(512M) 5.716ms
[2022-04-04T17:55:22.369+0800][104.640s] GC(138) User=0.00s Sys=0.00s Real=0.01s
[2022-04-04T17:55:22.615+0800][104.886s] GC(139) Pause Young (Normal) (G1 Evacuation Pause)
[2022-04-04T17:55:22.615+0800][104.886s] GC(139) Using 8 workers of 8 for evacuation
[2022-04-04T17:55:22.620+0800][104.891s] GC(139)   Pre Evacuate Collection Set: 0.2ms
[2022-04-04T17:55:22.620+0800][104.891s] GC(139)   Merge Heap Roots: 0.2ms
[2022-04-04T17:55:22.620+0800][104.891s] GC(139)   Evacuate Collection Set: 3.1ms
[2022-04-04T17:55:22.620+0800][104.891s] GC(139)   Post Evacuate Collection Set: 1.1ms
[2022-04-04T17:55:22.620+0800][104.891s] GC(139)   Other: 0.3ms
[2022-04-04T17:55:22.620+0800][104.891s] GC(139) Eden regions: 262->0(261)
[2022-04-04T17:55:22.620+0800][104.891s] GC(139) Survivor regions: 18->18(35)
[2022-04-04T17:55:22.620+0800][104.892s] GC(139) Old regions: 131->132
[2022-04-04T17:55:22.620+0800][104.892s] GC(139) Archive regions: 0->0
[2022-04-04T17:55:22.620+0800][104.892s] GC(139) Humongous regions: 31->31
[2022-04-04T17:55:22.620+0800][104.892s] GC(139) Metaspace: 51171K(51888K)->51171K(51888K) NonClass: 45269K(45744K)->45269K(45744K) Class: 5902K(6144K)->5902K(6144K)
[2022-04-04T17:55:22.620+0800][104.892s] GC(139) Pause Young (Normal) (G1 Evacuation Pause) 440M->179M(512M) 5.459ms
[2022-04-04T17:55:22.620+0800][104.892s] GC(139) User=0.00s Sys=0.00s Real=0.00s
[2022-04-04T17:55:22.842+0800][105.113s] GC(140) Pause Young (Normal) (G1 Evacuation Pause)
[2022-04-04T17:55:22.842+0800][105.113s] GC(140) Using 8 workers of 8 for evacuation
[2022-04-04T17:55:22.846+0800][105.118s] GC(140)   Pre Evacuate Collection Set: 0.1ms
[2022-04-04T17:55:22.846+0800][105.118s] GC(140)   Merge Heap Roots: 0.2ms
[2022-04-04T17:55:22.846+0800][105.118s] GC(140)   Evacuate Collection Set: 2.9ms
[2022-04-04T17:55:22.847+0800][105.118s] GC(140)   Post Evacuate Collection Set: 1.3ms
[2022-04-04T17:55:22.847+0800][105.118s] GC(140)   Other: 0.5ms
[2022-04-04T17:55:22.847+0800][105.118s] GC(140) Eden regions: 261->0(263)
[2022-04-04T17:55:22.847+0800][105.118s] GC(140) Survivor regions: 18->16(35)
[2022-04-04T17:55:22.847+0800][105.118s] GC(140) Old regions: 132->134
[2022-04-04T17:55:22.847+0800][105.119s] GC(140) Archive regions: 0->0
[2022-04-04T17:55:22.847+0800][105.119s] GC(140) Humongous regions: 31->31
[2022-04-04T17:55:22.847+0800][105.119s] GC(140) Metaspace: 51171K(51888K)->51171K(51888K) NonClass: 45269K(45744K)->45269K(45744K) Class: 5902K(6144K)->5902K(6144K)
[2022-04-04T17:55:22.847+0800][105.119s] GC(140) Pause Young (Normal) (G1 Evacuation Pause) 440M->180M(512M) 5.781ms
[2022-04-04T17:55:22.847+0800][105.119s] GC(140) User=0.00s Sys=0.00s Real=0.00s
[2022-04-04T17:55:23.103+0800][105.375s] GC(141) Pause Young (Normal) (G1 Evacuation Pause)
[2022-04-04T17:55:23.103+0800][105.375s] GC(141) Using 8 workers of 8 for evacuation
[2022-04-04T17:55:23.107+0800][105.379s] GC(141)   Pre Evacuate Collection Set: 0.2ms
[2022-04-04T17:55:23.107+0800][105.379s] GC(141)   Merge Heap Roots: 0.2ms
[2022-04-04T17:55:23.107+0800][105.379s] GC(141)   Evacuate Collection Set: 2.7ms
[2022-04-04T17:55:23.107+0800][105.379s] GC(141)   Post Evacuate Collection Set: 0.7ms
[2022-04-04T17:55:23.107+0800][105.379s] GC(141)   Other: 0.2ms
[2022-04-04T17:55:23.107+0800][105.379s] GC(141) Eden regions: 263->0(263)
[2022-04-04T17:55:23.107+0800][105.379s] GC(141) Survivor regions: 16->14(35)
[2022-04-04T17:55:23.107+0800][105.379s] GC(141) Old regions: 134->138
[2022-04-04T17:55:23.107+0800][105.379s] GC(141) Archive regions: 0->0
[2022-04-04T17:55:23.108+0800][105.379s] GC(141) Humongous regions: 31->31
[2022-04-04T17:55:23.108+0800][105.379s] GC(141) Metaspace: 51171K(51888K)->51171K(51888K) NonClass: 45269K(45744K)->45269K(45744K) Class: 5902K(6144K)->5902K(6144K)
[2022-04-04T17:55:23.108+0800][105.379s] GC(141) Pause Young (Normal) (G1 Evacuation Pause) 443M->181M(512M) 4.367ms
[2022-04-04T17:55:23.108+0800][105.379s] GC(141) User=0.11s Sys=0.00s Real=0.01s
[2022-04-04T17:55:23.235+0800][105.507s] GC(142) Pause Young (Normal) (G1 Evacuation Pause)
[2022-04-04T17:55:23.235+0800][105.507s] GC(142) Using 8 workers of 8 for evacuation
[2022-04-04T17:55:23.239+0800][105.510s] GC(142)   Pre Evacuate Collection Set: 0.1ms
[2022-04-04T17:55:23.239+0800][105.510s] GC(142)   Merge Heap Roots: 0.2ms
[2022-04-04T17:55:23.239+0800][105.510s] GC(142)   Evacuate Collection Set: 2.0ms
[2022-04-04T17:55:23.239+0800][105.510s] GC(142)   Post Evacuate Collection Set: 0.9ms
[2022-04-04T17:55:23.239+0800][105.510s] GC(142)   Other: 0.2ms
[2022-04-04T17:55:23.239+0800][105.510s] GC(142) Eden regions: 263->0(261)
[2022-04-04T17:55:23.239+0800][105.510s] GC(142) Survivor regions: 14->15(35)
[2022-04-04T17:55:23.239+0800][105.510s] GC(142) Old regions: 138->138
[2022-04-04T17:55:23.239+0800][105.510s] GC(142) Archive regions: 0->0
[2022-04-04T17:55:23.239+0800][105.510s] GC(142) Humongous regions: 31->31
[2022-04-04T17:55:23.239+0800][105.510s] GC(142) Metaspace: 51171K(51888K)->51171K(51888K) NonClass: 45269K(45744K)->45269K(45744K) Class: 5902K(6144K)->5902K(6144K)
[2022-04-04T17:55:23.239+0800][105.510s] GC(142) Pause Young (Normal) (G1 Evacuation Pause) 444M->182M(512M) 3.782ms
[2022-04-04T17:55:23.239+0800][105.510s] GC(142) User=0.00s Sys=0.00s Real=0.00s
[2022-04-04T17:55:23.444+0800][105.715s] GC(143) Pause Young (Normal) (G1 Evacuation Pause)
[2022-04-04T17:55:23.444+0800][105.716s] GC(143) Using 8 workers of 8 for evacuation
[2022-04-04T17:55:23.448+0800][105.720s] GC(143)   Pre Evacuate Collection Set: 0.2ms
[2022-04-04T17:55:23.448+0800][105.720s] GC(143)   Merge Heap Roots: 0.2ms
[2022-04-04T17:55:23.448+0800][105.720s] GC(143)   Evacuate Collection Set: 2.5ms
[2022-04-04T17:55:23.448+0800][105.720s] GC(143)   Post Evacuate Collection Set: 1.3ms
[2022-04-04T17:55:23.448+0800][105.720s] GC(143)   Other: 0.4ms
[2022-04-04T17:55:23.449+0800][105.720s] GC(143) Eden regions: 261->0(261)
[2022-04-04T17:55:23.449+0800][105.720s] GC(143) Survivor regions: 15->15(35)
[2022-04-04T17:55:23.449+0800][105.720s] GC(143) Old regions: 138->138
[2022-04-04T17:55:23.449+0800][105.721s] GC(143) Archive regions: 0->0
[2022-04-04T17:55:23.449+0800][105.721s] GC(143) Humongous regions: 31->31
[2022-04-04T17:55:23.449+0800][105.721s] GC(143) Metaspace: 51171K(51888K)->51171K(51888K) NonClass: 45269K(45744K)->45269K(45744K) Class: 5902K(6144K)->5902K(6144K)
[2022-04-04T17:55:23.449+0800][105.721s] GC(143) Pause Young (Normal) (G1 Evacuation Pause) 443M->183M(512M) 5.288ms
[2022-04-04T17:55:23.449+0800][105.721s] GC(143) User=0.00s Sys=0.00s Real=0.00s
[2022-04-04T17:55:23.673+0800][105.944s] GC(144) Pause Young (Normal) (G1 Evacuation Pause)
[2022-04-04T17:55:23.673+0800][105.944s] GC(144) Using 8 workers of 8 for evacuation
[2022-04-04T17:55:23.677+0800][105.949s] GC(144)   Pre Evacuate Collection Set: 0.2ms
[2022-04-04T17:55:23.677+0800][105.949s] GC(144)   Merge Heap Roots: 0.2ms
[2022-04-04T17:55:23.677+0800][105.949s] GC(144)   Evacuate Collection Set: 2.8ms
[2022-04-04T17:55:23.677+0800][105.949s] GC(144)   Post Evacuate Collection Set: 1.0ms
[2022-04-04T17:55:23.677+0800][105.949s] GC(144)   Other: 0.3ms
[2022-04-04T17:55:23.677+0800][105.949s] GC(144) Eden regions: 261->0(258)
[2022-04-04T17:55:23.677+0800][105.949s] GC(144) Survivor regions: 15->16(35)
[2022-04-04T17:55:23.677+0800][105.949s] GC(144) Old regions: 138->139
[2022-04-04T17:55:23.677+0800][105.949s] GC(144) Archive regions: 0->0
[2022-04-04T17:55:23.677+0800][105.949s] GC(144) Humongous regions: 31->31
[2022-04-04T17:55:23.677+0800][105.949s] GC(144) Metaspace: 51171K(51888K)->51171K(51888K) NonClass: 45269K(45744K)->45269K(45744K) Class: 5902K(6144K)->5902K(6144K)
[2022-04-04T17:55:23.678+0800][105.949s] GC(144) Pause Young (Normal) (G1 Evacuation Pause) 444M->184M(512M) 5.066ms
[2022-04-04T17:55:23.678+0800][105.949s] GC(144) User=0.00s Sys=0.00s Real=0.00s
[2022-04-04T17:55:25.328+0800][107.600s] GC(145) Pause Young (Normal) (G1 Evacuation Pause)
[2022-04-04T17:55:25.328+0800][107.600s] GC(145) Using 8 workers of 8 for evacuation
[2022-04-04T17:55:25.332+0800][107.603s] GC(145)   Pre Evacuate Collection Set: 0.1ms
[2022-04-04T17:55:25.332+0800][107.603s] GC(145)   Merge Heap Roots: 0.2ms
[2022-04-04T17:55:25.332+0800][107.603s] GC(145)   Evacuate Collection Set: 2.2ms
[2022-04-04T17:55:25.332+0800][107.603s] GC(145)   Post Evacuate Collection Set: 0.7ms
[2022-04-04T17:55:25.332+0800][107.603s] GC(145)   Other: 0.2ms
[2022-04-04T17:55:25.332+0800][107.603s] GC(145) Eden regions: 258->0(260)
[2022-04-04T17:55:25.332+0800][107.603s] GC(145) Survivor regions: 16->15(35)
[2022-04-04T17:55:25.332+0800][107.603s] GC(145) Old regions: 139->139
[2022-04-04T17:55:25.332+0800][107.603s] GC(145) Archive regions: 0->0
[2022-04-04T17:55:25.332+0800][107.603s] GC(145) Humongous regions: 31->31
[2022-04-04T17:55:25.332+0800][107.603s] GC(145) Metaspace: 51177K(51888K)->51177K(51888K) NonClass: 45275K(45744K)->45275K(45744K) Class: 5902K(6144K)->5902K(6144K)
[2022-04-04T17:55:25.332+0800][107.603s] GC(145) Pause Young (Normal) (G1 Evacuation Pause) 442M->184M(512M) 3.706ms
[2022-04-04T17:55:25.332+0800][107.603s] GC(145) User=0.00s Sys=0.00s Real=0.00s
[2022-04-04T17:55:27.090+0800][109.361s] GC(146) Pause Young (Normal) (G1 Evacuation Pause)
[2022-04-04T17:55:27.090+0800][109.362s] GC(146) Using 8 workers of 8 for evacuation
[2022-04-04T17:55:27.093+0800][109.365s] GC(146)   Pre Evacuate Collection Set: 0.1ms
[2022-04-04T17:55:27.093+0800][109.365s] GC(146)   Merge Heap Roots: 0.2ms
[2022-04-04T17:55:27.093+0800][109.365s] GC(146)   Evacuate Collection Set: 2.5ms
[2022-04-04T17:55:27.093+0800][109.365s] GC(146)   Post Evacuate Collection Set: 0.7ms
[2022-04-04T17:55:27.093+0800][109.365s] GC(146)   Other: 0.2ms
[2022-04-04T17:55:27.093+0800][109.365s] GC(146) Eden regions: 260->0(261)
[2022-04-04T17:55:27.093+0800][109.365s] GC(146) Survivor regions: 15->14(35)
[2022-04-04T17:55:27.093+0800][109.365s] GC(146) Old regions: 139->140
[2022-04-04T17:55:27.093+0800][109.365s] GC(146) Archive regions: 0->0
[2022-04-04T17:55:27.093+0800][109.365s] GC(146) Humongous regions: 31->31
[2022-04-04T17:55:27.093+0800][109.365s] GC(146) Metaspace: 51177K(51888K)->51177K(51888K) NonClass: 45275K(45744K)->45275K(45744K) Class: 5902K(6144K)->5902K(6144K)
[2022-04-04T17:55:27.093+0800][109.365s] GC(146) Pause Young (Normal) (G1 Evacuation Pause) 444M->183M(512M) 3.989ms
[2022-04-04T17:55:27.093+0800][109.366s] GC(146) User=0.00s Sys=0.00s Real=0.00s
[2022-04-04T17:55:28.171+0800][110.443s] GC(147) Pause Young (Normal) (G1 Evacuation Pause)
[2022-04-04T17:55:28.171+0800][110.443s] GC(147) Using 8 workers of 8 for evacuation
[2022-04-04T17:55:28.175+0800][110.447s] GC(147)   Pre Evacuate Collection Set: 0.2ms
[2022-04-04T17:55:28.175+0800][110.447s] GC(147)   Merge Heap Roots: 0.2ms
[2022-04-04T17:55:28.175+0800][110.447s] GC(147)   Evacuate Collection Set: 2.4ms
[2022-04-04T17:55:28.175+0800][110.447s] GC(147)   Post Evacuate Collection Set: 1.2ms
[2022-04-04T17:55:28.176+0800][110.447s] GC(147)   Other: 0.3ms
[2022-04-04T17:55:28.176+0800][110.447s] GC(147) Eden regions: 261->0(260)
[2022-04-04T17:55:28.176+0800][110.447s] GC(147) Survivor regions: 14->14(35)
[2022-04-04T17:55:28.176+0800][110.447s] GC(147) Old regions: 140->141
[2022-04-04T17:55:28.176+0800][110.447s] GC(147) Archive regions: 0->0
[2022-04-04T17:55:28.176+0800][110.447s] GC(147) Humongous regions: 31->31
[2022-04-04T17:55:28.176+0800][110.447s] GC(147) Metaspace: 51177K(51888K)->51177K(51888K) NonClass: 45275K(45744K)->45275K(45744K) Class: 5902K(6144K)->5902K(6144K)
[2022-04-04T17:55:28.176+0800][110.447s] GC(147) Pause Young (Normal) (G1 Evacuation Pause) 444M->184M(512M) 4.859ms
[2022-04-04T17:55:28.176+0800][110.447s] GC(147) User=0.00s Sys=0.00s Real=0.01s
[2022-04-04T17:55:28.849+0800][111.121s] GC(148) Pause Young (Normal) (G1 Evacuation Pause)
[2022-04-04T17:55:28.849+0800][111.121s] GC(148) Using 8 workers of 8 for evacuation
[2022-04-04T17:55:28.853+0800][111.124s] GC(148)   Pre Evacuate Collection Set: 0.1ms
[2022-04-04T17:55:28.853+0800][111.124s] GC(148)   Merge Heap Roots: 0.2ms
[2022-04-04T17:55:28.853+0800][111.124s] GC(148)   Evacuate Collection Set: 2.0ms
[2022-04-04T17:55:28.853+0800][111.124s] GC(148)   Post Evacuate Collection Set: 0.9ms
[2022-04-04T17:55:28.853+0800][111.124s] GC(148)   Other: 0.2ms
[2022-04-04T17:55:28.853+0800][111.124s] GC(148) Eden regions: 260->0(260)
[2022-04-04T17:55:28.853+0800][111.124s] GC(148) Survivor regions: 14->14(35)
[2022-04-04T17:55:28.853+0800][111.124s] GC(148) Old regions: 141->141
[2022-04-04T17:55:28.853+0800][111.124s] GC(148) Archive regions: 0->0
[2022-04-04T17:55:28.853+0800][111.124s] GC(148) Humongous regions: 31->31
[2022-04-04T17:55:28.853+0800][111.124s] GC(148) Metaspace: 51182K(51888K)->51182K(51888K) NonClass: 45279K(45744K)->45279K(45744K) Class: 5902K(6144K)->5902K(6144K)
[2022-04-04T17:55:28.853+0800][111.125s] GC(148) Pause Young (Normal) (G1 Evacuation Pause) 444M->185M(512M) 3.739ms
[2022-04-04T17:55:28.853+0800][111.125s] GC(148) User=0.00s Sys=0.00s Real=0.00s
[2022-04-04T17:55:28.998+0800][111.270s] GC(149) Pause Young (Normal) (G1 Evacuation Pause)
[2022-04-04T17:55:28.998+0800][111.270s] GC(149) Using 8 workers of 8 for evacuation
[2022-04-04T17:55:29.001+0800][111.273s] GC(149)   Pre Evacuate Collection Set: 0.1ms
[2022-04-04T17:55:29.001+0800][111.273s] GC(149)   Merge Heap Roots: 0.2ms
[2022-04-04T17:55:29.001+0800][111.273s] GC(149)   Evacuate Collection Set: 2.1ms
[2022-04-04T17:55:29.001+0800][111.273s] GC(149)   Post Evacuate Collection Set: 0.8ms
[2022-04-04T17:55:29.001+0800][111.273s] GC(149)   Other: 0.2ms
[2022-04-04T17:55:29.001+0800][111.273s] GC(149) Eden regions: 260->0(259)
[2022-04-04T17:55:29.001+0800][111.273s] GC(149) Survivor regions: 14->14(35)
[2022-04-04T17:55:29.001+0800][111.273s] GC(149) Old regions: 141->142
[2022-04-04T17:55:29.001+0800][111.273s] GC(149) Archive regions: 0->0
[2022-04-04T17:55:29.001+0800][111.273s] GC(149) Humongous regions: 31->31
[2022-04-04T17:55:29.001+0800][111.273s] GC(149) Metaspace: 51182K(51888K)->51182K(51888K) NonClass: 45279K(45744K)->45279K(45744K) Class: 5902K(6144K)->5902K(6144K)
[2022-04-04T17:55:29.001+0800][111.274s] GC(149) Pause Young (Normal) (G1 Evacuation Pause) 445M->185M(512M) 3.750ms
[2022-04-04T17:55:29.002+0800][111.274s] GC(149) User=0.00s Sys=0.00s Real=0.00s
[2022-04-04T17:55:29.169+0800][111.442s] GC(150) Pause Young (Normal) (G1 Evacuation Pause)
[2022-04-04T17:55:29.170+0800][111.442s] GC(150) Using 8 workers of 8 for evacuation
[2022-04-04T17:55:29.173+0800][111.445s] GC(150)   Pre Evacuate Collection Set: 0.1ms
[2022-04-04T17:55:29.173+0800][111.445s] GC(150)   Merge Heap Roots: 0.1ms
[2022-04-04T17:55:29.173+0800][111.445s] GC(150)   Evacuate Collection Set: 2.1ms
[2022-04-04T17:55:29.173+0800][111.445s] GC(150)   Post Evacuate Collection Set: 0.6ms
[2022-04-04T17:55:29.173+0800][111.445s] GC(150)   Other: 0.2ms
[2022-04-04T17:55:29.173+0800][111.445s] GC(150) Eden regions: 259->0(256)
[2022-04-04T17:55:29.173+0800][111.445s] GC(150) Survivor regions: 14->15(35)
[2022-04-04T17:55:29.173+0800][111.445s] GC(150) Old regions: 142->143
[2022-04-04T17:55:29.173+0800][111.445s] GC(150) Archive regions: 0->0
[2022-04-04T17:55:29.173+0800][111.445s] GC(150) Humongous regions: 31->31
[2022-04-04T17:55:29.173+0800][111.445s] GC(150) Metaspace: 51182K(51888K)->51182K(51888K) NonClass: 45279K(45744K)->45279K(45744K) Class: 5902K(6144K)->5902K(6144K)
[2022-04-04T17:55:29.173+0800][111.445s] GC(150) Pause Young (Normal) (G1 Evacuation Pause) 444M->187M(512M) 3.666ms
[2022-04-04T17:55:29.173+0800][111.445s] GC(150) User=0.00s Sys=0.00s Real=0.00s
[2022-04-04T17:55:29.319+0800][111.590s] GC(151) Pause Young (Normal) (G1 Evacuation Pause)
[2022-04-04T17:55:29.319+0800][111.590s] GC(151) Using 8 workers of 8 for evacuation
[2022-04-04T17:55:29.322+0800][111.594s] GC(151)   Pre Evacuate Collection Set: 0.2ms
[2022-04-04T17:55:29.322+0800][111.594s] GC(151)   Merge Heap Roots: 0.1ms
[2022-04-04T17:55:29.322+0800][111.594s] GC(151)   Evacuate Collection Set: 2.4ms
[2022-04-04T17:55:29.322+0800][111.594s] GC(151)   Post Evacuate Collection Set: 1.1ms
[2022-04-04T17:55:29.322+0800][111.594s] GC(151)   Other: 0.4ms
[2022-04-04T17:55:29.322+0800][111.594s] GC(151) Eden regions: 256->0(256)
[2022-04-04T17:55:29.322+0800][111.595s] GC(151) Survivor regions: 15->15(34)
[2022-04-04T17:55:29.323+0800][111.595s] GC(151) Old regions: 143->143
[2022-04-04T17:55:29.323+0800][111.595s] GC(151) Archive regions: 0->0
[2022-04-04T17:55:29.323+0800][111.595s] GC(151) Humongous regions: 31->31
[2022-04-04T17:55:29.323+0800][111.595s] GC(151) Metaspace: 51182K(51888K)->51182K(51888K) NonClass: 45279K(45744K)->45279K(45744K) Class: 5902K(6144K)->5902K(6144K)
[2022-04-04T17:55:29.323+0800][111.595s] GC(151) Pause Young (Normal) (G1 Evacuation Pause) 443M->188M(512M) 4.737ms
[2022-04-04T17:55:29.323+0800][111.595s] GC(151) User=0.00s Sys=0.02s Real=0.00s
[2022-04-04T17:55:29.505+0800][111.777s] GC(152) Pause Young (Normal) (G1 Evacuation Pause)
[2022-04-04T17:55:29.505+0800][111.777s] GC(152) Using 8 workers of 8 for evacuation
[2022-04-04T17:55:29.509+0800][111.781s] GC(152)   Pre Evacuate Collection Set: 0.1ms
[2022-04-04T17:55:29.509+0800][111.781s] GC(152)   Merge Heap Roots: 0.1ms
[2022-04-04T17:55:29.509+0800][111.781s] GC(152)   Evacuate Collection Set: 2.7ms
[2022-04-04T17:55:29.509+0800][111.781s] GC(152)   Post Evacuate Collection Set: 1.0ms
[2022-04-04T17:55:29.510+0800][111.781s] GC(152)   Other: 0.3ms
[2022-04-04T17:55:29.510+0800][111.781s] GC(152) Eden regions: 256->0(254)
[2022-04-04T17:55:29.510+0800][111.781s] GC(152) Survivor regions: 15->15(34)
[2022-04-04T17:55:29.510+0800][111.781s] GC(152) Old regions: 143->144
[2022-04-04T17:55:29.510+0800][111.781s] GC(152) Archive regions: 0->0
[2022-04-04T17:55:29.510+0800][111.781s] GC(152) Humongous regions: 32->32
[2022-04-04T17:55:29.510+0800][111.781s] GC(152) Metaspace: 51182K(51888K)->51182K(51888K) NonClass: 45279K(45744K)->45279K(45744K) Class: 5902K(6144K)->5902K(6144K)
[2022-04-04T17:55:29.510+0800][111.781s] GC(152) Pause Young (Normal) (G1 Evacuation Pause) 445M->189M(512M) 4.599ms
[2022-04-04T17:55:29.510+0800][111.781s] GC(152) User=0.00s Sys=0.00s Real=0.00s
[2022-04-04T17:55:29.700+0800][111.972s] GC(153) Pause Young (Normal) (G1 Evacuation Pause)
[2022-04-04T17:55:29.700+0800][111.972s] GC(153) Using 8 workers of 8 for evacuation
[2022-04-04T17:55:29.704+0800][111.976s] GC(153)   Pre Evacuate Collection Set: 0.2ms
[2022-04-04T17:55:29.704+0800][111.976s] GC(153)   Merge Heap Roots: 0.2ms
[2022-04-04T17:55:29.704+0800][111.976s] GC(153)   Evacuate Collection Set: 2.4ms
[2022-04-04T17:55:29.704+0800][111.976s] GC(153)   Post Evacuate Collection Set: 1.0ms
[2022-04-04T17:55:29.704+0800][111.976s] GC(153)   Other: 0.3ms
[2022-04-04T17:55:29.705+0800][111.976s] GC(153) Eden regions: 254->0(253)
[2022-04-04T17:55:29.705+0800][111.976s] GC(153) Survivor regions: 15->15(34)
[2022-04-04T17:55:29.705+0800][111.976s] GC(153) Old regions: 144->145
[2022-04-04T17:55:29.705+0800][111.976s] GC(153) Archive regions: 0->0
[2022-04-04T17:55:29.705+0800][111.976s] GC(153) Humongous regions: 32->32
[2022-04-04T17:55:29.705+0800][111.976s] GC(153) Metaspace: 51182K(51888K)->51182K(51888K) NonClass: 45279K(45744K)->45279K(45744K) Class: 5902K(6144K)->5902K(6144K)
[2022-04-04T17:55:29.705+0800][111.976s] GC(153) Pause Young (Normal) (G1 Evacuation Pause) 443M->190M(512M) 4.559ms
[2022-04-04T17:55:29.705+0800][111.976s] GC(153) User=0.00s Sys=0.00s Real=0.00s
[2022-04-04T17:55:29.916+0800][112.187s] GC(154) Pause Young (Normal) (G1 Evacuation Pause)
[2022-04-04T17:55:29.916+0800][112.187s] GC(154) Using 8 workers of 8 for evacuation
[2022-04-04T17:55:29.920+0800][112.191s] GC(154)   Pre Evacuate Collection Set: 0.2ms
[2022-04-04T17:55:29.920+0800][112.192s] GC(154)   Merge Heap Roots: 0.2ms
[2022-04-04T17:55:29.920+0800][112.192s] GC(154)   Evacuate Collection Set: 2.3ms
[2022-04-04T17:55:29.920+0800][112.192s] GC(154)   Post Evacuate Collection Set: 1.1ms
[2022-04-04T17:55:29.920+0800][112.192s] GC(154)   Other: 0.3ms
[2022-04-04T17:55:29.920+0800][112.192s] GC(154) Eden regions: 253->0(253)
[2022-04-04T17:55:29.920+0800][112.192s] GC(154) Survivor regions: 15->15(34)
[2022-04-04T17:55:29.920+0800][112.192s] GC(154) Old regions: 145->145
[2022-04-04T17:55:29.920+0800][112.192s] GC(154) Archive regions: 0->0
[2022-04-04T17:55:29.920+0800][112.192s] GC(154) Humongous regions: 32->32
[2022-04-04T17:55:29.920+0800][112.192s] GC(154) Metaspace: 51182K(51888K)->51182K(51888K) NonClass: 45279K(45744K)->45279K(45744K) Class: 5902K(6144K)->5902K(6144K)
[2022-04-04T17:55:29.920+0800][112.192s] GC(154) Pause Young (Normal) (G1 Evacuation Pause) 443M->191M(512M) 4.666ms
[2022-04-04T17:55:29.920+0800][112.192s] GC(154) User=0.12s Sys=0.00s Real=0.00s
[2022-04-04T17:55:30.135+0800][112.407s] GC(155) Pause Young (Normal) (G1 Evacuation Pause)
[2022-04-04T17:55:30.135+0800][112.407s] GC(155) Using 8 workers of 8 for evacuation
[2022-04-04T17:55:30.139+0800][112.411s] GC(155)   Pre Evacuate Collection Set: 0.1ms
[2022-04-04T17:55:30.139+0800][112.411s] GC(155)   Merge Heap Roots: 0.1ms
[2022-04-04T17:55:30.139+0800][112.411s] GC(155)   Evacuate Collection Set: 2.3ms
[2022-04-04T17:55:30.139+0800][112.411s] GC(155)   Post Evacuate Collection Set: 1.2ms
[2022-04-04T17:55:30.139+0800][112.411s] GC(155)   Other: 0.3ms
[2022-04-04T17:55:30.139+0800][112.411s] GC(155) Eden regions: 253->0(250)
[2022-04-04T17:55:30.139+0800][112.411s] GC(155) Survivor regions: 15->16(34)
[2022-04-04T17:55:30.139+0800][112.411s] GC(155) Old regions: 145->146
[2022-04-04T17:55:30.139+0800][112.411s] GC(155) Archive regions: 0->0
[2022-04-04T17:55:30.139+0800][112.411s] GC(155) Humongous regions: 32->32
[2022-04-04T17:55:30.139+0800][112.411s] GC(155) Metaspace: 51182K(51888K)->51182K(51888K) NonClass: 45279K(45744K)->45279K(45744K) Class: 5902K(6144K)->5902K(6144K)
[2022-04-04T17:55:30.139+0800][112.411s] GC(155) Pause Young (Normal) (G1 Evacuation Pause) 444M->192M(512M) 4.625ms
[2022-04-04T17:55:30.139+0800][112.411s] GC(155) User=0.00s Sys=0.02s Real=0.00s
[2022-04-04T17:55:30.348+0800][112.621s] GC(156) Pause Young (Normal) (G1 Evacuation Pause)
[2022-04-04T17:55:30.348+0800][112.621s] GC(156) Using 8 workers of 8 for evacuation
[2022-04-04T17:55:30.352+0800][112.624s] GC(156)   Pre Evacuate Collection Set: 0.1ms
[2022-04-04T17:55:30.352+0800][112.624s] GC(156)   Merge Heap Roots: 0.2ms
[2022-04-04T17:55:30.352+0800][112.624s] GC(156)   Evacuate Collection Set: 2.2ms
[2022-04-04T17:55:30.352+0800][112.624s] GC(156)   Post Evacuate Collection Set: 0.8ms
[2022-04-04T17:55:30.352+0800][112.624s] GC(156)   Other: 0.2ms
[2022-04-04T17:55:30.352+0800][112.624s] GC(156) Eden regions: 250->0(249)
[2022-04-04T17:55:30.352+0800][112.624s] GC(156) Survivor regions: 16->16(34)
[2022-04-04T17:55:30.352+0800][112.624s] GC(156) Old regions: 146->147
[2022-04-04T17:55:30.352+0800][112.624s] GC(156) Archive regions: 0->0
[2022-04-04T17:55:30.352+0800][112.624s] GC(156) Humongous regions: 32->32
[2022-04-04T17:55:30.352+0800][112.624s] GC(156) Metaspace: 51182K(51888K)->51182K(51888K) NonClass: 45279K(45744K)->45279K(45744K) Class: 5902K(6144K)->5902K(6144K)
[2022-04-04T17:55:30.352+0800][112.624s] GC(156) Pause Young (Normal) (G1 Evacuation Pause) 442M->194M(512M) 3.920ms
[2022-04-04T17:55:30.352+0800][112.625s] GC(156) User=0.00s Sys=0.00s Real=0.00s
[2022-04-04T17:55:30.494+0800][112.765s] GC(157) Pause Young (Normal) (G1 Evacuation Pause)
[2022-04-04T17:55:30.494+0800][112.765s] GC(157) Using 8 workers of 8 for evacuation
[2022-04-04T17:55:30.497+0800][112.770s] GC(157)   Pre Evacuate Collection Set: 0.1ms
[2022-04-04T17:55:30.498+0800][112.770s] GC(157)   Merge Heap Roots: 0.2ms
[2022-04-04T17:55:30.498+0800][112.770s] GC(157)   Evacuate Collection Set: 2.6ms
[2022-04-04T17:55:30.498+0800][112.770s] GC(157)   Post Evacuate Collection Set: 1.1ms
[2022-04-04T17:55:30.498+0800][112.770s] GC(157)   Other: 0.3ms
[2022-04-04T17:55:30.498+0800][112.770s] GC(157) Eden regions: 249->0(249)
[2022-04-04T17:55:30.498+0800][112.770s] GC(157) Survivor regions: 16->16(34)
[2022-04-04T17:55:30.498+0800][112.770s] GC(157) Old regions: 147->147
[2022-04-04T17:55:30.498+0800][112.770s] GC(157) Archive regions: 0->0
[2022-04-04T17:55:30.498+0800][112.770s] GC(157) Humongous regions: 32->32
[2022-04-04T17:55:30.498+0800][112.770s] GC(157) Metaspace: 51182K(51888K)->51182K(51888K) NonClass: 45279K(45744K)->45279K(45744K) Class: 5902K(6144K)->5902K(6144K)
[2022-04-04T17:55:30.498+0800][112.770s] GC(157) Pause Young (Normal) (G1 Evacuation Pause) 443M->194M(512M) 4.915ms
[2022-04-04T17:55:30.498+0800][112.770s] GC(157) User=0.11s Sys=0.00s Real=0.00s
[2022-04-04T17:55:30.721+0800][112.993s] GC(158) Pause Young (Normal) (G1 Evacuation Pause)
[2022-04-04T17:55:30.721+0800][112.993s] GC(158) Using 8 workers of 8 for evacuation
[2022-04-04T17:55:30.725+0800][112.997s] GC(158)   Pre Evacuate Collection Set: 0.2ms
[2022-04-04T17:55:30.725+0800][112.997s] GC(158)   Merge Heap Roots: 0.2ms
[2022-04-04T17:55:30.726+0800][112.997s] GC(158)   Evacuate Collection Set: 2.4ms
[2022-04-04T17:55:30.726+0800][112.997s] GC(158)   Post Evacuate Collection Set: 1.1ms
[2022-04-04T17:55:30.726+0800][112.997s] GC(158)   Other: 0.3ms
[2022-04-04T17:55:30.726+0800][112.997s] GC(158) Eden regions: 249->0(244)
[2022-04-04T17:55:30.726+0800][112.997s] GC(158) Survivor regions: 16->17(34)
[2022-04-04T17:55:30.726+0800][112.997s] GC(158) Old regions: 147->148
[2022-04-04T17:55:30.726+0800][112.997s] GC(158) Archive regions: 0->0
[2022-04-04T17:55:30.726+0800][112.998s] GC(158) Humongous regions: 35->34
[2022-04-04T17:55:30.726+0800][112.998s] GC(158) Metaspace: 51182K(51888K)->51182K(51888K) NonClass: 45279K(45744K)->45279K(45744K) Class: 5902K(6144K)->5902K(6144K)
[2022-04-04T17:55:30.726+0800][112.998s] GC(158) Pause Young (Normal) (G1 Evacuation Pause) 446M->197M(512M) 4.716ms
[2022-04-04T17:55:30.726+0800][112.998s] GC(158) User=0.00s Sys=0.00s Real=0.01s
[2022-04-04T17:55:30.876+0800][113.147s] GC(159) Pause Young (Normal) (G1 Evacuation Pause)
[2022-04-04T17:55:30.876+0800][113.147s] GC(159) Using 8 workers of 8 for evacuation
[2022-04-04T17:55:30.879+0800][113.151s] GC(159)   Pre Evacuate Collection Set: 0.1ms
[2022-04-04T17:55:30.879+0800][113.151s] GC(159)   Merge Heap Roots: 0.2ms
[2022-04-04T17:55:30.879+0800][113.151s] GC(159)   Evacuate Collection Set: 2.3ms
[2022-04-04T17:55:30.879+0800][113.151s] GC(159)   Post Evacuate Collection Set: 0.8ms
[2022-04-04T17:55:30.880+0800][113.151s] GC(159)   Other: 0.3ms
[2022-04-04T17:55:30.880+0800][113.151s] GC(159) Eden regions: 244->0(247)
[2022-04-04T17:55:30.880+0800][113.151s] GC(159) Survivor regions: 17->11(33)
[2022-04-04T17:55:30.880+0800][113.151s] GC(159) Old regions: 148->154
[2022-04-04T17:55:30.880+0800][113.151s] GC(159) Archive regions: 0->0
[2022-04-04T17:55:30.880+0800][113.151s] GC(159) Humongous regions: 34->34
[2022-04-04T17:55:30.880+0800][113.151s] GC(159) Metaspace: 51182K(51888K)->51182K(51888K) NonClass: 45279K(45744K)->45279K(45744K) Class: 5902K(6144K)->5902K(6144K)
[2022-04-04T17:55:30.880+0800][113.151s] GC(159) Pause Young (Normal) (G1 Evacuation Pause) 441M->198M(512M) 4.157ms
[2022-04-04T17:55:30.880+0800][113.151s] GC(159) User=0.00s Sys=0.00s Real=0.00s
[2022-04-04T17:55:31.062+0800][113.333s] GC(160) Pause Young (Normal) (G1 Evacuation Pause)
[2022-04-04T17:55:31.062+0800][113.333s] GC(160) Using 8 workers of 8 for evacuation
[2022-04-04T17:55:31.067+0800][113.338s] GC(160)   Pre Evacuate Collection Set: 0.3ms
[2022-04-04T17:55:31.067+0800][113.338s] GC(160)   Merge Heap Roots: 0.2ms
[2022-04-04T17:55:31.067+0800][113.339s] GC(160)   Evacuate Collection Set: 2.9ms
[2022-04-04T17:55:31.067+0800][113.339s] GC(160)   Post Evacuate Collection Set: 1.3ms
[2022-04-04T17:55:31.067+0800][113.339s] GC(160)   Other: 0.4ms
[2022-04-04T17:55:31.067+0800][113.339s] GC(160) Eden regions: 247->0(248)
[2022-04-04T17:55:31.067+0800][113.339s] GC(160) Survivor regions: 11->12(33)
[2022-04-04T17:55:31.067+0800][113.339s] GC(160) Old regions: 154->154
[2022-04-04T17:55:31.067+0800][113.339s] GC(160) Archive regions: 0->0
[2022-04-04T17:55:31.067+0800][113.339s] GC(160) Humongous regions: 34->34
[2022-04-04T17:55:31.067+0800][113.339s] GC(160) Metaspace: 51182K(51888K)->51182K(51888K) NonClass: 45279K(45744K)->45279K(45744K) Class: 5902K(6144K)->5902K(6144K)
[2022-04-04T17:55:31.067+0800][113.339s] GC(160) Pause Young (Normal) (G1 Evacuation Pause) 445M->198M(512M) 5.762ms
[2022-04-04T17:55:31.068+0800][113.339s] GC(160) User=0.00s Sys=0.00s Real=0.01s
[2022-04-04T17:55:31.258+0800][113.530s] GC(161) Pause Young (Normal) (G1 Evacuation Pause)
[2022-04-04T17:55:31.258+0800][113.530s] GC(161) Using 8 workers of 8 for evacuation
[2022-04-04T17:55:31.262+0800][113.534s] GC(161)   Pre Evacuate Collection Set: 0.2ms
[2022-04-04T17:55:31.262+0800][113.534s] GC(161)   Merge Heap Roots: 0.1ms
[2022-04-04T17:55:31.262+0800][113.534s] GC(161)   Evacuate Collection Set: 2.4ms
[2022-04-04T17:55:31.262+0800][113.534s] GC(161)   Post Evacuate Collection Set: 1.1ms
[2022-04-04T17:55:31.262+0800][113.534s] GC(161)   Other: 0.3ms
[2022-04-04T17:55:31.262+0800][113.534s] GC(161) Eden regions: 248->0(245)
[2022-04-04T17:55:31.262+0800][113.534s] GC(161) Survivor regions: 12->13(33)
[2022-04-04T17:55:31.262+0800][113.534s] GC(161) Old regions: 154->154
[2022-04-04T17:55:31.262+0800][113.534s] GC(161) Archive regions: 0->0
[2022-04-04T17:55:31.262+0800][113.534s] GC(161) Humongous regions: 34->34
[2022-04-04T17:55:31.262+0800][113.534s] GC(161) Metaspace: 51182K(51888K)->51182K(51888K) NonClass: 45279K(45744K)->45279K(45744K) Class: 5902K(6144K)->5902K(6144K)
[2022-04-04T17:55:31.262+0800][113.534s] GC(161) Pause Young (Normal) (G1 Evacuation Pause) 446M->200M(512M) 4.617ms
[2022-04-04T17:55:31.262+0800][113.534s] GC(161) User=0.00s Sys=0.03s Real=0.00s
[2022-04-04T17:55:31.485+0800][113.756s] GC(162) Pause Young (Normal) (G1 Evacuation Pause)
[2022-04-04T17:55:31.485+0800][113.756s] GC(162) Using 8 workers of 8 for evacuation
[2022-04-04T17:55:31.489+0800][113.761s] GC(162)   Pre Evacuate Collection Set: 0.2ms
[2022-04-04T17:55:31.489+0800][113.761s] GC(162)   Merge Heap Roots: 0.2ms
[2022-04-04T17:55:31.489+0800][113.761s] GC(162)   Evacuate Collection Set: 2.6ms
[2022-04-04T17:55:31.490+0800][113.761s] GC(162)   Post Evacuate Collection Set: 1.3ms
[2022-04-04T17:55:31.490+0800][113.761s] GC(162)   Other: 0.4ms
[2022-04-04T17:55:31.490+0800][113.761s] GC(162) Eden regions: 245->0(244)
[2022-04-04T17:55:31.490+0800][113.761s] GC(162) Survivor regions: 13->14(33)
[2022-04-04T17:55:31.490+0800][113.761s] GC(162) Old regions: 154->154
[2022-04-04T17:55:31.490+0800][113.761s] GC(162) Archive regions: 0->0
[2022-04-04T17:55:31.490+0800][113.761s] GC(162) Humongous regions: 34->34
[2022-04-04T17:55:31.490+0800][113.761s] GC(162) Metaspace: 51182K(51888K)->51182K(51888K) NonClass: 45279K(45744K)->45279K(45744K) Class: 5902K(6144K)->5902K(6144K)
[2022-04-04T17:55:31.490+0800][113.761s] GC(162) Pause Young (Normal) (G1 Evacuation Pause) 445M->200M(512M) 5.433ms
[2022-04-04T17:55:31.490+0800][113.761s] GC(162) User=0.00s Sys=0.00s Real=0.01s
[2022-04-04T17:55:31.639+0800][113.911s] GC(163) Pause Young (Normal) (G1 Evacuation Pause)
[2022-04-04T17:55:31.639+0800][113.911s] GC(163) Using 8 workers of 8 for evacuation
[2022-04-04T17:55:31.643+0800][113.914s] GC(163)   Pre Evacuate Collection Set: 0.1ms
[2022-04-04T17:55:31.643+0800][113.914s] GC(163)   Merge Heap Roots: 0.1ms
[2022-04-04T17:55:31.643+0800][113.914s] GC(163)   Evacuate Collection Set: 2.0ms
[2022-04-04T17:55:31.643+0800][113.914s] GC(163)   Post Evacuate Collection Set: 0.8ms
[2022-04-04T17:55:31.643+0800][113.914s] GC(163)   Other: 0.2ms
[2022-04-04T17:55:31.643+0800][113.914s] GC(163) Eden regions: 244->0(244)
[2022-04-04T17:55:31.643+0800][113.914s] GC(163) Survivor regions: 14->14(33)
[2022-04-04T17:55:31.643+0800][113.914s] GC(163) Old regions: 154->154
[2022-04-04T17:55:31.643+0800][113.914s] GC(163) Archive regions: 0->0
[2022-04-04T17:55:31.643+0800][113.914s] GC(163) Humongous regions: 34->34
[2022-04-04T17:55:31.643+0800][113.914s] GC(163) Metaspace: 51182K(51888K)->51182K(51888K) NonClass: 45279K(45744K)->45279K(45744K) Class: 5902K(6144K)->5902K(6144K)
[2022-04-04T17:55:31.643+0800][113.914s] GC(163) Pause Young (Normal) (G1 Evacuation Pause) 444M->201M(512M) 3.592ms
[2022-04-04T17:55:31.643+0800][113.914s] GC(163) User=0.00s Sys=0.00s Real=0.00s
[2022-04-04T17:55:31.804+0800][114.075s] GC(164) Pause Young (Normal) (G1 Evacuation Pause)
[2022-04-04T17:55:31.804+0800][114.075s] GC(164) Using 8 workers of 8 for evacuation
[2022-04-04T17:55:31.807+0800][114.079s] GC(164)   Pre Evacuate Collection Set: 0.1ms
[2022-04-04T17:55:31.808+0800][114.079s] GC(164)   Merge Heap Roots: 0.2ms
[2022-04-04T17:55:31.808+0800][114.079s] GC(164)   Evacuate Collection Set: 2.1ms
[2022-04-04T17:55:31.808+0800][114.079s] GC(164)   Post Evacuate Collection Set: 0.9ms
[2022-04-04T17:55:31.808+0800][114.079s] GC(164)   Other: 0.3ms
[2022-04-04T17:55:31.808+0800][114.079s] GC(164) Eden regions: 244->0(241)
[2022-04-04T17:55:31.808+0800][114.079s] GC(164) Survivor regions: 14->15(33)
[2022-04-04T17:55:31.808+0800][114.079s] GC(164) Old regions: 154->155
[2022-04-04T17:55:31.808+0800][114.079s] GC(164) Archive regions: 0->0
[2022-04-04T17:55:31.808+0800][114.079s] GC(164) Humongous regions: 34->34
[2022-04-04T17:55:31.808+0800][114.079s] GC(164) Metaspace: 51182K(51888K)->51182K(51888K) NonClass: 45279K(45744K)->45279K(45744K) Class: 5902K(6144K)->5902K(6144K)
[2022-04-04T17:55:31.808+0800][114.079s] GC(164) Pause Young (Normal) (G1 Evacuation Pause) 445M->203M(512M) 4.108ms
[2022-04-04T17:55:31.808+0800][114.080s] GC(164) User=0.02s Sys=0.00s Real=0.00s
[2022-04-04T17:55:32.440+0800][114.711s] GC(165) Pause Young (Normal) (G1 Evacuation Pause)
[2022-04-04T17:55:32.440+0800][114.711s] GC(165) Using 8 workers of 8 for evacuation
[2022-04-04T17:55:32.444+0800][114.715s] GC(165)   Pre Evacuate Collection Set: 0.1ms
[2022-04-04T17:55:32.444+0800][114.715s] GC(165)   Merge Heap Roots: 0.2ms
[2022-04-04T17:55:32.444+0800][114.715s] GC(165)   Evacuate Collection Set: 2.5ms
[2022-04-04T17:55:32.444+0800][114.715s] GC(165)   Post Evacuate Collection Set: 0.9ms
[2022-04-04T17:55:32.444+0800][114.715s] GC(165)   Other: 0.2ms
[2022-04-04T17:55:32.444+0800][114.715s] GC(165) Eden regions: 241->0(240)
[2022-04-04T17:55:32.444+0800][114.715s] GC(165) Survivor regions: 15->15(32)
[2022-04-04T17:55:32.444+0800][114.715s] GC(165) Old regions: 155->156
[2022-04-04T17:55:32.444+0800][114.716s] GC(165) Archive regions: 0->0
[2022-04-04T17:55:32.444+0800][114.716s] GC(165) Humongous regions: 34->34
[2022-04-04T17:55:32.444+0800][114.716s] GC(165) Metaspace: 51187K(51888K)->51187K(51888K) NonClass: 45284K(45744K)->45284K(45744K) Class: 5902K(6144K)->5902K(6144K)
[2022-04-04T17:55:32.444+0800][114.716s] GC(165) Pause Young (Normal) (G1 Evacuation Pause) 444M->203M(512M) 4.300ms
[2022-04-04T17:55:32.444+0800][114.716s] GC(165) User=0.00s Sys=0.00s Real=0.00s
[2022-04-04T17:55:34.211+0800][116.483s] GC(166) Pause Young (Normal) (G1 Evacuation Pause)
[2022-04-04T17:55:34.211+0800][116.483s] GC(166) Using 8 workers of 8 for evacuation
[2022-04-04T17:55:34.216+0800][116.488s] GC(166)   Pre Evacuate Collection Set: 0.2ms
[2022-04-04T17:55:34.216+0800][116.488s] GC(166)   Merge Heap Roots: 0.2ms
[2022-04-04T17:55:34.216+0800][116.488s] GC(166)   Evacuate Collection Set: 2.7ms
[2022-04-04T17:55:34.217+0800][116.488s] GC(166)   Post Evacuate Collection Set: 1.4ms
[2022-04-04T17:55:34.217+0800][116.488s] GC(166)   Other: 0.4ms
[2022-04-04T17:55:34.217+0800][116.489s] GC(166) Eden regions: 240->0(242)
[2022-04-04T17:55:34.217+0800][116.489s] GC(166) Survivor regions: 15->14(32)
[2022-04-04T17:55:34.217+0800][116.489s] GC(166) Old regions: 156->156
[2022-04-04T17:55:34.217+0800][116.489s] GC(166) Archive regions: 0->0
[2022-04-04T17:55:34.217+0800][116.489s] GC(166) Humongous regions: 34->34
[2022-04-04T17:55:34.217+0800][116.489s] GC(166) Metaspace: 51187K(51888K)->51187K(51888K) NonClass: 45284K(45744K)->45284K(45744K) Class: 5902K(6144K)->5902K(6144K)
[2022-04-04T17:55:34.217+0800][116.489s] GC(166) Pause Young (Normal) (G1 Evacuation Pause) 443M->203M(512M) 5.657ms
[2022-04-04T17:55:34.217+0800][116.489s] GC(166) User=0.12s Sys=0.00s Real=0.01s
[2022-04-04T17:55:35.701+0800][117.973s] GC(167) Pause Young (Normal) (G1 Evacuation Pause)
[2022-04-04T17:55:35.701+0800][117.973s] GC(167) Using 8 workers of 8 for evacuation
[2022-04-04T17:55:35.704+0800][117.976s] GC(167)   Pre Evacuate Collection Set: 0.1ms
[2022-04-04T17:55:35.704+0800][117.976s] GC(167)   Merge Heap Roots: 0.2ms
[2022-04-04T17:55:35.705+0800][117.976s] GC(167)   Evacuate Collection Set: 2.1ms
[2022-04-04T17:55:35.705+0800][117.976s] GC(167)   Post Evacuate Collection Set: 0.7ms
[2022-04-04T17:55:35.705+0800][117.976s] GC(167)   Other: 0.2ms
[2022-04-04T17:55:35.705+0800][117.976s] GC(167) Eden regions: 242->0(241)
[2022-04-04T17:55:35.705+0800][117.976s] GC(167) Survivor regions: 14->14(32)
[2022-04-04T17:55:35.705+0800][117.976s] GC(167) Old regions: 156->157
[2022-04-04T17:55:35.705+0800][117.976s] GC(167) Archive regions: 0->0
[2022-04-04T17:55:35.705+0800][117.976s] GC(167) Humongous regions: 34->34
[2022-04-04T17:55:35.705+0800][117.976s] GC(167) Metaspace: 51187K(51888K)->51187K(51888K) NonClass: 45284K(45744K)->45284K(45744K) Class: 5902K(6144K)->5902K(6144K)
[2022-04-04T17:55:35.705+0800][117.977s] GC(167) Pause Young (Normal) (G1 Evacuation Pause) 445M->203M(512M) 3.765ms
[2022-04-04T17:55:35.705+0800][117.977s] GC(167) User=0.00s Sys=0.00s Real=0.00s
[2022-04-04T17:55:36.527+0800][118.799s] GC(168) Pause Young (Normal) (G1 Evacuation Pause)
[2022-04-04T17:55:36.527+0800][118.799s] GC(168) Using 8 workers of 8 for evacuation
[2022-04-04T17:55:36.531+0800][118.802s] GC(168)   Pre Evacuate Collection Set: 0.1ms
[2022-04-04T17:55:36.531+0800][118.802s] GC(168)   Merge Heap Roots: 0.2ms
[2022-04-04T17:55:36.531+0800][118.802s] GC(168)   Evacuate Collection Set: 2.0ms
[2022-04-04T17:55:36.531+0800][118.802s] GC(168)   Post Evacuate Collection Set: 0.8ms
[2022-04-04T17:55:36.531+0800][118.803s] GC(168)   Other: 0.2ms
[2022-04-04T17:55:36.531+0800][118.803s] GC(168) Eden regions: 241->0(242)
[2022-04-04T17:55:36.531+0800][118.803s] GC(168) Survivor regions: 14->13(32)
[2022-04-04T17:55:36.531+0800][118.803s] GC(168) Old regions: 157->158
[2022-04-04T17:55:36.531+0800][118.803s] GC(168) Archive regions: 0->0
[2022-04-04T17:55:36.531+0800][118.803s] GC(168) Humongous regions: 34->34
[2022-04-04T17:55:36.531+0800][118.803s] GC(168) Metaspace: 51187K(51888K)->51187K(51888K) NonClass: 45284K(45744K)->45284K(45744K) Class: 5902K(6144K)->5902K(6144K)
[2022-04-04T17:55:36.531+0800][118.803s] GC(168) Pause Young (Normal) (G1 Evacuation Pause) 444M->203M(512M) 3.595ms
[2022-04-04T17:55:36.531+0800][118.803s] GC(168) User=0.00s Sys=0.00s Real=0.00s
[2022-04-04T17:55:37.165+0800][119.437s] GC(169) Pause Young (Normal) (G1 Evacuation Pause)
[2022-04-04T17:55:37.165+0800][119.437s] GC(169) Using 8 workers of 8 for evacuation
[2022-04-04T17:55:37.169+0800][119.441s] GC(169)   Pre Evacuate Collection Set: 0.2ms
[2022-04-04T17:55:37.169+0800][119.441s] GC(169)   Merge Heap Roots: 0.2ms
[2022-04-04T17:55:37.169+0800][119.441s] GC(169)   Evacuate Collection Set: 2.3ms
[2022-04-04T17:55:37.169+0800][119.441s] GC(169)   Post Evacuate Collection Set: 1.1ms
[2022-04-04T17:55:37.169+0800][119.441s] GC(169)   Other: 0.3ms
[2022-04-04T17:55:37.169+0800][119.441s] GC(169) Eden regions: 242->0(240)
[2022-04-04T17:55:37.170+0800][119.441s] GC(169) Survivor regions: 13->14(32)
[2022-04-04T17:55:37.170+0800][119.441s] GC(169) Old regions: 158->158
[2022-04-04T17:55:37.170+0800][119.441s] GC(169) Archive regions: 0->0
[2022-04-04T17:55:37.170+0800][119.441s] GC(169) Humongous regions: 34->34
[2022-04-04T17:55:37.170+0800][119.441s] GC(169) Metaspace: 51189K(51888K)->51189K(51888K) NonClass: 45286K(45744K)->45286K(45744K) Class: 5902K(6144K)->5902K(6144K)
[2022-04-04T17:55:37.170+0800][119.442s] GC(169) Pause Young (Normal) (G1 Evacuation Pause) 445M->205M(512M) 4.746ms
[2022-04-04T17:55:37.170+0800][119.442s] GC(169) User=0.11s Sys=0.00s Real=0.01s
[2022-04-04T17:55:37.360+0800][119.632s] GC(170) Pause Young (Normal) (G1 Evacuation Pause)
[2022-04-04T17:55:37.360+0800][119.632s] GC(170) Using 8 workers of 8 for evacuation
[2022-04-04T17:55:37.364+0800][119.636s] GC(170)   Pre Evacuate Collection Set: 0.2ms
[2022-04-04T17:55:37.364+0800][119.636s] GC(170)   Merge Heap Roots: 0.2ms
[2022-04-04T17:55:37.364+0800][119.636s] GC(170)   Evacuate Collection Set: 2.2ms
[2022-04-04T17:55:37.364+0800][119.636s] GC(170)   Post Evacuate Collection Set: 1.1ms
[2022-04-04T17:55:37.364+0800][119.636s] GC(170)   Other: 0.3ms
[2022-04-04T17:55:37.364+0800][119.636s] GC(170) Eden regions: 240->0(239)
[2022-04-04T17:55:37.364+0800][119.636s] GC(170) Survivor regions: 14->14(32)
[2022-04-04T17:55:37.364+0800][119.636s] GC(170) Old regions: 158->159
[2022-04-04T17:55:37.364+0800][119.636s] GC(170) Archive regions: 0->0
[2022-04-04T17:55:37.364+0800][119.636s] GC(170) Humongous regions: 34->34
[2022-04-04T17:55:37.364+0800][119.636s] GC(170) Metaspace: 51189K(51888K)->51189K(51888K) NonClass: 45286K(45744K)->45286K(45744K) Class: 5902K(6144K)->5902K(6144K)
[2022-04-04T17:55:37.364+0800][119.636s] GC(170) Pause Young (Normal) (G1 Evacuation Pause) 445M->205M(512M) 4.597ms
[2022-04-04T17:55:37.364+0800][119.636s] GC(170) User=0.00s Sys=0.00s Real=0.00s
[2022-04-04T17:55:37.558+0800][119.830s] GC(171) Pause Young (Normal) (G1 Evacuation Pause)
[2022-04-04T17:55:37.558+0800][119.830s] GC(171) Using 8 workers of 8 for evacuation
[2022-04-04T17:55:37.561+0800][119.833s] GC(171)   Pre Evacuate Collection Set: 0.1ms
[2022-04-04T17:55:37.561+0800][119.833s] GC(171)   Merge Heap Roots: 0.1ms
[2022-04-04T17:55:37.561+0800][119.833s] GC(171)   Evacuate Collection Set: 2.0ms
[2022-04-04T17:55:37.561+0800][119.833s] GC(171)   Post Evacuate Collection Set: 0.6ms
[2022-04-04T17:55:37.561+0800][119.833s] GC(171)   Other: 0.2ms
[2022-04-04T17:55:37.561+0800][119.833s] GC(171) Eden regions: 239->0(239)
[2022-04-04T17:55:37.562+0800][119.833s] GC(171) Survivor regions: 14->14(32)
[2022-04-04T17:55:37.562+0800][119.833s] GC(171) Old regions: 159->159
[2022-04-04T17:55:37.562+0800][119.833s] GC(171) Archive regions: 0->0
[2022-04-04T17:55:37.562+0800][119.833s] GC(171) Humongous regions: 34->34
[2022-04-04T17:55:37.562+0800][119.833s] GC(171) Metaspace: 51189K(51888K)->51189K(51888K) NonClass: 45286K(45744K)->45286K(45744K) Class: 5902K(6144K)->5902K(6144K)
[2022-04-04T17:55:37.562+0800][119.833s] GC(171) Pause Young (Normal) (G1 Evacuation Pause) 444M->206M(512M) 3.329ms
[2022-04-04T17:55:37.562+0800][119.833s] GC(171) User=0.00s Sys=0.00s Real=0.00s
[2022-04-04T17:55:37.728+0800][119.999s] GC(172) Pause Young (Normal) (G1 Evacuation Pause)
[2022-04-04T17:55:37.728+0800][119.999s] GC(172) Using 8 workers of 8 for evacuation
[2022-04-04T17:55:37.731+0800][120.003s] GC(172)   Pre Evacuate Collection Set: 0.2ms
[2022-04-04T17:55:37.732+0800][120.003s] GC(172)   Merge Heap Roots: 0.1ms
[2022-04-04T17:55:37.732+0800][120.003s] GC(172)   Evacuate Collection Set: 2.3ms
[2022-04-04T17:55:37.732+0800][120.003s] GC(172)   Post Evacuate Collection Set: 1.0ms
[2022-04-04T17:55:37.732+0800][120.003s] GC(172)   Other: 0.3ms
[2022-04-04T17:55:37.732+0800][120.004s] GC(172) Eden regions: 239->0(238)
[2022-04-04T17:55:37.732+0800][120.004s] GC(172) Survivor regions: 14->14(32)
[2022-04-04T17:55:37.732+0800][120.004s] GC(172) Old regions: 159->160
[2022-04-04T17:55:37.732+0800][120.004s] GC(172) Archive regions: 0->0
[2022-04-04T17:55:37.732+0800][120.004s] GC(172) Humongous regions: 34->34
[2022-04-04T17:55:37.732+0800][120.004s] GC(172) Metaspace: 51189K(51888K)->51189K(51888K) NonClass: 45286K(45744K)->45286K(45744K) Class: 5902K(6144K)->5902K(6144K)
[2022-04-04T17:55:37.732+0800][120.004s] GC(172) Pause Young (Normal) (G1 Evacuation Pause) 445M->207M(512M) 4.480ms
[2022-04-04T17:55:37.732+0800][120.004s] GC(172) User=0.12s Sys=0.00s Real=0.00s
[2022-04-04T17:55:37.933+0800][120.205s] GC(173) Pause Young (Normal) (G1 Evacuation Pause)
[2022-04-04T17:55:37.933+0800][120.205s] GC(173) Using 8 workers of 8 for evacuation
[2022-04-04T17:55:37.937+0800][120.208s] GC(173)   Pre Evacuate Collection Set: 0.1ms
[2022-04-04T17:55:37.937+0800][120.209s] GC(173)   Merge Heap Roots: 0.2ms
[2022-04-04T17:55:37.937+0800][120.209s] GC(173)   Evacuate Collection Set: 2.5ms
[2022-04-04T17:55:37.937+0800][120.209s] GC(173)   Post Evacuate Collection Set: 0.8ms
[2022-04-04T17:55:37.937+0800][120.209s] GC(173)   Other: 0.2ms
[2022-04-04T17:55:37.937+0800][120.209s] GC(173) Eden regions: 238->0(236)
[2022-04-04T17:55:37.937+0800][120.209s] GC(173) Survivor regions: 14->14(32)
[2022-04-04T17:55:37.937+0800][120.209s] GC(173) Old regions: 160->161
[2022-04-04T17:55:37.937+0800][120.209s] GC(173) Archive regions: 0->0
[2022-04-04T17:55:37.937+0800][120.209s] GC(173) Humongous regions: 35->35
[2022-04-04T17:55:37.937+0800][120.209s] GC(173) Metaspace: 51189K(51888K)->51189K(51888K) NonClass: 45286K(45744K)->45286K(45744K) Class: 5902K(6144K)->5902K(6144K)
[2022-04-04T17:55:37.937+0800][120.209s] GC(173) Pause Young (Normal) (G1 Evacuation Pause) 446M->208M(512M) 4.181ms
[2022-04-04T17:55:37.937+0800][120.209s] GC(173) User=0.00s Sys=0.00s Real=0.00s
[2022-04-04T17:55:38.067+0800][120.339s] GC(174) Pause Young (Normal) (G1 Evacuation Pause)
[2022-04-04T17:55:38.067+0800][120.339s] GC(174) Using 8 workers of 8 for evacuation
[2022-04-04T17:55:38.072+0800][120.343s] GC(174)   Pre Evacuate Collection Set: 0.2ms
[2022-04-04T17:55:38.072+0800][120.344s] GC(174)   Merge Heap Roots: 0.2ms
[2022-04-04T17:55:38.072+0800][120.344s] GC(174)   Evacuate Collection Set: 2.4ms
[2022-04-04T17:55:38.072+0800][120.344s] GC(174)   Post Evacuate Collection Set: 1.1ms
[2022-04-04T17:55:38.072+0800][120.344s] GC(174)   Other: 0.3ms
[2022-04-04T17:55:38.072+0800][120.344s] GC(174) Eden regions: 236->0(234)
[2022-04-04T17:55:38.072+0800][120.344s] GC(174) Survivor regions: 14->15(32)
[2022-04-04T17:55:38.072+0800][120.344s] GC(174) Old regions: 161->161
[2022-04-04T17:55:38.072+0800][120.344s] GC(174) Archive regions: 0->0
[2022-04-04T17:55:38.072+0800][120.344s] GC(174) Humongous regions: 35->35
[2022-04-04T17:55:38.072+0800][120.344s] GC(174) Metaspace: 51189K(51888K)->51189K(51888K) NonClass: 45286K(45744K)->45286K(45744K) Class: 5902K(6144K)->5902K(6144K)
[2022-04-04T17:55:38.072+0800][120.344s] GC(174) Pause Young (Normal) (G1 Evacuation Pause) 444M->210M(512M) 4.701ms
[2022-04-04T17:55:38.072+0800][120.344s] GC(174) User=0.00s Sys=0.00s Real=0.01s
[2022-04-04T17:55:38.255+0800][120.526s] GC(175) Pause Young (Normal) (G1 Evacuation Pause)
[2022-04-04T17:55:38.255+0800][120.526s] GC(175) Using 8 workers of 8 for evacuation
[2022-04-04T17:55:38.259+0800][120.530s] GC(175)   Pre Evacuate Collection Set: 0.1ms
[2022-04-04T17:55:38.259+0800][120.530s] GC(175)   Merge Heap Roots: 0.2ms
[2022-04-04T17:55:38.259+0800][120.530s] GC(175)   Evacuate Collection Set: 2.3ms
[2022-04-04T17:55:38.259+0800][120.530s] GC(175)   Post Evacuate Collection Set: 0.8ms
[2022-04-04T17:55:38.259+0800][120.530s] GC(175)   Other: 0.2ms
[2022-04-04T17:55:38.259+0800][120.530s] GC(175) Eden regions: 234->0(231)
[2022-04-04T17:55:38.259+0800][120.530s] GC(175) Survivor regions: 15->16(32)
[2022-04-04T17:55:38.259+0800][120.530s] GC(175) Old regions: 161->162
[2022-04-04T17:55:38.259+0800][120.530s] GC(175) Archive regions: 0->0
[2022-04-04T17:55:38.259+0800][120.530s] GC(175) Humongous regions: 35->35
[2022-04-04T17:55:38.259+0800][120.531s] GC(175) Metaspace: 51189K(51888K)->51189K(51888K) NonClass: 45286K(45744K)->45286K(45744K) Class: 5902K(6144K)->5902K(6144K)
[2022-04-04T17:55:38.259+0800][120.531s] GC(175) Pause Young (Normal) (G1 Evacuation Pause) 444M->211M(512M) 4.150ms
[2022-04-04T17:55:38.259+0800][120.531s] GC(175) User=0.00s Sys=0.00s Real=0.00s
[2022-04-04T17:55:38.454+0800][120.726s] GC(176) Pause Young (Normal) (G1 Evacuation Pause)
[2022-04-04T17:55:38.454+0800][120.726s] GC(176) Using 8 workers of 8 for evacuation
[2022-04-04T17:55:38.459+0800][120.731s] GC(176)   Pre Evacuate Collection Set: 0.2ms
[2022-04-04T17:55:38.459+0800][120.731s] GC(176)   Merge Heap Roots: 0.3ms
[2022-04-04T17:55:38.459+0800][120.731s] GC(176)   Evacuate Collection Set: 2.7ms
[2022-04-04T17:55:38.459+0800][120.731s] GC(176)   Post Evacuate Collection Set: 1.3ms
[2022-04-04T17:55:38.459+0800][120.731s] GC(176)   Other: 0.4ms
[2022-04-04T17:55:38.459+0800][120.731s] GC(176) Eden regions: 231->0(229)
[2022-04-04T17:55:38.459+0800][120.731s] GC(176) Survivor regions: 16->17(31)
[2022-04-04T17:55:38.459+0800][120.731s] GC(176) Old regions: 162->162
[2022-04-04T17:55:38.459+0800][120.732s] GC(176) Archive regions: 0->0
[2022-04-04T17:55:38.460+0800][120.732s] GC(176) Humongous regions: 35->35
[2022-04-04T17:55:38.460+0800][120.732s] GC(176) Metaspace: 51189K(51888K)->51189K(51888K) NonClass: 45286K(45744K)->45286K(45744K) Class: 5902K(6144K)->5902K(6144K)
[2022-04-04T17:55:38.460+0800][120.732s] GC(176) Pause Young (Normal) (G1 Evacuation Pause) 442M->212M(512M) 5.546ms
[2022-04-04T17:55:38.460+0800][120.732s] GC(176) User=0.00s Sys=0.00s Real=0.01s
[2022-04-04T17:55:38.677+0800][120.948s] GC(177) Pause Young (Normal) (G1 Evacuation Pause)
[2022-04-04T17:55:38.677+0800][120.948s] GC(177) Using 8 workers of 8 for evacuation
[2022-04-04T17:55:38.681+0800][120.953s] GC(177)   Pre Evacuate Collection Set: 0.2ms
[2022-04-04T17:55:38.681+0800][120.953s] GC(177)   Merge Heap Roots: 0.2ms
[2022-04-04T17:55:38.681+0800][120.953s] GC(177)   Evacuate Collection Set: 2.5ms
[2022-04-04T17:55:38.681+0800][120.953s] GC(177)   Post Evacuate Collection Set: 1.2ms
[2022-04-04T17:55:38.681+0800][120.953s] GC(177)   Other: 0.4ms
[2022-04-04T17:55:38.681+0800][120.953s] GC(177) Eden regions: 229->0(230)
[2022-04-04T17:55:38.682+0800][120.953s] GC(177) Survivor regions: 17->16(31)
[2022-04-04T17:55:38.682+0800][120.953s] GC(177) Old regions: 162->163
[2022-04-04T17:55:38.682+0800][120.953s] GC(177) Archive regions: 0->0
[2022-04-04T17:55:38.682+0800][120.953s] GC(177) Humongous regions: 35->35
[2022-04-04T17:55:38.682+0800][120.953s] GC(177) Metaspace: 51189K(51888K)->51189K(51888K) NonClass: 45286K(45744K)->45286K(45744K) Class: 5902K(6144K)->5902K(6144K)
[2022-04-04T17:55:38.682+0800][120.953s] GC(177) Pause Young (Normal) (G1 Evacuation Pause) 441M->212M(512M) 5.069ms
[2022-04-04T17:55:38.682+0800][120.953s] GC(177) User=0.00s Sys=0.00s Real=0.00s
[2022-04-04T17:55:38.901+0800][121.173s] GC(178) Pause Young (Normal) (G1 Evacuation Pause)
[2022-04-04T17:55:38.901+0800][121.173s] GC(178) Using 8 workers of 8 for evacuation
[2022-04-04T17:55:38.906+0800][121.177s] GC(178)   Pre Evacuate Collection Set: 0.2ms
[2022-04-04T17:55:38.906+0800][121.178s] GC(178)   Merge Heap Roots: 0.2ms
[2022-04-04T17:55:38.906+0800][121.178s] GC(178)   Evacuate Collection Set: 2.8ms
[2022-04-04T17:55:38.906+0800][121.178s] GC(178)   Post Evacuate Collection Set: 1.2ms
[2022-04-04T17:55:38.906+0800][121.178s] GC(178)   Other: 0.3ms
[2022-04-04T17:55:38.906+0800][121.178s] GC(178) Eden regions: 230->0(229)
[2022-04-04T17:55:38.906+0800][121.178s] GC(178) Survivor regions: 16->16(31)
[2022-04-04T17:55:38.906+0800][121.178s] GC(178) Old regions: 163->164
[2022-04-04T17:55:38.907+0800][121.178s] GC(178) Archive regions: 0->0
[2022-04-04T17:55:38.907+0800][121.178s] GC(178) Humongous regions: 35->35
[2022-04-04T17:55:38.907+0800][121.178s] GC(178) Metaspace: 51189K(51888K)->51189K(51888K) NonClass: 45286K(45744K)->45286K(45744K) Class: 5902K(6144K)->5902K(6144K)
[2022-04-04T17:55:38.907+0800][121.178s] GC(178) Pause Young (Normal) (G1 Evacuation Pause) 442M->213M(512M) 5.534ms
[2022-04-04T17:55:38.907+0800][121.178s] GC(178) User=0.00s Sys=0.00s Real=0.01s
[2022-04-04T17:55:39.113+0800][121.384s] GC(179) Pause Young (Normal) (G1 Evacuation Pause)
[2022-04-04T17:55:39.113+0800][121.384s] GC(179) Using 8 workers of 8 for evacuation
[2022-04-04T17:55:39.117+0800][121.388s] GC(179)   Pre Evacuate Collection Set: 0.2ms
[2022-04-04T17:55:39.117+0800][121.388s] GC(179)   Merge Heap Roots: 0.2ms
[2022-04-04T17:55:39.117+0800][121.388s] GC(179)   Evacuate Collection Set: 2.4ms
[2022-04-04T17:55:39.117+0800][121.389s] GC(179)   Post Evacuate Collection Set: 1.2ms
[2022-04-04T17:55:39.117+0800][121.389s] GC(179)   Other: 0.3ms
[2022-04-04T17:55:39.117+0800][121.389s] GC(179) Eden regions: 229->0(231)
[2022-04-04T17:55:39.117+0800][121.389s] GC(179) Survivor regions: 16->14(31)
[2022-04-04T17:55:39.117+0800][121.389s] GC(179) Old regions: 164->165
[2022-04-04T17:55:39.117+0800][121.389s] GC(179) Archive regions: 0->0
[2022-04-04T17:55:39.117+0800][121.389s] GC(179) Humongous regions: 37->36
[2022-04-04T17:55:39.117+0800][121.389s] GC(179) Metaspace: 51189K(51888K)->51189K(51888K) NonClass: 45286K(45744K)->45286K(45744K) Class: 5902K(6144K)->5902K(6144K)
[2022-04-04T17:55:39.117+0800][121.389s] GC(179) Pause Young (Normal) (G1 Evacuation Pause) 444M->214M(512M) 4.768ms
[2022-04-04T17:55:39.117+0800][121.389s] GC(179) User=0.00s Sys=0.00s Real=0.00s
[2022-04-04T17:55:39.315+0800][121.587s] GC(180) Pause Young (Normal) (G1 Evacuation Pause)
[2022-04-04T17:55:39.315+0800][121.587s] GC(180) Using 8 workers of 8 for evacuation
[2022-04-04T17:55:39.319+0800][121.591s] GC(180)   Pre Evacuate Collection Set: 0.2ms
[2022-04-04T17:55:39.319+0800][121.591s] GC(180)   Merge Heap Roots: 0.2ms
[2022-04-04T17:55:39.319+0800][121.591s] GC(180)   Evacuate Collection Set: 2.3ms
[2022-04-04T17:55:39.319+0800][121.591s] GC(180)   Post Evacuate Collection Set: 1.2ms
[2022-04-04T17:55:39.320+0800][121.591s] GC(180)   Other: 0.3ms
[2022-04-04T17:55:39.320+0800][121.591s] GC(180) Eden regions: 231->0(230)
[2022-04-04T17:55:39.320+0800][121.591s] GC(180) Survivor regions: 14->11(31)
[2022-04-04T17:55:39.320+0800][121.591s] GC(180) Old regions: 165->169
[2022-04-04T17:55:39.320+0800][121.591s] GC(180) Archive regions: 0->0
[2022-04-04T17:55:39.320+0800][121.591s] GC(180) Humongous regions: 37->37
[2022-04-04T17:55:39.320+0800][121.591s] GC(180) Metaspace: 51189K(51888K)->51189K(51888K) NonClass: 45286K(45744K)->45286K(45744K) Class: 5902K(6144K)->5902K(6144K)
[2022-04-04T17:55:39.320+0800][121.591s] GC(180) Pause Young (Normal) (G1 Evacuation Pause) 446M->216M(512M) 4.683ms
[2022-04-04T17:55:39.320+0800][121.591s] GC(180) User=0.00s Sys=0.00s Real=0.00s
[2022-04-04T17:55:39.508+0800][121.779s] GC(181) Pause Young (Normal) (G1 Evacuation Pause)
[2022-04-04T17:55:39.508+0800][121.779s] GC(181) Using 8 workers of 8 for evacuation
[2022-04-04T17:55:39.511+0800][121.783s] GC(181)   Pre Evacuate Collection Set: 0.2ms
[2022-04-04T17:55:39.512+0800][121.783s] GC(181)   Merge Heap Roots: 0.2ms
[2022-04-04T17:55:39.512+0800][121.783s] GC(181)   Evacuate Collection Set: 2.0ms
[2022-04-04T17:55:39.512+0800][121.783s] GC(181)   Post Evacuate Collection Set: 1.0ms
[2022-04-04T17:55:39.512+0800][121.783s] GC(181)   Other: 0.3ms
[2022-04-04T17:55:39.512+0800][121.783s] GC(181) Eden regions: 230->0(230)
[2022-04-04T17:55:39.512+0800][121.783s] GC(181) Survivor regions: 11->12(31)
[2022-04-04T17:55:39.512+0800][121.783s] GC(181) Old regions: 169->169
[2022-04-04T17:55:39.512+0800][121.783s] GC(181) Archive regions: 0->0
[2022-04-04T17:55:39.512+0800][121.783s] GC(181) Humongous regions: 37->37
[2022-04-04T17:55:39.512+0800][121.783s] GC(181) Metaspace: 51189K(51888K)->51189K(51888K) NonClass: 45286K(45744K)->45286K(45744K) Class: 5902K(6144K)->5902K(6144K)
[2022-04-04T17:55:39.512+0800][121.783s] GC(181) Pause Young (Normal) (G1 Evacuation Pause) 446M->217M(512M) 4.280ms
[2022-04-04T17:55:39.512+0800][121.783s] GC(181) User=0.02s Sys=0.00s Real=0.00s
[2022-04-04T17:55:39.662+0800][121.933s] GC(182) Pause Young (Normal) (G1 Evacuation Pause)
[2022-04-04T17:55:39.662+0800][121.933s] GC(182) Using 8 workers of 8 for evacuation
[2022-04-04T17:55:39.665+0800][121.937s] GC(182)   Pre Evacuate Collection Set: 0.1ms
[2022-04-04T17:55:39.665+0800][121.937s] GC(182)   Merge Heap Roots: 0.2ms
[2022-04-04T17:55:39.665+0800][121.937s] GC(182)   Evacuate Collection Set: 2.0ms
[2022-04-04T17:55:39.665+0800][121.937s] GC(182)   Post Evacuate Collection Set: 1.1ms
[2022-04-04T17:55:39.665+0800][121.937s] GC(182)   Other: 0.3ms
[2022-04-04T17:55:39.665+0800][121.937s] GC(182) Eden regions: 230->0(228)
[2022-04-04T17:55:39.666+0800][121.937s] GC(182) Survivor regions: 12->13(31)
[2022-04-04T17:55:39.666+0800][121.937s] GC(182) Old regions: 169->169
[2022-04-04T17:55:39.666+0800][121.937s] GC(182) Archive regions: 0->0
[2022-04-04T17:55:39.666+0800][121.937s] GC(182) Humongous regions: 37->37
[2022-04-04T17:55:39.666+0800][121.938s] GC(182) Metaspace: 51189K(51888K)->51189K(51888K) NonClass: 45286K(45744K)->45286K(45744K) Class: 5902K(6144K)->5902K(6144K)
[2022-04-04T17:55:39.666+0800][121.938s] GC(182) Pause Young (Normal) (G1 Evacuation Pause) 447M->218M(512M) 4.262ms
[2022-04-04T17:55:39.666+0800][121.938s] GC(182) User=0.00s Sys=0.00s Real=0.00s
[2022-04-04T17:55:39.858+0800][122.130s] GC(183) Pause Young (Normal) (G1 Evacuation Pause)
[2022-04-04T17:55:39.858+0800][122.130s] GC(183) Using 8 workers of 8 for evacuation
[2022-04-04T17:55:39.862+0800][122.134s] GC(183)   Pre Evacuate Collection Set: 0.2ms
[2022-04-04T17:55:39.862+0800][122.134s] GC(183)   Merge Heap Roots: 0.2ms
[2022-04-04T17:55:39.862+0800][122.134s] GC(183)   Evacuate Collection Set: 2.2ms
[2022-04-04T17:55:39.862+0800][122.134s] GC(183)   Post Evacuate Collection Set: 1.1ms
[2022-04-04T17:55:39.862+0800][122.134s] GC(183)   Other: 0.6ms
[2022-04-04T17:55:39.862+0800][122.134s] GC(183) Eden regions: 228->0(226)
[2022-04-04T17:55:39.862+0800][122.134s] GC(183) Survivor regions: 13->14(31)
[2022-04-04T17:55:39.862+0800][122.134s] GC(183) Old regions: 169->169
[2022-04-04T17:55:39.862+0800][122.134s] GC(183) Archive regions: 0->0
[2022-04-04T17:55:39.862+0800][122.134s] GC(183) Humongous regions: 37->37
[2022-04-04T17:55:39.862+0800][122.134s] GC(183) Metaspace: 51189K(51888K)->51189K(51888K) NonClass: 45286K(45744K)->45286K(45744K) Class: 5902K(6144K)->5902K(6144K)
[2022-04-04T17:55:39.863+0800][122.134s] GC(183) Pause Young (Normal) (G1 Evacuation Pause) 446M->219M(512M) 4.863ms
[2022-04-04T17:55:39.863+0800][122.134s] GC(183) User=0.00s Sys=0.00s Real=0.00s
[2022-04-04T17:55:40.005+0800][122.276s] GC(184) Pause Young (Normal) (G1 Evacuation Pause)
[2022-04-04T17:55:40.005+0800][122.276s] GC(184) Using 8 workers of 8 for evacuation
[2022-04-04T17:55:40.008+0800][122.279s] GC(184)   Pre Evacuate Collection Set: 0.1ms
[2022-04-04T17:55:40.008+0800][122.280s] GC(184)   Merge Heap Roots: 0.1ms
[2022-04-04T17:55:40.008+0800][122.280s] GC(184)   Evacuate Collection Set: 2.1ms
[2022-04-04T17:55:40.008+0800][122.280s] GC(184)   Post Evacuate Collection Set: 0.8ms
[2022-04-04T17:55:40.008+0800][122.280s] GC(184)   Other: 0.2ms
[2022-04-04T17:55:40.008+0800][122.280s] GC(184) Eden regions: 226->0(225)
[2022-04-04T17:55:40.008+0800][122.280s] GC(184) Survivor regions: 14->14(30)
[2022-04-04T17:55:40.008+0800][122.280s] GC(184) Old regions: 169->170
[2022-04-04T17:55:40.008+0800][122.280s] GC(184) Archive regions: 0->0
[2022-04-04T17:55:40.008+0800][122.280s] GC(184) Humongous regions: 37->37
[2022-04-04T17:55:40.008+0800][122.280s] GC(184) Metaspace: 51189K(51888K)->51189K(51888K) NonClass: 45286K(45744K)->45286K(45744K) Class: 5902K(6144K)->5902K(6144K)
[2022-04-04T17:55:40.008+0800][122.280s] GC(184) Pause Young (Normal) (G1 Evacuation Pause) 445M->220M(512M) 3.707ms
[2022-04-04T17:55:40.008+0800][122.280s] GC(184) User=0.00s Sys=0.00s Real=0.00s
[2022-04-04T17:55:40.142+0800][122.413s] GC(185) Pause Young (Normal) (G1 Evacuation Pause)
[2022-04-04T17:55:40.142+0800][122.413s] GC(185) Using 8 workers of 8 for evacuation
[2022-04-04T17:55:40.144+0800][122.416s] GC(185)   Pre Evacuate Collection Set: 0.1ms
[2022-04-04T17:55:40.144+0800][122.416s] GC(185)   Merge Heap Roots: 0.1ms
[2022-04-04T17:55:40.144+0800][122.416s] GC(185)   Evacuate Collection Set: 2.0ms
[2022-04-04T17:55:40.144+0800][122.416s] GC(185)   Post Evacuate Collection Set: 0.7ms
[2022-04-04T17:55:40.144+0800][122.416s] GC(185)   Other: 0.2ms
[2022-04-04T17:55:40.144+0800][122.416s] GC(185) Eden regions: 225->0(224)
[2022-04-04T17:55:40.144+0800][122.416s] GC(185) Survivor regions: 14->14(30)
[2022-04-04T17:55:40.144+0800][122.416s] GC(185) Old regions: 170->171
[2022-04-04T17:55:40.144+0800][122.417s] GC(185) Archive regions: 0->0
[2022-04-04T17:55:40.144+0800][122.417s] GC(185) Humongous regions: 37->37
[2022-04-04T17:55:40.145+0800][122.417s] GC(185) Metaspace: 51189K(51888K)->51189K(51888K) NonClass: 45286K(45744K)->45286K(45744K) Class: 5902K(6144K)->5902K(6144K)
[2022-04-04T17:55:40.145+0800][122.417s] GC(185) Pause Young (Normal) (G1 Evacuation Pause) 445M->220M(512M) 3.555ms
[2022-04-04T17:55:40.145+0800][122.417s] GC(185) User=0.00s Sys=0.00s Real=0.00s
[2022-04-04T17:55:40.427+0800][122.699s] GC(186) Pause Young (Normal) (G1 Evacuation Pause)
[2022-04-04T17:55:40.427+0800][122.699s] GC(186) Using 8 workers of 8 for evacuation
[2022-04-04T17:55:40.431+0800][122.702s] GC(186)   Pre Evacuate Collection Set: 0.1ms
[2022-04-04T17:55:40.431+0800][122.703s] GC(186)   Merge Heap Roots: 0.2ms
[2022-04-04T17:55:40.431+0800][122.703s] GC(186)   Evacuate Collection Set: 2.4ms
[2022-04-04T17:55:40.431+0800][122.703s] GC(186)   Post Evacuate Collection Set: 0.9ms
[2022-04-04T17:55:40.431+0800][122.703s] GC(186)   Other: 0.2ms
[2022-04-04T17:55:40.431+0800][122.703s] GC(186) Eden regions: 224->0(224)
[2022-04-04T17:55:40.431+0800][122.703s] GC(186) Survivor regions: 14->14(30)
[2022-04-04T17:55:40.431+0800][122.703s] GC(186) Old regions: 171->171
[2022-04-04T17:55:40.431+0800][122.703s] GC(186) Archive regions: 0->0
[2022-04-04T17:55:40.431+0800][122.703s] GC(186) Humongous regions: 37->37
[2022-04-04T17:55:40.431+0800][122.703s] GC(186) Metaspace: 51190K(51888K)->51190K(51888K) NonClass: 45288K(45744K)->45288K(45744K) Class: 5902K(6144K)->5902K(6144K)
[2022-04-04T17:55:40.431+0800][122.703s] GC(186) Pause Young (Normal) (G1 Evacuation Pause) 444M->221M(512M) 4.396ms
[2022-04-04T17:55:40.431+0800][122.703s] GC(186) User=0.00s Sys=0.00s Real=0.00s
[2022-04-04T17:55:41.823+0800][124.095s] GC(187) Pause Young (Normal) (G1 Evacuation Pause)
[2022-04-04T17:55:41.823+0800][124.095s] GC(187) Using 8 workers of 8 for evacuation
[2022-04-04T17:55:41.826+0800][124.098s] GC(187)   Pre Evacuate Collection Set: 0.1ms
[2022-04-04T17:55:41.827+0800][124.098s] GC(187)   Merge Heap Roots: 0.2ms
[2022-04-04T17:55:41.827+0800][124.098s] GC(187)   Evacuate Collection Set: 2.4ms
[2022-04-04T17:55:41.827+0800][124.098s] GC(187)   Post Evacuate Collection Set: 0.8ms
[2022-04-04T17:55:41.827+0800][124.099s] GC(187)   Other: 0.2ms
[2022-04-04T17:55:41.827+0800][124.099s] GC(187) Eden regions: 224->0(223)
[2022-04-04T17:55:41.827+0800][124.099s] GC(187) Survivor regions: 14->14(30)
[2022-04-04T17:55:41.827+0800][124.099s] GC(187) Old regions: 171->172
[2022-04-04T17:55:41.827+0800][124.099s] GC(187) Archive regions: 0->0
[2022-04-04T17:55:41.827+0800][124.099s] GC(187) Humongous regions: 37->37
[2022-04-04T17:55:41.827+0800][124.099s] GC(187) Metaspace: 51190K(51888K)->51190K(51888K) NonClass: 45288K(45744K)->45288K(45744K) Class: 5902K(6144K)->5902K(6144K)
[2022-04-04T17:55:41.827+0800][124.099s] GC(187) Pause Young (Normal) (G1 Evacuation Pause) 445M->222M(512M) 4.250ms
[2022-04-04T17:55:41.827+0800][124.099s] GC(187) User=0.00s Sys=0.00s Real=0.00s
[2022-04-04T17:55:43.519+0800][125.791s] GC(188) Pause Young (Normal) (G1 Evacuation Pause)
[2022-04-04T17:55:43.519+0800][125.791s] GC(188) Using 8 workers of 8 for evacuation
[2022-04-04T17:55:43.522+0800][125.794s] GC(188)   Pre Evacuate Collection Set: 0.1ms
[2022-04-04T17:55:43.522+0800][125.794s] GC(188)   Merge Heap Roots: 0.2ms
[2022-04-04T17:55:43.522+0800][125.794s] GC(188)   Evacuate Collection Set: 2.2ms
[2022-04-04T17:55:43.522+0800][125.794s] GC(188)   Post Evacuate Collection Set: 0.8ms
[2022-04-04T17:55:43.522+0800][125.794s] GC(188)   Other: 0.2ms
[2022-04-04T17:55:43.522+0800][125.794s] GC(188) Eden regions: 223->0(224)
[2022-04-04T17:55:43.522+0800][125.794s] GC(188) Survivor regions: 14->13(30)
[2022-04-04T17:55:43.522+0800][125.794s] GC(188) Old regions: 172->173
[2022-04-04T17:55:43.522+0800][125.794s] GC(188) Archive regions: 0->0
[2022-04-04T17:55:43.522+0800][125.794s] GC(188) Humongous regions: 37->37
[2022-04-04T17:55:43.522+0800][125.794s] GC(188) Metaspace: 51190K(51888K)->51190K(51888K) NonClass: 45288K(45744K)->45288K(45744K) Class: 5902K(6144K)->5902K(6144K)
[2022-04-04T17:55:43.522+0800][125.794s] GC(188) Pause Young (Normal) (G1 Evacuation Pause) 445M->222M(512M) 3.767ms
[2022-04-04T17:55:43.522+0800][125.794s] GC(188) User=0.00s Sys=0.00s Real=0.00s
[2022-04-04T17:55:44.878+0800][127.150s] GC(189) Pause Young (Normal) (G1 Evacuation Pause)
[2022-04-04T17:55:44.878+0800][127.150s] GC(189) Using 8 workers of 8 for evacuation
[2022-04-04T17:55:44.882+0800][127.154s] GC(189)   Pre Evacuate Collection Set: 0.2ms
[2022-04-04T17:55:44.882+0800][127.154s] GC(189)   Merge Heap Roots: 0.2ms
[2022-04-04T17:55:44.882+0800][127.154s] GC(189)   Evacuate Collection Set: 2.3ms
[2022-04-04T17:55:44.882+0800][127.154s] GC(189)   Post Evacuate Collection Set: 0.9ms
[2022-04-04T17:55:44.882+0800][127.155s] GC(189)   Other: 0.3ms
[2022-04-04T17:55:44.882+0800][127.155s] GC(189) Eden regions: 224->0(224)
[2022-04-04T17:55:44.883+0800][127.155s] GC(189) Survivor regions: 13->13(30)
[2022-04-04T17:55:44.883+0800][127.155s] GC(189) Old regions: 173->173
[2022-04-04T17:55:44.883+0800][127.155s] GC(189) Archive regions: 0->0
[2022-04-04T17:55:44.883+0800][127.155s] GC(189) Humongous regions: 37->37
[2022-04-04T17:55:44.883+0800][127.155s] GC(189) Metaspace: 51197K(51888K)->51197K(51888K) NonClass: 45295K(45744K)->45295K(45744K) Class: 5902K(6144K)->5902K(6144K)
[2022-04-04T17:55:44.883+0800][127.155s] GC(189) Pause Young (Normal) (G1 Evacuation Pause) 446M->222M(512M) 5.061ms
[2022-04-04T17:55:44.883+0800][127.155s] GC(189) User=0.00s Sys=0.00s Real=0.00s
[2022-04-04T17:55:45.699+0800][127.971s] GC(190) Pause Young (Normal) (G1 Evacuation Pause)
[2022-04-04T17:55:45.699+0800][127.971s] GC(190) Using 8 workers of 8 for evacuation
[2022-04-04T17:55:45.703+0800][127.974s] GC(190)   Pre Evacuate Collection Set: 0.2ms
[2022-04-04T17:55:45.703+0800][127.974s] GC(190)   Merge Heap Roots: 0.2ms
[2022-04-04T17:55:45.703+0800][127.975s] GC(190)   Evacuate Collection Set: 1.9ms
[2022-04-04T17:55:45.703+0800][127.975s] GC(190)   Post Evacuate Collection Set: 1.2ms
[2022-04-04T17:55:45.703+0800][127.975s] GC(190)   Other: 0.3ms
[2022-04-04T17:55:45.703+0800][127.975s] GC(190) Eden regions: 224->0(223)
[2022-04-04T17:55:45.703+0800][127.975s] GC(190) Survivor regions: 13->13(30)
[2022-04-04T17:55:45.703+0800][127.975s] GC(190) Old regions: 173->174
[2022-04-04T17:55:45.703+0800][127.975s] GC(190) Archive regions: 0->0
[2022-04-04T17:55:45.703+0800][127.975s] GC(190) Humongous regions: 37->37
[2022-04-04T17:55:45.704+0800][127.975s] GC(190) Metaspace: 51201K(51888K)->51201K(51888K) NonClass: 45299K(45744K)->45299K(45744K) Class: 5902K(6144K)->5902K(6144K)
[2022-04-04T17:55:45.704+0800][127.975s] GC(190) Pause Young (Normal) (G1 Evacuation Pause) 446M->222M(512M) 4.486ms
[2022-04-04T17:55:45.704+0800][127.975s] GC(190) User=0.00s Sys=0.00s Real=0.01s
[2022-04-04T17:55:45.864+0800][128.136s] GC(191) Pause Young (Normal) (G1 Evacuation Pause)
[2022-04-04T17:55:45.864+0800][128.136s] GC(191) Using 8 workers of 8 for evacuation
[2022-04-04T17:55:45.868+0800][128.139s] GC(191)   Pre Evacuate Collection Set: 0.2ms
[2022-04-04T17:55:45.868+0800][128.139s] GC(191)   Merge Heap Roots: 0.2ms
[2022-04-04T17:55:45.868+0800][128.139s] GC(191)   Evacuate Collection Set: 1.9ms
[2022-04-04T17:55:45.868+0800][128.140s] GC(191)   Post Evacuate Collection Set: 1.0ms
[2022-04-04T17:55:45.868+0800][128.140s] GC(191)   Other: 0.3ms
[2022-04-04T17:55:45.868+0800][128.140s] GC(191) Eden regions: 223->0(224)
[2022-04-04T17:55:45.868+0800][128.140s] GC(191) Survivor regions: 13->12(30)
[2022-04-04T17:55:45.868+0800][128.140s] GC(191) Old regions: 174->175
[2022-04-04T17:55:45.868+0800][128.140s] GC(191) Archive regions: 0->0
[2022-04-04T17:55:45.868+0800][128.140s] GC(191) Humongous regions: 37->37
[2022-04-04T17:55:45.868+0800][128.140s] GC(191) Metaspace: 51201K(51888K)->51201K(51888K) NonClass: 45299K(45744K)->45299K(45744K) Class: 5902K(6144K)->5902K(6144K)
[2022-04-04T17:55:45.868+0800][128.140s] GC(191) Pause Young (Normal) (G1 Evacuation Pause) 445M->222M(512M) 4.169ms
[2022-04-04T17:55:45.868+0800][128.140s] GC(191) User=0.00s Sys=0.00s Real=0.00s
[2022-04-04T17:55:46.062+0800][128.334s] GC(192) Pause Young (Normal) (G1 Evacuation Pause)
[2022-04-04T17:55:46.062+0800][128.334s] GC(192) Using 8 workers of 8 for evacuation
[2022-04-04T17:55:46.065+0800][128.336s] GC(192)   Pre Evacuate Collection Set: 0.1ms
[2022-04-04T17:55:46.065+0800][128.336s] GC(192)   Merge Heap Roots: 0.1ms
[2022-04-04T17:55:46.065+0800][128.337s] GC(192)   Evacuate Collection Set: 1.8ms
[2022-04-04T17:55:46.065+0800][128.337s] GC(192)   Post Evacuate Collection Set: 0.6ms
[2022-04-04T17:55:46.065+0800][128.337s] GC(192)   Other: 0.3ms
[2022-04-04T17:55:46.065+0800][128.337s] GC(192) Eden regions: 224->0(222)
[2022-04-04T17:55:46.065+0800][128.337s] GC(192) Survivor regions: 12->13(30)
[2022-04-04T17:55:46.065+0800][128.337s] GC(192) Old regions: 175->175
[2022-04-04T17:55:46.065+0800][128.337s] GC(192) Archive regions: 0->0
[2022-04-04T17:55:46.065+0800][128.337s] GC(192) Humongous regions: 37->37
[2022-04-04T17:55:46.065+0800][128.337s] GC(192) Metaspace: 51201K(51888K)->51201K(51888K) NonClass: 45299K(45744K)->45299K(45744K) Class: 5902K(6144K)->5902K(6144K)
[2022-04-04T17:55:46.065+0800][128.337s] GC(192) Pause Young (Normal) (G1 Evacuation Pause) 446M->223M(512M) 3.332ms
[2022-04-04T17:55:46.066+0800][128.337s] GC(192) User=0.00s Sys=0.00s Real=0.00s
[2022-04-04T17:55:46.183+0800][128.454s] GC(193) Pause Young (Normal) (G1 Evacuation Pause)
[2022-04-04T17:55:46.183+0800][128.454s] GC(193) Using 8 workers of 8 for evacuation
[2022-04-04T17:55:46.185+0800][128.457s] GC(193)   Pre Evacuate Collection Set: 0.1ms
[2022-04-04T17:55:46.186+0800][128.458s] GC(193)   Merge Heap Roots: 0.2ms
[2022-04-04T17:55:46.186+0800][128.458s] GC(193)   Evacuate Collection Set: 1.8ms
[2022-04-04T17:55:46.186+0800][128.458s] GC(193)   Post Evacuate Collection Set: 0.8ms
[2022-04-04T17:55:46.186+0800][128.458s] GC(193)   Other: 0.2ms
[2022-04-04T17:55:46.186+0800][128.458s] GC(193) Eden regions: 222->0(221)
[2022-04-04T17:55:46.186+0800][128.458s] GC(193) Survivor regions: 13->13(30)
[2022-04-04T17:55:46.186+0800][128.458s] GC(193) Old regions: 175->176
[2022-04-04T17:55:46.186+0800][128.458s] GC(193) Archive regions: 0->0
[2022-04-04T17:55:46.186+0800][128.458s] GC(193) Humongous regions: 37->37
[2022-04-04T17:55:46.186+0800][128.458s] GC(193) Metaspace: 51201K(51888K)->51201K(51888K) NonClass: 45299K(45744K)->45299K(45744K) Class: 5902K(6144K)->5902K(6144K)
[2022-04-04T17:55:46.186+0800][128.458s] GC(193) Pause Young (Normal) (G1 Evacuation Pause) 445M->224M(512M) 3.511ms
[2022-04-04T17:55:46.186+0800][128.458s] GC(193) User=0.00s Sys=0.00s Real=0.00s
[2022-04-04T17:55:46.345+0800][128.617s] GC(194) Pause Young (Normal) (G1 Evacuation Pause)
[2022-04-04T17:55:46.345+0800][128.617s] GC(194) Using 8 workers of 8 for evacuation
[2022-04-04T17:55:46.348+0800][128.620s] GC(194)   Pre Evacuate Collection Set: 0.2ms
[2022-04-04T17:55:46.348+0800][128.620s] GC(194)   Merge Heap Roots: 0.1ms
[2022-04-04T17:55:46.348+0800][128.620s] GC(194)   Evacuate Collection Set: 2.6ms
[2022-04-04T17:55:46.348+0800][128.621s] GC(194)   Post Evacuate Collection Set: 0.8ms
[2022-04-04T17:55:46.348+0800][128.621s] GC(194)   Other: 0.2ms
[2022-04-04T17:55:46.349+0800][128.621s] GC(194) Eden regions: 221->0(219)
[2022-04-04T17:55:46.349+0800][128.621s] GC(194) Survivor regions: 13->14(30)
[2022-04-04T17:55:46.349+0800][128.621s] GC(194) Old regions: 176->176
[2022-04-04T17:55:46.349+0800][128.621s] GC(194) Archive regions: 0->0
[2022-04-04T17:55:46.349+0800][128.621s] GC(194) Humongous regions: 37->37
[2022-04-04T17:55:46.349+0800][128.621s] GC(194) Metaspace: 51201K(51888K)->51201K(51888K) NonClass: 45299K(45744K)->45299K(45744K) Class: 5902K(6144K)->5902K(6144K)
[2022-04-04T17:55:46.349+0800][128.621s] GC(194) Pause Young (Normal) (G1 Evacuation Pause) 445M->226M(512M) 4.331ms
[2022-04-04T17:55:46.349+0800][128.621s] GC(194) User=0.00s Sys=0.00s Real=0.00s
[2022-04-04T17:55:46.504+0800][128.775s] GC(195) Pause Young (Normal) (G1 Evacuation Pause)
[2022-04-04T17:55:46.504+0800][128.776s] GC(195) Using 8 workers of 8 for evacuation
[2022-04-04T17:55:46.508+0800][128.780s] GC(195)   Pre Evacuate Collection Set: 0.2ms
[2022-04-04T17:55:46.508+0800][128.780s] GC(195)   Merge Heap Roots: 0.2ms
[2022-04-04T17:55:46.508+0800][128.780s] GC(195)   Evacuate Collection Set: 2.6ms
[2022-04-04T17:55:46.508+0800][128.780s] GC(195)   Post Evacuate Collection Set: 1.2ms
[2022-04-04T17:55:46.508+0800][128.780s] GC(195)   Other: 0.3ms
[2022-04-04T17:55:46.508+0800][128.780s] GC(195) Eden regions: 219->0(218)
[2022-04-04T17:55:46.508+0800][128.780s] GC(195) Survivor regions: 14->14(30)
[2022-04-04T17:55:46.508+0800][128.780s] GC(195) Old regions: 176->177
[2022-04-04T17:55:46.508+0800][128.780s] GC(195) Archive regions: 0->0
[2022-04-04T17:55:46.508+0800][128.781s] GC(195) Humongous regions: 37->37
[2022-04-04T17:55:46.508+0800][128.781s] GC(195) Metaspace: 51201K(51888K)->51201K(51888K) NonClass: 45299K(45744K)->45299K(45744K) Class: 5902K(6144K)->5902K(6144K)
[2022-04-04T17:55:46.509+0800][128.781s] GC(195) Pause Young (Normal) (G1 Evacuation Pause) 445M->226M(512M) 5.216ms
[2022-04-04T17:55:46.509+0800][128.781s] GC(195) User=0.00s Sys=0.00s Real=0.01s
[2022-04-04T17:55:46.673+0800][128.945s] GC(196) Pause Young (Normal) (G1 Evacuation Pause)
[2022-04-04T17:55:46.673+0800][128.945s] GC(196) Using 8 workers of 8 for evacuation
[2022-04-04T17:55:46.676+0800][128.948s] GC(196)   Pre Evacuate Collection Set: 0.1ms
[2022-04-04T17:55:46.676+0800][128.948s] GC(196)   Merge Heap Roots: 0.2ms
[2022-04-04T17:55:46.676+0800][128.948s] GC(196)   Evacuate Collection Set: 2.2ms
[2022-04-04T17:55:46.676+0800][128.948s] GC(196)   Post Evacuate Collection Set: 0.8ms
[2022-04-04T17:55:46.676+0800][128.948s] GC(196)   Other: 0.2ms
[2022-04-04T17:55:46.676+0800][128.948s] GC(196) Eden regions: 218->0(217)
[2022-04-04T17:55:46.676+0800][128.948s] GC(196) Survivor regions: 14->14(29)
[2022-04-04T17:55:46.676+0800][128.949s] GC(196) Old regions: 177->177
[2022-04-04T17:55:46.676+0800][128.949s] GC(196) Archive regions: 0->0
[2022-04-04T17:55:46.676+0800][128.949s] GC(196) Humongous regions: 38->38
[2022-04-04T17:55:46.676+0800][128.949s] GC(196) Metaspace: 51201K(51888K)->51201K(51888K) NonClass: 45299K(45744K)->45299K(45744K) Class: 5902K(6144K)->5902K(6144K)
[2022-04-04T17:55:46.676+0800][128.949s] GC(196) Pause Young (Normal) (G1 Evacuation Pause) 445M->228M(512M) 3.827ms
[2022-04-04T17:55:46.676+0800][128.949s] GC(196) User=0.00s Sys=0.00s Real=0.00s
[2022-04-04T17:55:46.791+0800][129.062s] GC(197) Pause Young (Normal) (G1 Evacuation Pause)
[2022-04-04T17:55:46.791+0800][129.062s] GC(197) Using 8 workers of 8 for evacuation
[2022-04-04T17:55:46.794+0800][129.066s] GC(197)   Pre Evacuate Collection Set: 0.1ms
[2022-04-04T17:55:46.794+0800][129.066s] GC(197)   Merge Heap Roots: 0.2ms
[2022-04-04T17:55:46.794+0800][129.066s] GC(197)   Evacuate Collection Set: 2.3ms
[2022-04-04T17:55:46.794+0800][129.066s] GC(197)   Post Evacuate Collection Set: 1.1ms
[2022-04-04T17:55:46.794+0800][129.067s] GC(197)   Other: 0.3ms
[2022-04-04T17:55:46.795+0800][129.067s] GC(197) Eden regions: 217->0(214)
[2022-04-04T17:55:46.795+0800][129.067s] GC(197) Survivor regions: 14->15(29)
[2022-04-04T17:55:46.795+0800][129.067s] GC(197) Old regions: 177->178
[2022-04-04T17:55:46.795+0800][129.067s] GC(197) Archive regions: 0->0
[2022-04-04T17:55:46.795+0800][129.067s] GC(197) Humongous regions: 38->38
[2022-04-04T17:55:46.795+0800][129.067s] GC(197) Metaspace: 51201K(51888K)->51201K(51888K) NonClass: 45299K(45744K)->45299K(45744K) Class: 5902K(6144K)->5902K(6144K)
[2022-04-04T17:55:46.795+0800][129.067s] GC(197) Pause Young (Normal) (G1 Evacuation Pause) 445M->229M(512M) 4.619ms
[2022-04-04T17:55:46.795+0800][129.067s] GC(197) User=0.12s Sys=0.00s Real=0.00s
[2022-04-04T17:55:46.928+0800][129.200s] GC(198) Pause Young (Normal) (G1 Evacuation Pause)
[2022-04-04T17:55:46.928+0800][129.200s] GC(198) Using 8 workers of 8 for evacuation
[2022-04-04T17:55:46.932+0800][129.204s] GC(198)   Pre Evacuate Collection Set: 0.2ms
[2022-04-04T17:55:46.932+0800][129.204s] GC(198)   Merge Heap Roots: 0.2ms
[2022-04-04T17:55:46.932+0800][129.205s] GC(198)   Evacuate Collection Set: 2.8ms
[2022-04-04T17:55:46.932+0800][129.205s] GC(198)   Post Evacuate Collection Set: 1.0ms
[2022-04-04T17:55:46.933+0800][129.205s] GC(198)   Other: 0.3ms
[2022-04-04T17:55:46.933+0800][129.205s] GC(198) Eden regions: 214->0(214)
[2022-04-04T17:55:46.933+0800][129.205s] GC(198) Survivor regions: 15->15(29)
[2022-04-04T17:55:46.933+0800][129.205s] GC(198) Old regions: 178->178
[2022-04-04T17:55:46.933+0800][129.205s] GC(198) Archive regions: 0->0
[2022-04-04T17:55:46.933+0800][129.205s] GC(198) Humongous regions: 38->38
[2022-04-04T17:55:46.933+0800][129.205s] GC(198) Metaspace: 51201K(51888K)->51201K(51888K) NonClass: 45299K(45744K)->45299K(45744K) Class: 5902K(6144K)->5902K(6144K)
[2022-04-04T17:55:46.933+0800][129.205s] GC(198) Pause Young (Normal) (G1 Evacuation Pause) 443M->230M(512M) 5.028ms
[2022-04-04T17:55:46.933+0800][129.205s] GC(198) User=0.02s Sys=0.00s Real=0.01s
[2022-04-04T17:55:47.086+0800][129.357s] GC(199) Pause Young (Normal) (G1 Evacuation Pause)
[2022-04-04T17:55:47.086+0800][129.357s] GC(199) Using 8 workers of 8 for evacuation
[2022-04-04T17:55:47.090+0800][129.361s] GC(199)   Pre Evacuate Collection Set: 0.1ms
[2022-04-04T17:55:47.090+0800][129.361s] GC(199)   Merge Heap Roots: 0.2ms
[2022-04-04T17:55:47.090+0800][129.361s] GC(199)   Evacuate Collection Set: 2.3ms
[2022-04-04T17:55:47.090+0800][129.361s] GC(199)   Post Evacuate Collection Set: 1.1ms
[2022-04-04T17:55:47.090+0800][129.361s] GC(199)   Other: 0.3ms
[2022-04-04T17:55:47.090+0800][129.362s] GC(199) Eden regions: 214->0(211)
[2022-04-04T17:55:47.090+0800][129.362s] GC(199) Survivor regions: 15->16(29)
[2022-04-04T17:55:47.090+0800][129.362s] GC(199) Old regions: 178->179
[2022-04-04T17:55:47.090+0800][129.362s] GC(199) Archive regions: 0->0
[2022-04-04T17:55:47.090+0800][129.362s] GC(199) Humongous regions: 38->38
[2022-04-04T17:55:47.090+0800][129.362s] GC(199) Metaspace: 51201K(51888K)->51201K(51888K) NonClass: 45299K(45744K)->45299K(45744K) Class: 5902K(6144K)->5902K(6144K)
[2022-04-04T17:55:47.091+0800][129.362s] GC(199) Pause Young (Normal) (G1 Evacuation Pause) 444M->231M(512M) 4.726ms
[2022-04-04T17:55:47.091+0800][129.362s] GC(199) User=0.02s Sys=0.02s Real=0.01s
[2022-04-04T17:55:47.256+0800][129.528s] GC(200) Pause Young (Normal) (G1 Evacuation Pause)
[2022-04-04T17:55:47.256+0800][129.528s] GC(200) Using 8 workers of 8 for evacuation
[2022-04-04T17:55:47.260+0800][129.532s] GC(200)   Pre Evacuate Collection Set: 0.2ms
[2022-04-04T17:55:47.260+0800][129.532s] GC(200)   Merge Heap Roots: 0.1ms
[2022-04-04T17:55:47.260+0800][129.532s] GC(200)   Evacuate Collection Set: 2.4ms
[2022-04-04T17:55:47.260+0800][129.532s] GC(200)   Post Evacuate Collection Set: 1.0ms
[2022-04-04T17:55:47.260+0800][129.532s] GC(200)   Other: 0.3ms
[2022-04-04T17:55:47.260+0800][129.532s] GC(200) Eden regions: 211->0(211)
[2022-04-04T17:55:47.260+0800][129.532s] GC(200) Survivor regions: 16->16(29)
[2022-04-04T17:55:47.260+0800][129.532s] GC(200) Old regions: 179->179
[2022-04-04T17:55:47.260+0800][129.532s] GC(200) Archive regions: 0->0
[2022-04-04T17:55:47.260+0800][129.532s] GC(200) Humongous regions: 38->38
[2022-04-04T17:55:47.260+0800][129.532s] GC(200) Metaspace: 51201K(51888K)->51201K(51888K) NonClass: 45299K(45744K)->45299K(45744K) Class: 5902K(6144K)->5902K(6144K)
[2022-04-04T17:55:47.260+0800][129.532s] GC(200) Pause Young (Normal) (G1 Evacuation Pause) 442M->232M(512M) 4.545ms
[2022-04-04T17:55:47.260+0800][129.532s] GC(200) User=0.00s Sys=0.00s Real=0.00s
[2022-04-04T17:55:47.398+0800][129.669s] GC(201) Pause Young (Normal) (G1 Evacuation Pause)
[2022-04-04T17:55:47.398+0800][129.669s] GC(201) Using 8 workers of 8 for evacuation
[2022-04-04T17:55:47.401+0800][129.673s] GC(201)   Pre Evacuate Collection Set: 0.2ms
[2022-04-04T17:55:47.401+0800][129.673s] GC(201)   Merge Heap Roots: 0.2ms
[2022-04-04T17:55:47.401+0800][129.673s] GC(201)   Evacuate Collection Set: 2.1ms
[2022-04-04T17:55:47.402+0800][129.673s] GC(201)   Post Evacuate Collection Set: 1.0ms
[2022-04-04T17:55:47.402+0800][129.673s] GC(201)   Other: 0.3ms
[2022-04-04T17:55:47.402+0800][129.673s] GC(201) Eden regions: 211->0(216)
[2022-04-04T17:55:47.402+0800][129.673s] GC(201) Survivor regions: 16->10(29)
[2022-04-04T17:55:47.402+0800][129.673s] GC(201) Old regions: 179->185
[2022-04-04T17:55:47.402+0800][129.673s] GC(201) Archive regions: 0->0
[2022-04-04T17:55:47.402+0800][129.673s] GC(201) Humongous regions: 38->38
[2022-04-04T17:55:47.402+0800][129.673s] GC(201) Metaspace: 51201K(51888K)->51201K(51888K) NonClass: 45299K(45744K)->45299K(45744K) Class: 5902K(6144K)->5902K(6144K)
[2022-04-04T17:55:47.402+0800][129.673s] GC(201) Pause Young (Normal) (G1 Evacuation Pause) 443M->232M(512M) 4.180ms
[2022-04-04T17:55:47.402+0800][129.673s] GC(201) User=0.02s Sys=0.00s Real=0.00s
[2022-04-04T17:55:47.593+0800][129.864s] GC(202) Pause Young (Normal) (G1 Evacuation Pause)
[2022-04-04T17:55:47.593+0800][129.864s] GC(202) Using 8 workers of 8 for evacuation
[2022-04-04T17:55:47.595+0800][129.867s] GC(202)   Pre Evacuate Collection Set: 0.2ms
[2022-04-04T17:55:47.595+0800][129.867s] GC(202)   Merge Heap Roots: 0.2ms
[2022-04-04T17:55:47.595+0800][129.867s] GC(202)   Evacuate Collection Set: 1.7ms
[2022-04-04T17:55:47.595+0800][129.867s] GC(202)   Post Evacuate Collection Set: 0.8ms
[2022-04-04T17:55:47.595+0800][129.867s] GC(202)   Other: 0.2ms
[2022-04-04T17:55:47.595+0800][129.867s] GC(202) Eden regions: 216->0(212)
[2022-04-04T17:55:47.595+0800][129.867s] GC(202) Survivor regions: 10->11(29)
[2022-04-04T17:55:47.595+0800][129.867s] GC(202) Old regions: 185->185
[2022-04-04T17:55:47.595+0800][129.867s] GC(202) Archive regions: 0->0
[2022-04-04T17:55:47.595+0800][129.867s] GC(202) Humongous regions: 41->40
[2022-04-04T17:55:47.595+0800][129.867s] GC(202) Metaspace: 51201K(51888K)->51201K(51888K) NonClass: 45299K(45744K)->45299K(45744K) Class: 5902K(6144K)->5902K(6144K)
[2022-04-04T17:55:47.595+0800][129.868s] GC(202) Pause Young (Normal) (G1 Evacuation Pause) 451M->234M(512M) 3.440ms
[2022-04-04T17:55:47.596+0800][129.868s] GC(202) User=0.00s Sys=0.00s Real=0.00s
[2022-04-04T17:55:47.746+0800][130.017s] GC(203) Pause Young (Normal) (G1 Evacuation Pause)
[2022-04-04T17:55:47.746+0800][130.017s] GC(203) Using 8 workers of 8 for evacuation
[2022-04-04T17:55:47.749+0800][130.021s] GC(203)   Pre Evacuate Collection Set: 0.2ms
[2022-04-04T17:55:47.749+0800][130.021s] GC(203)   Merge Heap Roots: 0.2ms
[2022-04-04T17:55:47.749+0800][130.021s] GC(203)   Evacuate Collection Set: 1.8ms
[2022-04-04T17:55:47.749+0800][130.021s] GC(203)   Post Evacuate Collection Set: 0.9ms
[2022-04-04T17:55:47.749+0800][130.021s] GC(203)   Other: 0.2ms
[2022-04-04T17:55:47.749+0800][130.021s] GC(203) Eden regions: 212->0(210)
[2022-04-04T17:55:47.749+0800][130.021s] GC(203) Survivor regions: 11->12(28)
[2022-04-04T17:55:47.749+0800][130.021s] GC(203) Old regions: 185->185
[2022-04-04T17:55:47.749+0800][130.021s] GC(203) Archive regions: 0->0
[2022-04-04T17:55:47.749+0800][130.021s] GC(203) Humongous regions: 40->40
[2022-04-04T17:55:47.749+0800][130.021s] GC(203) Metaspace: 51201K(51888K)->51201K(51888K) NonClass: 45299K(45744K)->45299K(45744K) Class: 5902K(6144K)->5902K(6144K)
[2022-04-04T17:55:47.749+0800][130.021s] GC(203) Pause Young (Normal) (G1 Evacuation Pause) 446M->235M(512M) 3.553ms
[2022-04-04T17:55:47.749+0800][130.021s] GC(203) User=0.00s Sys=0.00s Real=0.00s
[2022-04-04T17:55:47.865+0800][130.136s] GC(204) Pause Young (Normal) (G1 Evacuation Pause)
[2022-04-04T17:55:47.865+0800][130.136s] GC(204) Using 8 workers of 8 for evacuation
[2022-04-04T17:55:47.868+0800][130.139s] GC(204)   Pre Evacuate Collection Set: 0.1ms
[2022-04-04T17:55:47.868+0800][130.139s] GC(204)   Merge Heap Roots: 0.1ms
[2022-04-04T17:55:47.868+0800][130.139s] GC(204)   Evacuate Collection Set: 1.7ms
[2022-04-04T17:55:47.868+0800][130.139s] GC(204)   Post Evacuate Collection Set: 0.8ms
[2022-04-04T17:55:47.868+0800][130.139s] GC(204)   Other: 0.2ms
[2022-04-04T17:55:47.868+0800][130.139s] GC(204) Eden regions: 210->0(211)
[2022-04-04T17:55:47.868+0800][130.139s] GC(204) Survivor regions: 12->12(28)
[2022-04-04T17:55:47.868+0800][130.139s] GC(204) Old regions: 185->185
[2022-04-04T17:55:47.868+0800][130.139s] GC(204) Archive regions: 0->0
[2022-04-04T17:55:47.868+0800][130.139s] GC(204) Humongous regions: 40->40
[2022-04-04T17:55:47.868+0800][130.139s] GC(204) Metaspace: 51201K(51888K)->51201K(51888K) NonClass: 45299K(45744K)->45299K(45744K) Class: 5902K(6144K)->5902K(6144K)
[2022-04-04T17:55:47.868+0800][130.140s] GC(204) Pause Young (Normal) (G1 Evacuation Pause) 445M->236M(512M) 3.311ms
[2022-04-04T17:55:47.868+0800][130.140s] GC(204) User=0.00s Sys=0.00s Real=0.00s
[2022-04-04T17:55:47.975+0800][130.247s] GC(205) Pause Young (Normal) (G1 Evacuation Pause)
[2022-04-04T17:55:47.975+0800][130.247s] GC(205) Using 8 workers of 8 for evacuation
[2022-04-04T17:55:47.979+0800][130.250s] GC(205)   Pre Evacuate Collection Set: 0.2ms
[2022-04-04T17:55:47.979+0800][130.250s] GC(205)   Merge Heap Roots: 0.2ms
[2022-04-04T17:55:47.979+0800][130.250s] GC(205)   Evacuate Collection Set: 2.0ms
[2022-04-04T17:55:47.979+0800][130.250s] GC(205)   Post Evacuate Collection Set: 0.9ms
[2022-04-04T17:55:47.979+0800][130.250s] GC(205)   Other: 0.3ms
[2022-04-04T17:55:47.979+0800][130.250s] GC(205) Eden regions: 211->0(209)
[2022-04-04T17:55:47.979+0800][130.251s] GC(205) Survivor regions: 12->13(28)
[2022-04-04T17:55:47.979+0800][130.251s] GC(205) Old regions: 185->185
[2022-04-04T17:55:47.979+0800][130.251s] GC(205) Archive regions: 0->0
[2022-04-04T17:55:47.979+0800][130.251s] GC(205) Humongous regions: 40->40
[2022-04-04T17:55:47.979+0800][130.251s] GC(205) Metaspace: 51201K(51888K)->51201K(51888K) NonClass: 45299K(45744K)->45299K(45744K) Class: 5902K(6144K)->5902K(6144K)
[2022-04-04T17:55:47.979+0800][130.251s] GC(205) Pause Young (Normal) (G1 Evacuation Pause) 447M->237M(512M) 4.130ms
[2022-04-04T17:55:47.979+0800][130.251s] GC(205) User=0.00s Sys=0.00s Real=0.00s
[2022-04-04T17:55:48.128+0800][130.400s] GC(206) Pause Young (Normal) (G1 Evacuation Pause)
[2022-04-04T17:55:48.129+0800][130.400s] GC(206) Using 8 workers of 8 for evacuation
[2022-04-04T17:55:48.133+0800][130.404s] GC(206)   Pre Evacuate Collection Set: 0.2ms
[2022-04-04T17:55:48.133+0800][130.404s] GC(206)   Merge Heap Roots: 0.2ms
[2022-04-04T17:55:48.133+0800][130.405s] GC(206)   Evacuate Collection Set: 2.7ms
[2022-04-04T17:55:48.133+0800][130.405s] GC(206)   Post Evacuate Collection Set: 1.1ms
[2022-04-04T17:55:48.133+0800][130.405s] GC(206)   Other: 0.3ms
[2022-04-04T17:55:48.133+0800][130.405s] GC(206) Eden regions: 209->0(207)
[2022-04-04T17:55:48.133+0800][130.405s] GC(206) Survivor regions: 13->13(28)
[2022-04-04T17:55:48.133+0800][130.405s] GC(206) Old regions: 185->186
[2022-04-04T17:55:48.133+0800][130.405s] GC(206) Archive regions: 0->0
[2022-04-04T17:55:48.133+0800][130.405s] GC(206) Humongous regions: 40->40
[2022-04-04T17:55:48.133+0800][130.405s] GC(206) Metaspace: 51201K(51888K)->51201K(51888K) NonClass: 45299K(45744K)->45299K(45744K) Class: 5902K(6144K)->5902K(6144K)
[2022-04-04T17:55:48.133+0800][130.405s] GC(206) Pause Young (Normal) (G1 Evacuation Pause) 446M->238M(512M) 5.058ms
[2022-04-04T17:55:48.134+0800][130.405s] GC(206) User=0.00s Sys=0.00s Real=0.01s
[2022-04-04T17:55:48.313+0800][130.585s] GC(207) Pause Young (Normal) (G1 Evacuation Pause)
[2022-04-04T17:55:48.313+0800][130.585s] GC(207) Using 8 workers of 8 for evacuation
[2022-04-04T17:55:48.317+0800][130.589s] GC(207)   Pre Evacuate Collection Set: 0.2ms
[2022-04-04T17:55:48.318+0800][130.590s] GC(207)   Merge Heap Roots: 0.2ms
[2022-04-04T17:55:48.318+0800][130.590s] GC(207)   Evacuate Collection Set: 2.6ms
[2022-04-04T17:55:48.318+0800][130.590s] GC(207)   Post Evacuate Collection Set: 1.0ms
[2022-04-04T17:55:48.318+0800][130.590s] GC(207)   Other: 0.3ms
[2022-04-04T17:55:48.318+0800][130.590s] GC(207) Eden regions: 207->0(207)
[2022-04-04T17:55:48.318+0800][130.590s] GC(207) Survivor regions: 13->13(28)
[2022-04-04T17:55:48.318+0800][130.590s] GC(207) Old regions: 186->187
[2022-04-04T17:55:48.318+0800][130.590s] GC(207) Archive regions: 0->0
[2022-04-04T17:55:48.318+0800][130.590s] GC(207) Humongous regions: 40->40
[2022-04-04T17:55:48.318+0800][130.590s] GC(207) Metaspace: 51201K(51888K)->51201K(51888K) NonClass: 45299K(45744K)->45299K(45744K) Class: 5902K(6144K)->5902K(6144K)
[2022-04-04T17:55:48.318+0800][130.590s] GC(207) Pause Young (Normal) (G1 Evacuation Pause) 445M->239M(512M) 4.842ms
[2022-04-04T17:55:48.318+0800][130.590s] GC(207) User=0.00s Sys=0.00s Real=0.01s
[2022-04-04T17:55:48.496+0800][130.768s] GC(208) Pause Young (Normal) (G1 Evacuation Pause)
[2022-04-04T17:55:48.496+0800][130.768s] GC(208) Using 8 workers of 8 for evacuation
[2022-04-04T17:55:48.499+0800][130.771s] GC(208)   Pre Evacuate Collection Set: 0.1ms
[2022-04-04T17:55:48.499+0800][130.771s] GC(208)   Merge Heap Roots: 0.1ms
[2022-04-04T17:55:48.499+0800][130.771s] GC(208)   Evacuate Collection Set: 2.0ms
[2022-04-04T17:55:48.499+0800][130.771s] GC(208)   Post Evacuate Collection Set: 0.7ms
[2022-04-04T17:55:48.499+0800][130.771s] GC(208)   Other: 0.2ms
[2022-04-04T17:55:48.499+0800][130.771s] GC(208) Eden regions: 207->0(205)
[2022-04-04T17:55:48.499+0800][130.771s] GC(208) Survivor regions: 13->14(28)
[2022-04-04T17:55:48.499+0800][130.771s] GC(208) Old regions: 187->187
[2022-04-04T17:55:48.499+0800][130.771s] GC(208) Archive regions: 0->0
[2022-04-04T17:55:48.499+0800][130.771s] GC(208) Humongous regions: 40->40
[2022-04-04T17:55:48.499+0800][130.771s] GC(208) Metaspace: 51201K(51888K)->51201K(51888K) NonClass: 45299K(45744K)->45299K(45744K) Class: 5902K(6144K)->5902K(6144K)
[2022-04-04T17:55:48.499+0800][130.771s] GC(208) Pause Young (Normal) (G1 Evacuation Pause) 446M->240M(512M) 3.507ms
[2022-04-04T17:55:48.499+0800][130.771s] GC(208) User=0.00s Sys=0.00s Real=0.00s
[2022-04-04T17:55:49.495+0800][131.766s] GC(209) Pause Young (Normal) (G1 Evacuation Pause)
[2022-04-04T17:55:49.495+0800][131.766s] GC(209) Using 8 workers of 8 for evacuation
[2022-04-04T17:55:49.497+0800][131.769s] GC(209)   Pre Evacuate Collection Set: 0.1ms
[2022-04-04T17:55:49.497+0800][131.769s] GC(209)   Merge Heap Roots: 0.2ms
[2022-04-04T17:55:49.497+0800][131.769s] GC(209)   Evacuate Collection Set: 2.0ms
[2022-04-04T17:55:49.497+0800][131.769s] GC(209)   Post Evacuate Collection Set: 0.7ms
[2022-04-04T17:55:49.497+0800][131.769s] GC(209)   Other: 0.2ms
[2022-04-04T17:55:49.497+0800][131.769s] GC(209) Eden regions: 205->0(206)
[2022-04-04T17:55:49.497+0800][131.769s] GC(209) Survivor regions: 14->13(28)
[2022-04-04T17:55:49.497+0800][131.769s] GC(209) Old regions: 187->188
[2022-04-04T17:55:49.497+0800][131.769s] GC(209) Archive regions: 0->0
[2022-04-04T17:55:49.497+0800][131.769s] GC(209) Humongous regions: 40->40
[2022-04-04T17:55:49.497+0800][131.769s] GC(209) Metaspace: 51201K(51888K)->51201K(51888K) NonClass: 45299K(45744K)->45299K(45744K) Class: 5902K(6144K)->5902K(6144K)
[2022-04-04T17:55:49.497+0800][131.769s] GC(209) Pause Young (Normal) (G1 Evacuation Pause) 445M->240M(512M) 3.455ms
[2022-04-04T17:55:49.497+0800][131.769s] GC(209) User=0.12s Sys=0.00s Real=0.00s
[2022-04-04T17:55:50.805+0800][133.076s] GC(210) Pause Young (Normal) (G1 Evacuation Pause)
[2022-04-04T17:55:50.805+0800][133.076s] GC(210) Using 8 workers of 8 for evacuation
[2022-04-04T17:55:50.808+0800][133.080s] GC(210)   Pre Evacuate Collection Set: 0.2ms
[2022-04-04T17:55:50.808+0800][133.080s] GC(210)   Merge Heap Roots: 0.1ms
[2022-04-04T17:55:50.808+0800][133.080s] GC(210)   Evacuate Collection Set: 2.2ms
[2022-04-04T17:55:50.808+0800][133.080s] GC(210)   Post Evacuate Collection Set: 0.9ms
[2022-04-04T17:55:50.808+0800][133.080s] GC(210)   Other: 0.2ms
[2022-04-04T17:55:50.808+0800][133.080s] GC(210) Eden regions: 206->0(206)
[2022-04-04T17:55:50.808+0800][133.080s] GC(210) Survivor regions: 13->13(28)
[2022-04-04T17:55:50.808+0800][133.080s] GC(210) Old regions: 188->188
[2022-04-04T17:55:50.808+0800][133.080s] GC(210) Archive regions: 0->0
[2022-04-04T17:55:50.808+0800][133.080s] GC(210) Humongous regions: 40->40
[2022-04-04T17:55:50.808+0800][133.080s] GC(210) Metaspace: 51201K(51888K)->51201K(51888K) NonClass: 45299K(45744K)->45299K(45744K) Class: 5902K(6144K)->5902K(6144K)
[2022-04-04T17:55:50.808+0800][133.080s] GC(210) Pause Young (Normal) (G1 Evacuation Pause) 446M->240M(512M) 3.939ms
[2022-04-04T17:55:50.808+0800][133.080s] GC(210) User=0.03s Sys=0.00s Real=0.00s
[2022-04-04T17:55:51.885+0800][134.156s] GC(211) Pause Young (Normal) (G1 Evacuation Pause)
[2022-04-04T17:55:51.885+0800][134.156s] GC(211) Using 8 workers of 8 for evacuation
[2022-04-04T17:55:51.888+0800][134.159s] GC(211)   Pre Evacuate Collection Set: 0.1ms
[2022-04-04T17:55:51.888+0800][134.160s] GC(211)   Merge Heap Roots: 0.2ms
[2022-04-04T17:55:51.888+0800][134.160s] GC(211)   Evacuate Collection Set: 2.3ms
[2022-04-04T17:55:51.888+0800][134.160s] GC(211)   Post Evacuate Collection Set: 0.7ms
[2022-04-04T17:55:51.888+0800][134.160s] GC(211)   Other: 0.2ms
[2022-04-04T17:55:51.888+0800][134.160s] GC(211) Eden regions: 206->0(207)
[2022-04-04T17:55:51.888+0800][134.160s] GC(211) Survivor regions: 13->12(28)
[2022-04-04T17:55:51.888+0800][134.160s] GC(211) Old regions: 188->189
[2022-04-04T17:55:51.888+0800][134.160s] GC(211) Archive regions: 0->0
[2022-04-04T17:55:51.888+0800][134.160s] GC(211) Humongous regions: 40->40
[2022-04-04T17:55:51.888+0800][134.160s] GC(211) Metaspace: 51201K(51888K)->51201K(51888K) NonClass: 45299K(45744K)->45299K(45744K) Class: 5902K(6144K)->5902K(6144K)
[2022-04-04T17:55:51.888+0800][134.160s] GC(211) Pause Young (Normal) (G1 Evacuation Pause) 446M->240M(512M) 3.776ms
[2022-04-04T17:55:51.888+0800][134.160s] GC(211) User=0.11s Sys=0.00s Real=0.00s
[2022-04-04T17:55:52.536+0800][134.808s] GC(212) Pause Young (Normal) (G1 Evacuation Pause)
[2022-04-04T17:55:52.536+0800][134.808s] GC(212) Using 8 workers of 8 for evacuation
[2022-04-04T17:55:52.540+0800][134.812s] GC(212)   Pre Evacuate Collection Set: 0.2ms
[2022-04-04T17:55:52.540+0800][134.812s] GC(212)   Merge Heap Roots: 0.2ms
[2022-04-04T17:55:52.540+0800][134.812s] GC(212)   Evacuate Collection Set: 2.3ms
[2022-04-04T17:55:52.540+0800][134.812s] GC(212)   Post Evacuate Collection Set: 1.1ms
[2022-04-04T17:55:52.540+0800][134.812s] GC(212)   Other: 0.3ms
[2022-04-04T17:55:52.540+0800][134.812s] GC(212) Eden regions: 207->0(205)
[2022-04-04T17:55:52.540+0800][134.812s] GC(212) Survivor regions: 12->13(28)
[2022-04-04T17:55:52.540+0800][134.812s] GC(212) Old regions: 189->189
[2022-04-04T17:55:52.541+0800][134.812s] GC(212) Archive regions: 0->0
[2022-04-04T17:55:52.541+0800][134.812s] GC(212) Humongous regions: 40->40
[2022-04-04T17:55:52.541+0800][134.812s] GC(212) Metaspace: 51201K(51888K)->51201K(51888K) NonClass: 45299K(45744K)->45299K(45744K) Class: 5902K(6144K)->5902K(6144K)
[2022-04-04T17:55:52.541+0800][134.812s] GC(212) Pause Young (Normal) (G1 Evacuation Pause) 447M->241M(512M) 4.740ms
[2022-04-04T17:55:52.541+0800][134.812s] GC(212) User=0.00s Sys=0.00s Real=0.00s
[2022-04-04T17:55:53.012+0800][135.283s] GC(213) Pause Young (Normal) (G1 Evacuation Pause)
[2022-04-04T17:55:53.012+0800][135.283s] GC(213) Using 8 workers of 8 for evacuation
[2022-04-04T17:55:53.015+0800][135.286s] GC(213)   Pre Evacuate Collection Set: 0.2ms
[2022-04-04T17:55:53.015+0800][135.286s] GC(213)   Merge Heap Roots: 0.2ms
[2022-04-04T17:55:53.015+0800][135.286s] GC(213)   Evacuate Collection Set: 1.8ms
[2022-04-04T17:55:53.015+0800][135.286s] GC(213)   Post Evacuate Collection Set: 0.8ms
[2022-04-04T17:55:53.015+0800][135.286s] GC(213)   Other: 0.2ms
[2022-04-04T17:55:53.015+0800][135.287s] GC(213) Eden regions: 205->0(204)
[2022-04-04T17:55:53.015+0800][135.287s] GC(213) Survivor regions: 13->13(28)
[2022-04-04T17:55:53.015+0800][135.287s] GC(213) Old regions: 189->190
[2022-04-04T17:55:53.015+0800][135.287s] GC(213) Archive regions: 0->0
[2022-04-04T17:55:53.015+0800][135.287s] GC(213) Humongous regions: 40->40
[2022-04-04T17:55:53.015+0800][135.287s] GC(213) Metaspace: 51201K(51888K)->51201K(51888K) NonClass: 45299K(45744K)->45299K(45744K) Class: 5902K(6144K)->5902K(6144K)
[2022-04-04T17:55:53.015+0800][135.287s] GC(213) Pause Young (Normal) (G1 Evacuation Pause) 446M->242M(512M) 3.525ms
[2022-04-04T17:55:53.015+0800][135.287s] GC(213) User=0.00s Sys=0.00s Real=0.00s
[2022-04-04T17:55:53.115+0800][135.387s] GC(214) Pause Young (Normal) (G1 Evacuation Pause)
[2022-04-04T17:55:53.116+0800][135.387s] GC(214) Using 8 workers of 8 for evacuation
[2022-04-04T17:55:53.119+0800][135.391s] GC(214)   Pre Evacuate Collection Set: 0.1ms
[2022-04-04T17:55:53.119+0800][135.391s] GC(214)   Merge Heap Roots: 0.2ms
[2022-04-04T17:55:53.119+0800][135.391s] GC(214)   Evacuate Collection Set: 2.8ms
[2022-04-04T17:55:53.119+0800][135.391s] GC(214)   Post Evacuate Collection Set: 0.8ms
[2022-04-04T17:55:53.120+0800][135.391s] GC(214)   Other: 0.2ms
[2022-04-04T17:55:53.120+0800][135.391s] GC(214) Eden regions: 204->0(203)
[2022-04-04T17:55:53.120+0800][135.391s] GC(214) Survivor regions: 13->13(28)
[2022-04-04T17:55:53.120+0800][135.391s] GC(214) Old regions: 190->191
[2022-04-04T17:55:53.120+0800][135.391s] GC(214) Archive regions: 0->0
[2022-04-04T17:55:53.120+0800][135.391s] GC(214) Humongous regions: 40->40
[2022-04-04T17:55:53.120+0800][135.391s] GC(214) Metaspace: 51201K(51888K)->51201K(51888K) NonClass: 45299K(45744K)->45299K(45744K) Class: 5902K(6144K)->5902K(6144K)
[2022-04-04T17:55:53.120+0800][135.391s] GC(214) Pause Young (Normal) (G1 Evacuation Pause) 446M->242M(512M) 4.536ms
[2022-04-04T17:55:53.120+0800][135.391s] GC(214) User=0.00s Sys=0.02s Real=0.00s
[2022-04-04T17:55:53.263+0800][135.535s] GC(215) Pause Young (Concurrent Start) (G1 Evacuation Pause)
[2022-04-04T17:55:53.263+0800][135.535s] GC(215) Using 8 workers of 8 for evacuation
[2022-04-04T17:55:53.267+0800][135.538s] GC(215)   Pre Evacuate Collection Set: 0.1ms
[2022-04-04T17:55:53.267+0800][135.538s] GC(215)   Merge Heap Roots: 0.2ms
[2022-04-04T17:55:53.267+0800][135.538s] GC(215)   Evacuate Collection Set: 1.9ms
[2022-04-04T17:55:53.267+0800][135.538s] GC(215)   Post Evacuate Collection Set: 0.8ms
[2022-04-04T17:55:53.267+0800][135.538s] GC(215)   Other: 0.4ms
[2022-04-04T17:55:53.267+0800][135.538s] GC(215) Eden regions: 203->0(203)
[2022-04-04T17:55:53.267+0800][135.538s] GC(215) Survivor regions: 13->13(27)
[2022-04-04T17:55:53.267+0800][135.539s] GC(215) Old regions: 191->191
[2022-04-04T17:55:53.267+0800][135.539s] GC(215) Archive regions: 0->0
[2022-04-04T17:55:53.267+0800][135.539s] GC(215) Humongous regions: 40->40
[2022-04-04T17:55:53.267+0800][135.539s] GC(215) Metaspace: 51201K(51888K)->51201K(51888K) NonClass: 45299K(45744K)->45299K(45744K) Class: 5902K(6144K)->5902K(6144K)
[2022-04-04T17:55:53.267+0800][135.539s] GC(215) Pause Young (Concurrent Start) (G1 Evacuation Pause) 445M->243M(512M) 3.847ms
[2022-04-04T17:55:53.267+0800][135.539s] GC(215) User=0.00s Sys=0.00s Real=0.00s
[2022-04-04T17:55:53.267+0800][135.539s] GC(216) Concurrent Cycle
[2022-04-04T17:55:53.267+0800][135.539s] GC(216) Concurrent Clear Claimed Marks
[2022-04-04T17:55:53.267+0800][135.539s] GC(216) Concurrent Clear Claimed Marks 0.057ms
[2022-04-04T17:55:53.267+0800][135.539s] GC(216) Concurrent Scan Root Regions
[2022-04-04T17:55:53.268+0800][135.540s] GC(216) Concurrent Scan Root Regions 0.600ms
[2022-04-04T17:55:53.268+0800][135.540s] GC(216) Concurrent Mark (135.540s)
[2022-04-04T17:55:53.268+0800][135.540s] GC(216) Concurrent Mark From Roots
[2022-04-04T17:55:53.268+0800][135.540s] GC(216) Using 2 workers of 2 for marking
[2022-04-04T17:55:53.309+0800][135.581s] GC(216) Concurrent Mark From Roots 41.131ms
[2022-04-04T17:55:53.309+0800][135.581s] GC(216) Concurrent Preclean
[2022-04-04T17:55:53.310+0800][135.581s] GC(216) Concurrent Preclean 0.433ms
[2022-04-04T17:55:53.310+0800][135.581s] GC(216) Concurrent Mark (135.540s, 135.581s) 41.719ms
[2022-04-04T17:55:53.310+0800][135.582s] GC(216) Pause Remark
[2022-04-04T17:55:53.314+0800][135.585s] GC(216) Pause Remark 297M->182M(512M) 3.760ms
[2022-04-04T17:55:53.314+0800][135.585s] GC(216) User=0.00s Sys=0.00s Real=0.00s
[2022-04-04T17:55:53.314+0800][135.586s] GC(216) Concurrent Rebuild Remembered Sets
[2022-04-04T17:55:53.338+0800][135.610s] GC(216) Concurrent Rebuild Remembered Sets 24.207ms
[2022-04-04T17:55:53.339+0800][135.610s] GC(216) Pause Cleanup
[2022-04-04T17:55:53.339+0800][135.611s] GC(216) Pause Cleanup 214M->214M(512M) 0.258ms
[2022-04-04T17:55:53.339+0800][135.611s] GC(216) User=0.00s Sys=0.00s Real=0.00s
[2022-04-04T17:55:53.339+0800][135.611s] GC(216) Concurrent Cleanup for Next Mark
[2022-04-04T17:55:53.340+0800][135.611s] GC(216) Concurrent Cleanup for Next Mark 0.509ms
[2022-04-04T17:55:53.340+0800][135.611s] GC(216) Concurrent Cycle 72.603ms
[2022-04-04T17:55:53.400+0800][135.671s] GC(217) Pause Young (Prepare Mixed) (G1 Evacuation Pause)
[2022-04-04T17:55:53.400+0800][135.671s] GC(217) Using 8 workers of 8 for evacuation
[2022-04-04T17:55:53.401+0800][135.673s] GC(217)   Pre Evacuate Collection Set: 0.1ms
[2022-04-04T17:55:53.401+0800][135.673s] GC(217)   Merge Heap Roots: 0.1ms
[2022-04-04T17:55:53.401+0800][135.673s] GC(217)   Evacuate Collection Set: 0.8ms
[2022-04-04T17:55:53.401+0800][135.673s] GC(217)   Post Evacuate Collection Set: 0.9ms
[2022-04-04T17:55:53.401+0800][135.673s] GC(217)   Other: 0.2ms
[2022-04-04T17:55:53.402+0800][135.673s] GC(217) Eden regions: 203->0(21)
[2022-04-04T17:55:53.402+0800][135.673s] GC(217) Survivor regions: 13->4(27)
[2022-04-04T17:55:53.402+0800][135.673s] GC(217) Old regions: 109->109
[2022-04-04T17:55:53.402+0800][135.673s] GC(217) Archive regions: 0->0
[2022-04-04T17:55:53.402+0800][135.673s] GC(217) Humongous regions: 7->7
[2022-04-04T17:55:53.402+0800][135.673s] GC(217) Metaspace: 51201K(51888K)->51201K(51888K) NonClass: 45299K(45744K)->45299K(45744K) Class: 5902K(6144K)->5902K(6144K)
[2022-04-04T17:55:53.402+0800][135.673s] GC(217) Pause Young (Prepare Mixed) (G1 Evacuation Pause) 331M->119M(512M) 2.477ms
[2022-04-04T17:55:53.402+0800][135.673s] GC(217) User=0.02s Sys=0.00s Real=0.00s
[2022-04-04T17:55:53.413+0800][135.685s] GC(218) Pause Young (Mixed) (G1 Evacuation Pause)
[2022-04-04T17:55:53.413+0800][135.685s] GC(218) Using 8 workers of 8 for evacuation
[2022-04-04T17:55:53.415+0800][135.687s] GC(218)   Pre Evacuate Collection Set: 0.1ms
[2022-04-04T17:55:53.415+0800][135.687s] GC(218)   Merge Heap Roots: 0.1ms
[2022-04-04T17:55:53.415+0800][135.687s] GC(218)   Evacuate Collection Set: 0.8ms
[2022-04-04T17:55:53.415+0800][135.687s] GC(218)   Post Evacuate Collection Set: 0.7ms
[2022-04-04T17:55:53.415+0800][135.687s] GC(218)   Other: 0.2ms
[2022-04-04T17:55:53.415+0800][135.687s] GC(218) Eden regions: 21->0(305)
[2022-04-04T17:55:53.415+0800][135.687s] GC(218) Survivor regions: 4->2(4)
[2022-04-04T17:55:53.415+0800][135.687s] GC(218) Old regions: 109->59
[2022-04-04T17:55:53.415+0800][135.687s] GC(218) Archive regions: 0->0
[2022-04-04T17:55:53.415+0800][135.687s] GC(218) Humongous regions: 7->7
[2022-04-04T17:55:53.416+0800][135.687s] GC(218) Metaspace: 51201K(51888K)->51201K(51888K) NonClass: 45299K(45744K)->45299K(45744K) Class: 5902K(6144K)->5902K(6144K)
[2022-04-04T17:55:53.416+0800][135.687s] GC(218) Pause Young (Mixed) (G1 Evacuation Pause) 140M->67M(512M) 2.311ms
[2022-04-04T17:55:53.416+0800][135.687s] GC(218) User=0.00s Sys=0.00s Real=0.00s
[2022-04-04T17:55:53.608+0800][135.879s] GC(219) Pause Young (Normal) (G1 Evacuation Pause)
[2022-04-04T17:55:53.608+0800][135.879s] GC(219) Using 8 workers of 8 for evacuation
[2022-04-04T17:55:53.609+0800][135.881s] GC(219)   Pre Evacuate Collection Set: 0.1ms
[2022-04-04T17:55:53.609+0800][135.881s] GC(219)   Merge Heap Roots: 0.1ms
[2022-04-04T17:55:53.609+0800][135.881s] GC(219)   Evacuate Collection Set: 0.7ms
[2022-04-04T17:55:53.609+0800][135.881s] GC(219)   Post Evacuate Collection Set: 0.7ms
[2022-04-04T17:55:53.610+0800][135.881s] GC(219)   Other: 0.2ms
[2022-04-04T17:55:53.610+0800][135.881s] GC(219) Eden regions: 305->0(303)
[2022-04-04T17:55:53.610+0800][135.881s] GC(219) Survivor regions: 2->4(39)
[2022-04-04T17:55:53.610+0800][135.881s] GC(219) Old regions: 59->59
[2022-04-04T17:55:53.610+0800][135.881s] GC(219) Archive regions: 0->0
[2022-04-04T17:55:53.610+0800][135.881s] GC(219) Humongous regions: 8->8
[2022-04-04T17:55:53.610+0800][135.881s] GC(219) Metaspace: 51201K(51888K)->51201K(51888K) NonClass: 45299K(45744K)->45299K(45744K) Class: 5902K(6144K)->5902K(6144K)
[2022-04-04T17:55:53.610+0800][135.882s] GC(219) Pause Young (Normal) (G1 Evacuation Pause) 373M->69M(512M) 2.139ms
[2022-04-04T17:55:53.610+0800][135.882s] GC(219) User=0.00s Sys=0.00s Real=0.00s
[2022-04-04T17:55:53.763+0800][136.034s] GC(220) Pause Young (Normal) (G1 Evacuation Pause)
[2022-04-04T17:55:53.763+0800][136.034s] GC(220) Using 8 workers of 8 for evacuation
[2022-04-04T17:55:53.765+0800][136.037s] GC(220)   Pre Evacuate Collection Set: 0.2ms
[2022-04-04T17:55:53.765+0800][136.037s] GC(220)   Merge Heap Roots: 0.2ms
[2022-04-04T17:55:53.765+0800][136.037s] GC(220)   Evacuate Collection Set: 0.9ms
[2022-04-04T17:55:53.765+0800][136.037s] GC(220)   Post Evacuate Collection Set: 0.8ms
[2022-04-04T17:55:53.765+0800][136.037s] GC(220)   Other: 0.2ms
[2022-04-04T17:55:53.765+0800][136.037s] GC(220) Eden regions: 303->0(302)
[2022-04-04T17:55:53.765+0800][136.037s] GC(220) Survivor regions: 4->5(39)
[2022-04-04T17:55:53.765+0800][136.037s] GC(220) Old regions: 59->59
[2022-04-04T17:55:53.765+0800][136.037s] GC(220) Archive regions: 0->0
[2022-04-04T17:55:53.765+0800][136.037s] GC(220) Humongous regions: 8->8
[2022-04-04T17:55:53.765+0800][136.037s] GC(220) Metaspace: 51201K(51888K)->51201K(51888K) NonClass: 45299K(45744K)->45299K(45744K) Class: 5902K(6144K)->5902K(6144K)
[2022-04-04T17:55:53.765+0800][136.037s] GC(220) Pause Young (Normal) (G1 Evacuation Pause) 372M->71M(512M) 2.547ms
[2022-04-04T17:55:53.765+0800][136.037s] GC(220) User=0.00s Sys=0.00s Real=0.00s
[2022-04-04T17:55:54.003+0800][136.274s] GC(221) Pause Young (Normal) (G1 Evacuation Pause)
[2022-04-04T17:55:54.003+0800][136.274s] GC(221) Using 8 workers of 8 for evacuation
[2022-04-04T17:55:54.005+0800][136.277s] GC(221)   Pre Evacuate Collection Set: 0.2ms
[2022-04-04T17:55:54.006+0800][136.277s] GC(221)   Merge Heap Roots: 0.2ms
[2022-04-04T17:55:54.006+0800][136.277s] GC(221)   Evacuate Collection Set: 1.0ms
[2022-04-04T17:55:54.006+0800][136.277s] GC(221)   Post Evacuate Collection Set: 1.0ms
[2022-04-04T17:55:54.006+0800][136.278s] GC(221)   Other: 0.5ms
[2022-04-04T17:55:54.006+0800][136.278s] GC(221) Eden regions: 302->0(301)
[2022-04-04T17:55:54.006+0800][136.278s] GC(221) Survivor regions: 5->6(39)
[2022-04-04T17:55:54.006+0800][136.278s] GC(221) Old regions: 59->59
[2022-04-04T17:55:54.006+0800][136.278s] GC(221) Archive regions: 0->0
[2022-04-04T17:55:54.006+0800][136.278s] GC(221) Humongous regions: 8->8
[2022-04-04T17:55:54.006+0800][136.278s] GC(221) Metaspace: 51201K(51888K)->51201K(51888K) NonClass: 45299K(45744K)->45299K(45744K) Class: 5902K(6144K)->5902K(6144K)
[2022-04-04T17:55:54.006+0800][136.278s] GC(221) Pause Young (Normal) (G1 Evacuation Pause) 373M->71M(512M) 3.494ms
[2022-04-04T17:55:54.006+0800][136.278s] GC(221) User=0.00s Sys=0.00s Real=0.00s
[2022-04-04T17:55:54.246+0800][136.517s] GC(222) Pause Young (Normal) (G1 Evacuation Pause)
[2022-04-04T17:55:54.246+0800][136.517s] GC(222) Using 8 workers of 8 for evacuation
[2022-04-04T17:55:54.248+0800][136.520s] GC(222)   Pre Evacuate Collection Set: 0.2ms
[2022-04-04T17:55:54.248+0800][136.520s] GC(222)   Merge Heap Roots: 0.2ms
[2022-04-04T17:55:54.248+0800][136.520s] GC(222)   Evacuate Collection Set: 1.1ms
[2022-04-04T17:55:54.248+0800][136.520s] GC(222)   Post Evacuate Collection Set: 1.1ms
[2022-04-04T17:55:54.249+0800][136.520s] GC(222)   Other: 0.3ms
[2022-04-04T17:55:54.249+0800][136.520s] GC(222) Eden regions: 301->0(300)
[2022-04-04T17:55:54.249+0800][136.520s] GC(222) Survivor regions: 6->7(39)
[2022-04-04T17:55:54.249+0800][136.521s] GC(222) Old regions: 59->59
[2022-04-04T17:55:54.249+0800][136.521s] GC(222) Archive regions: 0->0
[2022-04-04T17:55:54.249+0800][136.521s] GC(222) Humongous regions: 8->8
[2022-04-04T17:55:54.249+0800][136.521s] GC(222) Metaspace: 51201K(51888K)->51201K(51888K) NonClass: 45299K(45744K)->45299K(45744K) Class: 5902K(6144K)->5902K(6144K)
[2022-04-04T17:55:54.249+0800][136.521s] GC(222) Pause Young (Normal) (G1 Evacuation Pause) 372M->73M(512M) 3.335ms
[2022-04-04T17:55:54.249+0800][136.521s] GC(222) User=0.00s Sys=0.00s Real=0.00s
[2022-04-04T17:55:54.428+0800][136.700s] GC(223) Pause Young (Normal) (G1 Evacuation Pause)
[2022-04-04T17:55:54.428+0800][136.700s] GC(223) Using 8 workers of 8 for evacuation
[2022-04-04T17:55:54.430+0800][136.702s] GC(223)   Pre Evacuate Collection Set: 0.1ms
[2022-04-04T17:55:54.430+0800][136.702s] GC(223)   Merge Heap Roots: 0.2ms
[2022-04-04T17:55:54.430+0800][136.702s] GC(223)   Evacuate Collection Set: 1.1ms
[2022-04-04T17:55:54.430+0800][136.702s] GC(223)   Post Evacuate Collection Set: 0.7ms
[2022-04-04T17:55:54.430+0800][136.702s] GC(223)   Other: 0.2ms
[2022-04-04T17:55:54.430+0800][136.702s] GC(223) Eden regions: 300->0(299)
[2022-04-04T17:55:54.430+0800][136.702s] GC(223) Survivor regions: 7->8(39)
[2022-04-04T17:55:54.430+0800][136.702s] GC(223) Old regions: 59->59
[2022-04-04T17:55:54.430+0800][136.702s] GC(223) Archive regions: 0->0
[2022-04-04T17:55:54.430+0800][136.702s] GC(223) Humongous regions: 10->9
[2022-04-04T17:55:54.430+0800][136.702s] GC(223) Metaspace: 51201K(51888K)->51201K(51888K) NonClass: 45299K(45744K)->45299K(45744K) Class: 5902K(6144K)->5902K(6144K)
[2022-04-04T17:55:54.431+0800][136.702s] GC(223) Pause Young (Normal) (G1 Evacuation Pause) 375M->75M(512M) 2.673ms
[2022-04-04T17:55:54.431+0800][136.702s] GC(223) User=0.00s Sys=0.00s Real=0.00s
[2022-04-04T17:55:54.585+0800][136.856s] GC(224) Pause Young (Normal) (G1 Evacuation Pause)
[2022-04-04T17:55:54.585+0800][136.856s] GC(224) Using 8 workers of 8 for evacuation
[2022-04-04T17:55:54.587+0800][136.859s] GC(224)   Pre Evacuate Collection Set: 0.1ms
[2022-04-04T17:55:54.587+0800][136.859s] GC(224)   Merge Heap Roots: 0.1ms
[2022-04-04T17:55:54.587+0800][136.859s] GC(224)   Evacuate Collection Set: 1.3ms
[2022-04-04T17:55:54.587+0800][136.859s] GC(224)   Post Evacuate Collection Set: 0.8ms
[2022-04-04T17:55:54.587+0800][136.859s] GC(224)   Other: 0.2ms
[2022-04-04T17:55:54.587+0800][136.859s] GC(224) Eden regions: 299->0(298)
[2022-04-04T17:55:54.587+0800][136.859s] GC(224) Survivor regions: 8->9(39)
[2022-04-04T17:55:54.587+0800][136.859s] GC(224) Old regions: 59->59
[2022-04-04T17:55:54.587+0800][136.859s] GC(224) Archive regions: 0->0
[2022-04-04T17:55:54.587+0800][136.859s] GC(224) Humongous regions: 10->10
[2022-04-04T17:55:54.587+0800][136.859s] GC(224) Metaspace: 51201K(51888K)->51201K(51888K) NonClass: 45299K(45744K)->45299K(45744K) Class: 5902K(6144K)->5902K(6144K)
[2022-04-04T17:55:54.587+0800][136.859s] GC(224) Pause Young (Normal) (G1 Evacuation Pause) 375M->77M(512M) 2.886ms
[2022-04-04T17:55:54.587+0800][136.859s] GC(224) User=0.00s Sys=0.00s Real=0.00s
[2022-04-04T17:55:54.747+0800][137.018s] GC(225) Pause Young (Normal) (G1 Evacuation Pause)
[2022-04-04T17:55:54.747+0800][137.018s] GC(225) Using 8 workers of 8 for evacuation
[2022-04-04T17:55:54.749+0800][137.021s] GC(225)   Pre Evacuate Collection Set: 0.1ms
[2022-04-04T17:55:54.749+0800][137.021s] GC(225)   Merge Heap Roots: 0.1ms
[2022-04-04T17:55:54.749+0800][137.021s] GC(225)   Evacuate Collection Set: 1.4ms
[2022-04-04T17:55:54.749+0800][137.021s] GC(225)   Post Evacuate Collection Set: 0.7ms
[2022-04-04T17:55:54.749+0800][137.021s] GC(225)   Other: 0.2ms
[2022-04-04T17:55:54.749+0800][137.021s] GC(225) Eden regions: 298->0(297)
[2022-04-04T17:55:54.749+0800][137.021s] GC(225) Survivor regions: 9->10(39)
[2022-04-04T17:55:54.749+0800][137.021s] GC(225) Old regions: 59->59
[2022-04-04T17:55:54.749+0800][137.021s] GC(225) Archive regions: 0->0
[2022-04-04T17:55:54.749+0800][137.021s] GC(225) Humongous regions: 10->10
[2022-04-04T17:55:54.749+0800][137.021s] GC(225) Metaspace: 51201K(51888K)->51201K(51888K) NonClass: 45299K(45744K)->45299K(45744K) Class: 5902K(6144K)->5902K(6144K)
[2022-04-04T17:55:54.749+0800][137.021s] GC(225) Pause Young (Normal) (G1 Evacuation Pause) 375M->78M(512M) 2.904ms
[2022-04-04T17:55:54.749+0800][137.021s] GC(225) User=0.00s Sys=0.00s Real=0.00s
[2022-04-04T17:55:54.914+0800][137.186s] GC(226) Pause Young (Normal) (G1 Evacuation Pause)
[2022-04-04T17:55:54.914+0800][137.186s] GC(226) Using 8 workers of 8 for evacuation
[2022-04-04T17:55:54.917+0800][137.189s] GC(226)   Pre Evacuate Collection Set: 0.1ms
[2022-04-04T17:55:54.917+0800][137.189s] GC(226)   Merge Heap Roots: 0.1ms
[2022-04-04T17:55:54.917+0800][137.189s] GC(226)   Evacuate Collection Set: 1.6ms
[2022-04-04T17:55:54.917+0800][137.189s] GC(226)   Post Evacuate Collection Set: 0.8ms
[2022-04-04T17:55:54.917+0800][137.189s] GC(226)   Other: 0.2ms
[2022-04-04T17:55:54.917+0800][137.189s] GC(226) Eden regions: 297->0(295)
[2022-04-04T17:55:54.917+0800][137.189s] GC(226) Survivor regions: 10->12(39)
[2022-04-04T17:55:54.917+0800][137.189s] GC(226) Old regions: 59->59
[2022-04-04T17:55:54.917+0800][137.189s] GC(226) Archive regions: 0->0
[2022-04-04T17:55:54.917+0800][137.189s] GC(226) Humongous regions: 10->10
[2022-04-04T17:55:54.917+0800][137.189s] GC(226) Metaspace: 51201K(51888K)->51201K(51888K) NonClass: 45299K(45744K)->45299K(45744K) Class: 5902K(6144K)->5902K(6144K)
[2022-04-04T17:55:54.917+0800][137.189s] GC(226) Pause Young (Normal) (G1 Evacuation Pause) 375M->79M(512M) 3.240ms
[2022-04-04T17:55:54.917+0800][137.189s] GC(226) User=0.00s Sys=0.00s Real=0.00s
[2022-04-04T17:55:55.073+0800][137.344s] GC(227) Pause Young (Normal) (G1 Evacuation Pause)
[2022-04-04T17:55:55.073+0800][137.344s] GC(227) Using 8 workers of 8 for evacuation
[2022-04-04T17:55:55.075+0800][137.347s] GC(227)   Pre Evacuate Collection Set: 0.1ms
[2022-04-04T17:55:55.076+0800][137.347s] GC(227)   Merge Heap Roots: 0.2ms
[2022-04-04T17:55:55.076+0800][137.347s] GC(227)   Evacuate Collection Set: 1.8ms
[2022-04-04T17:55:55.076+0800][137.348s] GC(227)   Post Evacuate Collection Set: 0.9ms
[2022-04-04T17:55:55.076+0800][137.348s] GC(227)   Other: 0.3ms
[2022-04-04T17:55:55.076+0800][137.348s] GC(227) Eden regions: 295->0(295)
[2022-04-04T17:55:55.076+0800][137.348s] GC(227) Survivor regions: 12->12(39)
[2022-04-04T17:55:55.076+0800][137.348s] GC(227) Old regions: 59->59
[2022-04-04T17:55:55.076+0800][137.348s] GC(227) Archive regions: 0->0
[2022-04-04T17:55:55.076+0800][137.348s] GC(227) Humongous regions: 10->10
[2022-04-04T17:55:55.076+0800][137.348s] GC(227) Metaspace: 51201K(51888K)->51201K(51888K) NonClass: 45299K(45744K)->45299K(45744K) Class: 5902K(6144K)->5902K(6144K)
[2022-04-04T17:55:55.076+0800][137.348s] GC(227) Pause Young (Normal) (G1 Evacuation Pause) 374M->80M(512M) 3.840ms
[2022-04-04T17:55:55.076+0800][137.348s] GC(227) User=0.00s Sys=0.02s Real=0.00s
[2022-04-04T17:55:55.226+0800][137.497s] GC(228) Pause Young (Normal) (G1 Evacuation Pause)
[2022-04-04T17:55:55.226+0800][137.497s] GC(228) Using 8 workers of 8 for evacuation
[2022-04-04T17:55:55.228+0800][137.500s] GC(228)   Pre Evacuate Collection Set: 0.1ms
[2022-04-04T17:55:55.228+0800][137.500s] GC(228)   Merge Heap Roots: 0.1ms
[2022-04-04T17:55:55.228+0800][137.500s] GC(228)   Evacuate Collection Set: 1.8ms
[2022-04-04T17:55:55.228+0800][137.500s] GC(228)   Post Evacuate Collection Set: 0.9ms
[2022-04-04T17:55:55.228+0800][137.500s] GC(228)   Other: 0.2ms
[2022-04-04T17:55:55.228+0800][137.500s] GC(228) Eden regions: 295->0(294)
[2022-04-04T17:55:55.228+0800][137.500s] GC(228) Survivor regions: 12->13(39)
[2022-04-04T17:55:55.228+0800][137.500s] GC(228) Old regions: 59->59
[2022-04-04T17:55:55.228+0800][137.500s] GC(228) Archive regions: 0->0
[2022-04-04T17:55:55.228+0800][137.500s] GC(228) Humongous regions: 10->10
[2022-04-04T17:55:55.228+0800][137.500s] GC(228) Metaspace: 51201K(51888K)->51201K(51888K) NonClass: 45299K(45744K)->45299K(45744K) Class: 5902K(6144K)->5902K(6144K)
[2022-04-04T17:55:55.229+0800][137.501s] GC(228) Pause Young (Normal) (G1 Evacuation Pause) 375M->81M(512M) 3.467ms
[2022-04-04T17:55:55.229+0800][137.501s] GC(228) User=0.00s Sys=0.00s Real=0.00s
[2022-04-04T17:55:55.411+0800][137.682s] GC(229) Pause Young (Normal) (G1 Evacuation Pause)
[2022-04-04T17:55:55.411+0800][137.682s] GC(229) Using 8 workers of 8 for evacuation
[2022-04-04T17:55:55.414+0800][137.685s] GC(229)   Pre Evacuate Collection Set: 0.1ms
[2022-04-04T17:55:55.414+0800][137.686s] GC(229)   Merge Heap Roots: 0.2ms
[2022-04-04T17:55:55.414+0800][137.686s] GC(229)   Evacuate Collection Set: 2.0ms
[2022-04-04T17:55:55.414+0800][137.686s] GC(229)   Post Evacuate Collection Set: 0.7ms
[2022-04-04T17:55:55.414+0800][137.686s] GC(229)   Other: 0.2ms
[2022-04-04T17:55:55.414+0800][137.686s] GC(229) Eden regions: 294->0(293)
[2022-04-04T17:55:55.414+0800][137.686s] GC(229) Survivor regions: 13->14(39)
[2022-04-04T17:55:55.414+0800][137.686s] GC(229) Old regions: 59->59
[2022-04-04T17:55:55.414+0800][137.686s] GC(229) Archive regions: 0->0
[2022-04-04T17:55:55.414+0800][137.686s] GC(229) Humongous regions: 10->10
[2022-04-04T17:55:55.414+0800][137.686s] GC(229) Metaspace: 51201K(51888K)->51201K(51888K) NonClass: 45299K(45744K)->45299K(45744K) Class: 5902K(6144K)->5902K(6144K)
[2022-04-04T17:55:55.414+0800][137.686s] GC(229) Pause Young (Normal) (G1 Evacuation Pause) 375M->81M(512M) 3.594ms
[2022-04-04T17:55:55.414+0800][137.686s] GC(229) User=0.00s Sys=0.00s Real=0.00s
[2022-04-04T17:55:56.538+0800][138.810s] GC(230) Pause Young (Normal) (G1 Evacuation Pause)
[2022-04-04T17:55:56.538+0800][138.810s] GC(230) Using 8 workers of 8 for evacuation
[2022-04-04T17:55:56.541+0800][138.813s] GC(230)   Pre Evacuate Collection Set: 0.1ms
[2022-04-04T17:55:56.541+0800][138.813s] GC(230)   Merge Heap Roots: 0.1ms
[2022-04-04T17:55:56.541+0800][138.813s] GC(230)   Evacuate Collection Set: 1.9ms
[2022-04-04T17:55:56.541+0800][138.813s] GC(230)   Post Evacuate Collection Set: 0.8ms
[2022-04-04T17:55:56.541+0800][138.813s] GC(230)   Other: 0.2ms
[2022-04-04T17:55:56.541+0800][138.813s] GC(230) Eden regions: 293->0(292)
[2022-04-04T17:55:56.541+0800][138.813s] GC(230) Survivor regions: 14->15(39)
[2022-04-04T17:55:56.541+0800][138.813s] GC(230) Old regions: 59->59
[2022-04-04T17:55:56.542+0800][138.813s] GC(230) Archive regions: 0->0
[2022-04-04T17:55:56.542+0800][138.813s] GC(230) Humongous regions: 10->10
[2022-04-04T17:55:56.542+0800][138.813s] GC(230) Metaspace: 51201K(51888K)->51201K(51888K) NonClass: 45299K(45744K)->45299K(45744K) Class: 5902K(6144K)->5902K(6144K)
[2022-04-04T17:55:56.542+0800][138.814s] GC(230) Pause Young (Normal) (G1 Evacuation Pause) 374M->82M(512M) 3.557ms
[2022-04-04T17:55:56.542+0800][138.814s] GC(230) User=0.00s Sys=0.02s Real=0.00s
[2022-04-04T17:55:58.231+0800][140.503s] GC(231) Pause Young (Normal) (G1 Evacuation Pause)
[2022-04-04T17:55:58.231+0800][140.503s] GC(231) Using 8 workers of 8 for evacuation
[2022-04-04T17:55:58.234+0800][140.506s] GC(231)   Pre Evacuate Collection Set: 0.1ms
[2022-04-04T17:55:58.234+0800][140.506s] GC(231)   Merge Heap Roots: 0.2ms
[2022-04-04T17:55:58.234+0800][140.506s] GC(231)   Evacuate Collection Set: 2.4ms
[2022-04-04T17:55:58.234+0800][140.506s] GC(231)   Post Evacuate Collection Set: 0.8ms
[2022-04-04T17:55:58.234+0800][140.506s] GC(231)   Other: 0.2ms
[2022-04-04T17:55:58.234+0800][140.506s] GC(231) Eden regions: 292->0(293)
[2022-04-04T17:55:58.234+0800][140.506s] GC(231) Survivor regions: 15->14(39)
[2022-04-04T17:55:58.234+0800][140.507s] GC(231) Old regions: 59->59
[2022-04-04T17:55:58.234+0800][140.507s] GC(231) Archive regions: 0->0
[2022-04-04T17:55:58.234+0800][140.507s] GC(231) Humongous regions: 10->10
[2022-04-04T17:55:58.235+0800][140.507s] GC(231) Metaspace: 51201K(51888K)->51201K(51888K) NonClass: 45299K(45744K)->45299K(45744K) Class: 5902K(6144K)->5902K(6144K)
[2022-04-04T17:55:58.235+0800][140.507s] GC(231) Pause Young (Normal) (G1 Evacuation Pause) 374M->82M(512M) 3.980ms
[2022-04-04T17:55:58.235+0800][140.507s] GC(231) User=0.00s Sys=0.00s Real=0.00s
[2022-04-04T17:55:59.731+0800][142.003s] GC(232) Pause Young (Normal) (G1 Evacuation Pause)
[2022-04-04T17:55:59.731+0800][142.003s] GC(232) Using 8 workers of 8 for evacuation
[2022-04-04T17:55:59.735+0800][142.007s] GC(232)   Pre Evacuate Collection Set: 0.1ms
[2022-04-04T17:55:59.735+0800][142.007s] GC(232)   Merge Heap Roots: 0.2ms
[2022-04-04T17:55:59.735+0800][142.007s] GC(232)   Evacuate Collection Set: 2.5ms
[2022-04-04T17:55:59.735+0800][142.007s] GC(232)   Post Evacuate Collection Set: 1.2ms
[2022-04-04T17:55:59.735+0800][142.007s] GC(232)   Other: 0.3ms
[2022-04-04T17:55:59.735+0800][142.007s] GC(232) Eden regions: 293->0(293)
[2022-04-04T17:55:59.735+0800][142.007s] GC(232) Survivor regions: 14->14(39)
[2022-04-04T17:55:59.735+0800][142.007s] GC(232) Old regions: 59->60
[2022-04-04T17:55:59.735+0800][142.007s] GC(232) Archive regions: 0->0
[2022-04-04T17:55:59.735+0800][142.007s] GC(232) Humongous regions: 10->10
[2022-04-04T17:55:59.735+0800][142.008s] GC(232) Metaspace: 51201K(51888K)->51201K(51888K) NonClass: 45299K(45744K)->45299K(45744K) Class: 5902K(6144K)->5902K(6144K)
[2022-04-04T17:55:59.735+0800][142.008s] GC(232) Pause Young (Normal) (G1 Evacuation Pause) 375M->83M(512M) 4.878ms
[2022-04-04T17:55:59.735+0800][142.008s] GC(232) User=0.00s Sys=0.00s Real=0.00s
[2022-04-04T17:56:00.482+0800][142.754s] GC(233) Pause Young (Normal) (G1 Evacuation Pause)
[2022-04-04T17:56:00.482+0800][142.754s] GC(233) Using 8 workers of 8 for evacuation
[2022-04-04T17:56:00.486+0800][142.758s] GC(233)   Pre Evacuate Collection Set: 0.2ms
[2022-04-04T17:56:00.486+0800][142.758s] GC(233)   Merge Heap Roots: 0.1ms
[2022-04-04T17:56:00.486+0800][142.758s] GC(233)   Evacuate Collection Set: 2.4ms
[2022-04-04T17:56:00.486+0800][142.758s] GC(233)   Post Evacuate Collection Set: 0.8ms
[2022-04-04T17:56:00.486+0800][142.758s] GC(233)   Other: 0.5ms
[2022-04-04T17:56:00.486+0800][142.758s] GC(233) Eden regions: 293->0(292)
[2022-04-04T17:56:00.486+0800][142.758s] GC(233) Survivor regions: 14->15(39)
[2022-04-04T17:56:00.486+0800][142.758s] GC(233) Old regions: 60->60
[2022-04-04T17:56:00.486+0800][142.758s] GC(233) Archive regions: 0->0
[2022-04-04T17:56:00.486+0800][142.758s] GC(233) Humongous regions: 10->10
[2022-04-04T17:56:00.486+0800][142.758s] GC(233) Metaspace: 51265K(51888K)->51265K(51888K) NonClass: 45341K(45744K)->45341K(45744K) Class: 5923K(6144K)->5923K(6144K)
[2022-04-04T17:56:00.486+0800][142.759s] GC(233) Pause Young (Normal) (G1 Evacuation Pause) 376M->83M(512M) 4.562ms
[2022-04-04T17:56:00.486+0800][142.759s] GC(233) User=0.00s Sys=0.00s Real=0.00s
[2022-04-04T17:56:00.708+0800][142.979s] GC(234) Pause Young (Normal) (G1 Evacuation Pause)
[2022-04-04T17:56:00.708+0800][142.979s] GC(234) Using 8 workers of 8 for evacuation
[2022-04-04T17:56:00.711+0800][142.983s] GC(234)   Pre Evacuate Collection Set: 0.1ms
[2022-04-04T17:56:00.711+0800][142.983s] GC(234)   Merge Heap Roots: 0.1ms
[2022-04-04T17:56:00.711+0800][142.983s] GC(234)   Evacuate Collection Set: 2.5ms
[2022-04-04T17:56:00.711+0800][142.983s] GC(234)   Post Evacuate Collection Set: 0.7ms
[2022-04-04T17:56:00.711+0800][142.983s] GC(234)   Other: 0.2ms
[2022-04-04T17:56:00.711+0800][142.983s] GC(234) Eden regions: 292->0(292)
[2022-04-04T17:56:00.711+0800][142.983s] GC(234) Survivor regions: 15->15(39)
[2022-04-04T17:56:00.711+0800][142.983s] GC(234) Old regions: 60->61
[2022-04-04T17:56:00.711+0800][142.983s] GC(234) Archive regions: 0->0
[2022-04-04T17:56:00.711+0800][142.983s] GC(234) Humongous regions: 10->10
[2022-04-04T17:56:00.711+0800][142.983s] GC(234) Metaspace: 51348K(51888K)->51348K(51888K) NonClass: 45411K(45744K)->45411K(45744K) Class: 5936K(6144K)->5936K(6144K)
[2022-04-04T17:56:00.711+0800][142.983s] GC(234) Pause Young (Normal) (G1 Evacuation Pause) 375M->85M(512M) 3.925ms
[2022-04-04T17:56:00.711+0800][142.983s] GC(234) User=0.00s Sys=0.00s Real=0.00s
[2022-04-04T17:56:01.028+0800][143.299s] GC(235) Pause Young (Normal) (G1 Evacuation Pause)
[2022-04-04T17:56:01.028+0800][143.300s] GC(235) Using 8 workers of 8 for evacuation
[2022-04-04T17:56:01.032+0800][143.303s] GC(235)   Pre Evacuate Collection Set: 0.1ms
[2022-04-04T17:56:01.032+0800][143.303s] GC(235)   Merge Heap Roots: 0.1ms
[2022-04-04T17:56:01.032+0800][143.303s] GC(235)   Evacuate Collection Set: 2.7ms
[2022-04-04T17:56:01.032+0800][143.303s] GC(235)   Post Evacuate Collection Set: 0.7ms
[2022-04-04T17:56:01.032+0800][143.303s] GC(235)   Other: 0.2ms
[2022-04-04T17:56:01.032+0800][143.304s] GC(235) Eden regions: 292->0(290)
[2022-04-04T17:56:01.032+0800][143.304s] GC(235) Survivor regions: 15->17(39)
[2022-04-04T17:56:01.032+0800][143.304s] GC(235) Old regions: 61->61
[2022-04-04T17:56:01.032+0800][143.304s] GC(235) Archive regions: 0->0
[2022-04-04T17:56:01.032+0800][143.304s] GC(235) Humongous regions: 10->10
[2022-04-04T17:56:01.032+0800][143.304s] GC(235) Metaspace: 51399K(51888K)->51399K(51888K) NonClass: 45457K(45744K)->45457K(45744K) Class: 5942K(6144K)->5942K(6144K)
[2022-04-04T17:56:01.032+0800][143.304s] GC(235) Pause Young (Normal) (G1 Evacuation Pause) 377M->87M(512M) 4.305ms
[2022-04-04T17:56:01.032+0800][143.304s] GC(235) User=0.00s Sys=0.00s Real=0.00s
[2022-04-04T17:56:01.198+0800][143.469s] GC(236) Pause Young (Normal) (G1 Evacuation Pause)
[2022-04-04T17:56:01.198+0800][143.469s] GC(236) Using 8 workers of 8 for evacuation
[2022-04-04T17:56:01.201+0800][143.473s] GC(236)   Pre Evacuate Collection Set: 0.1ms
[2022-04-04T17:56:01.201+0800][143.473s] GC(236)   Merge Heap Roots: 0.1ms
[2022-04-04T17:56:01.201+0800][143.473s] GC(236)   Evacuate Collection Set: 2.4ms
[2022-04-04T17:56:01.201+0800][143.473s] GC(236)   Post Evacuate Collection Set: 0.7ms
[2022-04-04T17:56:01.201+0800][143.473s] GC(236)   Other: 0.2ms
[2022-04-04T17:56:01.201+0800][143.473s] GC(236) Eden regions: 290->0(290)
[2022-04-04T17:56:01.202+0800][143.473s] GC(236) Survivor regions: 17->17(39)
[2022-04-04T17:56:01.202+0800][143.473s] GC(236) Old regions: 61->62
[2022-04-04T17:56:01.202+0800][143.473s] GC(236) Archive regions: 0->0
[2022-04-04T17:56:01.202+0800][143.473s] GC(236) Humongous regions: 10->10
[2022-04-04T17:56:01.202+0800][143.473s] GC(236) Metaspace: 51399K(51888K)->51399K(51888K) NonClass: 45457K(45744K)->45457K(45744K) Class: 5942K(6144K)->5942K(6144K)
[2022-04-04T17:56:01.202+0800][143.473s] GC(236) Pause Young (Normal) (G1 Evacuation Pause) 377M->88M(512M) 4.000ms
[2022-04-04T17:56:01.202+0800][143.473s] GC(236) User=0.00s Sys=0.00s Real=0.00s
[2022-04-04T17:56:01.350+0800][143.621s] GC(237) Pause Young (Normal) (G1 Evacuation Pause)
[2022-04-04T17:56:01.350+0800][143.621s] GC(237) Using 8 workers of 8 for evacuation
[2022-04-04T17:56:01.353+0800][143.625s] GC(237)   Pre Evacuate Collection Set: 0.1ms
[2022-04-04T17:56:01.353+0800][143.625s] GC(237)   Merge Heap Roots: 0.1ms
[2022-04-04T17:56:01.353+0800][143.625s] GC(237)   Evacuate Collection Set: 2.5ms
[2022-04-04T17:56:01.353+0800][143.625s] GC(237)   Post Evacuate Collection Set: 0.7ms
[2022-04-04T17:56:01.353+0800][143.625s] GC(237)   Other: 0.2ms
[2022-04-04T17:56:01.353+0800][143.625s] GC(237) Eden regions: 290->0(289)
[2022-04-04T17:56:01.353+0800][143.625s] GC(237) Survivor regions: 17->18(39)
[2022-04-04T17:56:01.353+0800][143.625s] GC(237) Old regions: 62->63
[2022-04-04T17:56:01.353+0800][143.625s] GC(237) Archive regions: 0->0
[2022-04-04T17:56:01.353+0800][143.625s] GC(237) Humongous regions: 11->11
[2022-04-04T17:56:01.353+0800][143.625s] GC(237) Metaspace: 51399K(51888K)->51399K(51888K) NonClass: 45457K(45744K)->45457K(45744K) Class: 5942K(6144K)->5942K(6144K)
[2022-04-04T17:56:01.353+0800][143.625s] GC(237) Pause Young (Normal) (G1 Evacuation Pause) 379M->91M(512M) 3.989ms
[2022-04-04T17:56:01.353+0800][143.625s] GC(237) User=0.00s Sys=0.00s Real=0.00s
[2022-04-04T17:56:01.481+0800][143.752s] GC(238) Pause Young (Normal) (G1 Evacuation Pause)
[2022-04-04T17:56:01.481+0800][143.752s] GC(238) Using 8 workers of 8 for evacuation
[2022-04-04T17:56:01.484+0800][143.756s] GC(238)   Pre Evacuate Collection Set: 0.1ms
[2022-04-04T17:56:01.484+0800][143.756s] GC(238)   Merge Heap Roots: 0.1ms
[2022-04-04T17:56:01.484+0800][143.756s] GC(238)   Evacuate Collection Set: 2.5ms
[2022-04-04T17:56:01.484+0800][143.756s] GC(238)   Post Evacuate Collection Set: 0.7ms
[2022-04-04T17:56:01.484+0800][143.756s] GC(238)   Other: 0.2ms
[2022-04-04T17:56:01.484+0800][143.756s] GC(238) Eden regions: 289->0(289)
[2022-04-04T17:56:01.485+0800][143.756s] GC(238) Survivor regions: 18->18(39)
[2022-04-04T17:56:01.485+0800][143.756s] GC(238) Old regions: 63->63
[2022-04-04T17:56:01.485+0800][143.756s] GC(238) Archive regions: 0->0
[2022-04-04T17:56:01.485+0800][143.756s] GC(238) Humongous regions: 11->11
[2022-04-04T17:56:01.485+0800][143.756s] GC(238) Metaspace: 51399K(51888K)->51399K(51888K) NonClass: 45457K(45744K)->45457K(45744K) Class: 5942K(6144K)->5942K(6144K)
[2022-04-04T17:56:01.485+0800][143.756s] GC(238) Pause Young (Normal) (G1 Evacuation Pause) 380M->91M(512M) 4.075ms
[2022-04-04T17:56:01.485+0800][143.756s] GC(238) User=0.00s Sys=0.00s Real=0.00s
[2022-04-04T17:56:01.615+0800][143.887s] GC(239) Pause Young (Normal) (G1 Evacuation Pause)
[2022-04-04T17:56:01.615+0800][143.887s] GC(239) Using 8 workers of 8 for evacuation
[2022-04-04T17:56:01.619+0800][143.890s] GC(239)   Pre Evacuate Collection Set: 0.1ms
[2022-04-04T17:56:01.619+0800][143.890s] GC(239)   Merge Heap Roots: 0.1ms
[2022-04-04T17:56:01.619+0800][143.890s] GC(239)   Evacuate Collection Set: 2.5ms
[2022-04-04T17:56:01.619+0800][143.890s] GC(239)   Post Evacuate Collection Set: 0.6ms
[2022-04-04T17:56:01.619+0800][143.891s] GC(239)   Other: 0.2ms
[2022-04-04T17:56:01.619+0800][143.891s] GC(239) Eden regions: 289->0(289)
[2022-04-04T17:56:01.619+0800][143.891s] GC(239) Survivor regions: 18->18(39)
[2022-04-04T17:56:01.619+0800][143.891s] GC(239) Old regions: 63->64
[2022-04-04T17:56:01.619+0800][143.891s] GC(239) Archive regions: 0->0
[2022-04-04T17:56:01.619+0800][143.891s] GC(239) Humongous regions: 11->11
[2022-04-04T17:56:01.619+0800][143.891s] GC(239) Metaspace: 51399K(51888K)->51399K(51888K) NonClass: 45457K(45744K)->45457K(45744K) Class: 5942K(6144K)->5942K(6144K)
[2022-04-04T17:56:01.619+0800][143.891s] GC(239) Pause Young (Normal) (G1 Evacuation Pause) 380M->92M(512M) 3.919ms
[2022-04-04T17:56:01.619+0800][143.891s] GC(239) User=0.00s Sys=0.00s Real=0.00s
[2022-04-04T17:56:01.758+0800][144.029s] GC(240) Pause Young (Normal) (G1 Evacuation Pause)
[2022-04-04T17:56:01.758+0800][144.029s] GC(240) Using 8 workers of 8 for evacuation
[2022-04-04T17:56:01.761+0800][144.033s] GC(240)   Pre Evacuate Collection Set: 0.1ms
[2022-04-04T17:56:01.762+0800][144.033s] GC(240)   Merge Heap Roots: 0.1ms
[2022-04-04T17:56:01.762+0800][144.033s] GC(240)   Evacuate Collection Set: 2.7ms
[2022-04-04T17:56:01.762+0800][144.033s] GC(240)   Post Evacuate Collection Set: 0.8ms
[2022-04-04T17:56:01.762+0800][144.033s] GC(240)   Other: 0.2ms
[2022-04-04T17:56:01.762+0800][144.033s] GC(240) Eden regions: 289->0(288)
[2022-04-04T17:56:01.762+0800][144.033s] GC(240) Survivor regions: 18->19(39)
[2022-04-04T17:56:01.762+0800][144.033s] GC(240) Old regions: 64->65
[2022-04-04T17:56:01.762+0800][144.033s] GC(240) Archive regions: 0->0
[2022-04-04T17:56:01.762+0800][144.033s] GC(240) Humongous regions: 11->11
[2022-04-04T17:56:01.762+0800][144.033s] GC(240) Metaspace: 51399K(51888K)->51399K(51888K) NonClass: 45457K(45744K)->45457K(45744K) Class: 5942K(6144K)->5942K(6144K)
[2022-04-04T17:56:01.762+0800][144.033s] GC(240) Pause Young (Normal) (G1 Evacuation Pause) 381M->93M(512M) 4.249ms
[2022-04-04T17:56:01.762+0800][144.034s] GC(240) User=0.06s Sys=0.02s Real=0.00s
[2022-04-04T17:56:01.904+0800][144.176s] GC(241) Pause Young (Normal) (G1 Evacuation Pause)
[2022-04-04T17:56:01.904+0800][144.176s] GC(241) Using 8 workers of 8 for evacuation
[2022-04-04T17:56:01.908+0800][144.179s] GC(241)   Pre Evacuate Collection Set: 0.1ms
[2022-04-04T17:56:01.908+0800][144.180s] GC(241)   Merge Heap Roots: 0.1ms
[2022-04-04T17:56:01.908+0800][144.180s] GC(241)   Evacuate Collection Set: 2.6ms
[2022-04-04T17:56:01.908+0800][144.180s] GC(241)   Post Evacuate Collection Set: 0.8ms
[2022-04-04T17:56:01.908+0800][144.180s] GC(241)   Other: 0.2ms
[2022-04-04T17:56:01.908+0800][144.180s] GC(241) Eden regions: 288->0(288)
[2022-04-04T17:56:01.908+0800][144.180s] GC(241) Survivor regions: 19->19(39)
[2022-04-04T17:56:01.908+0800][144.180s] GC(241) Old regions: 65->66
[2022-04-04T17:56:01.908+0800][144.180s] GC(241) Archive regions: 0->0
[2022-04-04T17:56:01.908+0800][144.180s] GC(241) Humongous regions: 11->11
[2022-04-04T17:56:01.908+0800][144.180s] GC(241) Metaspace: 51399K(51888K)->51399K(51888K) NonClass: 45457K(45744K)->45457K(45744K) Class: 5942K(6144K)->5942K(6144K)
[2022-04-04T17:56:01.908+0800][144.180s] GC(241) Pause Young (Normal) (G1 Evacuation Pause) 381M->94M(512M) 4.318ms
[2022-04-04T17:56:01.908+0800][144.180s] GC(241) User=0.00s Sys=0.00s Real=0.00s
[2022-04-04T17:56:02.034+0800][144.305s] GC(242) Pause Young (Normal) (G1 Evacuation Pause)
[2022-04-04T17:56:02.034+0800][144.306s] GC(242) Using 8 workers of 8 for evacuation
[2022-04-04T17:56:02.038+0800][144.309s] GC(242)   Pre Evacuate Collection Set: 0.1ms
[2022-04-04T17:56:02.038+0800][144.309s] GC(242)   Merge Heap Roots: 0.1ms
[2022-04-04T17:56:02.038+0800][144.309s] GC(242)   Evacuate Collection Set: 2.6ms
[2022-04-04T17:56:02.038+0800][144.309s] GC(242)   Post Evacuate Collection Set: 0.7ms
[2022-04-04T17:56:02.038+0800][144.310s] GC(242)   Other: 0.2ms
[2022-04-04T17:56:02.038+0800][144.310s] GC(242) Eden regions: 288->0(288)
[2022-04-04T17:56:02.038+0800][144.310s] GC(242) Survivor regions: 19->19(39)
[2022-04-04T17:56:02.038+0800][144.310s] GC(242) Old regions: 66->66
[2022-04-04T17:56:02.038+0800][144.310s] GC(242) Archive regions: 0->0
[2022-04-04T17:56:02.038+0800][144.310s] GC(242) Humongous regions: 13->12
[2022-04-04T17:56:02.038+0800][144.310s] GC(242) Metaspace: 51399K(51888K)->51399K(51888K) NonClass: 45457K(45744K)->45457K(45744K) Class: 5942K(6144K)->5942K(6144K)
[2022-04-04T17:56:02.038+0800][144.310s] GC(242) Pause Young (Normal) (G1 Evacuation Pause) 384M->96M(512M) 4.340ms
[2022-04-04T17:56:02.038+0800][144.310s] GC(242) User=0.00s Sys=0.00s Real=0.00s
[2022-04-04T17:56:02.171+0800][144.442s] GC(243) Pause Young (Normal) (G1 Evacuation Pause)
[2022-04-04T17:56:02.171+0800][144.442s] GC(243) Using 8 workers of 8 for evacuation
[2022-04-04T17:56:02.174+0800][144.446s] GC(243)   Pre Evacuate Collection Set: 0.1ms
[2022-04-04T17:56:02.174+0800][144.446s] GC(243)   Merge Heap Roots: 0.1ms
[2022-04-04T17:56:02.174+0800][144.446s] GC(243)   Evacuate Collection Set: 2.6ms
[2022-04-04T17:56:02.175+0800][144.446s] GC(243)   Post Evacuate Collection Set: 0.8ms
[2022-04-04T17:56:02.175+0800][144.446s] GC(243)   Other: 0.2ms
[2022-04-04T17:56:02.175+0800][144.446s] GC(243) Eden regions: 288->0(289)
[2022-04-04T17:56:02.175+0800][144.446s] GC(243) Survivor regions: 19->18(39)
[2022-04-04T17:56:02.175+0800][144.446s] GC(243) Old regions: 66->67
[2022-04-04T17:56:02.175+0800][144.446s] GC(243) Archive regions: 0->0
[2022-04-04T17:56:02.175+0800][144.446s] GC(243) Humongous regions: 12->12
[2022-04-04T17:56:02.175+0800][144.446s] GC(243) Metaspace: 51424K(52144K)->51424K(52144K) NonClass: 45481K(46000K)->45481K(46000K) Class: 5943K(6144K)->5943K(6144K)
[2022-04-04T17:56:02.175+0800][144.446s] GC(243) Pause Young (Normal) (G1 Evacuation Pause) 384M->96M(512M) 4.239ms
[2022-04-04T17:56:02.175+0800][144.446s] GC(243) User=0.00s Sys=0.00s Real=0.00s
[2022-04-04T17:56:02.369+0800][144.640s] GC(244) Pause Young (Normal) (G1 Evacuation Pause)
[2022-04-04T17:56:02.369+0800][144.640s] GC(244) Using 8 workers of 8 for evacuation
[2022-04-04T17:56:02.372+0800][144.644s] GC(244)   Pre Evacuate Collection Set: 0.1ms
[2022-04-04T17:56:02.372+0800][144.644s] GC(244)   Merge Heap Roots: 0.1ms
[2022-04-04T17:56:02.372+0800][144.644s] GC(244)   Evacuate Collection Set: 2.4ms
[2022-04-04T17:56:02.372+0800][144.644s] GC(244)   Post Evacuate Collection Set: 0.7ms
[2022-04-04T17:56:02.372+0800][144.644s] GC(244)   Other: 0.2ms
[2022-04-04T17:56:02.372+0800][144.644s] GC(244) Eden regions: 289->0(293)
[2022-04-04T17:56:02.372+0800][144.644s] GC(244) Survivor regions: 18->14(39)
[2022-04-04T17:56:02.373+0800][144.644s] GC(244) Old regions: 67->72
[2022-04-04T17:56:02.373+0800][144.644s] GC(244) Archive regions: 0->0
[2022-04-04T17:56:02.373+0800][144.644s] GC(244) Humongous regions: 13->13
[2022-04-04T17:56:02.373+0800][144.644s] GC(244) Metaspace: 51447K(52144K)->51447K(52144K) NonClass: 45504K(46000K)->45504K(46000K) Class: 5943K(6144K)->5943K(6144K)
[2022-04-04T17:56:02.373+0800][144.644s] GC(244) Pause Young (Normal) (G1 Evacuation Pause) 386M->98M(512M) 4.010ms
[2022-04-04T17:56:02.373+0800][144.644s] GC(244) User=0.12s Sys=0.00s Real=0.00s
[2022-04-04T17:56:02.552+0800][144.823s] GC(245) Pause Young (Normal) (G1 Evacuation Pause)
[2022-04-04T17:56:02.552+0800][144.823s] GC(245) Using 8 workers of 8 for evacuation
[2022-04-04T17:56:02.555+0800][144.826s] GC(245)   Pre Evacuate Collection Set: 0.1ms
[2022-04-04T17:56:02.555+0800][144.826s] GC(245)   Merge Heap Roots: 0.1ms
[2022-04-04T17:56:02.555+0800][144.826s] GC(245)   Evacuate Collection Set: 2.2ms
[2022-04-04T17:56:02.555+0800][144.826s] GC(245)   Post Evacuate Collection Set: 0.7ms
[2022-04-04T17:56:02.555+0800][144.827s] GC(245)   Other: 0.2ms
[2022-04-04T17:56:02.555+0800][144.827s] GC(245) Eden regions: 293->0(293)
[2022-04-04T17:56:02.555+0800][144.827s] GC(245) Survivor regions: 14->14(39)
[2022-04-04T17:56:02.555+0800][144.827s] GC(245) Old regions: 72->74
[2022-04-04T17:56:02.555+0800][144.827s] GC(245) Archive regions: 0->0
[2022-04-04T17:56:02.555+0800][144.827s] GC(245) Humongous regions: 13->13
[2022-04-04T17:56:02.555+0800][144.827s] GC(245) Metaspace: 51465K(52144K)->51465K(52144K) NonClass: 45521K(46000K)->45521K(46000K) Class: 5943K(6144K)->5943K(6144K)
[2022-04-04T17:56:02.555+0800][144.827s] GC(245) Pause Young (Normal) (G1 Evacuation Pause) 391M->99M(512M) 3.755ms
[2022-04-04T17:56:02.555+0800][144.827s] GC(245) User=0.00s Sys=0.00s Real=0.00s
[2022-04-04T17:56:02.725+0800][144.997s] GC(246) Pause Young (Normal) (G1 Evacuation Pause)
[2022-04-04T17:56:02.725+0800][144.997s] GC(246) Using 8 workers of 8 for evacuation
[2022-04-04T17:56:02.728+0800][145.000s] GC(246)   Pre Evacuate Collection Set: 0.2ms
[2022-04-04T17:56:02.728+0800][145.000s] GC(246)   Merge Heap Roots: 0.2ms
[2022-04-04T17:56:02.728+0800][145.000s] GC(246)   Evacuate Collection Set: 2.2ms
[2022-04-04T17:56:02.728+0800][145.000s] GC(246)   Post Evacuate Collection Set: 0.7ms
[2022-04-04T17:56:02.728+0800][145.000s] GC(246)   Other: 0.3ms
[2022-04-04T17:56:02.728+0800][145.000s] GC(246) Eden regions: 293->0(292)
[2022-04-04T17:56:02.728+0800][145.001s] GC(246) Survivor regions: 14->15(39)
[2022-04-04T17:56:02.728+0800][145.001s] GC(246) Old regions: 74->74
[2022-04-04T17:56:02.728+0800][145.001s] GC(246) Archive regions: 0->0
[2022-04-04T17:56:02.728+0800][145.001s] GC(246) Humongous regions: 13->13
[2022-04-04T17:56:02.728+0800][145.001s] GC(246) Metaspace: 51466K(52144K)->51466K(52144K) NonClass: 45523K(46000K)->45523K(46000K) Class: 5943K(6144K)->5943K(6144K)
[2022-04-04T17:56:02.729+0800][145.001s] GC(246) Pause Young (Normal) (G1 Evacuation Pause) 392M->100M(512M) 3.981ms
[2022-04-04T17:56:02.729+0800][145.001s] GC(246) User=0.05s Sys=0.00s Real=0.00s
[2022-04-04T17:56:02.925+0800][145.196s] GC(247) Pause Young (Normal) (G1 Evacuation Pause)
[2022-04-04T17:56:02.925+0800][145.196s] GC(247) Using 8 workers of 8 for evacuation
[2022-04-04T17:56:02.927+0800][145.200s] GC(247)   Pre Evacuate Collection Set: 0.1ms
[2022-04-04T17:56:02.927+0800][145.200s] GC(247)   Merge Heap Roots: 0.1ms
[2022-04-04T17:56:02.927+0800][145.200s] GC(247)   Evacuate Collection Set: 2.3ms
[2022-04-04T17:56:02.927+0800][145.200s] GC(247)   Post Evacuate Collection Set: 0.8ms
[2022-04-04T17:56:02.927+0800][145.200s] GC(247)   Other: 0.3ms
[2022-04-04T17:56:02.927+0800][145.200s] GC(247) Eden regions: 292->0(291)
[2022-04-04T17:56:02.927+0800][145.200s] GC(247) Survivor regions: 15->16(39)
[2022-04-04T17:56:02.928+0800][145.200s] GC(247) Old regions: 74->74
[2022-04-04T17:56:02.928+0800][145.200s] GC(247) Archive regions: 0->0
[2022-04-04T17:56:02.928+0800][145.200s] GC(247) Humongous regions: 13->13
[2022-04-04T17:56:02.928+0800][145.200s] GC(247) Metaspace: 51466K(52144K)->51466K(52144K) NonClass: 45523K(46000K)->45523K(46000K) Class: 5943K(6144K)->5943K(6144K)
[2022-04-04T17:56:02.928+0800][145.200s] GC(247) Pause Young (Normal) (G1 Evacuation Pause) 392M->101M(512M) 3.999ms
[2022-04-04T17:56:02.928+0800][145.200s] GC(247) User=0.00s Sys=0.00s Real=0.00s
[2022-04-04T17:56:03.068+0800][145.339s] GC(248) Pause Young (Normal) (G1 Evacuation Pause)
[2022-04-04T17:56:03.068+0800][145.339s] GC(248) Using 8 workers of 8 for evacuation
[2022-04-04T17:56:03.070+0800][145.342s] GC(248)   Pre Evacuate Collection Set: 0.1ms
[2022-04-04T17:56:03.070+0800][145.342s] GC(248)   Merge Heap Roots: 0.1ms
[2022-04-04T17:56:03.070+0800][145.342s] GC(248)   Evacuate Collection Set: 2.3ms
[2022-04-04T17:56:03.070+0800][145.343s] GC(248)   Post Evacuate Collection Set: 0.7ms
[2022-04-04T17:56:03.070+0800][145.343s] GC(248)   Other: 0.2ms
[2022-04-04T17:56:03.070+0800][145.343s] GC(248) Eden regions: 291->0(292)
[2022-04-04T17:56:03.070+0800][145.343s] GC(248) Survivor regions: 16->15(39)
[2022-04-04T17:56:03.070+0800][145.343s] GC(248) Old regions: 74->75
[2022-04-04T17:56:03.070+0800][145.343s] GC(248) Archive regions: 0->0
[2022-04-04T17:56:03.070+0800][145.343s] GC(248) Humongous regions: 13->13
[2022-04-04T17:56:03.070+0800][145.343s] GC(248) Metaspace: 51466K(52144K)->51466K(52144K) NonClass: 45523K(46000K)->45523K(46000K) Class: 5943K(6144K)->5943K(6144K)
[2022-04-04T17:56:03.070+0800][145.343s] GC(248) Pause Young (Normal) (G1 Evacuation Pause) 392M->101M(512M) 3.788ms
[2022-04-04T17:56:03.070+0800][145.343s] GC(248) User=0.00s Sys=0.00s Real=0.00s
[2022-04-04T17:56:03.416+0800][145.688s] GC(249) Pause Young (Normal) (G1 Evacuation Pause)
[2022-04-04T17:56:03.416+0800][145.688s] GC(249) Using 8 workers of 8 for evacuation
[2022-04-04T17:56:03.419+0800][145.691s] GC(249)   Pre Evacuate Collection Set: 0.1ms
[2022-04-04T17:56:03.419+0800][145.692s] GC(249)   Merge Heap Roots: 0.1ms
[2022-04-04T17:56:03.419+0800][145.692s] GC(249)   Evacuate Collection Set: 2.3ms
[2022-04-04T17:56:03.419+0800][145.692s] GC(249)   Post Evacuate Collection Set: 0.7ms
[2022-04-04T17:56:03.419+0800][145.692s] GC(249)   Other: 0.2ms
[2022-04-04T17:56:03.419+0800][145.692s] GC(249) Eden regions: 292->0(292)
[2022-04-04T17:56:03.420+0800][145.692s] GC(249) Survivor regions: 15->15(39)
[2022-04-04T17:56:03.420+0800][145.692s] GC(249) Old regions: 75->76
[2022-04-04T17:56:03.420+0800][145.692s] GC(249) Archive regions: 0->0
[2022-04-04T17:56:03.420+0800][145.692s] GC(249) Humongous regions: 13->13
[2022-04-04T17:56:03.420+0800][145.692s] GC(249) Metaspace: 51478K(52144K)->51478K(52144K) NonClass: 45532K(46000K)->45532K(46000K) Class: 5946K(6144K)->5946K(6144K)
[2022-04-04T17:56:03.420+0800][145.692s] GC(249) Pause Young (Normal) (G1 Evacuation Pause) 393M->103M(512M) 3.960ms
[2022-04-04T17:56:03.420+0800][145.692s] GC(249) User=0.12s Sys=0.00s Real=0.00s
[2022-04-04T17:56:04.187+0800][146.458s] GC(250) Pause Young (Normal) (G1 Evacuation Pause)
[2022-04-04T17:56:04.187+0800][146.458s] GC(250) Using 8 workers of 8 for evacuation
[2022-04-04T17:56:04.190+0800][146.462s] GC(250)   Pre Evacuate Collection Set: 0.1ms
[2022-04-04T17:56:04.190+0800][146.462s] GC(250)   Merge Heap Roots: 0.1ms
[2022-04-04T17:56:04.190+0800][146.462s] GC(250)   Evacuate Collection Set: 2.1ms
[2022-04-04T17:56:04.190+0800][146.462s] GC(250)   Post Evacuate Collection Set: 0.8ms
[2022-04-04T17:56:04.191+0800][146.462s] GC(250)   Other: 0.2ms
[2022-04-04T17:56:04.191+0800][146.462s] GC(250) Eden regions: 292->0(292)
[2022-04-04T17:56:04.191+0800][146.462s] GC(250) Survivor regions: 15->15(39)
[2022-04-04T17:56:04.191+0800][146.462s] GC(250) Old regions: 76->76
[2022-04-04T17:56:04.191+0800][146.462s] GC(250) Archive regions: 0->0
[2022-04-04T17:56:04.191+0800][146.462s] GC(250) Humongous regions: 13->13
[2022-04-04T17:56:04.191+0800][146.462s] GC(250) Metaspace: 51478K(52144K)->51478K(52144K) NonClass: 45532K(46000K)->45532K(46000K) Class: 5946K(6144K)->5946K(6144K)
[2022-04-04T17:56:04.191+0800][146.462s] GC(250) Pause Young (Normal) (G1 Evacuation Pause) 395M->103M(512M) 3.774ms
[2022-04-04T17:56:04.191+0800][146.462s] GC(250) User=0.00s Sys=0.00s Real=0.00s
[2022-04-04T17:56:04.804+0800][147.076s] GC(251) Pause Young (Normal) (G1 Evacuation Pause)
[2022-04-04T17:56:04.804+0800][147.076s] GC(251) Using 8 workers of 8 for evacuation
[2022-04-04T17:56:04.807+0800][147.080s] GC(251)   Pre Evacuate Collection Set: 0.2ms
[2022-04-04T17:56:04.807+0800][147.080s] GC(251)   Merge Heap Roots: 0.1ms
[2022-04-04T17:56:04.807+0800][147.080s] GC(251)   Evacuate Collection Set: 2.3ms
[2022-04-04T17:56:04.808+0800][147.080s] GC(251)   Post Evacuate Collection Set: 0.9ms
[2022-04-04T17:56:04.808+0800][147.080s] GC(251)   Other: 0.3ms
[2022-04-04T17:56:04.808+0800][147.080s] GC(251) Eden regions: 292->0(293)
[2022-04-04T17:56:04.808+0800][147.080s] GC(251) Survivor regions: 15->14(39)
[2022-04-04T17:56:04.808+0800][147.080s] GC(251) Old regions: 76->77
[2022-04-04T17:56:04.808+0800][147.080s] GC(251) Archive regions: 0->0
[2022-04-04T17:56:04.808+0800][147.080s] GC(251) Humongous regions: 13->13
[2022-04-04T17:56:04.808+0800][147.080s] GC(251) Metaspace: 51478K(52144K)->51478K(52144K) NonClass: 45532K(46000K)->45532K(46000K) Class: 5946K(6144K)->5946K(6144K)
[2022-04-04T17:56:04.808+0800][147.080s] GC(251) Pause Young (Normal) (G1 Evacuation Pause) 395M->103M(512M) 4.306ms
[2022-04-04T17:56:04.808+0800][147.080s] GC(251) User=0.03s Sys=0.00s Real=0.00s
[2022-04-04T17:56:05.941+0800][148.213s] GC(252) Pause Young (Normal) (G1 Evacuation Pause)
[2022-04-04T17:56:05.941+0800][148.213s] GC(252) Using 8 workers of 8 for evacuation
[2022-04-04T17:56:05.945+0800][148.216s] GC(252)   Pre Evacuate Collection Set: 0.1ms
[2022-04-04T17:56:05.945+0800][148.216s] GC(252)   Merge Heap Roots: 0.1ms
[2022-04-04T17:56:05.945+0800][148.216s] GC(252)   Evacuate Collection Set: 2.3ms
[2022-04-04T17:56:05.945+0800][148.216s] GC(252)   Post Evacuate Collection Set: 0.7ms
[2022-04-04T17:56:05.945+0800][148.216s] GC(252)   Other: 0.2ms
[2022-04-04T17:56:05.945+0800][148.216s] GC(252) Eden regions: 293->0(293)
[2022-04-04T17:56:05.945+0800][148.216s] GC(252) Survivor regions: 14->14(39)
[2022-04-04T17:56:05.945+0800][148.216s] GC(252) Old regions: 77->78
[2022-04-04T17:56:05.945+0800][148.216s] GC(252) Archive regions: 0->0
[2022-04-04T17:56:05.945+0800][148.216s] GC(252) Humongous regions: 13->13
[2022-04-04T17:56:05.945+0800][148.216s] GC(252) Metaspace: 51482K(52144K)->51482K(52144K) NonClass: 45536K(46000K)->45536K(46000K) Class: 5946K(6144K)->5946K(6144K)
[2022-04-04T17:56:05.945+0800][148.216s] GC(252) Pause Young (Normal) (G1 Evacuation Pause) 396M->103M(512M) 3.798ms
[2022-04-04T17:56:05.945+0800][148.216s] GC(252) User=0.00s Sys=0.00s Real=0.00s
[2022-04-04T17:56:07.438+0800][149.709s] GC(253) Pause Young (Normal) (G1 Evacuation Pause)
[2022-04-04T17:56:07.438+0800][149.709s] GC(253) Using 8 workers of 8 for evacuation
[2022-04-04T17:56:07.440+0800][149.712s] GC(253)   Pre Evacuate Collection Set: 0.1ms
[2022-04-04T17:56:07.440+0800][149.712s] GC(253)   Merge Heap Roots: 0.1ms
[2022-04-04T17:56:07.440+0800][149.712s] GC(253)   Evacuate Collection Set: 1.7ms
[2022-04-04T17:56:07.440+0800][149.712s] GC(253)   Post Evacuate Collection Set: 0.8ms
[2022-04-04T17:56:07.440+0800][149.712s] GC(253)   Other: 0.2ms
[2022-04-04T17:56:07.440+0800][149.712s] GC(253) Eden regions: 293->0(294)
[2022-04-04T17:56:07.440+0800][149.712s] GC(253) Survivor regions: 14->13(39)
[2022-04-04T17:56:07.440+0800][149.712s] GC(253) Old regions: 78->78
[2022-04-04T17:56:07.440+0800][149.712s] GC(253) Archive regions: 0->0
[2022-04-04T17:56:07.440+0800][149.712s] GC(253) Humongous regions: 14->13
[2022-04-04T17:56:07.440+0800][149.712s] GC(253) Metaspace: 51532K(52144K)->51532K(52144K) NonClass: 45581K(46000K)->45581K(46000K) Class: 5951K(6144K)->5951K(6144K)
[2022-04-04T17:56:07.440+0800][149.712s] GC(253) Pause Young (Normal) (G1 Evacuation Pause) 397M->103M(512M) 3.331ms
[2022-04-04T17:56:07.440+0800][149.712s] GC(253) User=0.00s Sys=0.00s Real=0.00s
[2022-04-04T17:56:08.144+0800][150.416s] GC(254) Pause Young (Normal) (G1 Evacuation Pause)
[2022-04-04T17:56:08.144+0800][150.416s] GC(254) Using 8 workers of 8 for evacuation
[2022-04-04T17:56:08.147+0800][150.419s] GC(254)   Pre Evacuate Collection Set: 0.1ms
[2022-04-04T17:56:08.148+0800][150.419s] GC(254)   Merge Heap Roots: 0.1ms
[2022-04-04T17:56:08.148+0800][150.419s] GC(254)   Evacuate Collection Set: 1.8ms
[2022-04-04T17:56:08.148+0800][150.419s] GC(254)   Post Evacuate Collection Set: 0.8ms
[2022-04-04T17:56:08.148+0800][150.419s] GC(254)   Other: 0.2ms
[2022-04-04T17:56:08.148+0800][150.419s] GC(254) Eden regions: 294->0(295)
[2022-04-04T17:56:08.148+0800][150.419s] GC(254) Survivor regions: 13->12(39)
[2022-04-04T17:56:08.148+0800][150.419s] GC(254) Old regions: 78->79
[2022-04-04T17:56:08.148+0800][150.419s] GC(254) Archive regions: 0->0
[2022-04-04T17:56:08.148+0800][150.419s] GC(254) Humongous regions: 13->13
[2022-04-04T17:56:08.148+0800][150.419s] GC(254) Metaspace: 51539K(52144K)->51539K(52144K) NonClass: 45587K(46000K)->45587K(46000K) Class: 5952K(6144K)->5952K(6144K)
[2022-04-04T17:56:08.148+0800][150.419s] GC(254) Pause Young (Normal) (G1 Evacuation Pause) 397M->103M(512M) 3.451ms
[2022-04-04T17:56:08.148+0800][150.419s] GC(254) User=0.00s Sys=0.00s Real=0.00s
[2022-04-04T17:56:08.304+0800][150.575s] GC(255) Pause Young (Normal) (G1 Evacuation Pause)
[2022-04-04T17:56:08.304+0800][150.575s] GC(255) Using 8 workers of 8 for evacuation
[2022-04-04T17:56:08.307+0800][150.578s] GC(255)   Pre Evacuate Collection Set: 0.1ms
[2022-04-04T17:56:08.307+0800][150.578s] GC(255)   Merge Heap Roots: 0.1ms
[2022-04-04T17:56:08.307+0800][150.578s] GC(255)   Evacuate Collection Set: 1.8ms
[2022-04-04T17:56:08.307+0800][150.578s] GC(255)   Post Evacuate Collection Set: 0.8ms
[2022-04-04T17:56:08.307+0800][150.578s] GC(255)   Other: 0.2ms
[2022-04-04T17:56:08.307+0800][150.578s] GC(255) Eden regions: 295->0(294)
[2022-04-04T17:56:08.307+0800][150.578s] GC(255) Survivor regions: 12->13(39)
[2022-04-04T17:56:08.307+0800][150.578s] GC(255) Old regions: 79->80
[2022-04-04T17:56:08.307+0800][150.578s] GC(255) Archive regions: 0->0
[2022-04-04T17:56:08.307+0800][150.578s] GC(255) Humongous regions: 13->13
[2022-04-04T17:56:08.307+0800][150.579s] GC(255) Metaspace: 51539K(52144K)->51539K(52144K) NonClass: 45587K(46000K)->45587K(46000K) Class: 5952K(6144K)->5952K(6144K)
[2022-04-04T17:56:08.307+0800][150.579s] GC(255) Pause Young (Normal) (G1 Evacuation Pause) 398M->104M(512M) 3.491ms
[2022-04-04T17:56:08.307+0800][150.579s] GC(255) User=0.00s Sys=0.00s Real=0.00s
[2022-04-04T17:56:08.473+0800][150.744s] GC(256) Pause Young (Normal) (G1 Evacuation Pause)
[2022-04-04T17:56:08.473+0800][150.744s] GC(256) Using 8 workers of 8 for evacuation
[2022-04-04T17:56:08.476+0800][150.748s] GC(256)   Pre Evacuate Collection Set: 0.1ms
[2022-04-04T17:56:08.476+0800][150.748s] GC(256)   Merge Heap Roots: 0.2ms
[2022-04-04T17:56:08.476+0800][150.748s] GC(256)   Evacuate Collection Set: 2.1ms
[2022-04-04T17:56:08.476+0800][150.748s] GC(256)   Post Evacuate Collection Set: 1.0ms
[2022-04-04T17:56:08.476+0800][150.748s] GC(256)   Other: 0.3ms
[2022-04-04T17:56:08.476+0800][150.748s] GC(256) Eden regions: 294->0(294)
[2022-04-04T17:56:08.476+0800][150.748s] GC(256) Survivor regions: 13->13(39)
[2022-04-04T17:56:08.476+0800][150.748s] GC(256) Old regions: 80->80
[2022-04-04T17:56:08.477+0800][150.748s] GC(256) Archive regions: 0->0
[2022-04-04T17:56:08.477+0800][150.748s] GC(256) Humongous regions: 13->13
[2022-04-04T17:56:08.477+0800][150.748s] GC(256) Metaspace: 51539K(52144K)->51539K(52144K) NonClass: 45587K(46000K)->45587K(46000K) Class: 5952K(6144K)->5952K(6144K)
[2022-04-04T17:56:08.477+0800][150.748s] GC(256) Pause Young (Normal) (G1 Evacuation Pause) 398M->105M(512M) 4.143ms
[2022-04-04T17:56:08.477+0800][150.748s] GC(256) User=0.00s Sys=0.00s Real=0.00s
[2022-04-04T17:56:08.690+0800][150.962s] GC(257) Pause Young (Normal) (G1 Evacuation Pause)
[2022-04-04T17:56:08.690+0800][150.962s] GC(257) Using 8 workers of 8 for evacuation
[2022-04-04T17:56:08.694+0800][150.966s] GC(257)   Pre Evacuate Collection Set: 0.2ms
[2022-04-04T17:56:08.694+0800][150.966s] GC(257)   Merge Heap Roots: 0.2ms
[2022-04-04T17:56:08.694+0800][150.966s] GC(257)   Evacuate Collection Set: 2.4ms
[2022-04-04T17:56:08.695+0800][150.966s] GC(257)   Post Evacuate Collection Set: 1.1ms
[2022-04-04T17:56:08.695+0800][150.966s] GC(257)   Other: 0.3ms
[2022-04-04T17:56:08.695+0800][150.966s] GC(257) Eden regions: 294->0(292)
[2022-04-04T17:56:08.695+0800][150.966s] GC(257) Survivor regions: 13->15(39)
[2022-04-04T17:56:08.695+0800][150.966s] GC(257) Old regions: 80->81
[2022-04-04T17:56:08.695+0800][150.966s] GC(257) Archive regions: 0->0
[2022-04-04T17:56:08.695+0800][150.966s] GC(257) Humongous regions: 13->13
[2022-04-04T17:56:08.695+0800][150.966s] GC(257) Metaspace: 51539K(52144K)->51539K(52144K) NonClass: 45587K(46000K)->45587K(46000K) Class: 5952K(6144K)->5952K(6144K)
[2022-04-04T17:56:08.695+0800][150.966s] GC(257) Pause Young (Normal) (G1 Evacuation Pause) 399M->107M(512M) 4.770ms
[2022-04-04T17:56:08.695+0800][150.966s] GC(257) User=0.00s Sys=0.00s Real=0.00s
[2022-04-04T17:56:08.876+0800][151.148s] GC(258) Pause Young (Normal) (G1 Evacuation Pause)
[2022-04-04T17:56:08.876+0800][151.148s] GC(258) Using 8 workers of 8 for evacuation
[2022-04-04T17:56:08.879+0800][151.151s] GC(258)   Pre Evacuate Collection Set: 0.2ms
[2022-04-04T17:56:08.879+0800][151.151s] GC(258)   Merge Heap Roots: 0.2ms
[2022-04-04T17:56:08.879+0800][151.151s] GC(258)   Evacuate Collection Set: 2.2ms
[2022-04-04T17:56:08.879+0800][151.151s] GC(258)   Post Evacuate Collection Set: 0.9ms
[2022-04-04T17:56:08.879+0800][151.151s] GC(258)   Other: 0.2ms
[2022-04-04T17:56:08.879+0800][151.151s] GC(258) Eden regions: 292->0(293)
[2022-04-04T17:56:08.879+0800][151.151s] GC(258) Survivor regions: 15->14(39)
[2022-04-04T17:56:08.879+0800][151.151s] GC(258) Old regions: 81->81
[2022-04-04T17:56:08.879+0800][151.151s] GC(258) Archive regions: 0->0
[2022-04-04T17:56:08.880+0800][151.151s] GC(258) Humongous regions: 14->14
[2022-04-04T17:56:08.880+0800][151.151s] GC(258) Metaspace: 51539K(52144K)->51539K(52144K) NonClass: 45587K(46000K)->45587K(46000K) Class: 5952K(6144K)->5952K(6144K)
[2022-04-04T17:56:08.880+0800][151.151s] GC(258) Pause Young (Normal) (G1 Evacuation Pause) 400M->108M(512M) 3.943ms
[2022-04-04T17:56:08.880+0800][151.151s] GC(258) User=0.00s Sys=0.00s Real=0.00s
[2022-04-04T17:56:09.011+0800][151.282s] GC(259) Pause Young (Normal) (G1 Evacuation Pause)
[2022-04-04T17:56:09.011+0800][151.282s] GC(259) Using 8 workers of 8 for evacuation
[2022-04-04T17:56:09.014+0800][151.286s] GC(259)   Pre Evacuate Collection Set: 0.1ms
[2022-04-04T17:56:09.014+0800][151.286s] GC(259)   Merge Heap Roots: 0.2ms
[2022-04-04T17:56:09.014+0800][151.286s] GC(259)   Evacuate Collection Set: 2.1ms
[2022-04-04T17:56:09.014+0800][151.286s] GC(259)   Post Evacuate Collection Set: 0.8ms
[2022-04-04T17:56:09.014+0800][151.286s] GC(259)   Other: 0.2ms
[2022-04-04T17:56:09.014+0800][151.286s] GC(259) Eden regions: 293->0(292)
[2022-04-04T17:56:09.014+0800][151.286s] GC(259) Survivor regions: 14->15(39)
[2022-04-04T17:56:09.014+0800][151.286s] GC(259) Old regions: 81->82
[2022-04-04T17:56:09.014+0800][151.286s] GC(259) Archive regions: 0->0
[2022-04-04T17:56:09.014+0800][151.286s] GC(259) Humongous regions: 14->14
[2022-04-04T17:56:09.014+0800][151.286s] GC(259) Metaspace: 51539K(52144K)->51539K(52144K) NonClass: 45587K(46000K)->45587K(46000K) Class: 5952K(6144K)->5952K(6144K)
[2022-04-04T17:56:09.014+0800][151.286s] GC(259) Pause Young (Normal) (G1 Evacuation Pause) 401M->110M(512M) 3.734ms
[2022-04-04T17:56:09.014+0800][151.286s] GC(259) User=0.00s Sys=0.00s Real=0.00s
[2022-04-04T17:56:09.161+0800][151.432s] GC(260) Pause Young (Normal) (G1 Evacuation Pause)
[2022-04-04T17:56:09.161+0800][151.432s] GC(260) Using 8 workers of 8 for evacuation
[2022-04-04T17:56:09.164+0800][151.436s] GC(260)   Pre Evacuate Collection Set: 0.2ms
[2022-04-04T17:56:09.164+0800][151.436s] GC(260)   Merge Heap Roots: 0.1ms
[2022-04-04T17:56:09.164+0800][151.436s] GC(260)   Evacuate Collection Set: 2.2ms
[2022-04-04T17:56:09.164+0800][151.436s] GC(260)   Post Evacuate Collection Set: 1.0ms
[2022-04-04T17:56:09.164+0800][151.436s] GC(260)   Other: 0.3ms
[2022-04-04T17:56:09.164+0800][151.436s] GC(260) Eden regions: 292->0(293)
[2022-04-04T17:56:09.164+0800][151.436s] GC(260) Survivor regions: 15->14(39)
[2022-04-04T17:56:09.164+0800][151.436s] GC(260) Old regions: 82->83
[2022-04-04T17:56:09.164+0800][151.436s] GC(260) Archive regions: 0->0
[2022-04-04T17:56:09.164+0800][151.436s] GC(260) Humongous regions: 14->14
[2022-04-04T17:56:09.164+0800][151.436s] GC(260) Metaspace: 51539K(52144K)->51539K(52144K) NonClass: 45587K(46000K)->45587K(46000K) Class: 5952K(6144K)->5952K(6144K)
[2022-04-04T17:56:09.164+0800][151.436s] GC(260) Pause Young (Normal) (G1 Evacuation Pause) 402M->110M(512M) 4.043ms
[2022-04-04T17:56:09.164+0800][151.436s] GC(260) User=0.00s Sys=0.00s Real=0.00s
[2022-04-04T17:56:09.294+0800][151.566s] GC(261) Pause Young (Normal) (G1 Evacuation Pause)
[2022-04-04T17:56:09.294+0800][151.566s] GC(261) Using 8 workers of 8 for evacuation
[2022-04-04T17:56:09.297+0800][151.569s] GC(261)   Pre Evacuate Collection Set: 0.1ms
[2022-04-04T17:56:09.297+0800][151.569s] GC(261)   Merge Heap Roots: 0.2ms
[2022-04-04T17:56:09.297+0800][151.569s] GC(261)   Evacuate Collection Set: 2.2ms
[2022-04-04T17:56:09.297+0800][151.569s] GC(261)   Post Evacuate Collection Set: 0.8ms
[2022-04-04T17:56:09.297+0800][151.569s] GC(261)   Other: 0.2ms
[2022-04-04T17:56:09.297+0800][151.570s] GC(261) Eden regions: 293->0(292)
[2022-04-04T17:56:09.297+0800][151.570s] GC(261) Survivor regions: 14->15(39)
[2022-04-04T17:56:09.297+0800][151.570s] GC(261) Old regions: 83->84
[2022-04-04T17:56:09.298+0800][151.570s] GC(261) Archive regions: 0->0
[2022-04-04T17:56:09.298+0800][151.570s] GC(261) Humongous regions: 14->14
[2022-04-04T17:56:09.298+0800][151.570s] GC(261) Metaspace: 51539K(52144K)->51539K(52144K) NonClass: 45587K(46000K)->45587K(46000K) Class: 5952K(6144K)->5952K(6144K)
[2022-04-04T17:56:09.298+0800][151.570s] GC(261) Pause Young (Normal) (G1 Evacuation Pause) 403M->111M(512M) 3.885ms
[2022-04-04T17:56:09.298+0800][151.570s] GC(261) User=0.00s Sys=0.00s Real=0.00s
[2022-04-04T17:56:09.427+0800][151.699s] GC(262) Pause Young (Normal) (G1 Evacuation Pause)
[2022-04-04T17:56:09.427+0800][151.699s] GC(262) Using 8 workers of 8 for evacuation
[2022-04-04T17:56:09.430+0800][151.702s] GC(262)   Pre Evacuate Collection Set: 0.1ms
[2022-04-04T17:56:09.430+0800][151.702s] GC(262)   Merge Heap Roots: 0.1ms
[2022-04-04T17:56:09.430+0800][151.702s] GC(262)   Evacuate Collection Set: 2.1ms
[2022-04-04T17:56:09.431+0800][151.702s] GC(262)   Post Evacuate Collection Set: 0.7ms
[2022-04-04T17:56:09.431+0800][151.702s] GC(262)   Other: 0.2ms
[2022-04-04T17:56:09.431+0800][151.702s] GC(262) Eden regions: 292->0(292)
[2022-04-04T17:56:09.431+0800][151.702s] GC(262) Survivor regions: 15->15(39)
[2022-04-04T17:56:09.431+0800][151.702s] GC(262) Old regions: 84->84
[2022-04-04T17:56:09.431+0800][151.702s] GC(262) Archive regions: 0->0
[2022-04-04T17:56:09.431+0800][151.702s] GC(262) Humongous regions: 14->14
[2022-04-04T17:56:09.431+0800][151.702s] GC(262) Metaspace: 51539K(52144K)->51539K(52144K) NonClass: 45587K(46000K)->45587K(46000K) Class: 5952K(6144K)->5952K(6144K)
[2022-04-04T17:56:09.431+0800][151.702s] GC(262) Pause Young (Normal) (G1 Evacuation Pause) 403M->112M(512M) 3.591ms
[2022-04-04T17:56:09.431+0800][151.702s] GC(262) User=0.00s Sys=0.00s Real=0.00s
[2022-04-04T17:56:09.568+0800][151.839s] GC(263) Pause Young (Normal) (G1 Evacuation Pause)
[2022-04-04T17:56:09.568+0800][151.839s] GC(263) Using 8 workers of 8 for evacuation
[2022-04-04T17:56:09.571+0800][151.842s] GC(263)   Pre Evacuate Collection Set: 0.1ms
[2022-04-04T17:56:09.571+0800][151.842s] GC(263)   Merge Heap Roots: 0.1ms
[2022-04-04T17:56:09.571+0800][151.843s] GC(263)   Evacuate Collection Set: 2.1ms
[2022-04-04T17:56:09.571+0800][151.843s] GC(263)   Post Evacuate Collection Set: 0.8ms
[2022-04-04T17:56:09.571+0800][151.843s] GC(263)   Other: 0.2ms
[2022-04-04T17:56:09.571+0800][151.843s] GC(263) Eden regions: 292->0(292)
[2022-04-04T17:56:09.571+0800][151.843s] GC(263) Survivor regions: 15->15(39)
[2022-04-04T17:56:09.571+0800][151.843s] GC(263) Old regions: 84->86
[2022-04-04T17:56:09.571+0800][151.843s] GC(263) Archive regions: 0->0
[2022-04-04T17:56:09.571+0800][151.843s] GC(263) Humongous regions: 16->15
[2022-04-04T17:56:09.571+0800][151.843s] GC(263) Metaspace: 51539K(52144K)->51539K(52144K) NonClass: 45587K(46000K)->45587K(46000K) Class: 5952K(6144K)->5952K(6144K)
[2022-04-04T17:56:09.571+0800][151.843s] GC(263) Pause Young (Normal) (G1 Evacuation Pause) 406M->115M(512M) 3.672ms
[2022-04-04T17:56:09.571+0800][151.843s] GC(263) User=0.00s Sys=0.00s Real=0.00s
[2022-04-04T17:56:09.706+0800][151.977s] GC(264) Pause Young (Normal) (G1 Evacuation Pause)
[2022-04-04T17:56:09.706+0800][151.977s] GC(264) Using 8 workers of 8 for evacuation
[2022-04-04T17:56:09.708+0800][151.981s] GC(264)   Pre Evacuate Collection Set: 0.1ms
[2022-04-04T17:56:09.708+0800][151.981s] GC(264)   Merge Heap Roots: 0.1ms
[2022-04-04T17:56:09.708+0800][151.981s] GC(264)   Evacuate Collection Set: 2.0ms
[2022-04-04T17:56:09.708+0800][151.981s] GC(264)   Post Evacuate Collection Set: 0.8ms
[2022-04-04T17:56:09.709+0800][151.981s] GC(264)   Other: 0.2ms
[2022-04-04T17:56:09.709+0800][151.981s] GC(264) Eden regions: 292->0(296)
[2022-04-04T17:56:09.709+0800][151.981s] GC(264) Survivor regions: 15->11(39)
[2022-04-04T17:56:09.709+0800][151.981s] GC(264) Old regions: 86->90
[2022-04-04T17:56:09.709+0800][151.981s] GC(264) Archive regions: 0->0
[2022-04-04T17:56:09.709+0800][151.981s] GC(264) Humongous regions: 16->16
[2022-04-04T17:56:09.709+0800][151.981s] GC(264) Metaspace: 51539K(52144K)->51539K(52144K) NonClass: 45587K(46000K)->45587K(46000K) Class: 5952K(6144K)->5952K(6144K)
[2022-04-04T17:56:09.709+0800][151.981s] GC(264) Pause Young (Normal) (G1 Evacuation Pause) 408M->116M(512M) 3.597ms
[2022-04-04T17:56:09.709+0800][151.981s] GC(264) User=0.00s Sys=0.00s Real=0.00s
[2022-04-04T17:56:09.841+0800][152.113s] GC(265) Pause Young (Normal) (G1 Evacuation Pause)
[2022-04-04T17:56:09.841+0800][152.113s] GC(265) Using 8 workers of 8 for evacuation
[2022-04-04T17:56:09.843+0800][152.116s] GC(265)   Pre Evacuate Collection Set: 0.1ms
[2022-04-04T17:56:09.843+0800][152.116s] GC(265)   Merge Heap Roots: 0.1ms
[2022-04-04T17:56:09.843+0800][152.116s] GC(265)   Evacuate Collection Set: 1.6ms
[2022-04-04T17:56:09.843+0800][152.116s] GC(265)   Post Evacuate Collection Set: 0.7ms
[2022-04-04T17:56:09.844+0800][152.116s] GC(265)   Other: 0.2ms
[2022-04-04T17:56:09.844+0800][152.116s] GC(265) Eden regions: 296->0(295)
[2022-04-04T17:56:09.845+0800][152.116s] GC(265) Survivor regions: 11->12(39)
[2022-04-04T17:56:09.845+0800][152.116s] GC(265) Old regions: 90->90
[2022-04-04T17:56:09.845+0800][152.116s] GC(265) Archive regions: 0->0
[2022-04-04T17:56:09.845+0800][152.116s] GC(265) Humongous regions: 16->16
[2022-04-04T17:56:09.845+0800][152.116s] GC(265) Metaspace: 51539K(52144K)->51539K(52144K) NonClass: 45587K(46000K)->45587K(46000K) Class: 5952K(6144K)->5952K(6144K)
[2022-04-04T17:56:09.845+0800][152.116s] GC(265) Pause Young (Normal) (G1 Evacuation Pause) 412M->117M(512M) 3.447ms
[2022-04-04T17:56:09.845+0800][152.116s] GC(265) User=0.00s Sys=0.00s Real=0.00s
[2022-04-04T17:56:09.978+0800][152.250s] GC(266) Pause Young (Normal) (G1 Evacuation Pause)
[2022-04-04T17:56:09.978+0800][152.250s] GC(266) Using 8 workers of 8 for evacuation
[2022-04-04T17:56:09.981+0800][152.253s] GC(266)   Pre Evacuate Collection Set: 0.1ms
[2022-04-04T17:56:09.981+0800][152.253s] GC(266)   Merge Heap Roots: 0.2ms
[2022-04-04T17:56:09.981+0800][152.253s] GC(266)   Evacuate Collection Set: 1.8ms
[2022-04-04T17:56:09.981+0800][152.253s] GC(266)   Post Evacuate Collection Set: 0.7ms
[2022-04-04T17:56:09.981+0800][152.253s] GC(266)   Other: 0.2ms
[2022-04-04T17:56:09.981+0800][152.253s] GC(266) Eden regions: 295->0(293)
[2022-04-04T17:56:09.981+0800][152.253s] GC(266) Survivor regions: 12->14(39)
[2022-04-04T17:56:09.981+0800][152.253s] GC(266) Old regions: 90->90
[2022-04-04T17:56:09.981+0800][152.253s] GC(266) Archive regions: 0->0
[2022-04-04T17:56:09.981+0800][152.253s] GC(266) Humongous regions: 16->16
[2022-04-04T17:56:09.981+0800][152.253s] GC(266) Metaspace: 51539K(52144K)->51539K(52144K) NonClass: 45587K(46000K)->45587K(46000K) Class: 5952K(6144K)->5952K(6144K)
[2022-04-04T17:56:09.981+0800][152.253s] GC(266) Pause Young (Normal) (G1 Evacuation Pause) 412M->118M(512M) 3.339ms
[2022-04-04T17:56:09.981+0800][152.253s] GC(266) User=0.12s Sys=0.00s Real=0.00s
[2022-04-04T17:56:10.120+0800][152.391s] GC(267) Pause Young (Normal) (G1 Evacuation Pause)
[2022-04-04T17:56:10.120+0800][152.391s] GC(267) Using 8 workers of 8 for evacuation
[2022-04-04T17:56:10.123+0800][152.395s] GC(267)   Pre Evacuate Collection Set: 0.1ms
[2022-04-04T17:56:10.123+0800][152.395s] GC(267)   Merge Heap Roots: 0.1ms
[2022-04-04T17:56:10.123+0800][152.395s] GC(267)   Evacuate Collection Set: 2.5ms
[2022-04-04T17:56:10.123+0800][152.395s] GC(267)   Post Evacuate Collection Set: 0.8ms
[2022-04-04T17:56:10.123+0800][152.395s] GC(267)   Other: 0.2ms
[2022-04-04T17:56:10.123+0800][152.395s] GC(267) Eden regions: 293->0(293)
[2022-04-04T17:56:10.124+0800][152.395s] GC(267) Survivor regions: 14->14(39)
[2022-04-04T17:56:10.124+0800][152.395s] GC(267) Old regions: 90->90
[2022-04-04T17:56:10.124+0800][152.395s] GC(267) Archive regions: 0->0
[2022-04-04T17:56:10.124+0800][152.396s] GC(267) Humongous regions: 16->16
[2022-04-04T17:56:10.124+0800][152.396s] GC(267) Metaspace: 51539K(52144K)->51539K(52144K) NonClass: 45587K(46000K)->45587K(46000K) Class: 5952K(6144K)->5952K(6144K)
[2022-04-04T17:56:10.124+0800][152.396s] GC(267) Pause Young (Normal) (G1 Evacuation Pause) 411M->118M(512M) 4.488ms
[2022-04-04T17:56:10.124+0800][152.396s] GC(267) User=0.00s Sys=0.00s Real=0.00s
[2022-04-04T17:56:10.266+0800][152.538s] GC(268) Pause Young (Normal) (G1 Evacuation Pause)
[2022-04-04T17:56:10.266+0800][152.538s] GC(268) Using 8 workers of 8 for evacuation
[2022-04-04T17:56:10.270+0800][152.541s] GC(268)   Pre Evacuate Collection Set: 0.1ms
[2022-04-04T17:56:10.270+0800][152.541s] GC(268)   Merge Heap Roots: 0.1ms
[2022-04-04T17:56:10.270+0800][152.541s] GC(268)   Evacuate Collection Set: 2.1ms
[2022-04-04T17:56:10.270+0800][152.541s] GC(268)   Post Evacuate Collection Set: 0.9ms
[2022-04-04T17:56:10.270+0800][152.541s] GC(268)   Other: 0.2ms
[2022-04-04T17:56:10.270+0800][152.541s] GC(268) Eden regions: 293->0(292)
[2022-04-04T17:56:10.270+0800][152.541s] GC(268) Survivor regions: 14->15(39)
[2022-04-04T17:56:10.270+0800][152.542s] GC(268) Old regions: 90->90
[2022-04-04T17:56:10.270+0800][152.542s] GC(268) Archive regions: 0->0
[2022-04-04T17:56:10.270+0800][152.542s] GC(268) Humongous regions: 16->16
[2022-04-04T17:56:10.270+0800][152.542s] GC(268) Metaspace: 51539K(52144K)->51539K(52144K) NonClass: 45587K(46000K)->45587K(46000K) Class: 5952K(6144K)->5952K(6144K)
[2022-04-04T17:56:10.270+0800][152.542s] GC(268) Pause Young (Normal) (G1 Evacuation Pause) 411M->120M(512M) 3.822ms
[2022-04-04T17:56:10.270+0800][152.542s] GC(268) User=0.00s Sys=0.00s Real=0.00s
[2022-04-04T17:56:10.695+0800][152.966s] GC(269) Pause Young (Normal) (G1 Evacuation Pause)
[2022-04-04T17:56:10.695+0800][152.966s] GC(269) Using 8 workers of 8 for evacuation
[2022-04-04T17:56:10.697+0800][152.969s] GC(269)   Pre Evacuate Collection Set: 0.1ms
[2022-04-04T17:56:10.697+0800][152.969s] GC(269)   Merge Heap Roots: 0.1ms
[2022-04-04T17:56:10.697+0800][152.969s] GC(269)   Evacuate Collection Set: 1.8ms
[2022-04-04T17:56:10.697+0800][152.969s] GC(269)   Post Evacuate Collection Set: 0.7ms
[2022-04-04T17:56:10.697+0800][152.969s] GC(269)   Other: 0.2ms
[2022-04-04T17:56:10.697+0800][152.969s] GC(269) Eden regions: 292->0(292)
[2022-04-04T17:56:10.697+0800][152.969s] GC(269) Survivor regions: 15->15(39)
[2022-04-04T17:56:10.697+0800][152.969s] GC(269) Old regions: 90->91
[2022-04-04T17:56:10.697+0800][152.969s] GC(269) Archive regions: 0->0
[2022-04-04T17:56:10.697+0800][152.969s] GC(269) Humongous regions: 16->16
[2022-04-04T17:56:10.697+0800][152.970s] GC(269) Metaspace: 51541K(52144K)->51541K(52144K) NonClass: 45589K(46000K)->45589K(46000K) Class: 5952K(6144K)->5952K(6144K)
[2022-04-04T17:56:10.697+0800][152.970s] GC(269) Pause Young (Normal) (G1 Evacuation Pause) 412M->120M(512M) 3.267ms
[2022-04-04T17:56:10.698+0800][152.970s] GC(269) User=0.00s Sys=0.02s Real=0.00s
[2022-04-04T17:56:11.470+0800][153.742s] GC(270) Pause Young (Normal) (G1 Evacuation Pause)
[2022-04-04T17:56:11.470+0800][153.742s] GC(270) Using 8 workers of 8 for evacuation
[2022-04-04T17:56:11.474+0800][153.745s] GC(270)   Pre Evacuate Collection Set: 0.1ms
[2022-04-04T17:56:11.474+0800][153.745s] GC(270)   Merge Heap Roots: 0.2ms
[2022-04-04T17:56:11.474+0800][153.745s] GC(270)   Evacuate Collection Set: 2.3ms
[2022-04-04T17:56:11.474+0800][153.745s] GC(270)   Post Evacuate Collection Set: 0.9ms
[2022-04-04T17:56:11.474+0800][153.745s] GC(270)   Other: 0.2ms
[2022-04-04T17:56:11.474+0800][153.745s] GC(270) Eden regions: 292->0(293)
[2022-04-04T17:56:11.474+0800][153.746s] GC(270) Survivor regions: 15->14(39)
[2022-04-04T17:56:11.474+0800][153.746s] GC(270) Old regions: 91->91
[2022-04-04T17:56:11.474+0800][153.746s] GC(270) Archive regions: 0->0
[2022-04-04T17:56:11.474+0800][153.746s] GC(270) Humongous regions: 16->16
[2022-04-04T17:56:11.474+0800][153.746s] GC(270) Metaspace: 51546K(52144K)->51546K(52144K) NonClass: 45594K(46000K)->45594K(46000K) Class: 5952K(6144K)->5952K(6144K)
[2022-04-04T17:56:11.474+0800][153.746s] GC(270) Pause Young (Normal) (G1 Evacuation Pause) 412M->120M(512M) 4.053ms
[2022-04-04T17:56:11.474+0800][153.746s] GC(270) User=0.00s Sys=0.00s Real=0.00s
[2022-04-04T17:56:12.122+0800][154.394s] GC(271) Pause Young (Normal) (G1 Evacuation Pause)
[2022-04-04T17:56:12.122+0800][154.394s] GC(271) Using 8 workers of 8 for evacuation
[2022-04-04T17:56:12.126+0800][154.397s] GC(271)   Pre Evacuate Collection Set: 0.2ms
[2022-04-04T17:56:12.126+0800][154.397s] GC(271)   Merge Heap Roots: 0.2ms
[2022-04-04T17:56:12.126+0800][154.397s] GC(271)   Evacuate Collection Set: 2.2ms
[2022-04-04T17:56:12.126+0800][154.397s] GC(271)   Post Evacuate Collection Set: 0.8ms
[2022-04-04T17:56:12.126+0800][154.397s] GC(271)   Other: 0.2ms
[2022-04-04T17:56:12.126+0800][154.397s] GC(271) Eden regions: 293->0(294)
[2022-04-04T17:56:12.126+0800][154.397s] GC(271) Survivor regions: 14->13(39)
[2022-04-04T17:56:12.126+0800][154.397s] GC(271) Old regions: 91->92
[2022-04-04T17:56:12.126+0800][154.397s] GC(271) Archive regions: 0->0
[2022-04-04T17:56:12.126+0800][154.397s] GC(271) Humongous regions: 16->16
[2022-04-04T17:56:12.126+0800][154.397s] GC(271) Metaspace: 51548K(52144K)->51548K(52144K) NonClass: 45596K(46000K)->45596K(46000K) Class: 5952K(6144K)->5952K(6144K)
[2022-04-04T17:56:12.126+0800][154.397s] GC(271) Pause Young (Normal) (G1 Evacuation Pause) 413M->120M(512M) 3.967ms
[2022-04-04T17:56:12.126+0800][154.398s] GC(271) User=0.00s Sys=0.00s Real=0.00s
[2022-04-04T17:56:12.748+0800][155.019s] GC(272) Pause Young (Normal) (G1 Evacuation Pause)
[2022-04-04T17:56:12.748+0800][155.019s] GC(272) Using 8 workers of 8 for evacuation
[2022-04-04T17:56:12.750+0800][155.022s] GC(272)   Pre Evacuate Collection Set: 0.1ms
[2022-04-04T17:56:12.750+0800][155.022s] GC(272)   Merge Heap Roots: 0.2ms
[2022-04-04T17:56:12.750+0800][155.022s] GC(272)   Evacuate Collection Set: 1.9ms
[2022-04-04T17:56:12.750+0800][155.022s] GC(272)   Post Evacuate Collection Set: 0.7ms
[2022-04-04T17:56:12.750+0800][155.022s] GC(272)   Other: 0.2ms
[2022-04-04T17:56:12.750+0800][155.022s] GC(272) Eden regions: 294->0(295)
[2022-04-04T17:56:12.750+0800][155.022s] GC(272) Survivor regions: 13->12(39)
[2022-04-04T17:56:12.750+0800][155.022s] GC(272) Old regions: 92->92
[2022-04-04T17:56:12.750+0800][155.022s] GC(272) Archive regions: 0->0
[2022-04-04T17:56:12.750+0800][155.022s] GC(272) Humongous regions: 16->16
[2022-04-04T17:56:12.750+0800][155.022s] GC(272) Metaspace: 51548K(52144K)->51548K(52144K) NonClass: 45596K(46000K)->45596K(46000K) Class: 5952K(6144K)->5952K(6144K)
[2022-04-04T17:56:12.750+0800][155.022s] GC(272) Pause Young (Normal) (G1 Evacuation Pause) 414M->119M(512M) 3.392ms
[2022-04-04T17:56:12.750+0800][155.022s] GC(272) User=0.00s Sys=0.00s Real=0.00s
[2022-04-04T17:56:13.400+0800][155.672s] GC(273) Pause Young (Normal) (G1 Evacuation Pause)
[2022-04-04T17:56:13.400+0800][155.672s] GC(273) Using 8 workers of 8 for evacuation
[2022-04-04T17:56:13.403+0800][155.676s] GC(273)   Pre Evacuate Collection Set: 0.2ms
[2022-04-04T17:56:13.403+0800][155.676s] GC(273)   Merge Heap Roots: 0.2ms
[2022-04-04T17:56:13.403+0800][155.676s] GC(273)   Evacuate Collection Set: 2.0ms
[2022-04-04T17:56:13.403+0800][155.676s] GC(273)   Post Evacuate Collection Set: 1.0ms
[2022-04-04T17:56:13.404+0800][155.676s] GC(273)   Other: 0.3ms
[2022-04-04T17:56:13.404+0800][155.676s] GC(273) Eden regions: 295->0(296)
[2022-04-04T17:56:13.404+0800][155.676s] GC(273) Survivor regions: 12->11(39)
[2022-04-04T17:56:13.404+0800][155.676s] GC(273) Old regions: 92->93
[2022-04-04T17:56:13.404+0800][155.676s] GC(273) Archive regions: 0->0
[2022-04-04T17:56:13.404+0800][155.676s] GC(273) Humongous regions: 16->16
[2022-04-04T17:56:13.404+0800][155.676s] GC(273) Metaspace: 51548K(52144K)->51548K(52144K) NonClass: 45596K(46000K)->45596K(46000K) Class: 5952K(6144K)->5952K(6144K)
[2022-04-04T17:56:13.404+0800][155.676s] GC(273) Pause Young (Normal) (G1 Evacuation Pause) 414M->119M(512M) 4.244ms
[2022-04-04T17:56:13.404+0800][155.676s] GC(273) User=0.12s Sys=0.00s Real=0.00s
[2022-04-04T17:56:13.989+0800][156.261s] GC(274) Pause Young (Normal) (G1 Evacuation Pause)
[2022-04-04T17:56:13.989+0800][156.261s] GC(274) Using 8 workers of 8 for evacuation
[2022-04-04T17:56:13.993+0800][156.264s] GC(274)   Pre Evacuate Collection Set: 0.1ms
[2022-04-04T17:56:13.993+0800][156.264s] GC(274)   Merge Heap Roots: 0.2ms
[2022-04-04T17:56:13.993+0800][156.264s] GC(274)   Evacuate Collection Set: 2.0ms
[2022-04-04T17:56:13.993+0800][156.264s] GC(274)   Post Evacuate Collection Set: 0.9ms
[2022-04-04T17:56:13.993+0800][156.264s] GC(274)   Other: 0.2ms
[2022-04-04T17:56:13.993+0800][156.264s] GC(274) Eden regions: 296->0(295)
[2022-04-04T17:56:13.993+0800][156.264s] GC(274) Survivor regions: 11->12(39)
[2022-04-04T17:56:13.993+0800][156.264s] GC(274) Old regions: 93->94
[2022-04-04T17:56:13.993+0800][156.264s] GC(274) Archive regions: 0->0
[2022-04-04T17:56:13.993+0800][156.264s] GC(274) Humongous regions: 16->16
[2022-04-04T17:56:13.993+0800][156.264s] GC(274) Metaspace: 51548K(52144K)->51548K(52144K) NonClass: 45596K(46000K)->45596K(46000K) Class: 5952K(6144K)->5952K(6144K)
[2022-04-04T17:56:13.993+0800][156.265s] GC(274) Pause Young (Normal) (G1 Evacuation Pause) 415M->120M(512M) 3.810ms
[2022-04-04T17:56:13.993+0800][156.265s] GC(274) User=0.00s Sys=0.00s Real=0.00s
[2022-04-04T17:56:14.664+0800][156.936s] GC(275) Pause Young (Normal) (G1 Evacuation Pause)
[2022-04-04T17:56:14.664+0800][156.936s] GC(275) Using 8 workers of 8 for evacuation
[2022-04-04T17:56:14.667+0800][156.939s] GC(275)   Pre Evacuate Collection Set: 0.1ms
[2022-04-04T17:56:14.667+0800][156.939s] GC(275)   Merge Heap Roots: 0.1ms
[2022-04-04T17:56:14.667+0800][156.939s] GC(275)   Evacuate Collection Set: 1.9ms
[2022-04-04T17:56:14.667+0800][156.939s] GC(275)   Post Evacuate Collection Set: 0.7ms
[2022-04-04T17:56:14.667+0800][156.939s] GC(275)   Other: 0.3ms
[2022-04-04T17:56:14.667+0800][156.939s] GC(275) Eden regions: 295->0(297)
[2022-04-04T17:56:14.667+0800][156.939s] GC(275) Survivor regions: 12->10(39)
[2022-04-04T17:56:14.667+0800][156.939s] GC(275) Old regions: 94->94
[2022-04-04T17:56:14.667+0800][156.939s] GC(275) Archive regions: 0->0
[2022-04-04T17:56:14.667+0800][156.939s] GC(275) Humongous regions: 16->16
[2022-04-04T17:56:14.667+0800][156.939s] GC(275) Metaspace: 51567K(52144K)->51567K(52144K) NonClass: 45613K(46000K)->45613K(46000K) Class: 5953K(6144K)->5953K(6144K)
[2022-04-04T17:56:14.667+0800][156.939s] GC(275) Pause Young (Normal) (G1 Evacuation Pause) 415M->119M(512M) 3.409ms
[2022-04-04T17:56:14.667+0800][156.939s] GC(275) User=0.02s Sys=0.02s Real=0.00s
[2022-04-04T17:56:15.811+0800][158.082s] GC(276) Pause Young (Normal) (G1 Evacuation Pause)
[2022-04-04T17:56:15.811+0800][158.082s] GC(276) Using 8 workers of 8 for evacuation
[2022-04-04T17:56:15.813+0800][158.085s] GC(276)   Pre Evacuate Collection Set: 0.2ms
[2022-04-04T17:56:15.814+0800][158.085s] GC(276)   Merge Heap Roots: 0.2ms
[2022-04-04T17:56:15.814+0800][158.085s] GC(276)   Evacuate Collection Set: 1.7ms
[2022-04-04T17:56:15.814+0800][158.085s] GC(276)   Post Evacuate Collection Set: 0.7ms
[2022-04-04T17:56:15.814+0800][158.085s] GC(276)   Other: 0.2ms
[2022-04-04T17:56:15.814+0800][158.085s] GC(276) Eden regions: 297->0(297)
[2022-04-04T17:56:15.814+0800][158.085s] GC(276) Survivor regions: 10->10(39)
[2022-04-04T17:56:15.814+0800][158.085s] GC(276) Old regions: 94->95
[2022-04-04T17:56:15.814+0800][158.085s] GC(276) Archive regions: 0->0
[2022-04-04T17:56:15.814+0800][158.085s] GC(276) Humongous regions: 16->16
[2022-04-04T17:56:15.814+0800][158.086s] GC(276) Metaspace: 51567K(52144K)->51567K(52144K) NonClass: 45613K(46000K)->45613K(46000K) Class: 5953K(6144K)->5953K(6144K)
[2022-04-04T17:56:15.814+0800][158.086s] GC(276) Pause Young (Normal) (G1 Evacuation Pause) 416M->119M(512M) 3.234ms
[2022-04-04T17:56:15.814+0800][158.086s] GC(276) User=0.00s Sys=0.00s Real=0.00s
[2022-04-04T17:56:17.236+0800][159.507s] GC(277) Pause Young (Normal) (G1 Evacuation Pause)
[2022-04-04T17:56:17.236+0800][159.507s] GC(277) Using 8 workers of 8 for evacuation
[2022-04-04T17:56:17.239+0800][159.511s] GC(277)   Pre Evacuate Collection Set: 0.1ms
[2022-04-04T17:56:17.239+0800][159.511s] GC(277)   Merge Heap Roots: 0.2ms
[2022-04-04T17:56:17.239+0800][159.511s] GC(277)   Evacuate Collection Set: 1.7ms
[2022-04-04T17:56:17.239+0800][159.511s] GC(277)   Post Evacuate Collection Set: 1.0ms
[2022-04-04T17:56:17.239+0800][159.511s] GC(277)   Other: 0.2ms
[2022-04-04T17:56:17.239+0800][159.511s] GC(277) Eden regions: 297->0(298)
[2022-04-04T17:56:17.239+0800][159.511s] GC(277) Survivor regions: 10->9(39)
[2022-04-04T17:56:17.239+0800][159.511s] GC(277) Old regions: 95->95
[2022-04-04T17:56:17.239+0800][159.511s] GC(277) Archive regions: 0->0
[2022-04-04T17:56:17.239+0800][159.511s] GC(277) Humongous regions: 16->16
[2022-04-04T17:56:17.239+0800][159.511s] GC(277) Metaspace: 51567K(52144K)->51567K(52144K) NonClass: 45613K(46000K)->45613K(46000K) Class: 5953K(6144K)->5953K(6144K)
[2022-04-04T17:56:17.239+0800][159.511s] GC(277) Pause Young (Normal) (G1 Evacuation Pause) 416M->119M(512M) 3.677ms
[2022-04-04T17:56:17.239+0800][159.511s] GC(277) User=0.00s Sys=0.00s Real=0.00s
[2022-04-04T17:56:18.708+0800][160.980s] GC(278) Pause Young (Normal) (G1 Evacuation Pause)
[2022-04-04T17:56:18.708+0800][160.980s] GC(278) Using 8 workers of 8 for evacuation
[2022-04-04T17:56:18.711+0800][160.983s] GC(278)   Pre Evacuate Collection Set: 0.2ms
[2022-04-04T17:56:18.711+0800][160.983s] GC(278)   Merge Heap Roots: 0.2ms
[2022-04-04T17:56:18.711+0800][160.983s] GC(278)   Evacuate Collection Set: 1.5ms
[2022-04-04T17:56:18.711+0800][160.983s] GC(278)   Post Evacuate Collection Set: 1.0ms
[2022-04-04T17:56:18.711+0800][160.983s] GC(278)   Other: 0.2ms
[2022-04-04T17:56:18.711+0800][160.983s] GC(278) Eden regions: 298->0(299)
[2022-04-04T17:56:18.711+0800][160.983s] GC(278) Survivor regions: 9->8(39)
[2022-04-04T17:56:18.711+0800][160.983s] GC(278) Old regions: 95->96
[2022-04-04T17:56:18.711+0800][160.983s] GC(278) Archive regions: 0->0
[2022-04-04T17:56:18.711+0800][160.983s] GC(278) Humongous regions: 16->16
[2022-04-04T17:56:18.711+0800][160.983s] GC(278) Metaspace: 51567K(52144K)->51567K(52144K) NonClass: 45613K(46000K)->45613K(46000K) Class: 5953K(6144K)->5953K(6144K)
[2022-04-04T17:56:18.711+0800][160.983s] GC(278) Pause Young (Normal) (G1 Evacuation Pause) 417M->119M(512M) 3.389ms
[2022-04-04T17:56:18.711+0800][160.983s] GC(278) User=0.00s Sys=0.00s Real=0.00s
[2022-04-04T17:56:19.861+0800][162.132s] GC(279) Pause Young (Normal) (G1 Evacuation Pause)
[2022-04-04T17:56:19.861+0800][162.132s] GC(279) Using 8 workers of 8 for evacuation
[2022-04-04T17:56:19.863+0800][162.135s] GC(279)   Pre Evacuate Collection Set: 0.2ms
[2022-04-04T17:56:19.863+0800][162.135s] GC(279)   Merge Heap Roots: 0.2ms
[2022-04-04T17:56:19.863+0800][162.135s] GC(279)   Evacuate Collection Set: 1.4ms
[2022-04-04T17:56:19.863+0800][162.135s] GC(279)   Post Evacuate Collection Set: 0.9ms
[2022-04-04T17:56:19.864+0800][162.135s] GC(279)   Other: 0.2ms
[2022-04-04T17:56:19.864+0800][162.135s] GC(279) Eden regions: 299->0(299)
[2022-04-04T17:56:19.864+0800][162.135s] GC(279) Survivor regions: 8->8(39)
[2022-04-04T17:56:19.864+0800][162.135s] GC(279) Old regions: 96->96
[2022-04-04T17:56:19.864+0800][162.135s] GC(279) Archive regions: 0->0
[2022-04-04T17:56:19.864+0800][162.135s] GC(279) Humongous regions: 16->16
[2022-04-04T17:56:19.864+0800][162.135s] GC(279) Metaspace: 51567K(52144K)->51567K(52144K) NonClass: 45613K(46000K)->45613K(46000K) Class: 5953K(6144K)->5953K(6144K)
[2022-04-04T17:56:19.864+0800][162.135s] GC(279) Pause Young (Normal) (G1 Evacuation Pause) 418M->119M(512M) 3.109ms
[2022-04-04T17:56:19.864+0800][162.135s] GC(279) User=0.00s Sys=0.00s Real=0.00s
[2022-04-04T17:56:20.898+0800][163.169s] GC(280) Pause Young (Normal) (G1 Evacuation Pause)
[2022-04-04T17:56:20.898+0800][163.169s] GC(280) Using 8 workers of 8 for evacuation
[2022-04-04T17:56:20.900+0800][163.171s] GC(280)   Pre Evacuate Collection Set: 0.1ms
[2022-04-04T17:56:20.900+0800][163.171s] GC(280)   Merge Heap Roots: 0.1ms
[2022-04-04T17:56:20.900+0800][163.171s] GC(280)   Evacuate Collection Set: 1.3ms
[2022-04-04T17:56:20.900+0800][163.172s] GC(280)   Post Evacuate Collection Set: 0.8ms
[2022-04-04T17:56:20.900+0800][163.172s] GC(280)   Other: 0.2ms
[2022-04-04T17:56:20.900+0800][163.172s] GC(280) Eden regions: 299->0(299)
[2022-04-04T17:56:20.900+0800][163.172s] GC(280) Survivor regions: 8->8(39)
[2022-04-04T17:56:20.900+0800][163.172s] GC(280) Old regions: 96->97
[2022-04-04T17:56:20.900+0800][163.172s] GC(280) Archive regions: 0->0
[2022-04-04T17:56:20.900+0800][163.172s] GC(280) Humongous regions: 16->16
[2022-04-04T17:56:20.900+0800][163.172s] GC(280) Metaspace: 51567K(52144K)->51567K(52144K) NonClass: 45614K(46000K)->45614K(46000K) Class: 5953K(6144K)->5953K(6144K)
[2022-04-04T17:56:20.900+0800][163.172s] GC(280) Pause Young (Normal) (G1 Evacuation Pause) 418M->120M(512M) 2.792ms
[2022-04-04T17:56:20.900+0800][163.172s] GC(280) User=0.00s Sys=0.00s Real=0.00s
[2022-04-04T17:56:22.108+0800][164.379s] GC(281) Pause Young (Normal) (G1 Evacuation Pause)
[2022-04-04T17:56:22.108+0800][164.379s] GC(281) Using 8 workers of 8 for evacuation
[2022-04-04T17:56:22.110+0800][164.382s] GC(281)   Pre Evacuate Collection Set: 0.1ms
[2022-04-04T17:56:22.110+0800][164.382s] GC(281)   Merge Heap Roots: 0.1ms
[2022-04-04T17:56:22.110+0800][164.382s] GC(281)   Evacuate Collection Set: 1.2ms
[2022-04-04T17:56:22.110+0800][164.382s] GC(281)   Post Evacuate Collection Set: 0.8ms
[2022-04-04T17:56:22.110+0800][164.382s] GC(281)   Other: 0.2ms
[2022-04-04T17:56:22.110+0800][164.382s] GC(281) Eden regions: 299->0(300)
[2022-04-04T17:56:22.110+0800][164.382s] GC(281) Survivor regions: 8->7(39)
[2022-04-04T17:56:22.110+0800][164.382s] GC(281) Old regions: 97->97
[2022-04-04T17:56:22.110+0800][164.382s] GC(281) Archive regions: 0->0
[2022-04-04T17:56:22.110+0800][164.382s] GC(281) Humongous regions: 16->16
[2022-04-04T17:56:22.110+0800][164.382s] GC(281) Metaspace: 51567K(52144K)->51567K(52144K) NonClass: 45614K(46000K)->45614K(46000K) Class: 5953K(6144K)->5953K(6144K)
[2022-04-04T17:56:22.110+0800][164.382s] GC(281) Pause Young (Normal) (G1 Evacuation Pause) 419M->119M(512M) 2.806ms
[2022-04-04T17:56:22.110+0800][164.382s] GC(281) User=0.00s Sys=0.00s Real=0.00s
[2022-04-04T17:56:23.277+0800][165.548s] GC(282) Pause Young (Normal) (G1 Evacuation Pause)
[2022-04-04T17:56:23.277+0800][165.548s] GC(282) Using 8 workers of 8 for evacuation
[2022-04-04T17:56:23.279+0800][165.550s] GC(282)   Pre Evacuate Collection Set: 0.1ms
[2022-04-04T17:56:23.279+0800][165.551s] GC(282)   Merge Heap Roots: 0.1ms
[2022-04-04T17:56:23.279+0800][165.551s] GC(282)   Evacuate Collection Set: 1.0ms
[2022-04-04T17:56:23.279+0800][165.551s] GC(282)   Post Evacuate Collection Set: 0.9ms
[2022-04-04T17:56:23.279+0800][165.551s] GC(282)   Other: 0.2ms
[2022-04-04T17:56:23.279+0800][165.551s] GC(282) Eden regions: 300->0(301)
[2022-04-04T17:56:23.279+0800][165.551s] GC(282) Survivor regions: 7->6(39)
[2022-04-04T17:56:23.279+0800][165.551s] GC(282) Old regions: 97->98
[2022-04-04T17:56:23.279+0800][165.551s] GC(282) Archive regions: 0->0
[2022-04-04T17:56:23.279+0800][165.551s] GC(282) Humongous regions: 16->16
[2022-04-04T17:56:23.279+0800][165.551s] GC(282) Metaspace: 51567K(52144K)->51567K(52144K) NonClass: 45614K(46000K)->45614K(46000K) Class: 5953K(6144K)->5953K(6144K)
[2022-04-04T17:56:23.279+0800][165.551s] GC(282) Pause Young (Normal) (G1 Evacuation Pause) 419M->119M(512M) 2.687ms
[2022-04-04T17:56:23.279+0800][165.551s] GC(282) User=0.00s Sys=0.02s Real=0.00s
[2022-04-04T17:56:24.711+0800][166.983s] GC(283) Pause Young (Normal) (G1 Evacuation Pause)
[2022-04-04T17:56:24.711+0800][166.983s] GC(283) Using 8 workers of 8 for evacuation
[2022-04-04T17:56:24.713+0800][166.985s] GC(283)   Pre Evacuate Collection Set: 0.1ms
[2022-04-04T17:56:24.713+0800][166.985s] GC(283)   Merge Heap Roots: 0.1ms
[2022-04-04T17:56:24.713+0800][166.985s] GC(283)   Evacuate Collection Set: 1.1ms
[2022-04-04T17:56:24.713+0800][166.985s] GC(283)   Post Evacuate Collection Set: 0.9ms
[2022-04-04T17:56:24.713+0800][166.985s] GC(283)   Other: 0.2ms
[2022-04-04T17:56:24.714+0800][166.985s] GC(283) Eden regions: 301->0(306)
[2022-04-04T17:56:24.714+0800][166.985s] GC(283) Survivor regions: 6->1(39)
[2022-04-04T17:56:24.714+0800][166.985s] GC(283) Old regions: 98->103
[2022-04-04T17:56:24.714+0800][166.985s] GC(283) Archive regions: 0->0
[2022-04-04T17:56:24.714+0800][166.986s] GC(283) Humongous regions: 16->16
[2022-04-04T17:56:24.714+0800][166.986s] GC(283) Metaspace: 51567K(52144K)->51567K(52144K) NonClass: 45614K(46000K)->45614K(46000K) Class: 5953K(6144K)->5953K(6144K)
[2022-04-04T17:56:24.714+0800][166.986s] GC(283) Pause Young (Normal) (G1 Evacuation Pause) 420M->119M(512M) 3.165ms
[2022-04-04T17:56:24.714+0800][166.986s] GC(283) User=0.02s Sys=0.00s Real=0.00s
[2022-04-04T17:56:25.909+0800][168.180s] GC(284) Pause Young (Normal) (G1 Evacuation Pause)
[2022-04-04T17:56:25.909+0800][168.180s] GC(284) Using 8 workers of 8 for evacuation
[2022-04-04T17:56:25.911+0800][168.182s] GC(284)   Pre Evacuate Collection Set: 0.1ms
[2022-04-04T17:56:25.911+0800][168.182s] GC(284)   Merge Heap Roots: 0.2ms
[2022-04-04T17:56:25.911+0800][168.182s] GC(284)   Evacuate Collection Set: 0.5ms
[2022-04-04T17:56:25.911+0800][168.183s] GC(284)   Post Evacuate Collection Set: 1.0ms
[2022-04-04T17:56:25.911+0800][168.183s] GC(284)   Other: 0.2ms
[2022-04-04T17:56:25.911+0800][168.183s] GC(284) Eden regions: 306->0(306)
[2022-04-04T17:56:25.911+0800][168.183s] GC(284) Survivor regions: 1->1(39)
[2022-04-04T17:56:25.911+0800][168.183s] GC(284) Old regions: 103->104
[2022-04-04T17:56:25.911+0800][168.183s] GC(284) Archive regions: 0->0
[2022-04-04T17:56:25.911+0800][168.183s] GC(284) Humongous regions: 16->16
[2022-04-04T17:56:25.911+0800][168.183s] GC(284) Metaspace: 51567K(52144K)->51567K(52144K) NonClass: 45614K(46000K)->45614K(46000K) Class: 5953K(6144K)->5953K(6144K)
[2022-04-04T17:56:25.911+0800][168.183s] GC(284) Pause Young (Normal) (G1 Evacuation Pause) 425M->119M(512M) 2.437ms
[2022-04-04T17:56:25.911+0800][168.183s] GC(284) User=0.00s Sys=0.00s Real=0.00s
[2022-04-04T17:56:27.209+0800][169.481s] GC(285) Pause Young (Normal) (G1 Evacuation Pause)
[2022-04-04T17:56:27.209+0800][169.481s] GC(285) Using 8 workers of 8 for evacuation
[2022-04-04T17:56:27.211+0800][169.482s] GC(285)   Pre Evacuate Collection Set: 0.2ms
[2022-04-04T17:56:27.211+0800][169.482s] GC(285)   Merge Heap Roots: 0.2ms
[2022-04-04T17:56:27.211+0800][169.482s] GC(285)   Evacuate Collection Set: 0.3ms
[2022-04-04T17:56:27.211+0800][169.482s] GC(285)   Post Evacuate Collection Set: 0.8ms
[2022-04-04T17:56:27.211+0800][169.482s] GC(285)   Other: 0.2ms
[2022-04-04T17:56:27.211+0800][169.482s] GC(285) Eden regions: 306->0(306)
[2022-04-04T17:56:27.211+0800][169.483s] GC(285) Survivor regions: 1->1(39)
[2022-04-04T17:56:27.211+0800][169.483s] GC(285) Old regions: 104->104
[2022-04-04T17:56:27.211+0800][169.483s] GC(285) Archive regions: 0->0
[2022-04-04T17:56:27.211+0800][169.483s] GC(285) Humongous regions: 16->16
[2022-04-04T17:56:27.211+0800][169.483s] GC(285) Metaspace: 51567K(52144K)->51567K(52144K) NonClass: 45614K(46000K)->45614K(46000K) Class: 5953K(6144K)->5953K(6144K)
[2022-04-04T17:56:27.211+0800][169.483s] GC(285) Pause Young (Normal) (G1 Evacuation Pause) 425M->119M(512M) 1.861ms
[2022-04-04T17:56:27.211+0800][169.483s] GC(285) User=0.00s Sys=0.00s Real=0.00s
[2022-04-04T17:56:28.478+0800][170.749s] GC(286) Pause Young (Normal) (G1 Evacuation Pause)
[2022-04-04T17:56:28.478+0800][170.749s] GC(286) Using 8 workers of 8 for evacuation
[2022-04-04T17:56:28.478+0800][170.751s] GC(286)   Pre Evacuate Collection Set: 0.1ms
[2022-04-04T17:56:28.479+0800][170.751s] GC(286)   Merge Heap Roots: 0.1ms
[2022-04-04T17:56:28.479+0800][170.751s] GC(286)   Evacuate Collection Set: 0.3ms
[2022-04-04T17:56:28.479+0800][170.751s] GC(286)   Post Evacuate Collection Set: 0.9ms
[2022-04-04T17:56:28.479+0800][170.751s] GC(286)   Other: 0.2ms
[2022-04-04T17:56:28.479+0800][170.751s] GC(286) Eden regions: 306->0(306)
[2022-04-04T17:56:28.479+0800][170.751s] GC(286) Survivor regions: 1->1(39)
[2022-04-04T17:56:28.479+0800][170.751s] GC(286) Old regions: 104->104
[2022-04-04T17:56:28.479+0800][170.751s] GC(286) Archive regions: 0->0
[2022-04-04T17:56:28.479+0800][170.751s] GC(286) Humongous regions: 16->16
[2022-04-04T17:56:28.479+0800][170.751s] GC(286) Metaspace: 51567K(52144K)->51567K(52144K) NonClass: 45614K(46000K)->45614K(46000K) Class: 5953K(6144K)->5953K(6144K)
[2022-04-04T17:56:28.479+0800][170.751s] GC(286) Pause Young (Normal) (G1 Evacuation Pause) 425M->119M(512M) 1.918ms
[2022-04-04T17:56:28.479+0800][170.751s] GC(286) User=0.00s Sys=0.02s Real=0.00s
[2022-04-04T17:56:29.738+0800][172.010s] GC(287) Pause Young (Normal) (G1 Evacuation Pause)
[2022-04-04T17:56:29.738+0800][172.010s] GC(287) Using 8 workers of 8 for evacuation
[2022-04-04T17:56:29.739+0800][172.011s] GC(287)   Pre Evacuate Collection Set: 0.1ms
[2022-04-04T17:56:29.739+0800][172.011s] GC(287)   Merge Heap Roots: 0.2ms
[2022-04-04T17:56:29.739+0800][172.011s] GC(287)   Evacuate Collection Set: 0.2ms
[2022-04-04T17:56:29.739+0800][172.011s] GC(287)   Post Evacuate Collection Set: 0.7ms
[2022-04-04T17:56:29.740+0800][172.011s] GC(287)   Other: 0.2ms
[2022-04-04T17:56:29.740+0800][172.011s] GC(287) Eden regions: 306->0(306)
[2022-04-04T17:56:29.740+0800][172.011s] GC(287) Survivor regions: 1->1(39)
[2022-04-04T17:56:29.740+0800][172.011s] GC(287) Old regions: 104->104
[2022-04-04T17:56:29.740+0800][172.011s] GC(287) Archive regions: 0->0
[2022-04-04T17:56:29.740+0800][172.011s] GC(287) Humongous regions: 16->16
[2022-04-04T17:56:29.740+0800][172.011s] GC(287) Metaspace: 51567K(52144K)->51567K(52144K) NonClass: 45614K(46000K)->45614K(46000K) Class: 5953K(6144K)->5953K(6144K)
[2022-04-04T17:56:29.740+0800][172.011s] GC(287) Pause Young (Normal) (G1 Evacuation Pause) 425M->119M(512M) 1.677ms
[2022-04-04T17:56:29.740+0800][172.011s] GC(287) User=0.00s Sys=0.00s Real=0.00s
[2022-04-04T17:56:30.850+0800][173.121s] GC(288) Pause Young (Normal) (G1 Evacuation Pause)
[2022-04-04T17:56:30.850+0800][173.121s] GC(288) Using 8 workers of 8 for evacuation
[2022-04-04T17:56:30.851+0800][173.123s] GC(288)   Pre Evacuate Collection Set: 0.2ms
[2022-04-04T17:56:30.851+0800][173.123s] GC(288)   Merge Heap Roots: 0.2ms
[2022-04-04T17:56:30.851+0800][173.123s] GC(288)   Evacuate Collection Set: 0.3ms
[2022-04-04T17:56:30.851+0800][173.123s] GC(288)   Post Evacuate Collection Set: 0.7ms
[2022-04-04T17:56:30.851+0800][173.123s] GC(288)   Other: 0.2ms
[2022-04-04T17:56:30.851+0800][173.123s] GC(288) Eden regions: 306->0(306)
[2022-04-04T17:56:30.852+0800][173.123s] GC(288) Survivor regions: 1->1(39)
[2022-04-04T17:56:30.852+0800][173.123s] GC(288) Old regions: 104->104
[2022-04-04T17:56:30.852+0800][173.123s] GC(288) Archive regions: 0->0
[2022-04-04T17:56:30.852+0800][173.123s] GC(288) Humongous regions: 16->16
[2022-04-04T17:56:30.852+0800][173.123s] GC(288) Metaspace: 51567K(52144K)->51567K(52144K) NonClass: 45614K(46000K)->45614K(46000K) Class: 5953K(6144K)->5953K(6144K)
[2022-04-04T17:56:30.852+0800][173.123s] GC(288) Pause Young (Normal) (G1 Evacuation Pause) 425M->119M(512M) 2.023ms
[2022-04-04T17:56:30.852+0800][173.123s] GC(288) User=0.00s Sys=0.00s Real=0.00s
