[2022-04-04T13:47:12.214+0800][0.017s] Using G1
[2022-04-04T13:47:12.530+0800][0.334s] Version: 15.0.1+9-18 (release)
[2022-04-04T13:47:12.530+0800][0.334s] CPUs: 8 total, 8 available
[2022-04-04T13:47:12.530+0800][0.334s] Memory: 8110M
[2022-04-04T13:47:12.530+0800][0.334s] Large Page Support: Disabled
[2022-04-04T13:47:12.530+0800][0.334s] NUMA Support: Disabled
[2022-04-04T13:47:12.530+0800][0.334s] Compressed Oops: Enabled (32-bit)
[2022-04-04T13:47:12.530+0800][0.334s] Heap Region Size: 1M
[2022-04-04T13:47:12.530+0800][0.334s] Heap Min Capacity: 512M
[2022-04-04T13:47:12.530+0800][0.334s] Heap Initial Capacity: 512M
[2022-04-04T13:47:12.530+0800][0.334s] Heap Max Capacity: 512M
[2022-04-04T13:47:12.530+0800][0.334s] Pre-touch: Enabled
[2022-04-04T13:47:12.531+0800][0.334s] Parallel Workers: 8
[2022-04-04T13:47:12.531+0800][0.334s] Concurrent Workers: 2
[2022-04-04T13:47:12.531+0800][0.334s] Concurrent Refinement Workers: 8
[2022-04-04T13:47:12.531+0800][0.334s] Periodic GC: Disabled
[2022-04-04T13:47:12.532+0800][0.335s] CDS archive(s) mapped at: [0x0000000800000000-0x0000000800b50000-0x0000000800b50000), size 11862016, SharedBaseAddress: 0x0000000800000000, ArchiveRelocationMode: 0.
[2022-04-04T13:47:12.532+0800][0.336s] Compressed class space mapped at: 0x0000000800b50000-0x0000000840b50000, size: 1073741824
[2022-04-04T13:47:12.532+0800][0.336s] Narrow klass base: 0x0000000800000000, Narrow klass shift: 3, Narrow klass range: 0x100000000
[2022-04-04T13:47:15.319+0800][3.123s] GC(0) Pause Young (Normal) (G1 Evacuation Pause)
[2022-04-04T13:47:15.320+0800][3.124s] GC(0) Using 8 workers of 8 for evacuation
[2022-04-04T13:47:15.326+0800][3.130s] GC(0)   Pre Evacuate Collection Set: 1.0ms
[2022-04-04T13:47:15.326+0800][3.130s] GC(0)   Merge Heap Roots: 0.1ms
[2022-04-04T13:47:15.326+0800][3.130s] GC(0)   Evacuate Collection Set: 3.2ms
[2022-04-04T13:47:15.326+0800][3.130s] GC(0)   Post Evacuate Collection Set: 0.8ms
[2022-04-04T13:47:15.327+0800][3.130s] GC(0)   Other: 2.4ms
[2022-04-04T13:47:15.327+0800][3.131s] GC(0) Eden regions: 29->0(41)
[2022-04-04T13:47:15.327+0800][3.131s] GC(0) Survivor regions: 0->4(4)
[2022-04-04T13:47:15.327+0800][3.131s] GC(0) Old regions: 0->0
[2022-04-04T13:47:15.327+0800][3.131s] GC(0) Archive regions: 0->0
[2022-04-04T13:47:15.327+0800][3.131s] GC(0) Humongous regions: 0->0
[2022-04-04T13:47:15.327+0800][3.131s] GC(0) Metaspace: 7179K(8064K)->7179K(8064K) NonClass: 6341K(7168K)->6341K(7168K) Class: 837K(896K)->837K(896K)
[2022-04-04T13:47:15.327+0800][3.131s] GC(0) Pause Young (Normal) (G1 Evacuation Pause) 29M->3M(512M) 7.761ms
[2022-04-04T13:47:15.327+0800][3.131s] GC(0) User=0.06s Sys=0.00s Real=0.01s
[2022-04-04T13:47:21.144+0800][8.947s] GC(1) Pause Young (Normal) (G1 Evacuation Pause)
[2022-04-04T13:47:21.144+0800][8.947s] GC(1) Using 8 workers of 8 for evacuation
[2022-04-04T13:47:21.161+0800][8.965s] GC(1)   Pre Evacuate Collection Set: 0.1ms
[2022-04-04T13:47:21.161+0800][8.965s] GC(1)   Merge Heap Roots: 0.1ms
[2022-04-04T13:47:21.161+0800][8.965s] GC(1)   Evacuate Collection Set: 16.0ms
[2022-04-04T13:47:21.161+0800][8.965s] GC(1)   Post Evacuate Collection Set: 0.8ms
[2022-04-04T13:47:21.161+0800][8.965s] GC(1)   Other: 0.3ms
[2022-04-04T13:47:21.161+0800][8.965s] GC(1) Eden regions: 41->0(156)
[2022-04-04T13:47:21.161+0800][8.965s] GC(1) Survivor regions: 4->6(6)
[2022-04-04T13:47:21.161+0800][8.965s] GC(1) Old regions: 0->10
[2022-04-04T13:47:21.161+0800][8.965s] GC(1) Archive regions: 0->0
[2022-04-04T13:47:21.161+0800][8.965s] GC(1) Humongous regions: 4->4
[2022-04-04T13:47:21.161+0800][8.965s] GC(1) Metaspace: 16130K(16640K)->16130K(16640K) NonClass: 14274K(14592K)->14274K(14592K) Class: 1855K(2048K)->1855K(2048K)
[2022-04-04T13:47:21.161+0800][8.965s] GC(1) Pause Young (Normal) (G1 Evacuation Pause) 48M->19M(512M) 17.820ms
[2022-04-04T13:47:21.162+0800][8.965s] GC(1) User=0.11s Sys=0.00s Real=0.02s
[2022-04-04T13:47:22.001+0800][9.804s] GC(2) Pause Young (Concurrent Start) (Metadata GC Threshold)
[2022-04-04T13:47:22.001+0800][9.804s] GC(2) Using 8 workers of 8 for evacuation
[2022-04-04T13:47:22.006+0800][9.810s] GC(2)   Pre Evacuate Collection Set: 0.1ms
[2022-04-04T13:47:22.006+0800][9.810s] GC(2)   Merge Heap Roots: 0.1ms
[2022-04-04T13:47:22.006+0800][9.810s] GC(2)   Evacuate Collection Set: 3.8ms
[2022-04-04T13:47:22.006+0800][9.810s] GC(2)   Post Evacuate Collection Set: 0.9ms
[2022-04-04T13:47:22.006+0800][9.810s] GC(2)   Other: 0.7ms
[2022-04-04T13:47:22.006+0800][9.810s] GC(2) Eden regions: 39->0(142)
[2022-04-04T13:47:22.007+0800][9.810s] GC(2) Survivor regions: 6->11(21)
[2022-04-04T13:47:22.007+0800][9.810s] GC(2) Old regions: 10->10
[2022-04-04T13:47:22.007+0800][9.810s] GC(2) Archive regions: 0->0
[2022-04-04T13:47:22.007+0800][9.810s] GC(2) Humongous regions: 4->4
[2022-04-04T13:47:22.007+0800][9.810s] GC(2) Metaspace: 20778K(21296K)->20778K(21296K) NonClass: 18461K(18864K)->18461K(18864K) Class: 2316K(2432K)->2316K(2432K)
[2022-04-04T13:47:22.007+0800][9.810s] GC(2) Pause Young (Concurrent Start) (Metadata GC Threshold) 58M->23M(512M) 5.841ms
[2022-04-04T13:47:22.007+0800][9.810s] GC(2) User=0.00s Sys=0.00s Real=0.01s
[2022-04-04T13:47:22.007+0800][9.810s] GC(3) Concurrent Cycle
[2022-04-04T13:47:22.007+0800][9.810s] GC(3) Concurrent Clear Claimed Marks
[2022-04-04T13:47:22.007+0800][9.811s] GC(3) Concurrent Clear Claimed Marks 0.083ms
[2022-04-04T13:47:22.007+0800][9.811s] GC(3) Concurrent Scan Root Regions
[2022-04-04T13:47:22.010+0800][9.814s] GC(3) Concurrent Scan Root Regions 2.975ms
[2022-04-04T13:47:22.010+0800][9.814s] GC(3) Concurrent Mark (9.814s)
[2022-04-04T13:47:22.010+0800][9.814s] GC(3) Concurrent Mark From Roots
[2022-04-04T13:47:22.010+0800][9.814s] GC(3) Using 2 workers of 2 for marking
[2022-04-04T13:47:22.027+0800][9.830s] GC(3) Concurrent Mark From Roots 16.837ms
[2022-04-04T13:47:22.027+0800][9.831s] GC(3) Concurrent Preclean
[2022-04-04T13:47:22.027+0800][9.831s] GC(3) Concurrent Preclean 0.386ms
[2022-04-04T13:47:22.027+0800][9.831s] GC(3) Concurrent Mark (9.814s, 9.831s) 17.409ms
[2022-04-04T13:47:22.028+0800][9.831s] GC(3) Pause Remark
[2022-04-04T13:47:22.030+0800][9.833s] GC(3) Pause Remark 25M->25M(512M) 1.986ms
[2022-04-04T13:47:22.030+0800][9.833s] GC(3) User=0.00s Sys=0.00s Real=0.00s
[2022-04-04T13:47:22.030+0800][9.833s] GC(3) Concurrent Rebuild Remembered Sets
[2022-04-04T13:47:22.040+0800][9.843s] GC(3) Concurrent Rebuild Remembered Sets 9.994ms
[2022-04-04T13:47:22.041+0800][9.844s] GC(3) Pause Cleanup
[2022-04-04T13:47:22.041+0800][9.844s] GC(3) Pause Cleanup 25M->25M(512M) 0.223ms
[2022-04-04T13:47:22.041+0800][9.844s] GC(3) User=0.00s Sys=0.00s Real=0.00s
[2022-04-04T13:47:22.049+0800][9.853s] GC(3) Concurrent Cleanup for Next Mark
[2022-04-04T13:47:22.050+0800][9.854s] GC(3) Concurrent Cleanup for Next Mark 0.686ms
[2022-04-04T13:47:22.050+0800][9.854s] GC(3) Concurrent Cycle 43.491ms
[2022-04-04T13:47:43.359+0800][31.162s] GC(4) Pause Young (Concurrent Start) (GCLocker Initiated GC)
[2022-04-04T13:47:43.359+0800][31.162s] GC(4) Using 8 workers of 8 for evacuation
[2022-04-04T13:47:43.370+0800][31.173s] GC(4)   Pre Evacuate Collection Set: 0.1ms
[2022-04-04T13:47:43.370+0800][31.173s] GC(4)   Merge Heap Roots: 0.1ms
[2022-04-04T13:47:43.370+0800][31.173s] GC(4)   Evacuate Collection Set: 9.1ms
[2022-04-04T13:47:43.370+0800][31.173s] GC(4)   Post Evacuate Collection Set: 1.1ms
[2022-04-04T13:47:43.370+0800][31.173s] GC(4)   Other: 0.4ms
[2022-04-04T13:47:43.370+0800][31.173s] GC(4) Eden regions: 80->0(289)
[2022-04-04T13:47:43.370+0800][31.173s] GC(4) Survivor regions: 11->18(21)
[2022-04-04T13:47:43.370+0800][31.173s] GC(4) Old regions: 10->10
[2022-04-04T13:47:43.370+0800][31.173s] GC(4) Archive regions: 0->0
[2022-04-04T13:47:43.370+0800][31.173s] GC(4) Humongous regions: 4->4
[2022-04-04T13:47:43.371+0800][31.173s] GC(4) Metaspace: 35488K(36224K)->35488K(36224K) NonClass: 31473K(32000K)->31473K(32000K) Class: 4015K(4224K)->4015K(4224K)
[2022-04-04T13:47:43.371+0800][31.174s] GC(4) Pause Young (Concurrent Start) (GCLocker Initiated GC) 103M->31M(512M) 11.382ms
[2022-04-04T13:47:43.371+0800][31.174s] GC(4) User=0.00s Sys=0.02s Real=0.01s
[2022-04-04T13:47:43.371+0800][31.174s] GC(5) Concurrent Cycle
[2022-04-04T13:47:43.371+0800][31.174s] GC(5) Concurrent Clear Claimed Marks
[2022-04-04T13:47:43.371+0800][31.174s] GC(5) Concurrent Clear Claimed Marks 0.063ms
[2022-04-04T13:47:43.371+0800][31.174s] GC(5) Concurrent Scan Root Regions
[2022-04-04T13:47:43.378+0800][31.181s] GC(5) Concurrent Scan Root Regions 6.912ms
[2022-04-04T13:47:43.378+0800][31.181s] GC(5) Concurrent Mark (31.181s)
[2022-04-04T13:47:43.378+0800][31.181s] GC(5) Concurrent Mark From Roots
[2022-04-04T13:47:43.378+0800][31.181s] GC(5) Using 2 workers of 2 for marking
[2022-04-04T13:47:43.398+0800][31.201s] GC(5) Concurrent Mark From Roots 20.293ms
[2022-04-04T13:47:43.398+0800][31.201s] GC(5) Concurrent Preclean
[2022-04-04T13:47:43.399+0800][31.202s] GC(5) Concurrent Preclean 0.268ms
[2022-04-04T13:47:43.399+0800][31.202s] GC(5) Concurrent Mark (31.181s, 31.202s) 20.713ms
[2022-04-04T13:47:43.399+0800][31.202s] GC(5) Pause Remark
[2022-04-04T13:47:43.400+0800][31.203s] GC(5) Pause Remark 35M->35M(512M) 1.582ms
[2022-04-04T13:47:43.401+0800][31.203s] GC(5) User=0.00s Sys=0.00s Real=0.00s
[2022-04-04T13:47:43.401+0800][31.203s] GC(5) Concurrent Rebuild Remembered Sets
[2022-04-04T13:47:43.408+0800][31.211s] GC(5) Concurrent Rebuild Remembered Sets 7.368ms
[2022-04-04T13:47:43.408+0800][31.211s] GC(5) Pause Cleanup
[2022-04-04T13:47:43.408+0800][31.211s] GC(5) Pause Cleanup 35M->35M(512M) 0.133ms
[2022-04-04T13:47:43.409+0800][31.211s] GC(5) User=0.00s Sys=0.00s Real=0.00s
[2022-04-04T13:47:43.409+0800][31.211s] GC(5) Concurrent Cleanup for Next Mark
[2022-04-04T13:47:43.409+0800][31.212s] GC(5) Concurrent Cleanup for Next Mark 0.374ms
[2022-04-04T13:47:43.409+0800][31.212s] GC(5) Concurrent Cycle 38.156ms
